laned_active_profile {"solver_runs":11590,"solver_steps":19393405,"solver_steps_homogeneous":3152082,"solver_steps_source_free":8982260,"alpha_evaluations":738671753,"solver_cfl_ns":115892366172,"solver_step_ns":43502753093,"solver_sample_ns":1163883917}
	Command being timed: "target/release/openwepp-cli-hill --run-dir /home/workdir/openWEPP/docs/work-packages/20260708-laned-router-tier2-dx-target-mesh-policy-rescope-001/artifacts/mesh-ladder-runs/h2637/dx1p25/run_dir --run-file p2637.plain.run.toml --output-dir /home/workdir/openWEPP/docs/work-packages/20260708-laned-router-tier2-dx-target-mesh-policy-rescope-001/artifacts/mesh-ladder-runs/h2637/dx1p25/run_dir/output"
	User time (seconds): 165.92
	System time (seconds): 0.05
	Percent of CPU this job got: 99%
	Elapsed (wall clock) time (h:mm:ss or m:ss): 2:46.00
	Average shared text size (kbytes): 0
	Average unshared data size (kbytes): 0
	Average stack size (kbytes): 0
	Average total size (kbytes): 0
	Maximum resident set size (kbytes): 36080
	Average resident set size (kbytes): 0
	Major (requiring I/O) page faults: 0
	Minor (reclaiming a frame) page faults: 14565
	Voluntary context switches: 5
	Involuntary context switches: 925
	Swaps: 0
	File system inputs: 0
	File system outputs: 16496
	Socket messages sent: 0
	Socket messages received: 0
	Signals delivered: 0
	Page size (bytes): 4096
	Exit status: 0
