laned_active_profile {"solver_runs":6905,"solver_steps":3285282,"solver_steps_homogeneous":1739890,"solver_steps_source_free":2015262,"solver_steps_implicit":0,"implicit_equilibrium_map_evaluations":0,"implicit_branch_evaluations":0,"alpha_evaluations":46177740,"solver_cfl_ns":10344663366,"solver_step_ns":3010932690,"solver_sample_ns":201452764}
	Command being timed: "target/release/openwepp-cli-hill --run-dir /home/workdir/openWEPP/docs/work-packages/20260707-laned-router-hybrid-abandonment-removal-001/artifacts/plain-identity-runs/wa_cascades_forest_h1 --run-file p1.pre.plain.run.toml --output-dir /home/workdir/openWEPP/docs/work-packages/20260707-laned-router-hybrid-abandonment-removal-001/artifacts/plain-identity-runs/wa_cascades_forest_h1/output-pre"
	User time (seconds): 15.53
	System time (seconds): 0.02
	Percent of CPU this job got: 99%
	Elapsed (wall clock) time (h:mm:ss or m:ss): 0:15.56
	Average shared text size (kbytes): 0
	Average unshared data size (kbytes): 0
	Average stack size (kbytes): 0
	Average total size (kbytes): 0
	Maximum resident set size (kbytes): 26000
	Average resident set size (kbytes): 0
	Major (requiring I/O) page faults: 0
	Minor (reclaiming a frame) page faults: 6600
	Voluntary context switches: 12
	Involuntary context switches: 70
	Swaps: 0
	File system inputs: 0
	File system outputs: 1440
	Socket messages sent: 0
	Socket messages received: 0
	Signals delivered: 0
	Page size (bytes): 4096
	Exit status: 0
