warning: Git tree '/workdir/openWEPP' is dirty
openWEPP Nix shell
  target:  /workdir/.cache/openwepp/targets/openWEPP-295c6e060aa9
  scratch: /tmp/openwepp-roger-openWEPP-295c6e060aa9
  cache:   /workdir/.cache/openwepp
warning: field `ending_snow_hint` is never read
    --> crates/openwepp-hillslope-orchestrator/src/hydrology/support_helpers_mod/runoff_reconciliation.rs:1176:9
     |
1156 | pub(crate) struct CoveredTerminalTrialRequestV1 {
     |                   ----------------------------- field in this struct
...
1176 |     pub ending_snow_hint: Option<CoveredTerminalEndingSnowHintV1>,
     |         ^^^^^^^^^^^^^^^^
     |
     = note: `CoveredTerminalTrialRequestV1` has derived impls for the traits `Debug` and `Clone`, but these are intentionally ignored during dead code analysis
     = note: `#[warn(dead_code)]` (part of `#[warn(unused)]`) on by default

warning: `openwepp-hillslope-orchestrator` (lib) generated 1 warning
   Compiling openwepp v0.1.0 (/workdir/openWEPP)
    Finished `test` profile [unoptimized + debuginfo] target(s) in 2.96s
────────────
 Nextest run ID f7a3318a-944b-4015-936e-3c639f113a54 with nextest profile: default
    Starting 129 tests across 8 binaries
        FAIL [   0.022s] (  3/129) openwepp::land_surface_energy_balance_authority_contract revision_31_component_temperature_dependency_replay_structural_seam_is_expected_red
  stdout ───

    running 1 test
    test revision_31_component_temperature_dependency_replay_structural_seam_is_expected_red ... FAILED

    failures:

    failures:
        revision_31_component_temperature_dependency_replay_structural_seam_is_expected_red

    test result: FAILED. 0 passed; 1 failed; 0 ignored; 0 measured; 25 filtered out; finished in 0.02s

  stderr ───

    thread 'revision_31_component_temperature_dependency_replay_structural_seam_is_expected_red' (1768947) panicked at tests/integration/land_surface_energy_balance_authority_contract.rs:939:5:
    revision 31 expected-red: production dependency-replay seam is absent: ["struct CoveredComponentTemperatureDependencyGraph", "struct ValidatedCoveredComponentReplaySweepBase", "struct ValidatedCoveredComponentProbeReplay", "struct CoveredComponentDependencyReplayAudit", "fn covered_component_temperature_probe_residuals", "fn begin_covered_component_dependency_replay_audit", "fn take_covered_component_dependency_replay_audit"]
    note: run with `RUST_BACKTRACE=1` environment variable to display a backtrace

        FAIL [   0.107s] ( 25/129) openwepp::snow_stage3_shared_carrier_authority_contract current_snow_energy_preserves_v22_physical_custody_and_v17_precipitation
  stdout ───

    running 1 test
    test current_snow_energy_preserves_v22_physical_custody_and_v17_precipitation ... FAILED

    failures:

    failures:
        current_snow_energy_preserves_v22_physical_custody_and_v17_precipitation

    test result: FAILED. 0 passed; 1 failed; 0 ignored; 0 measured; 5 filtered out; finished in 0.10s

  stderr ───

    thread 'current_snow_energy_preserves_v22_physical_custody_and_v17_precipitation' (1769030) panicked at tests/integration/snow_stage3_shared_carrier_authority_contract.rs:203:9:
    missing in-review v17 precipitation authority: contract_version: 58
    note: run with `RUST_BACKTRACE=1` environment variable to display a backtrace

        FAIL [   0.079s] ( 33/129) openwepp::snow_stage3_terminal_receiver_authority_contract partial_wb14_is_a_narrow_reconciled_exception_not_a_scaled_proxy
  stdout ───

    running 1 test
    test partial_wb14_is_a_narrow_reconciled_exception_not_a_scaled_proxy ... FAILED

    failures:

    failures:
        partial_wb14_is_a_narrow_reconciled_exception_not_a_scaled_proxy

    test result: FAILED. 0 passed; 1 failed; 0 ignored; 0 measured; 8 filtered out; finished in 0.07s

  stderr ───

    thread 'partial_wb14_is_a_narrow_reconciled_exception_not_a_scaled_proxy' (1769049) panicked at tests/integration/snow_stage3_terminal_receiver_authority_contract.rs:13:33:
    read docs/specifications/science-contracts/contracts/SC-SURFACELIQUID-001.md: FAIL /workdir/openWEPP/docs/specifications/science-contracts/contracts/SC-SURFACELIQUID-001.md:13: malformed front matter

    note: run with `RUST_BACKTRACE=1` environment variable to display a backtrace

        FAIL [   0.093s] ( 34/129) openwepp::snow_stage3_terminal_receiver_authority_contract midnight_restart_and_half_open_endpoint_have_no_overlap_or_gap
  stdout ───

    running 1 test
    test midnight_restart_and_half_open_endpoint_have_no_overlap_or_gap ... FAILED

    failures:

    failures:
        midnight_restart_and_half_open_endpoint_have_no_overlap_or_gap

    test result: FAILED. 0 passed; 1 failed; 0 ignored; 0 measured; 8 filtered out; finished in 0.09s

  stderr ───

    thread 'midnight_restart_and_half_open_endpoint_have_no_overlap_or_gap' (1769046) panicked at tests/integration/snow_stage3_terminal_receiver_authority_contract.rs:13:33:
    read docs/specifications/science-contracts/contracts/SC-SURFACELIQUID-001.md: FAIL /workdir/openWEPP/docs/specifications/science-contracts/contracts/SC-SURFACELIQUID-001.md:13: malformed front matter

    note: run with `RUST_BACKTRACE=1` environment variable to display a backtrace

        FAIL [   0.005s] ( 38/129) openwepp::solver_architecture_authority_contract repository_authoring_instructions_bind_solver_changes_to_the_standard
  stdout ───

    running 1 test
    test repository_authoring_instructions_bind_solver_changes_to_the_standard ... FAILED

    failures:

    failures:
        repository_authoring_instructions_bind_solver_changes_to_the_standard

    test result: FAILED. 0 passed; 1 failed; 0 ignored; 0 measured; 4 filtered out; finished in 0.00s

  stderr ───

    thread 'repository_authoring_instructions_bind_solver_changes_to_the_standard' (1769086) panicked at tests/integration/solver_architecture_authority_contract.rs:87:9:
    AGENTS.md missing: Production numerical solvers must not accrete
    note: run with `RUST_BACKTRACE=1` environment variable to display a backtrace

        FAIL [   0.129s] ( 39/129) openwepp::snow_stage3_terminal_receiver_authority_contract all_owner_failure_rolls_back_and_index_records_lifecycle
  stdout ───

    running 1 test
    test all_owner_failure_rolls_back_and_index_records_lifecycle ... FAILED

    failures:

    failures:
        all_owner_failure_rolls_back_and_index_records_lifecycle

    test result: FAILED. 0 passed; 1 failed; 0 ignored; 0 measured; 8 filtered out; finished in 0.12s

  stderr ───

    thread 'all_owner_failure_rolls_back_and_index_records_lifecycle' (1769043) panicked at tests/integration/snow_stage3_terminal_receiver_authority_contract.rs:155:9:
    docs/specifications/science-contracts/index.md missing non-versioned ADR-0044 amendments bind one canonical covered solver
    note: run with `RUST_BACKTRACE=1` environment variable to display a backtrace

        FAIL [   0.014s] ( 41/129) openwepp::solver_architecture_authority_contract stage3_chain_is_quarantined_for_replacement_not_accepted_as_architecture
  stdout ───

    running 1 test
    test stage3_chain_is_quarantined_for_replacement_not_accepted_as_architecture ... FAILED

    failures:

    failures:
        stage3_chain_is_quarantined_for_replacement_not_accepted_as_architecture

    test result: FAILED. 0 passed; 1 failed; 0 ignored; 0 measured; 4 filtered out; finished in 0.01s

  stderr ───

    thread 'stage3_chain_is_quarantined_for_replacement_not_accepted_as_architecture' (1769091) panicked at tests/integration/solver_architecture_authority_contract.rs:111:5:
    assertion failed: roadmap.contains("0044-prohibit-accretive-production-solver-dispatch.md")
    note: run with `RUST_BACKTRACE=1` environment variable to display a backtrace

        FAIL [   1.187s] ( 43/129) openwepp::land_surface_energy_balance_authority_contract version_twenty_four_binds_private_validated_handoffs_and_full_boundary_validation
  stdout ───

    running 1 test
    test version_twenty_four_binds_private_validated_handoffs_and_full_boundary_validation ... FAILED

    failures:

    failures:
        version_twenty_four_binds_private_validated_handoffs_and_full_boundary_validation

    test result: FAILED. 0 passed; 1 failed; 0 ignored; 0 measured; 25 filtered out; finished in 1.18s

  stderr ───

    thread 'version_twenty_four_binds_private_validated_handoffs_and_full_boundary_validation' (1769013) panicked at tests/integration/land_surface_energy_balance_authority_contract.rs:88:57:
    read docs/specifications/science-contracts/contracts/SC-SURFACELIQUID-001.md: FAIL /workdir/openWEPP/docs/specifications/science-contracts/contracts/SC-SURFACELIQUID-001.md:13: malformed front matter

    note: run with `RUST_BACKTRACE=1` environment variable to display a backtrace

        FAIL [   0.006s] ( 44/129) openwepp::stage3_native_vegetation_laned_throughput_recovery coupled_slab_acceptance_consumes_one_private_revision_proof
  stdout ───

    running 1 test
    test coupled_slab_acceptance_consumes_one_private_revision_proof ... FAILED

    failures:

    failures:
        coupled_slab_acceptance_consumes_one_private_revision_proof

    test result: FAILED. 0 passed; 1 failed; 0 ignored; 0 measured; 22 filtered out; finished in 0.00s

  stderr ───

    thread 'coupled_slab_acceptance_consumes_one_private_revision_proof' (1769102) panicked at tests/integration/stage3_native_vegetation_laned_throughput_recovery.rs:192:5:
    assertion failed: contract.contains("contract_version: 16")
    note: run with `RUST_BACKTRACE=1` environment variable to display a backtrace

        FAIL [   0.096s] ( 48/129) openwepp::stage3_native_vegetation_laned_throughput_recovery canonical_covered_pending_adjudication_is_contract_bound
  stdout ───

    running 1 test
    test canonical_covered_pending_adjudication_is_contract_bound ... FAILED

    failures:

    failures:
        canonical_covered_pending_adjudication_is_contract_bound

    test result: FAILED. 0 passed; 1 failed; 0 ignored; 0 measured; 22 filtered out; finished in 0.09s

  stderr ───

    thread 'canonical_covered_pending_adjudication_is_contract_bound' (1769096) panicked at tests/integration/stage3_native_vegetation_laned_throughput_recovery.rs:1383:13:
    docs/specifications/science-contracts/contracts/SC-SNOWENERGY-001.md missing contract_version: 60
    note: run with `RUST_BACKTRACE=1` environment variable to display a backtrace

        FAIL [   0.078s] ( 54/129) openwepp::stage3_native_vegetation_laned_throughput_recovery native_inactive_wb14_prefix_transition_is_contract_bound_and_production_reachable
  stdout ───

    running 1 test
    test native_inactive_wb14_prefix_transition_is_contract_bound_and_production_reachable ... FAILED

    failures:

    failures:
        native_inactive_wb14_prefix_transition_is_contract_bound_and_production_reachable

    test result: FAILED. 0 passed; 1 failed; 0 ignored; 0 measured; 22 filtered out; finished in 0.07s

  stderr ───

    thread 'native_inactive_wb14_prefix_transition_is_contract_bound_and_production_reachable' (1769114) panicked at tests/integration/stage3_native_vegetation_laned_throughput_recovery.rs:1312:70:
    read contract: Custom { kind: Other, error: "FAIL /workdir/openWEPP/docs/specifications/science-contracts/contracts/SC-SURFACELIQUID-001.md:13: malformed front matter\n" }
    note: run with `RUST_BACKTRACE=1` environment variable to display a backtrace

        FAIL [   0.079s] ( 56/129) openwepp::stage3_native_vegetation_laned_throughput_recovery snow_free_final_receipt_reseal_is_contract_bound_and_production_reachable
  stdout ───

    running 1 test
    test snow_free_final_receipt_reseal_is_contract_bound_and_production_reachable ... FAILED

    failures:

    failures:
        snow_free_final_receipt_reseal_is_contract_bound_and_production_reachable

    test result: FAILED. 0 passed; 1 failed; 0 ignored; 0 measured; 22 filtered out; finished in 0.07s

  stderr ───

    thread 'snow_free_final_receipt_reseal_is_contract_bound_and_production_reachable' (1769121) panicked at tests/integration/stage3_native_vegetation_laned_throughput_recovery.rs:1271:9:
    docs/specifications/science-contracts/contracts/SC-COUPLEDTIME-001.md missing contract_version: 16
    note: run with `RUST_BACKTRACE=1` environment variable to display a backtrace

        FAIL [   0.970s] ( 69/129) openwepp::land_surface_energy_balance_authority_contract version_twenty_three_binds_exact_surface_order_to_authenticated_topology
  stdout ───

    running 1 test
    test version_twenty_three_binds_exact_surface_order_to_authenticated_topology ... FAILED

    failures:

    failures:
        version_twenty_three_binds_exact_surface_order_to_authenticated_topology

    test result: FAILED. 0 passed; 1 failed; 0 ignored; 0 measured; 25 filtered out; finished in 0.96s

  stderr ───

    thread 'version_twenty_three_binds_exact_surface_order_to_authenticated_topology' (1769020) panicked at tests/integration/land_surface_energy_balance_authority_contract.rs:88:57:
    read docs/specifications/science-contracts/contracts/SC-SURFACELIQUID-001.md: FAIL /workdir/openWEPP/docs/specifications/science-contracts/contracts/SC-SURFACELIQUID-001.md:13: malformed front matter

    note: run with `RUST_BACKTRACE=1` environment variable to display a backtrace

        FAIL [   0.079s] ( 70/129) openwepp::surface_liquid_hydrology_custody_authority_contract contract_binds_existing_lse_identity_and_restart_bytes
  stdout ───

    running 1 test
    test contract_binds_existing_lse_identity_and_restart_bytes ... FAILED

    failures:

    failures:
        contract_binds_existing_lse_identity_and_restart_bytes

    test result: FAILED. 0 passed; 1 failed; 0 ignored; 0 measured; 21 filtered out; finished in 0.07s

  stderr ───

    thread 'contract_binds_existing_lse_identity_and_restart_bytes' (1769156) panicked at tests/integration/surface_liquid_hydrology_custody_authority_contract.rs:21:57:
    read docs/specifications/science-contracts/contracts/SC-SURFACELIQUID-001.md: FAIL /workdir/openWEPP/docs/specifications/science-contracts/contracts/SC-SURFACELIQUID-001.md:13: malformed front matter

    note: run with `RUST_BACKTRACE=1` environment variable to display a backtrace

        FAIL [   0.080s] ( 71/129) openwepp::surface_liquid_hydrology_custody_authority_contract contract_binds_actual_wb14_and_rejects_duplicate_depression_custody
  stdout ───

    running 1 test
    test contract_binds_actual_wb14_and_rejects_duplicate_depression_custody ... FAILED

    failures:

    failures:
        contract_binds_actual_wb14_and_rejects_duplicate_depression_custody

    test result: FAILED. 0 passed; 1 failed; 0 ignored; 0 measured; 21 filtered out; finished in 0.07s

  stderr ───

    thread 'contract_binds_actual_wb14_and_rejects_duplicate_depression_custody' (1769158) panicked at tests/integration/surface_liquid_hydrology_custody_authority_contract.rs:21:57:
    read docs/specifications/science-contracts/contracts/SC-SURFACELIQUID-001.md: FAIL /workdir/openWEPP/docs/specifications/science-contracts/contracts/SC-SURFACELIQUID-001.md:13: malformed front matter

    note: run with `RUST_BACKTRACE=1` environment variable to display a backtrace

        FAIL [   0.078s] ( 72/129) openwepp::surface_liquid_hydrology_custody_authority_contract independent_attribution_retention_and_enthalpy_vectors_close
  stdout ───

    running 1 test
    test independent_attribution_retention_and_enthalpy_vectors_close ... FAILED

    failures:

    failures:
        independent_attribution_retention_and_enthalpy_vectors_close

    test result: FAILED. 0 passed; 1 failed; 0 ignored; 0 measured; 21 filtered out; finished in 0.07s

  stderr ───

    thread 'independent_attribution_retention_and_enthalpy_vectors_close' (1769164) panicked at tests/integration/surface_liquid_hydrology_custody_authority_contract.rs:21:57:
    read docs/specifications/science-contracts/contracts/SC-SURFACELIQUID-001.md: FAIL /workdir/openWEPP/docs/specifications/science-contracts/contracts/SC-SURFACELIQUID-001.md:13: malformed front matter

    note: run with `RUST_BACKTRACE=1` environment variable to display a backtrace

        FAIL [   0.087s] ( 75/129) openwepp::surface_liquid_hydrology_custody_authority_contract independent_48_step_continuation_and_day_reset_vector
  stdout ───

    running 1 test
    test independent_48_step_continuation_and_day_reset_vector ... FAILED

    failures:

    failures:
        independent_48_step_continuation_and_day_reset_vector

    test result: FAILED. 0 passed; 1 failed; 0 ignored; 0 measured; 21 filtered out; finished in 0.08s

  stderr ───

    thread 'independent_48_step_continuation_and_day_reset_vector' (1769161) panicked at tests/integration/surface_liquid_hydrology_custody_authority_contract.rs:21:57:
    read docs/specifications/science-contracts/contracts/SC-SURFACELIQUID-001.md: FAIL /workdir/openWEPP/docs/specifications/science-contracts/contracts/SC-SURFACELIQUID-001.md:13: malformed front matter

    note: run with `RUST_BACKTRACE=1` environment variable to display a backtrace

        FAIL [   0.093s] ( 77/129) openwepp::surface_liquid_hydrology_custody_authority_contract independent_daf_and_condensation_vectors_bind_one_basis_conversion
  stdout ───

    running 1 test
    test independent_daf_and_condensation_vectors_bind_one_basis_conversion ... FAILED

    failures:

    failures:
        independent_daf_and_condensation_vectors_bind_one_basis_conversion

    test result: FAILED. 0 passed; 1 failed; 0 ignored; 0 measured; 21 filtered out; finished in 0.09s

  stderr ───

    thread 'independent_daf_and_condensation_vectors_bind_one_basis_conversion' (1769167) panicked at tests/integration/surface_liquid_hydrology_custody_authority_contract.rs:21:57:
    read docs/specifications/science-contracts/contracts/SC-SURFACELIQUID-001.md: FAIL /workdir/openWEPP/docs/specifications/science-contracts/contracts/SC-SURFACELIQUID-001.md:13: malformed front matter

    note: run with `RUST_BACKTRACE=1` environment variable to display a backtrace

        FAIL [   0.130s] ( 78/129) openwepp::surface_liquid_hydrology_custody_authority_contract canonical_identity_digest_is_order_sensitive_and_field_sensitive
  stdout ───

    running 1 test
    test canonical_identity_digest_is_order_sensitive_and_field_sensitive ... FAILED

    failures:

    failures:
        canonical_identity_digest_is_order_sensitive_and_field_sensitive

    test result: FAILED. 0 passed; 1 failed; 0 ignored; 0 measured; 21 filtered out; finished in 0.12s

  stderr ───

    thread 'canonical_identity_digest_is_order_sensitive_and_field_sensitive' (1769160) panicked at tests/integration/surface_liquid_hydrology_custody_authority_contract.rs:21:57:
    read docs/specifications/science-contracts/contracts/SC-SURFACELIQUID-001.md: FAIL /workdir/openWEPP/docs/specifications/science-contracts/contracts/SC-SURFACELIQUID-001.md:13: malformed front matter

    note: run with `RUST_BACKTRACE=1` environment variable to display a backtrace

        FAIL [   0.079s] ( 79/129) openwepp::surface_liquid_hydrology_custody_authority_contract open_and_covered_ingress_are_mutually_exclusive_and_routing_scales_area
  stdout ───

    running 1 test
    test open_and_covered_ingress_are_mutually_exclusive_and_routing_scales_area ... FAILED

    failures:

    failures:
        open_and_covered_ingress_are_mutually_exclusive_and_routing_scales_area

    test result: FAILED. 0 passed; 1 failed; 0 ignored; 0 measured; 21 filtered out; finished in 0.07s

  stderr ───

    thread 'open_and_covered_ingress_are_mutually_exclusive_and_routing_scales_area' (1769174) panicked at tests/integration/surface_liquid_hydrology_custody_authority_contract.rs:21:57:
    read docs/specifications/science-contracts/contracts/SC-SURFACELIQUID-001.md: FAIL /workdir/openWEPP/docs/specifications/science-contracts/contracts/SC-SURFACELIQUID-001.md:13: malformed front matter

    note: run with `RUST_BACKTRACE=1` environment variable to display a backtrace

        FAIL [   0.078s] ( 80/129) openwepp::surface_liquid_hydrology_custody_authority_contract version_14_binds_frozen_litter_surface_owner_v2_before_production
  stdout ───

    running 1 test
    test version_14_binds_frozen_litter_surface_owner_v2_before_production ... FAILED

    failures:

    failures:
        version_14_binds_frozen_litter_surface_owner_v2_before_production

    test result: FAILED. 0 passed; 1 failed; 0 ignored; 0 measured; 21 filtered out; finished in 0.07s

  stderr ───

    thread 'version_14_binds_frozen_litter_surface_owner_v2_before_production' (1769179) panicked at tests/integration/surface_liquid_hydrology_custody_authority_contract.rs:21:57:
    read docs/specifications/science-contracts/contracts/SC-SURFACELIQUID-001.md: FAIL /workdir/openWEPP/docs/specifications/science-contracts/contracts/SC-SURFACELIQUID-001.md:13: malformed front matter

    note: run with `RUST_BACKTRACE=1` environment variable to display a backtrace

        FAIL [   0.079s] ( 84/129) openwepp::surface_liquid_hydrology_custody_authority_contract version_8_child_slab_authority_binds_complete_transaction_before_release
  stdout ───

    running 1 test
    test version_8_child_slab_authority_binds_complete_transaction_before_release ... FAILED

    failures:

    failures:
        version_8_child_slab_authority_binds_complete_transaction_before_release

    test result: FAILED. 0 passed; 1 failed; 0 ignored; 0 measured; 21 filtered out; finished in 0.07s

  stderr ───

    thread 'version_8_child_slab_authority_binds_complete_transaction_before_release' (1769191) panicked at tests/integration/surface_liquid_hydrology_custody_authority_contract.rs:21:57:
    read docs/specifications/science-contracts/contracts/SC-SURFACELIQUID-001.md: FAIL /workdir/openWEPP/docs/specifications/science-contracts/contracts/SC-SURFACELIQUID-001.md:13: malformed front matter

    note: run with `RUST_BACKTRACE=1` environment variable to display a backtrace

        FAIL [   0.125s] ( 85/129) openwepp::surface_liquid_hydrology_custody_authority_contract version_15_binds_exact_soil_energy_credit_custody_before_production
  stdout ───

    running 1 test
    test version_15_binds_exact_soil_energy_credit_custody_before_production ... FAILED

    failures:

    failures:
        version_15_binds_exact_soil_energy_credit_custody_before_production

    test result: FAILED. 0 passed; 1 failed; 0 ignored; 0 measured; 21 filtered out; finished in 0.12s

  stderr ───

    thread 'version_15_binds_exact_soil_energy_credit_custody_before_production' (1769181) panicked at tests/integration/surface_liquid_hydrology_custody_authority_contract.rs:21:57:
    read docs/specifications/science-contracts/contracts/SC-SURFACELIQUID-001.md: FAIL /workdir/openWEPP/docs/specifications/science-contracts/contracts/SC-SURFACELIQUID-001.md:13: malformed front matter

    note: run with `RUST_BACKTRACE=1` environment variable to display a backtrace

        FAIL [   0.139s] ( 86/129) openwepp::surface_liquid_hydrology_custody_authority_contract version_16_binds_exact_surface_enthalpy_custody_before_production
  stdout ───

    running 1 test
    test version_16_binds_exact_surface_enthalpy_custody_before_production ... FAILED

    failures:

    failures:
        version_16_binds_exact_surface_enthalpy_custody_before_production

    test result: FAILED. 0 passed; 1 failed; 0 ignored; 0 measured; 21 filtered out; finished in 0.13s

  stderr ───

    thread 'version_16_binds_exact_surface_enthalpy_custody_before_production' (1769186) panicked at tests/integration/surface_liquid_hydrology_custody_authority_contract.rs:21:57:
    read docs/specifications/science-contracts/contracts/SC-SURFACELIQUID-001.md: FAIL /workdir/openWEPP/docs/specifications/science-contracts/contracts/SC-SURFACELIQUID-001.md:13: malformed front matter

    note: run with `RUST_BACKTRACE=1` environment variable to display a backtrace

        FAIL [   0.079s] ( 87/129) openwepp::surface_liquid_hydrology_custody_authority_contract version_9_binds_multi_lane_stage3_parent_release
  stdout ───

    running 1 test
    test version_9_binds_multi_lane_stage3_parent_release ... FAILED

    failures:

    failures:
        version_9_binds_multi_lane_stage3_parent_release

    test result: FAILED. 0 passed; 1 failed; 0 ignored; 0 measured; 21 filtered out; finished in 0.07s

  stderr ───

    thread 'version_9_binds_multi_lane_stage3_parent_release' (1769195) panicked at tests/integration/surface_liquid_hydrology_custody_authority_contract.rs:21:57:
    read docs/specifications/science-contracts/contracts/SC-SURFACELIQUID-001.md: FAIL /workdir/openWEPP/docs/specifications/science-contracts/contracts/SC-SURFACELIQUID-001.md:13: malformed front matter

    note: run with `RUST_BACKTRACE=1` environment variable to display a backtrace

        FAIL [   0.078s] ( 89/129) openwepp::surface_liquid_hydrology_custody_authority_contract version_twenty_five_binds_laned_active_local_surface_routing
  stdout ───

    running 1 test
    test version_twenty_five_binds_laned_active_local_surface_routing ... FAILED

    failures:

    failures:
        version_twenty_five_binds_laned_active_local_surface_routing

    test result: FAILED. 0 passed; 1 failed; 0 ignored; 0 measured; 21 filtered out; finished in 0.07s

  stderr ───

    thread 'version_twenty_five_binds_laned_active_local_surface_routing' (1769197) panicked at tests/integration/surface_liquid_hydrology_custody_authority_contract.rs:21:57:
    read docs/specifications/science-contracts/contracts/SC-SURFACELIQUID-001.md: FAIL /workdir/openWEPP/docs/specifications/science-contracts/contracts/SC-SURFACELIQUID-001.md:13: malformed front matter

    note: run with `RUST_BACKTRACE=1` environment variable to display a backtrace

        FAIL [   0.092s] ( 91/129) openwepp::surface_liquid_hydrology_custody_authority_contract version_twenty_four_binds_private_validated_handoffs_without_moving_trust_boundaries
  stdout ───

    running 1 test
    test version_twenty_four_binds_private_validated_handoffs_without_moving_trust_boundaries ... FAILED

    failures:

    failures:
        version_twenty_four_binds_private_validated_handoffs_without_moving_trust_boundaries

    test result: FAILED. 0 passed; 1 failed; 0 ignored; 0 measured; 21 filtered out; finished in 0.09s

  stderr ───

    thread 'version_twenty_four_binds_private_validated_handoffs_without_moving_trust_boundaries' (1769200) panicked at tests/integration/surface_liquid_hydrology_custody_authority_contract.rs:21:57:
    read docs/specifications/science-contracts/contracts/SC-SURFACELIQUID-001.md: FAIL /workdir/openWEPP/docs/specifications/science-contracts/contracts/SC-SURFACELIQUID-001.md:13: malformed front matter

    note: run with `RUST_BACKTRACE=1` environment variable to display a backtrace

        FAIL [   0.093s] ( 92/129) openwepp::surface_liquid_hydrology_custody_authority_contract version_twenty_one_binds_phase_spill_to_one_generated_wb14_parcel
  stdout ───

    running 1 test
    test version_twenty_one_binds_phase_spill_to_one_generated_wb14_parcel ... FAILED

    failures:

    failures:
        version_twenty_one_binds_phase_spill_to_one_generated_wb14_parcel

    test result: FAILED. 0 passed; 1 failed; 0 ignored; 0 measured; 21 filtered out; finished in 0.09s

  stderr ───

    thread 'version_twenty_one_binds_phase_spill_to_one_generated_wb14_parcel' (1769203) panicked at tests/integration/surface_liquid_hydrology_custody_authority_contract.rs:21:57:
    read docs/specifications/science-contracts/contracts/SC-SURFACELIQUID-001.md: FAIL /workdir/openWEPP/docs/specifications/science-contracts/contracts/SC-SURFACELIQUID-001.md:13: malformed front matter

    note: run with `RUST_BACKTRACE=1` environment variable to display a backtrace

        FAIL [   0.077s] ( 94/129) openwepp::surface_liquid_hydrology_custody_authority_contract version_twenty_two_binds_heterogeneous_finalized_use_join
  stdout ───

    running 1 test
    test version_twenty_two_binds_heterogeneous_finalized_use_join ... FAILED

    failures:

    failures:
        version_twenty_two_binds_heterogeneous_finalized_use_join

    test result: FAILED. 0 passed; 1 failed; 0 ignored; 0 measured; 21 filtered out; finished in 0.07s

  stderr ───

    thread 'version_twenty_two_binds_heterogeneous_finalized_use_join' (1769210) panicked at tests/integration/surface_liquid_hydrology_custody_authority_contract.rs:21:57:
    read docs/specifications/science-contracts/contracts/SC-SURFACELIQUID-001.md: FAIL /workdir/openWEPP/docs/specifications/science-contracts/contracts/SC-SURFACELIQUID-001.md:13: malformed front matter

    note: run with `RUST_BACKTRACE=1` environment variable to display a backtrace

        FAIL [   0.098s] ( 95/129) openwepp::surface_liquid_hydrology_custody_authority_contract version_twenty_three_binds_exact_owner_order_to_surface_topology
  stdout ───

    running 1 test
    test version_twenty_three_binds_exact_owner_order_to_surface_topology ... FAILED

    failures:

    failures:
        version_twenty_three_binds_exact_owner_order_to_surface_topology

    test result: FAILED. 0 passed; 1 failed; 0 ignored; 0 measured; 21 filtered out; finished in 0.09s

  stderr ───

    thread 'version_twenty_three_binds_exact_owner_order_to_surface_topology' (1769207) panicked at tests/integration/surface_liquid_hydrology_custody_authority_contract.rs:21:57:
    read docs/specifications/science-contracts/contracts/SC-SURFACELIQUID-001.md: FAIL /workdir/openWEPP/docs/specifications/science-contracts/contracts/SC-SURFACELIQUID-001.md:13: malformed front matter

    note: run with `RUST_BACKTRACE=1` environment variable to display a backtrace

        FAIL [   0.608s] ( 96/129) openwepp::snow_stage3_terminal_receiver_authority_contract receiver_rebuilds_actual_surface_and_continues_only_remaining_support
  stdout ───

    running 1 test
    test receiver_rebuilds_actual_surface_and_continues_only_remaining_support ... FAILED

    failures:

    failures:
        receiver_rebuilds_actual_surface_and_continues_only_remaining_support

    test result: FAILED. 0 passed; 1 failed; 0 ignored; 0 measured; 8 filtered out; finished in 0.60s

  stderr ───

    thread 'receiver_rebuilds_actual_surface_and_continues_only_remaining_support' (1769066) panicked at tests/integration/snow_stage3_terminal_receiver_authority_contract.rs:13:33:
    read docs/specifications/science-contracts/contracts/SC-SURFACELIQUID-001.md: FAIL /workdir/openWEPP/docs/specifications/science-contracts/contracts/SC-SURFACELIQUID-001.md:13: malformed front matter

    note: run with `RUST_BACKTRACE=1` environment variable to display a backtrace

        FAIL [   0.762s] (113/129) openwepp::snow_stage3_terminal_receiver_authority_contract restart_state_machine_and_canonical_tables_are_enforced
  stdout ───

    running 1 test
    test restart_state_machine_and_canonical_tables_are_enforced ... FAILED

    failures:

    failures:
        restart_state_machine_and_canonical_tables_are_enforced

    test result: FAILED. 0 passed; 1 failed; 0 ignored; 0 measured; 8 filtered out; finished in 0.76s

  stderr ───

    thread 'restart_state_machine_and_canonical_tables_are_enforced' (1769068) panicked at tests/integration/snow_stage3_terminal_receiver_authority_contract.rs:237:48:
    called `Result::unwrap()` on an `Err` value: Custom { kind: Other, error: "FAIL /workdir/openWEPP/docs/specifications/science-contracts/contracts/SC-SURFACELIQUID-001.md:13: malformed front matter\n" }
    note: run with `RUST_BACKTRACE=1` environment variable to display a backtrace

        FAIL [   0.072s] (116/129) openwepp::vegetation_boundary_authority_contract v9_runtime_equivalence_verifier_rejects_every_required_poison
  stdout ───

    running 1 test
    test v9_runtime_equivalence_verifier_rejects_every_required_poison ... FAILED

    failures:

    failures:
        v9_runtime_equivalence_verifier_rejects_every_required_poison

    test result: FAILED. 0 passed; 1 failed; 0 ignored; 0 measured; 28 filtered out; finished in 0.07s

  stderr ───

    thread 'v9_runtime_equivalence_verifier_rejects_every_required_poison' (1769313) panicked at tests/integration/vegetation_boundary_authority_contract.rs:2792:5:
    V9 equivalence poisons failed: VEG-E-133: runtime mismatch is not libcrypto-only: libcrypto.so.3,libz.so.1

    note: run with `RUST_BACKTRACE=1` environment variable to display a backtrace

        FAIL [   0.811s] (118/129) openwepp::solver_architecture_authority_contract stage3_canonical_replacement_authority_is_nonversioned_and_anti_accretive
  stdout ───

    running 1 test
    test stage3_canonical_replacement_authority_is_nonversioned_and_anti_accretive ... FAILED

    failures:

    failures:
        stage3_canonical_replacement_authority_is_nonversioned_and_anti_accretive

    test result: FAILED. 0 passed; 1 failed; 0 ignored; 0 measured; 4 filtered out; finished in 0.81s

  stderr ───

    thread 'stage3_canonical_replacement_authority_is_nonversioned_and_anti_accretive' (1769088) panicked at tests/integration/solver_architecture_authority_contract.rs:15:33:
    expected readable docs/specifications/science-contracts/contracts/SC-SURFACELIQUID-001.md: FAIL /workdir/openWEPP/docs/specifications/science-contracts/contracts/SC-SURFACELIQUID-001.md:13: malformed front matter

    note: run with `RUST_BACKTRACE=1` environment variable to display a backtrace

        FAIL [   0.174s] (122/129) openwepp::vegetation_boundary_authority_contract v9_oracle_successor_is_exactly_bound_and_v8_is_immutable
  stdout ───

    running 1 test
    test v9_oracle_successor_is_exactly_bound_and_v8_is_immutable ... FAILED

    failures:

    failures:
        v9_oracle_successor_is_exactly_bound_and_v8_is_immutable

    test result: FAILED. 0 passed; 1 failed; 0 ignored; 0 measured; 28 filtered out; finished in 0.17s

  stderr ───

    thread 'v9_oracle_successor_is_exactly_bound_and_v8_is_immutable' (1769308) panicked at tests/integration/vegetation_boundary_authority_contract.rs:2761:5:
    V9 oracle failed: VEG-E-133: runtime mismatch is not libcrypto-only: libcrypto.so.3,libz.so.1

    note: run with `RUST_BACKTRACE=1` environment variable to display a backtrace

        FAIL [   0.658s] (124/129) openwepp::vegetation_boundary_authority_contract adjacent_contracts_retain_current_owners_until_real_consumer_cutover
  stdout ───

    running 1 test
    test adjacent_contracts_retain_current_owners_until_real_consumer_cutover ... FAILED

    failures:

    failures:
        adjacent_contracts_retain_current_owners_until_real_consumer_cutover

    test result: FAILED. 0 passed; 1 failed; 0 ignored; 0 measured; 28 filtered out; finished in 0.65s

  stderr ───

    thread 'adjacent_contracts_retain_current_owners_until_real_consumer_cutover' (1769212) panicked at tests/integration/vegetation_boundary_authority_contract.rs:550:9:
    docs/specifications/science-contracts/contracts/SC-LANDSURFACEENERGY-001.md invariant table missing INV-LANDSURFACEENERGY-042
    note: run with `RUST_BACKTRACE=1` environment variable to display a backtrace

────────────
     Summary [  13.554s] 129 tests run: 93 passed, 36 failed, 0 skipped
        FAIL [   0.022s] (  3/129) openwepp::land_surface_energy_balance_authority_contract revision_31_component_temperature_dependency_replay_structural_seam_is_expected_red
  stdout ───

    running 1 test
    test revision_31_component_temperature_dependency_replay_structural_seam_is_expected_red ... FAILED

    failures:

    failures:
        revision_31_component_temperature_dependency_replay_structural_seam_is_expected_red

    test result: FAILED. 0 passed; 1 failed; 0 ignored; 0 measured; 25 filtered out; finished in 0.02s

  stderr ───

    thread 'revision_31_component_temperature_dependency_replay_structural_seam_is_expected_red' (1768947) panicked at tests/integration/land_surface_energy_balance_authority_contract.rs:939:5:
    revision 31 expected-red: production dependency-replay seam is absent: ["struct CoveredComponentTemperatureDependencyGraph", "struct ValidatedCoveredComponentReplaySweepBase", "struct ValidatedCoveredComponentProbeReplay", "struct CoveredComponentDependencyReplayAudit", "fn covered_component_temperature_probe_residuals", "fn begin_covered_component_dependency_replay_audit", "fn take_covered_component_dependency_replay_audit"]
    note: run with `RUST_BACKTRACE=1` environment variable to display a backtrace

        FAIL [   0.107s] ( 25/129) openwepp::snow_stage3_shared_carrier_authority_contract current_snow_energy_preserves_v22_physical_custody_and_v17_precipitation
  stdout ───

    running 1 test
    test current_snow_energy_preserves_v22_physical_custody_and_v17_precipitation ... FAILED

    failures:

    failures:
        current_snow_energy_preserves_v22_physical_custody_and_v17_precipitation

    test result: FAILED. 0 passed; 1 failed; 0 ignored; 0 measured; 5 filtered out; finished in 0.10s

  stderr ───

    thread 'current_snow_energy_preserves_v22_physical_custody_and_v17_precipitation' (1769030) panicked at tests/integration/snow_stage3_shared_carrier_authority_contract.rs:203:9:
    missing in-review v17 precipitation authority: contract_version: 58
    note: run with `RUST_BACKTRACE=1` environment variable to display a backtrace

        FAIL [   0.079s] ( 33/129) openwepp::snow_stage3_terminal_receiver_authority_contract partial_wb14_is_a_narrow_reconciled_exception_not_a_scaled_proxy
  stdout ───

    running 1 test
    test partial_wb14_is_a_narrow_reconciled_exception_not_a_scaled_proxy ... FAILED

    failures:

    failures:
        partial_wb14_is_a_narrow_reconciled_exception_not_a_scaled_proxy

    test result: FAILED. 0 passed; 1 failed; 0 ignored; 0 measured; 8 filtered out; finished in 0.07s

  stderr ───

    thread 'partial_wb14_is_a_narrow_reconciled_exception_not_a_scaled_proxy' (1769049) panicked at tests/integration/snow_stage3_terminal_receiver_authority_contract.rs:13:33:
    read docs/specifications/science-contracts/contracts/SC-SURFACELIQUID-001.md: FAIL /workdir/openWEPP/docs/specifications/science-contracts/contracts/SC-SURFACELIQUID-001.md:13: malformed front matter

    note: run with `RUST_BACKTRACE=1` environment variable to display a backtrace

        FAIL [   0.093s] ( 34/129) openwepp::snow_stage3_terminal_receiver_authority_contract midnight_restart_and_half_open_endpoint_have_no_overlap_or_gap
  stdout ───

    running 1 test
    test midnight_restart_and_half_open_endpoint_have_no_overlap_or_gap ... FAILED

    failures:

    failures:
        midnight_restart_and_half_open_endpoint_have_no_overlap_or_gap

    test result: FAILED. 0 passed; 1 failed; 0 ignored; 0 measured; 8 filtered out; finished in 0.09s

  stderr ───

    thread 'midnight_restart_and_half_open_endpoint_have_no_overlap_or_gap' (1769046) panicked at tests/integration/snow_stage3_terminal_receiver_authority_contract.rs:13:33:
    read docs/specifications/science-contracts/contracts/SC-SURFACELIQUID-001.md: FAIL /workdir/openWEPP/docs/specifications/science-contracts/contracts/SC-SURFACELIQUID-001.md:13: malformed front matter

    note: run with `RUST_BACKTRACE=1` environment variable to display a backtrace

        FAIL [   0.005s] ( 38/129) openwepp::solver_architecture_authority_contract repository_authoring_instructions_bind_solver_changes_to_the_standard
  stdout ───

    running 1 test
    test repository_authoring_instructions_bind_solver_changes_to_the_standard ... FAILED

    failures:

    failures:
        repository_authoring_instructions_bind_solver_changes_to_the_standard

    test result: FAILED. 0 passed; 1 failed; 0 ignored; 0 measured; 4 filtered out; finished in 0.00s

  stderr ───

    thread 'repository_authoring_instructions_bind_solver_changes_to_the_standard' (1769086) panicked at tests/integration/solver_architecture_authority_contract.rs:87:9:
    AGENTS.md missing: Production numerical solvers must not accrete
    note: run with `RUST_BACKTRACE=1` environment variable to display a backtrace

        FAIL [   0.129s] ( 39/129) openwepp::snow_stage3_terminal_receiver_authority_contract all_owner_failure_rolls_back_and_index_records_lifecycle
  stdout ───

    running 1 test
    test all_owner_failure_rolls_back_and_index_records_lifecycle ... FAILED

    failures:

    failures:
        all_owner_failure_rolls_back_and_index_records_lifecycle

    test result: FAILED. 0 passed; 1 failed; 0 ignored; 0 measured; 8 filtered out; finished in 0.12s

  stderr ───

    thread 'all_owner_failure_rolls_back_and_index_records_lifecycle' (1769043) panicked at tests/integration/snow_stage3_terminal_receiver_authority_contract.rs:155:9:
    docs/specifications/science-contracts/index.md missing non-versioned ADR-0044 amendments bind one canonical covered solver
    note: run with `RUST_BACKTRACE=1` environment variable to display a backtrace

        FAIL [   0.014s] ( 41/129) openwepp::solver_architecture_authority_contract stage3_chain_is_quarantined_for_replacement_not_accepted_as_architecture
  stdout ───

    running 1 test
    test stage3_chain_is_quarantined_for_replacement_not_accepted_as_architecture ... FAILED

    failures:

    failures:
        stage3_chain_is_quarantined_for_replacement_not_accepted_as_architecture

    test result: FAILED. 0 passed; 1 failed; 0 ignored; 0 measured; 4 filtered out; finished in 0.01s

  stderr ───

    thread 'stage3_chain_is_quarantined_for_replacement_not_accepted_as_architecture' (1769091) panicked at tests/integration/solver_architecture_authority_contract.rs:111:5:
    assertion failed: roadmap.contains("0044-prohibit-accretive-production-solver-dispatch.md")
    note: run with `RUST_BACKTRACE=1` environment variable to display a backtrace

        FAIL [   1.187s] ( 43/129) openwepp::land_surface_energy_balance_authority_contract version_twenty_four_binds_private_validated_handoffs_and_full_boundary_validation
  stdout ───

    running 1 test
    test version_twenty_four_binds_private_validated_handoffs_and_full_boundary_validation ... FAILED

    failures:

    failures:
        version_twenty_four_binds_private_validated_handoffs_and_full_boundary_validation

    test result: FAILED. 0 passed; 1 failed; 0 ignored; 0 measured; 25 filtered out; finished in 1.18s

  stderr ───

    thread 'version_twenty_four_binds_private_validated_handoffs_and_full_boundary_validation' (1769013) panicked at tests/integration/land_surface_energy_balance_authority_contract.rs:88:57:
    read docs/specifications/science-contracts/contracts/SC-SURFACELIQUID-001.md: FAIL /workdir/openWEPP/docs/specifications/science-contracts/contracts/SC-SURFACELIQUID-001.md:13: malformed front matter

    note: run with `RUST_BACKTRACE=1` environment variable to display a backtrace

        FAIL [   0.006s] ( 44/129) openwepp::stage3_native_vegetation_laned_throughput_recovery coupled_slab_acceptance_consumes_one_private_revision_proof
  stdout ───

    running 1 test
    test coupled_slab_acceptance_consumes_one_private_revision_proof ... FAILED

    failures:

    failures:
        coupled_slab_acceptance_consumes_one_private_revision_proof

    test result: FAILED. 0 passed; 1 failed; 0 ignored; 0 measured; 22 filtered out; finished in 0.00s

  stderr ───

    thread 'coupled_slab_acceptance_consumes_one_private_revision_proof' (1769102) panicked at tests/integration/stage3_native_vegetation_laned_throughput_recovery.rs:192:5:
    assertion failed: contract.contains("contract_version: 16")
    note: run with `RUST_BACKTRACE=1` environment variable to display a backtrace

        FAIL [   0.096s] ( 48/129) openwepp::stage3_native_vegetation_laned_throughput_recovery canonical_covered_pending_adjudication_is_contract_bound
  stdout ───

    running 1 test
    test canonical_covered_pending_adjudication_is_contract_bound ... FAILED

    failures:

    failures:
        canonical_covered_pending_adjudication_is_contract_bound

    test result: FAILED. 0 passed; 1 failed; 0 ignored; 0 measured; 22 filtered out; finished in 0.09s

  stderr ───

    thread 'canonical_covered_pending_adjudication_is_contract_bound' (1769096) panicked at tests/integration/stage3_native_vegetation_laned_throughput_recovery.rs:1383:13:
    docs/specifications/science-contracts/contracts/SC-SNOWENERGY-001.md missing contract_version: 60
    note: run with `RUST_BACKTRACE=1` environment variable to display a backtrace

        FAIL [   0.078s] ( 54/129) openwepp::stage3_native_vegetation_laned_throughput_recovery native_inactive_wb14_prefix_transition_is_contract_bound_and_production_reachable
  stdout ───

    running 1 test
    test native_inactive_wb14_prefix_transition_is_contract_bound_and_production_reachable ... FAILED

    failures:

    failures:
        native_inactive_wb14_prefix_transition_is_contract_bound_and_production_reachable

    test result: FAILED. 0 passed; 1 failed; 0 ignored; 0 measured; 22 filtered out; finished in 0.07s

  stderr ───

    thread 'native_inactive_wb14_prefix_transition_is_contract_bound_and_production_reachable' (1769114) panicked at tests/integration/stage3_native_vegetation_laned_throughput_recovery.rs:1312:70:
    read contract: Custom { kind: Other, error: "FAIL /workdir/openWEPP/docs/specifications/science-contracts/contracts/SC-SURFACELIQUID-001.md:13: malformed front matter\n" }
    note: run with `RUST_BACKTRACE=1` environment variable to display a backtrace

        FAIL [   0.079s] ( 56/129) openwepp::stage3_native_vegetation_laned_throughput_recovery snow_free_final_receipt_reseal_is_contract_bound_and_production_reachable
  stdout ───

    running 1 test
    test snow_free_final_receipt_reseal_is_contract_bound_and_production_reachable ... FAILED

    failures:

    failures:
        snow_free_final_receipt_reseal_is_contract_bound_and_production_reachable

    test result: FAILED. 0 passed; 1 failed; 0 ignored; 0 measured; 22 filtered out; finished in 0.07s

  stderr ───

    thread 'snow_free_final_receipt_reseal_is_contract_bound_and_production_reachable' (1769121) panicked at tests/integration/stage3_native_vegetation_laned_throughput_recovery.rs:1271:9:
    docs/specifications/science-contracts/contracts/SC-COUPLEDTIME-001.md missing contract_version: 16
    note: run with `RUST_BACKTRACE=1` environment variable to display a backtrace

        FAIL [   0.970s] ( 69/129) openwepp::land_surface_energy_balance_authority_contract version_twenty_three_binds_exact_surface_order_to_authenticated_topology
  stdout ───

    running 1 test
    test version_twenty_three_binds_exact_surface_order_to_authenticated_topology ... FAILED

    failures:

    failures:
        version_twenty_three_binds_exact_surface_order_to_authenticated_topology

    test result: FAILED. 0 passed; 1 failed; 0 ignored; 0 measured; 25 filtered out; finished in 0.96s

  stderr ───

    thread 'version_twenty_three_binds_exact_surface_order_to_authenticated_topology' (1769020) panicked at tests/integration/land_surface_energy_balance_authority_contract.rs:88:57:
    read docs/specifications/science-contracts/contracts/SC-SURFACELIQUID-001.md: FAIL /workdir/openWEPP/docs/specifications/science-contracts/contracts/SC-SURFACELIQUID-001.md:13: malformed front matter

    note: run with `RUST_BACKTRACE=1` environment variable to display a backtrace

        FAIL [   0.079s] ( 70/129) openwepp::surface_liquid_hydrology_custody_authority_contract contract_binds_existing_lse_identity_and_restart_bytes
  stdout ───

    running 1 test
    test contract_binds_existing_lse_identity_and_restart_bytes ... FAILED

    failures:

    failures:
        contract_binds_existing_lse_identity_and_restart_bytes

    test result: FAILED. 0 passed; 1 failed; 0 ignored; 0 measured; 21 filtered out; finished in 0.07s

  stderr ───

    thread 'contract_binds_existing_lse_identity_and_restart_bytes' (1769156) panicked at tests/integration/surface_liquid_hydrology_custody_authority_contract.rs:21:57:
    read docs/specifications/science-contracts/contracts/SC-SURFACELIQUID-001.md: FAIL /workdir/openWEPP/docs/specifications/science-contracts/contracts/SC-SURFACELIQUID-001.md:13: malformed front matter

    note: run with `RUST_BACKTRACE=1` environment variable to display a backtrace

        FAIL [   0.080s] ( 71/129) openwepp::surface_liquid_hydrology_custody_authority_contract contract_binds_actual_wb14_and_rejects_duplicate_depression_custody
  stdout ───

    running 1 test
    test contract_binds_actual_wb14_and_rejects_duplicate_depression_custody ... FAILED

    failures:

    failures:
        contract_binds_actual_wb14_and_rejects_duplicate_depression_custody

    test result: FAILED. 0 passed; 1 failed; 0 ignored; 0 measured; 21 filtered out; finished in 0.07s

  stderr ───

    thread 'contract_binds_actual_wb14_and_rejects_duplicate_depression_custody' (1769158) panicked at tests/integration/surface_liquid_hydrology_custody_authority_contract.rs:21:57:
    read docs/specifications/science-contracts/contracts/SC-SURFACELIQUID-001.md: FAIL /workdir/openWEPP/docs/specifications/science-contracts/contracts/SC-SURFACELIQUID-001.md:13: malformed front matter

    note: run with `RUST_BACKTRACE=1` environment variable to display a backtrace

        FAIL [   0.078s] ( 72/129) openwepp::surface_liquid_hydrology_custody_authority_contract independent_attribution_retention_and_enthalpy_vectors_close
  stdout ───

    running 1 test
    test independent_attribution_retention_and_enthalpy_vectors_close ... FAILED

    failures:

    failures:
        independent_attribution_retention_and_enthalpy_vectors_close

    test result: FAILED. 0 passed; 1 failed; 0 ignored; 0 measured; 21 filtered out; finished in 0.07s

  stderr ───

    thread 'independent_attribution_retention_and_enthalpy_vectors_close' (1769164) panicked at tests/integration/surface_liquid_hydrology_custody_authority_contract.rs:21:57:
    read docs/specifications/science-contracts/contracts/SC-SURFACELIQUID-001.md: FAIL /workdir/openWEPP/docs/specifications/science-contracts/contracts/SC-SURFACELIQUID-001.md:13: malformed front matter

    note: run with `RUST_BACKTRACE=1` environment variable to display a backtrace

        FAIL [   0.087s] ( 75/129) openwepp::surface_liquid_hydrology_custody_authority_contract independent_48_step_continuation_and_day_reset_vector
  stdout ───

    running 1 test
    test independent_48_step_continuation_and_day_reset_vector ... FAILED

    failures:

    failures:
        independent_48_step_continuation_and_day_reset_vector

    test result: FAILED. 0 passed; 1 failed; 0 ignored; 0 measured; 21 filtered out; finished in 0.08s

  stderr ───

    thread 'independent_48_step_continuation_and_day_reset_vector' (1769161) panicked at tests/integration/surface_liquid_hydrology_custody_authority_contract.rs:21:57:
    read docs/specifications/science-contracts/contracts/SC-SURFACELIQUID-001.md: FAIL /workdir/openWEPP/docs/specifications/science-contracts/contracts/SC-SURFACELIQUID-001.md:13: malformed front matter

    note: run with `RUST_BACKTRACE=1` environment variable to display a backtrace

        FAIL [   0.093s] ( 77/129) openwepp::surface_liquid_hydrology_custody_authority_contract independent_daf_and_condensation_vectors_bind_one_basis_conversion
  stdout ───

    running 1 test
    test independent_daf_and_condensation_vectors_bind_one_basis_conversion ... FAILED

    failures:

    failures:
        independent_daf_and_condensation_vectors_bind_one_basis_conversion

    test result: FAILED. 0 passed; 1 failed; 0 ignored; 0 measured; 21 filtered out; finished in 0.09s

  stderr ───

    thread 'independent_daf_and_condensation_vectors_bind_one_basis_conversion' (1769167) panicked at tests/integration/surface_liquid_hydrology_custody_authority_contract.rs:21:57:
    read docs/specifications/science-contracts/contracts/SC-SURFACELIQUID-001.md: FAIL /workdir/openWEPP/docs/specifications/science-contracts/contracts/SC-SURFACELIQUID-001.md:13: malformed front matter

    note: run with `RUST_BACKTRACE=1` environment variable to display a backtrace

        FAIL [   0.130s] ( 78/129) openwepp::surface_liquid_hydrology_custody_authority_contract canonical_identity_digest_is_order_sensitive_and_field_sensitive
  stdout ───

    running 1 test
    test canonical_identity_digest_is_order_sensitive_and_field_sensitive ... FAILED

    failures:

    failures:
        canonical_identity_digest_is_order_sensitive_and_field_sensitive

    test result: FAILED. 0 passed; 1 failed; 0 ignored; 0 measured; 21 filtered out; finished in 0.12s

  stderr ───

    thread 'canonical_identity_digest_is_order_sensitive_and_field_sensitive' (1769160) panicked at tests/integration/surface_liquid_hydrology_custody_authority_contract.rs:21:57:
    read docs/specifications/science-contracts/contracts/SC-SURFACELIQUID-001.md: FAIL /workdir/openWEPP/docs/specifications/science-contracts/contracts/SC-SURFACELIQUID-001.md:13: malformed front matter

    note: run with `RUST_BACKTRACE=1` environment variable to display a backtrace

        FAIL [   0.079s] ( 79/129) openwepp::surface_liquid_hydrology_custody_authority_contract open_and_covered_ingress_are_mutually_exclusive_and_routing_scales_area
  stdout ───

    running 1 test
    test open_and_covered_ingress_are_mutually_exclusive_and_routing_scales_area ... FAILED

    failures:

    failures:
        open_and_covered_ingress_are_mutually_exclusive_and_routing_scales_area

    test result: FAILED. 0 passed; 1 failed; 0 ignored; 0 measured; 21 filtered out; finished in 0.07s

  stderr ───

    thread 'open_and_covered_ingress_are_mutually_exclusive_and_routing_scales_area' (1769174) panicked at tests/integration/surface_liquid_hydrology_custody_authority_contract.rs:21:57:
    read docs/specifications/science-contracts/contracts/SC-SURFACELIQUID-001.md: FAIL /workdir/openWEPP/docs/specifications/science-contracts/contracts/SC-SURFACELIQUID-001.md:13: malformed front matter

    note: run with `RUST_BACKTRACE=1` environment variable to display a backtrace

        FAIL [   0.078s] ( 80/129) openwepp::surface_liquid_hydrology_custody_authority_contract version_14_binds_frozen_litter_surface_owner_v2_before_production
  stdout ───

    running 1 test
    test version_14_binds_frozen_litter_surface_owner_v2_before_production ... FAILED

    failures:

    failures:
        version_14_binds_frozen_litter_surface_owner_v2_before_production

    test result: FAILED. 0 passed; 1 failed; 0 ignored; 0 measured; 21 filtered out; finished in 0.07s

  stderr ───

    thread 'version_14_binds_frozen_litter_surface_owner_v2_before_production' (1769179) panicked at tests/integration/surface_liquid_hydrology_custody_authority_contract.rs:21:57:
    read docs/specifications/science-contracts/contracts/SC-SURFACELIQUID-001.md: FAIL /workdir/openWEPP/docs/specifications/science-contracts/contracts/SC-SURFACELIQUID-001.md:13: malformed front matter

    note: run with `RUST_BACKTRACE=1` environment variable to display a backtrace

        FAIL [   0.079s] ( 84/129) openwepp::surface_liquid_hydrology_custody_authority_contract version_8_child_slab_authority_binds_complete_transaction_before_release
  stdout ───

    running 1 test
    test version_8_child_slab_authority_binds_complete_transaction_before_release ... FAILED

    failures:

    failures:
        version_8_child_slab_authority_binds_complete_transaction_before_release

    test result: FAILED. 0 passed; 1 failed; 0 ignored; 0 measured; 21 filtered out; finished in 0.07s

  stderr ───

    thread 'version_8_child_slab_authority_binds_complete_transaction_before_release' (1769191) panicked at tests/integration/surface_liquid_hydrology_custody_authority_contract.rs:21:57:
    read docs/specifications/science-contracts/contracts/SC-SURFACELIQUID-001.md: FAIL /workdir/openWEPP/docs/specifications/science-contracts/contracts/SC-SURFACELIQUID-001.md:13: malformed front matter

    note: run with `RUST_BACKTRACE=1` environment variable to display a backtrace

        FAIL [   0.125s] ( 85/129) openwepp::surface_liquid_hydrology_custody_authority_contract version_15_binds_exact_soil_energy_credit_custody_before_production
  stdout ───

    running 1 test
    test version_15_binds_exact_soil_energy_credit_custody_before_production ... FAILED

    failures:

    failures:
        version_15_binds_exact_soil_energy_credit_custody_before_production

    test result: FAILED. 0 passed; 1 failed; 0 ignored; 0 measured; 21 filtered out; finished in 0.12s

  stderr ───

    thread 'version_15_binds_exact_soil_energy_credit_custody_before_production' (1769181) panicked at tests/integration/surface_liquid_hydrology_custody_authority_contract.rs:21:57:
    read docs/specifications/science-contracts/contracts/SC-SURFACELIQUID-001.md: FAIL /workdir/openWEPP/docs/specifications/science-contracts/contracts/SC-SURFACELIQUID-001.md:13: malformed front matter

    note: run with `RUST_BACKTRACE=1` environment variable to display a backtrace

        FAIL [   0.139s] ( 86/129) openwepp::surface_liquid_hydrology_custody_authority_contract version_16_binds_exact_surface_enthalpy_custody_before_production
  stdout ───

    running 1 test
    test version_16_binds_exact_surface_enthalpy_custody_before_production ... FAILED

    failures:

    failures:
        version_16_binds_exact_surface_enthalpy_custody_before_production

    test result: FAILED. 0 passed; 1 failed; 0 ignored; 0 measured; 21 filtered out; finished in 0.13s

  stderr ───

    thread 'version_16_binds_exact_surface_enthalpy_custody_before_production' (1769186) panicked at tests/integration/surface_liquid_hydrology_custody_authority_contract.rs:21:57:
    read docs/specifications/science-contracts/contracts/SC-SURFACELIQUID-001.md: FAIL /workdir/openWEPP/docs/specifications/science-contracts/contracts/SC-SURFACELIQUID-001.md:13: malformed front matter

    note: run with `RUST_BACKTRACE=1` environment variable to display a backtrace

        FAIL [   0.079s] ( 87/129) openwepp::surface_liquid_hydrology_custody_authority_contract version_9_binds_multi_lane_stage3_parent_release
  stdout ───

    running 1 test
    test version_9_binds_multi_lane_stage3_parent_release ... FAILED

    failures:

    failures:
        version_9_binds_multi_lane_stage3_parent_release

    test result: FAILED. 0 passed; 1 failed; 0 ignored; 0 measured; 21 filtered out; finished in 0.07s

  stderr ───

    thread 'version_9_binds_multi_lane_stage3_parent_release' (1769195) panicked at tests/integration/surface_liquid_hydrology_custody_authority_contract.rs:21:57:
    read docs/specifications/science-contracts/contracts/SC-SURFACELIQUID-001.md: FAIL /workdir/openWEPP/docs/specifications/science-contracts/contracts/SC-SURFACELIQUID-001.md:13: malformed front matter

    note: run with `RUST_BACKTRACE=1` environment variable to display a backtrace

        FAIL [   0.078s] ( 89/129) openwepp::surface_liquid_hydrology_custody_authority_contract version_twenty_five_binds_laned_active_local_surface_routing
  stdout ───

    running 1 test
    test version_twenty_five_binds_laned_active_local_surface_routing ... FAILED

    failures:

    failures:
        version_twenty_five_binds_laned_active_local_surface_routing

    test result: FAILED. 0 passed; 1 failed; 0 ignored; 0 measured; 21 filtered out; finished in 0.07s

  stderr ───

    thread 'version_twenty_five_binds_laned_active_local_surface_routing' (1769197) panicked at tests/integration/surface_liquid_hydrology_custody_authority_contract.rs:21:57:
    read docs/specifications/science-contracts/contracts/SC-SURFACELIQUID-001.md: FAIL /workdir/openWEPP/docs/specifications/science-contracts/contracts/SC-SURFACELIQUID-001.md:13: malformed front matter

    note: run with `RUST_BACKTRACE=1` environment variable to display a backtrace

        FAIL [   0.092s] ( 91/129) openwepp::surface_liquid_hydrology_custody_authority_contract version_twenty_four_binds_private_validated_handoffs_without_moving_trust_boundaries
  stdout ───

    running 1 test
    test version_twenty_four_binds_private_validated_handoffs_without_moving_trust_boundaries ... FAILED

    failures:

    failures:
        version_twenty_four_binds_private_validated_handoffs_without_moving_trust_boundaries

    test result: FAILED. 0 passed; 1 failed; 0 ignored; 0 measured; 21 filtered out; finished in 0.09s

  stderr ───

    thread 'version_twenty_four_binds_private_validated_handoffs_without_moving_trust_boundaries' (1769200) panicked at tests/integration/surface_liquid_hydrology_custody_authority_contract.rs:21:57:
    read docs/specifications/science-contracts/contracts/SC-SURFACELIQUID-001.md: FAIL /workdir/openWEPP/docs/specifications/science-contracts/contracts/SC-SURFACELIQUID-001.md:13: malformed front matter

    note: run with `RUST_BACKTRACE=1` environment variable to display a backtrace

        FAIL [   0.093s] ( 92/129) openwepp::surface_liquid_hydrology_custody_authority_contract version_twenty_one_binds_phase_spill_to_one_generated_wb14_parcel
  stdout ───

    running 1 test
    test version_twenty_one_binds_phase_spill_to_one_generated_wb14_parcel ... FAILED

    failures:

    failures:
        version_twenty_one_binds_phase_spill_to_one_generated_wb14_parcel

    test result: FAILED. 0 passed; 1 failed; 0 ignored; 0 measured; 21 filtered out; finished in 0.09s

  stderr ───

    thread 'version_twenty_one_binds_phase_spill_to_one_generated_wb14_parcel' (1769203) panicked at tests/integration/surface_liquid_hydrology_custody_authority_contract.rs:21:57:
    read docs/specifications/science-contracts/contracts/SC-SURFACELIQUID-001.md: FAIL /workdir/openWEPP/docs/specifications/science-contracts/contracts/SC-SURFACELIQUID-001.md:13: malformed front matter

    note: run with `RUST_BACKTRACE=1` environment variable to display a backtrace

        FAIL [   0.077s] ( 94/129) openwepp::surface_liquid_hydrology_custody_authority_contract version_twenty_two_binds_heterogeneous_finalized_use_join
  stdout ───

    running 1 test
    test version_twenty_two_binds_heterogeneous_finalized_use_join ... FAILED

    failures:

    failures:
        version_twenty_two_binds_heterogeneous_finalized_use_join

    test result: FAILED. 0 passed; 1 failed; 0 ignored; 0 measured; 21 filtered out; finished in 0.07s

  stderr ───

    thread 'version_twenty_two_binds_heterogeneous_finalized_use_join' (1769210) panicked at tests/integration/surface_liquid_hydrology_custody_authority_contract.rs:21:57:
    read docs/specifications/science-contracts/contracts/SC-SURFACELIQUID-001.md: FAIL /workdir/openWEPP/docs/specifications/science-contracts/contracts/SC-SURFACELIQUID-001.md:13: malformed front matter

    note: run with `RUST_BACKTRACE=1` environment variable to display a backtrace

        FAIL [   0.098s] ( 95/129) openwepp::surface_liquid_hydrology_custody_authority_contract version_twenty_three_binds_exact_owner_order_to_surface_topology
  stdout ───

    running 1 test
    test version_twenty_three_binds_exact_owner_order_to_surface_topology ... FAILED

    failures:

    failures:
        version_twenty_three_binds_exact_owner_order_to_surface_topology

    test result: FAILED. 0 passed; 1 failed; 0 ignored; 0 measured; 21 filtered out; finished in 0.09s

  stderr ───

    thread 'version_twenty_three_binds_exact_owner_order_to_surface_topology' (1769207) panicked at tests/integration/surface_liquid_hydrology_custody_authority_contract.rs:21:57:
    read docs/specifications/science-contracts/contracts/SC-SURFACELIQUID-001.md: FAIL /workdir/openWEPP/docs/specifications/science-contracts/contracts/SC-SURFACELIQUID-001.md:13: malformed front matter

    note: run with `RUST_BACKTRACE=1` environment variable to display a backtrace

        FAIL [   0.608s] ( 96/129) openwepp::snow_stage3_terminal_receiver_authority_contract receiver_rebuilds_actual_surface_and_continues_only_remaining_support
  stdout ───

    running 1 test
    test receiver_rebuilds_actual_surface_and_continues_only_remaining_support ... FAILED

    failures:

    failures:
        receiver_rebuilds_actual_surface_and_continues_only_remaining_support

    test result: FAILED. 0 passed; 1 failed; 0 ignored; 0 measured; 8 filtered out; finished in 0.60s

  stderr ───

    thread 'receiver_rebuilds_actual_surface_and_continues_only_remaining_support' (1769066) panicked at tests/integration/snow_stage3_terminal_receiver_authority_contract.rs:13:33:
    read docs/specifications/science-contracts/contracts/SC-SURFACELIQUID-001.md: FAIL /workdir/openWEPP/docs/specifications/science-contracts/contracts/SC-SURFACELIQUID-001.md:13: malformed front matter

    note: run with `RUST_BACKTRACE=1` environment variable to display a backtrace

        FAIL [   0.762s] (113/129) openwepp::snow_stage3_terminal_receiver_authority_contract restart_state_machine_and_canonical_tables_are_enforced
  stdout ───

    running 1 test
    test restart_state_machine_and_canonical_tables_are_enforced ... FAILED

    failures:

    failures:
        restart_state_machine_and_canonical_tables_are_enforced

    test result: FAILED. 0 passed; 1 failed; 0 ignored; 0 measured; 8 filtered out; finished in 0.76s

  stderr ───

    thread 'restart_state_machine_and_canonical_tables_are_enforced' (1769068) panicked at tests/integration/snow_stage3_terminal_receiver_authority_contract.rs:237:48:
    called `Result::unwrap()` on an `Err` value: Custom { kind: Other, error: "FAIL /workdir/openWEPP/docs/specifications/science-contracts/contracts/SC-SURFACELIQUID-001.md:13: malformed front matter\n" }
    note: run with `RUST_BACKTRACE=1` environment variable to display a backtrace

        FAIL [   0.072s] (116/129) openwepp::vegetation_boundary_authority_contract v9_runtime_equivalence_verifier_rejects_every_required_poison
  stdout ───

    running 1 test
    test v9_runtime_equivalence_verifier_rejects_every_required_poison ... FAILED

    failures:

    failures:
        v9_runtime_equivalence_verifier_rejects_every_required_poison

    test result: FAILED. 0 passed; 1 failed; 0 ignored; 0 measured; 28 filtered out; finished in 0.07s

  stderr ───

    thread 'v9_runtime_equivalence_verifier_rejects_every_required_poison' (1769313) panicked at tests/integration/vegetation_boundary_authority_contract.rs:2792:5:
    V9 equivalence poisons failed: VEG-E-133: runtime mismatch is not libcrypto-only: libcrypto.so.3,libz.so.1

    note: run with `RUST_BACKTRACE=1` environment variable to display a backtrace

        FAIL [   0.811s] (118/129) openwepp::solver_architecture_authority_contract stage3_canonical_replacement_authority_is_nonversioned_and_anti_accretive
  stdout ───

    running 1 test
    test stage3_canonical_replacement_authority_is_nonversioned_and_anti_accretive ... FAILED

    failures:

    failures:
        stage3_canonical_replacement_authority_is_nonversioned_and_anti_accretive

    test result: FAILED. 0 passed; 1 failed; 0 ignored; 0 measured; 4 filtered out; finished in 0.81s

  stderr ───

    thread 'stage3_canonical_replacement_authority_is_nonversioned_and_anti_accretive' (1769088) panicked at tests/integration/solver_architecture_authority_contract.rs:15:33:
    expected readable docs/specifications/science-contracts/contracts/SC-SURFACELIQUID-001.md: FAIL /workdir/openWEPP/docs/specifications/science-contracts/contracts/SC-SURFACELIQUID-001.md:13: malformed front matter

    note: run with `RUST_BACKTRACE=1` environment variable to display a backtrace

        FAIL [   0.174s] (122/129) openwepp::vegetation_boundary_authority_contract v9_oracle_successor_is_exactly_bound_and_v8_is_immutable
  stdout ───

    running 1 test
    test v9_oracle_successor_is_exactly_bound_and_v8_is_immutable ... FAILED

    failures:

    failures:
        v9_oracle_successor_is_exactly_bound_and_v8_is_immutable

    test result: FAILED. 0 passed; 1 failed; 0 ignored; 0 measured; 28 filtered out; finished in 0.17s

  stderr ───

    thread 'v9_oracle_successor_is_exactly_bound_and_v8_is_immutable' (1769308) panicked at tests/integration/vegetation_boundary_authority_contract.rs:2761:5:
    V9 oracle failed: VEG-E-133: runtime mismatch is not libcrypto-only: libcrypto.so.3,libz.so.1

    note: run with `RUST_BACKTRACE=1` environment variable to display a backtrace

        FAIL [   0.658s] (124/129) openwepp::vegetation_boundary_authority_contract adjacent_contracts_retain_current_owners_until_real_consumer_cutover
  stdout ───

    running 1 test
    test adjacent_contracts_retain_current_owners_until_real_consumer_cutover ... FAILED

    failures:

    failures:
        adjacent_contracts_retain_current_owners_until_real_consumer_cutover

    test result: FAILED. 0 passed; 1 failed; 0 ignored; 0 measured; 28 filtered out; finished in 0.65s

  stderr ───

    thread 'adjacent_contracts_retain_current_owners_until_real_consumer_cutover' (1769212) panicked at tests/integration/vegetation_boundary_authority_contract.rs:550:9:
    docs/specifications/science-contracts/contracts/SC-LANDSURFACEENERGY-001.md invariant table missing INV-LANDSURFACEENERGY-042
    note: run with `RUST_BACKTRACE=1` environment variable to display a backtrace

error: test run failed
