warning: Git tree '/workdir/openWEPP' is dirty
openWEPP Nix shell
  target:  /workdir/.cache/openwepp/targets/openWEPP-295c6e060aa9
  scratch: /tmp/openwepp-roger-openWEPP-295c6e060aa9
  cache:   /workdir/.cache/openwepp
warning: field `ending_snow_hint` is never read
    --> crates/openwepp-hillslope-orchestrator/src/hydrology/support_helpers_mod/runoff_reconciliation.rs:1176:9
     |
1156 | pub(crate) struct CoveredTerminalTrialRequestV1 {
     |                   ----------------------------- field in this struct
...
1176 |     pub ending_snow_hint: Option<CoveredTerminalEndingSnowHintV1>,
     |         ^^^^^^^^^^^^^^^^
     |
     = note: `CoveredTerminalTrialRequestV1` has derived impls for the traits `Debug` and `Clone`, but these are intentionally ignored during dead code analysis
     = note: `#[warn(dead_code)]` (part of `#[warn(unused)]`) on by default

warning: `openwepp-hillslope-orchestrator` (lib) generated 1 warning
   Compiling openwepp v0.1.0 (/workdir/openWEPP)
warning: unreachable `pub` item
 --> tests/integration/support/sc_contract_text.rs:5:1
  |
5 | pub fn read(path: impl AsRef<Path>) -> std::io::Result<String> {
  | ---^^^^^^^^^^^^^^^^^^^^^^^^^^^^^^^^^^^^^^^^^^^^^^^^^^^^^^^^^^^
  | |
  | help: consider restricting its visibility: `pub(crate)`
  |
  = help: or consider exporting it for use by other crates
  = note: requested on the command line with `-W unreachable-pub`

warning: `openwepp` (test "stage3_native_vegetation_laned_throughput_recovery") generated 1 warning (run `cargo fix --test "stage3_native_vegetation_laned_throughput_recovery" -p openwepp` to apply 1 suggestion)
warning: `openwepp` (test "vegetation_boundary_authority_contract") generated 1 warning (1 duplicate)
warning: `openwepp` (test "snow_stage3_terminal_receiver_authority_contract") generated 1 warning (1 duplicate)
warning: `openwepp` (test "surface_liquid_hydrology_custody_authority_contract") generated 1 warning (1 duplicate)
warning: `openwepp` (test "solver_architecture_authority_contract") generated 1 warning (1 duplicate)
warning: `openwepp` (test "snow_stage3_shared_carrier_authority_contract") generated 1 warning (1 duplicate)
warning: unnecessary parentheses around closure body
   --> tests/integration/land_surface_energy_balance_authority_contract.rs:759:28
    |
759 | ...e| (line.starts_with("| `INV-LANDSURFACEENERGY-164` |") || line.starts_with("| <a id=\"INV-LANDSURFACEENERGY-164\"></a> `INV-LANDSURFACEENERGY-164` |")))
    |       ^                                                                                                                                                   ^
    |
    = note: `#[warn(unused_parens)]` (part of `#[warn(unused)]`) on by default
help: remove these parentheses
    |
759 -             .filter(|line| (line.starts_with("| `INV-LANDSURFACEENERGY-164` |") || line.starts_with("| <a id=\"INV-LANDSURFACEENERGY-164\"></a> `INV-LANDSURFACEENERGY-164` |")))
759 +             .filter(|line| line.starts_with("| `INV-LANDSURFACEENERGY-164` |") || line.starts_with("| <a id=\"INV-LANDSURFACEENERGY-164\"></a> `INV-LANDSURFACEENERGY-164` |"))
    |

warning: `openwepp` (test "land_surface_energy_balance_authority_contract") generated 2 warnings (1 duplicate) (run `cargo fix --test "land_surface_energy_balance_authority_contract" -p openwepp` to apply 1 suggestion)
    Finished `test` profile [unoptimized + debuginfo] target(s) in 0.65s
────────────
 Nextest run ID a4b38f56-8d2a-42e0-8a2e-4c80020b06c5 with nextest profile: default
    Starting 129 tests across 8 binaries
        FAIL [   0.021s] (  3/129) openwepp::land_surface_energy_balance_authority_contract revision_31_component_temperature_dependency_replay_structural_seam_is_expected_red
  stdout ───

    running 1 test
    test revision_31_component_temperature_dependency_replay_structural_seam_is_expected_red ... FAILED

    failures:

    failures:
        revision_31_component_temperature_dependency_replay_structural_seam_is_expected_red

    test result: FAILED. 0 passed; 1 failed; 0 ignored; 0 measured; 25 filtered out; finished in 0.02s

  stderr ───

    thread 'revision_31_component_temperature_dependency_replay_structural_seam_is_expected_red' (1754789) panicked at tests/integration/land_surface_energy_balance_authority_contract.rs:902:5:
    revision 31 expected-red: production dependency-replay seam is absent: ["struct CoveredComponentTemperatureDependencyGraph", "struct ValidatedCoveredComponentReplaySweepBase", "struct ValidatedCoveredComponentProbeReplay", "struct CoveredComponentDependencyReplayAudit", "fn covered_component_temperature_probe_residuals", "fn begin_covered_component_dependency_replay_audit", "fn take_covered_component_dependency_replay_audit"]
    note: run with `RUST_BACKTRACE=1` environment variable to display a backtrace

        FAIL [   0.012s] ( 23/129) openwepp::snow_stage3_shared_carrier_authority_contract current_snow_energy_preserves_v22_physical_custody_and_v17_precipitation
  stdout ───

    running 1 test
    test current_snow_energy_preserves_v22_physical_custody_and_v17_precipitation ... FAILED

    failures:

    failures:
        current_snow_energy_preserves_v22_physical_custody_and_v17_precipitation

    test result: FAILED. 0 passed; 1 failed; 0 ignored; 0 measured; 5 filtered out; finished in 0.01s

  stderr ───

    thread 'current_snow_energy_preserves_v22_physical_custody_and_v17_precipitation' (1754883) panicked at tests/integration/snow_stage3_shared_carrier_authority_contract.rs:203:9:
    missing in-review v17 precipitation authority: contract_version: 58
    note: run with `RUST_BACKTRACE=1` environment variable to display a backtrace

        FAIL [   0.023s] ( 28/129) openwepp::snow_stage3_terminal_receiver_authority_contract all_owner_failure_rolls_back_and_index_records_lifecycle
  stdout ───

    running 1 test
    test all_owner_failure_rolls_back_and_index_records_lifecycle ... FAILED

    failures:

    failures:
        all_owner_failure_rolls_back_and_index_records_lifecycle

    test result: FAILED. 0 passed; 1 failed; 0 ignored; 0 measured; 8 filtered out; finished in 0.02s

  stderr ───

    thread 'all_owner_failure_rolls_back_and_index_records_lifecycle' (1754895) panicked at tests/integration/snow_stage3_terminal_receiver_authority_contract.rs:156:9:
    docs/specifications/science-contracts/index.md missing non-versioned ADR-0044 amendments bind one canonical covered solver
    note: run with `RUST_BACKTRACE=1` environment variable to display a backtrace

        FAIL [   0.005s] ( 39/129) openwepp::solver_architecture_authority_contract repository_authoring_instructions_bind_solver_changes_to_the_standard
  stdout ───

    running 1 test
    test repository_authoring_instructions_bind_solver_changes_to_the_standard ... FAILED

    failures:

    failures:
        repository_authoring_instructions_bind_solver_changes_to_the_standard

    test result: FAILED. 0 passed; 1 failed; 0 ignored; 0 measured; 4 filtered out; finished in 0.00s

  stderr ───

    thread 'repository_authoring_instructions_bind_solver_changes_to_the_standard' (1754930) panicked at tests/integration/solver_architecture_authority_contract.rs:87:9:
    AGENTS.md missing: Production numerical solvers must not accrete
    note: run with `RUST_BACKTRACE=1` environment variable to display a backtrace

        FAIL [   0.011s] ( 40/129) openwepp::solver_architecture_authority_contract stage3_chain_is_quarantined_for_replacement_not_accepted_as_architecture
  stdout ───

    running 1 test
    test stage3_chain_is_quarantined_for_replacement_not_accepted_as_architecture ... FAILED

    failures:

    failures:
        stage3_chain_is_quarantined_for_replacement_not_accepted_as_architecture

    test result: FAILED. 0 passed; 1 failed; 0 ignored; 0 measured; 4 filtered out; finished in 0.01s

  stderr ───

    thread 'stage3_chain_is_quarantined_for_replacement_not_accepted_as_architecture' (1754933) panicked at tests/integration/solver_architecture_authority_contract.rs:111:5:
    assertion failed: roadmap.contains("0044-prohibit-accretive-production-solver-dispatch.md")
    note: run with `RUST_BACKTRACE=1` environment variable to display a backtrace

        FAIL [   0.008s] ( 42/129) openwepp::stage3_native_vegetation_laned_throughput_recovery canonical_covered_pending_adjudication_is_contract_bound
  stdout ───

    running 1 test
    test canonical_covered_pending_adjudication_is_contract_bound ... FAILED

    failures:

    failures:
        canonical_covered_pending_adjudication_is_contract_bound

    test result: FAILED. 0 passed; 1 failed; 0 ignored; 0 measured; 22 filtered out; finished in 0.00s

  stderr ───

    thread 'canonical_covered_pending_adjudication_is_contract_bound' (1754937) panicked at tests/integration/stage3_native_vegetation_laned_throughput_recovery.rs:1383:13:
    docs/specifications/science-contracts/contracts/SC-SNOWENERGY-001.md missing contract_version: 60
    note: run with `RUST_BACKTRACE=1` environment variable to display a backtrace

        FAIL [   0.008s] ( 44/129) openwepp::stage3_native_vegetation_laned_throughput_recovery coupled_slab_acceptance_consumes_one_private_revision_proof
  stdout ───

    running 1 test
    test coupled_slab_acceptance_consumes_one_private_revision_proof ... FAILED

    failures:

    failures:
        coupled_slab_acceptance_consumes_one_private_revision_proof

    test result: FAILED. 0 passed; 1 failed; 0 ignored; 0 measured; 22 filtered out; finished in 0.00s

  stderr ───

    thread 'coupled_slab_acceptance_consumes_one_private_revision_proof' (1754941) panicked at tests/integration/stage3_native_vegetation_laned_throughput_recovery.rs:192:5:
    assertion failed: contract.contains("contract_version: 16")
    note: run with `RUST_BACKTRACE=1` environment variable to display a backtrace

        FAIL [   0.007s] ( 49/129) openwepp::stage3_native_vegetation_laned_throughput_recovery native_inactive_wb14_prefix_transition_is_contract_bound_and_production_reachable
  stdout ───

    running 1 test
    test native_inactive_wb14_prefix_transition_is_contract_bound_and_production_reachable ... FAILED

    failures:

    failures:
        native_inactive_wb14_prefix_transition_is_contract_bound_and_production_reachable

    test result: FAILED. 0 passed; 1 failed; 0 ignored; 0 measured; 22 filtered out; finished in 0.00s

  stderr ───

    thread 'native_inactive_wb14_prefix_transition_is_contract_bound_and_production_reachable' (1754951) panicked at tests/integration/stage3_native_vegetation_laned_throughput_recovery.rs:1314:13:
    docs/specifications/science-contracts/contracts/SC-COUPLEDTIME-001.md missing contract_version: 16
    note: run with `RUST_BACKTRACE=1` environment variable to display a backtrace

        FAIL [   0.005s] ( 53/129) openwepp::stage3_native_vegetation_laned_throughput_recovery snow_free_final_receipt_reseal_is_contract_bound_and_production_reachable
  stdout ───

    running 1 test
    test snow_free_final_receipt_reseal_is_contract_bound_and_production_reachable ... FAILED

    failures:

    failures:
        snow_free_final_receipt_reseal_is_contract_bound_and_production_reachable

    test result: FAILED. 0 passed; 1 failed; 0 ignored; 0 measured; 22 filtered out; finished in 0.00s

  stderr ───

    thread 'snow_free_final_receipt_reseal_is_contract_bound_and_production_reachable' (1754958) panicked at tests/integration/stage3_native_vegetation_laned_throughput_recovery.rs:1271:9:
    docs/specifications/science-contracts/contracts/SC-COUPLEDTIME-001.md missing contract_version: 16
    note: run with `RUST_BACKTRACE=1` environment variable to display a backtrace

        FAIL [   0.008s] ( 71/129) openwepp::surface_liquid_hydrology_custody_authority_contract contract_binds_existing_lse_identity_and_restart_bytes
  stdout ───

    running 1 test
    test contract_binds_existing_lse_identity_and_restart_bytes ... FAILED

    failures:

    failures:
        contract_binds_existing_lse_identity_and_restart_bytes

    test result: FAILED. 0 passed; 1 failed; 0 ignored; 0 measured; 21 filtered out; finished in 0.00s

  stderr ───

    thread 'contract_binds_existing_lse_identity_and_restart_bytes' (1754989) panicked at tests/integration/surface_liquid_hydrology_custody_authority_contract.rs:194:9:
    docs/specifications/science-contracts/contracts/SC-SURFACELIQUID-001.md missing contract_version: 25
    note: run with `RUST_BACKTRACE=1` environment variable to display a backtrace

        FAIL [   0.012s] ( 80/129) openwepp::surface_liquid_hydrology_custody_authority_contract version_9_binds_multi_lane_stage3_parent_release
  stdout ───

    running 1 test
    test version_9_binds_multi_lane_stage3_parent_release ... FAILED

    failures:

    failures:
        version_9_binds_multi_lane_stage3_parent_release

    test result: FAILED. 0 passed; 1 failed; 0 ignored; 0 measured; 21 filtered out; finished in 0.01s

  stderr ───

    thread 'version_9_binds_multi_lane_stage3_parent_release' (1755014) panicked at tests/integration/surface_liquid_hydrology_custody_authority_contract.rs:593:5:
    assertion failed: registry_row.contains("v25 admits the complete all-local SurfaceLiquid routing posture")
    note: run with `RUST_BACKTRACE=1` environment variable to display a backtrace

        FAIL [   0.010s] ( 83/129) openwepp::surface_liquid_hydrology_custody_authority_contract version_twenty_four_binds_private_validated_handoffs_without_moving_trust_boundaries
  stdout ───

    running 1 test
    test version_twenty_four_binds_private_validated_handoffs_without_moving_trust_boundaries ... FAILED

    failures:

    failures:
        version_twenty_four_binds_private_validated_handoffs_without_moving_trust_boundaries

    test result: FAILED. 0 passed; 1 failed; 0 ignored; 0 measured; 21 filtered out; finished in 0.00s

  stderr ───

    thread 'version_twenty_four_binds_private_validated_handoffs_without_moving_trust_boundaries' (1755020) panicked at tests/integration/surface_liquid_hydrology_custody_authority_contract.rs:235:5:
    assertion failed: index.contains("v24 admits private immutable revision-bound surface-resource validation handoffs")
    note: run with `RUST_BACKTRACE=1` environment variable to display a backtrace

        FAIL [   0.012s] ( 84/129) openwepp::surface_liquid_hydrology_custody_authority_contract version_twenty_five_binds_laned_active_local_surface_routing
  stdout ───

    running 1 test
    test version_twenty_five_binds_laned_active_local_surface_routing ... FAILED

    failures:

    failures:
        version_twenty_five_binds_laned_active_local_surface_routing

    test result: FAILED. 0 passed; 1 failed; 0 ignored; 0 measured; 21 filtered out; finished in 0.01s

  stderr ───

    thread 'version_twenty_five_binds_laned_active_local_surface_routing' (1755021) panicked at tests/integration/surface_liquid_hydrology_custody_authority_contract.rs:256:5:
    assertion failed: read("docs/specifications/science-contracts/index.md").contains("v25 admits the complete all-local SurfaceLiquid routing posture")
    note: run with `RUST_BACKTRACE=1` environment variable to display a backtrace

        FAIL [   1.590s] (113/129) openwepp::land_surface_energy_balance_authority_contract version_thirty_binds_parent_static_and_same_map_validation_once_to_existing_invariant
  stdout ───

    running 1 test
    test version_thirty_binds_parent_static_and_same_map_validation_once_to_existing_invariant ... FAILED

    failures:

    failures:
        version_thirty_binds_parent_static_and_same_map_validation_once_to_existing_invariant

    test result: FAILED. 0 passed; 1 failed; 0 ignored; 0 measured; 25 filtered out; finished in 1.58s

  stderr ───

    thread 'version_thirty_binds_parent_static_and_same_map_validation_once_to_existing_invariant' (1754856) panicked at tests/integration/land_surface_energy_balance_authority_contract.rs:756:5:
    assertion `left == right` failed: v31 must register INV-164 once in the authority table and once in the producer guard map
      left: 3
     right: 2
    note: run with `RUST_BACKTRACE=1` environment variable to display a backtrace

        FAIL [   0.082s] (116/129) openwepp::vegetation_boundary_authority_contract v9_runtime_equivalence_verifier_rejects_every_required_poison
  stdout ───

    running 1 test
    test v9_runtime_equivalence_verifier_rejects_every_required_poison ... FAILED

    failures:

    failures:
        v9_runtime_equivalence_verifier_rejects_every_required_poison

    test result: FAILED. 0 passed; 1 failed; 0 ignored; 0 measured; 28 filtered out; finished in 0.08s

  stderr ───

    thread 'v9_runtime_equivalence_verifier_rejects_every_required_poison' (1755151) panicked at tests/integration/vegetation_boundary_authority_contract.rs:2809:5:
    V9 equivalence poisons failed: VEG-E-133: runtime mismatch is not libcrypto-only: libcrypto.so.3,libz.so.1

    note: run with `RUST_BACKTRACE=1` environment variable to display a backtrace

        FAIL [   0.411s] (117/129) openwepp::surface_liquid_hydrology_custody_authority_contract version_15_binds_exact_soil_energy_credit_custody_before_production
  stdout ───

    running 1 test
    test version_15_binds_exact_soil_energy_credit_custody_before_production ... FAILED

    failures:

    failures:
        version_15_binds_exact_soil_energy_credit_custody_before_production

    test result: FAILED. 0 passed; 1 failed; 0 ignored; 0 measured; 21 filtered out; finished in 0.41s

  stderr ───

    thread 'version_15_binds_exact_soil_energy_credit_custody_before_production' (1755006) panicked at tests/integration/surface_liquid_hydrology_custody_authority_contract.rs:462:5:
    assertion failed: registry.contains("v23 binds V16 exact-owner records and operands to authenticated configuration-topology rank")
    note: run with `RUST_BACKTRACE=1` environment variable to display a backtrace

        FAIL [   0.112s] (118/129) openwepp::vegetation_boundary_authority_contract v9_oracle_successor_is_exactly_bound_and_v8_is_immutable
  stdout ───

    running 1 test
    test v9_oracle_successor_is_exactly_bound_and_v8_is_immutable ... FAILED

    failures:

    failures:
        v9_oracle_successor_is_exactly_bound_and_v8_is_immutable

    test result: FAILED. 0 passed; 1 failed; 0 ignored; 0 measured; 28 filtered out; finished in 0.11s

  stderr ───

    thread 'v9_oracle_successor_is_exactly_bound_and_v8_is_immutable' (1755143) panicked at tests/integration/vegetation_boundary_authority_contract.rs:2778:5:
    V9 oracle failed: VEG-E-133: runtime mismatch is not libcrypto-only: libcrypto.so.3,libz.so.1

    note: run with `RUST_BACKTRACE=1` environment variable to display a backtrace

        FAIL [   0.427s] (119/129) openwepp::vegetation_boundary_authority_contract adjacent_contracts_retain_current_owners_until_real_consumer_cutover
  stdout ───

    running 1 test
    test adjacent_contracts_retain_current_owners_until_real_consumer_cutover ... FAILED

    failures:

    failures:
        adjacent_contracts_retain_current_owners_until_real_consumer_cutover

    test result: FAILED. 0 passed; 1 failed; 0 ignored; 0 measured; 28 filtered out; finished in 0.42s

  stderr ───

    thread 'adjacent_contracts_retain_current_owners_until_real_consumer_cutover' (1755029) panicked at tests/integration/vegetation_boundary_authority_contract.rs:548:9:
    docs/specifications/science-contracts/contracts/SC-LANDSURFACEENERGY-001.md invariant table missing INV-LANDSURFACEENERGY-042
    note: run with `RUST_BACKTRACE=1` environment variable to display a backtrace

        FAIL [   0.431s] (120/129) openwepp::surface_liquid_hydrology_custody_authority_contract version_twenty_three_binds_exact_owner_order_to_surface_topology
  stdout ───

    running 1 test
    test version_twenty_three_binds_exact_owner_order_to_surface_topology ... FAILED

    failures:

    failures:
        version_twenty_three_binds_exact_owner_order_to_surface_topology

    test result: FAILED. 0 passed; 1 failed; 0 ignored; 0 measured; 21 filtered out; finished in 0.43s

  stderr ───

    thread 'version_twenty_three_binds_exact_owner_order_to_surface_topology' (1755026) panicked at tests/integration/surface_liquid_hydrology_custody_authority_contract.rs:282:5:
    assertion failed: read("docs/specifications/science-contracts/index.md").contains("v23 binds V16 exact-owner records and operands to authenticated configuration-topology rank")
    note: run with `RUST_BACKTRACE=1` environment variable to display a backtrace

        FAIL [   0.543s] (122/129) openwepp::surface_liquid_hydrology_custody_authority_contract version_16_binds_exact_surface_enthalpy_custody_before_production
  stdout ───

    running 1 test
    test version_16_binds_exact_surface_enthalpy_custody_before_production ... FAILED

    failures:

    failures:
        version_16_binds_exact_surface_enthalpy_custody_before_production

    test result: FAILED. 0 passed; 1 failed; 0 ignored; 0 measured; 21 filtered out; finished in 0.54s

  stderr ───

    thread 'version_16_binds_exact_surface_enthalpy_custody_before_production' (1755012) panicked at tests/integration/surface_liquid_hydrology_custody_authority_contract.rs:516:5:
    assertion failed: registry.contains("v23 binds V16 exact-owner records and operands to authenticated configuration-topology rank")
    note: run with `RUST_BACKTRACE=1` environment variable to display a backtrace

────────────
     Summary [  13.022s] 129 tests run: 109 passed, 20 failed, 0 skipped
        FAIL [   0.021s] (  3/129) openwepp::land_surface_energy_balance_authority_contract revision_31_component_temperature_dependency_replay_structural_seam_is_expected_red
  stdout ───

    running 1 test
    test revision_31_component_temperature_dependency_replay_structural_seam_is_expected_red ... FAILED

    failures:

    failures:
        revision_31_component_temperature_dependency_replay_structural_seam_is_expected_red

    test result: FAILED. 0 passed; 1 failed; 0 ignored; 0 measured; 25 filtered out; finished in 0.02s

  stderr ───

    thread 'revision_31_component_temperature_dependency_replay_structural_seam_is_expected_red' (1754789) panicked at tests/integration/land_surface_energy_balance_authority_contract.rs:902:5:
    revision 31 expected-red: production dependency-replay seam is absent: ["struct CoveredComponentTemperatureDependencyGraph", "struct ValidatedCoveredComponentReplaySweepBase", "struct ValidatedCoveredComponentProbeReplay", "struct CoveredComponentDependencyReplayAudit", "fn covered_component_temperature_probe_residuals", "fn begin_covered_component_dependency_replay_audit", "fn take_covered_component_dependency_replay_audit"]
    note: run with `RUST_BACKTRACE=1` environment variable to display a backtrace

        FAIL [   0.012s] ( 23/129) openwepp::snow_stage3_shared_carrier_authority_contract current_snow_energy_preserves_v22_physical_custody_and_v17_precipitation
  stdout ───

    running 1 test
    test current_snow_energy_preserves_v22_physical_custody_and_v17_precipitation ... FAILED

    failures:

    failures:
        current_snow_energy_preserves_v22_physical_custody_and_v17_precipitation

    test result: FAILED. 0 passed; 1 failed; 0 ignored; 0 measured; 5 filtered out; finished in 0.01s

  stderr ───

    thread 'current_snow_energy_preserves_v22_physical_custody_and_v17_precipitation' (1754883) panicked at tests/integration/snow_stage3_shared_carrier_authority_contract.rs:203:9:
    missing in-review v17 precipitation authority: contract_version: 58
    note: run with `RUST_BACKTRACE=1` environment variable to display a backtrace

        FAIL [   0.023s] ( 28/129) openwepp::snow_stage3_terminal_receiver_authority_contract all_owner_failure_rolls_back_and_index_records_lifecycle
  stdout ───

    running 1 test
    test all_owner_failure_rolls_back_and_index_records_lifecycle ... FAILED

    failures:

    failures:
        all_owner_failure_rolls_back_and_index_records_lifecycle

    test result: FAILED. 0 passed; 1 failed; 0 ignored; 0 measured; 8 filtered out; finished in 0.02s

  stderr ───

    thread 'all_owner_failure_rolls_back_and_index_records_lifecycle' (1754895) panicked at tests/integration/snow_stage3_terminal_receiver_authority_contract.rs:156:9:
    docs/specifications/science-contracts/index.md missing non-versioned ADR-0044 amendments bind one canonical covered solver
    note: run with `RUST_BACKTRACE=1` environment variable to display a backtrace

        FAIL [   0.005s] ( 39/129) openwepp::solver_architecture_authority_contract repository_authoring_instructions_bind_solver_changes_to_the_standard
  stdout ───

    running 1 test
    test repository_authoring_instructions_bind_solver_changes_to_the_standard ... FAILED

    failures:

    failures:
        repository_authoring_instructions_bind_solver_changes_to_the_standard

    test result: FAILED. 0 passed; 1 failed; 0 ignored; 0 measured; 4 filtered out; finished in 0.00s

  stderr ───

    thread 'repository_authoring_instructions_bind_solver_changes_to_the_standard' (1754930) panicked at tests/integration/solver_architecture_authority_contract.rs:87:9:
    AGENTS.md missing: Production numerical solvers must not accrete
    note: run with `RUST_BACKTRACE=1` environment variable to display a backtrace

        FAIL [   0.011s] ( 40/129) openwepp::solver_architecture_authority_contract stage3_chain_is_quarantined_for_replacement_not_accepted_as_architecture
  stdout ───

    running 1 test
    test stage3_chain_is_quarantined_for_replacement_not_accepted_as_architecture ... FAILED

    failures:

    failures:
        stage3_chain_is_quarantined_for_replacement_not_accepted_as_architecture

    test result: FAILED. 0 passed; 1 failed; 0 ignored; 0 measured; 4 filtered out; finished in 0.01s

  stderr ───

    thread 'stage3_chain_is_quarantined_for_replacement_not_accepted_as_architecture' (1754933) panicked at tests/integration/solver_architecture_authority_contract.rs:111:5:
    assertion failed: roadmap.contains("0044-prohibit-accretive-production-solver-dispatch.md")
    note: run with `RUST_BACKTRACE=1` environment variable to display a backtrace

        FAIL [   0.008s] ( 42/129) openwepp::stage3_native_vegetation_laned_throughput_recovery canonical_covered_pending_adjudication_is_contract_bound
  stdout ───

    running 1 test
    test canonical_covered_pending_adjudication_is_contract_bound ... FAILED

    failures:

    failures:
        canonical_covered_pending_adjudication_is_contract_bound

    test result: FAILED. 0 passed; 1 failed; 0 ignored; 0 measured; 22 filtered out; finished in 0.00s

  stderr ───

    thread 'canonical_covered_pending_adjudication_is_contract_bound' (1754937) panicked at tests/integration/stage3_native_vegetation_laned_throughput_recovery.rs:1383:13:
    docs/specifications/science-contracts/contracts/SC-SNOWENERGY-001.md missing contract_version: 60
    note: run with `RUST_BACKTRACE=1` environment variable to display a backtrace

        FAIL [   0.008s] ( 44/129) openwepp::stage3_native_vegetation_laned_throughput_recovery coupled_slab_acceptance_consumes_one_private_revision_proof
  stdout ───

    running 1 test
    test coupled_slab_acceptance_consumes_one_private_revision_proof ... FAILED

    failures:

    failures:
        coupled_slab_acceptance_consumes_one_private_revision_proof

    test result: FAILED. 0 passed; 1 failed; 0 ignored; 0 measured; 22 filtered out; finished in 0.00s

  stderr ───

    thread 'coupled_slab_acceptance_consumes_one_private_revision_proof' (1754941) panicked at tests/integration/stage3_native_vegetation_laned_throughput_recovery.rs:192:5:
    assertion failed: contract.contains("contract_version: 16")
    note: run with `RUST_BACKTRACE=1` environment variable to display a backtrace

        FAIL [   0.007s] ( 49/129) openwepp::stage3_native_vegetation_laned_throughput_recovery native_inactive_wb14_prefix_transition_is_contract_bound_and_production_reachable
  stdout ───

    running 1 test
    test native_inactive_wb14_prefix_transition_is_contract_bound_and_production_reachable ... FAILED

    failures:

    failures:
        native_inactive_wb14_prefix_transition_is_contract_bound_and_production_reachable

    test result: FAILED. 0 passed; 1 failed; 0 ignored; 0 measured; 22 filtered out; finished in 0.00s

  stderr ───

    thread 'native_inactive_wb14_prefix_transition_is_contract_bound_and_production_reachable' (1754951) panicked at tests/integration/stage3_native_vegetation_laned_throughput_recovery.rs:1314:13:
    docs/specifications/science-contracts/contracts/SC-COUPLEDTIME-001.md missing contract_version: 16
    note: run with `RUST_BACKTRACE=1` environment variable to display a backtrace

        FAIL [   0.005s] ( 53/129) openwepp::stage3_native_vegetation_laned_throughput_recovery snow_free_final_receipt_reseal_is_contract_bound_and_production_reachable
  stdout ───

    running 1 test
    test snow_free_final_receipt_reseal_is_contract_bound_and_production_reachable ... FAILED

    failures:

    failures:
        snow_free_final_receipt_reseal_is_contract_bound_and_production_reachable

    test result: FAILED. 0 passed; 1 failed; 0 ignored; 0 measured; 22 filtered out; finished in 0.00s

  stderr ───

    thread 'snow_free_final_receipt_reseal_is_contract_bound_and_production_reachable' (1754958) panicked at tests/integration/stage3_native_vegetation_laned_throughput_recovery.rs:1271:9:
    docs/specifications/science-contracts/contracts/SC-COUPLEDTIME-001.md missing contract_version: 16
    note: run with `RUST_BACKTRACE=1` environment variable to display a backtrace

        FAIL [   0.008s] ( 71/129) openwepp::surface_liquid_hydrology_custody_authority_contract contract_binds_existing_lse_identity_and_restart_bytes
  stdout ───

    running 1 test
    test contract_binds_existing_lse_identity_and_restart_bytes ... FAILED

    failures:

    failures:
        contract_binds_existing_lse_identity_and_restart_bytes

    test result: FAILED. 0 passed; 1 failed; 0 ignored; 0 measured; 21 filtered out; finished in 0.00s

  stderr ───

    thread 'contract_binds_existing_lse_identity_and_restart_bytes' (1754989) panicked at tests/integration/surface_liquid_hydrology_custody_authority_contract.rs:194:9:
    docs/specifications/science-contracts/contracts/SC-SURFACELIQUID-001.md missing contract_version: 25
    note: run with `RUST_BACKTRACE=1` environment variable to display a backtrace

        FAIL [   0.012s] ( 80/129) openwepp::surface_liquid_hydrology_custody_authority_contract version_9_binds_multi_lane_stage3_parent_release
  stdout ───

    running 1 test
    test version_9_binds_multi_lane_stage3_parent_release ... FAILED

    failures:

    failures:
        version_9_binds_multi_lane_stage3_parent_release

    test result: FAILED. 0 passed; 1 failed; 0 ignored; 0 measured; 21 filtered out; finished in 0.01s

  stderr ───

    thread 'version_9_binds_multi_lane_stage3_parent_release' (1755014) panicked at tests/integration/surface_liquid_hydrology_custody_authority_contract.rs:593:5:
    assertion failed: registry_row.contains("v25 admits the complete all-local SurfaceLiquid routing posture")
    note: run with `RUST_BACKTRACE=1` environment variable to display a backtrace

        FAIL [   0.010s] ( 83/129) openwepp::surface_liquid_hydrology_custody_authority_contract version_twenty_four_binds_private_validated_handoffs_without_moving_trust_boundaries
  stdout ───

    running 1 test
    test version_twenty_four_binds_private_validated_handoffs_without_moving_trust_boundaries ... FAILED

    failures:

    failures:
        version_twenty_four_binds_private_validated_handoffs_without_moving_trust_boundaries

    test result: FAILED. 0 passed; 1 failed; 0 ignored; 0 measured; 21 filtered out; finished in 0.00s

  stderr ───

    thread 'version_twenty_four_binds_private_validated_handoffs_without_moving_trust_boundaries' (1755020) panicked at tests/integration/surface_liquid_hydrology_custody_authority_contract.rs:235:5:
    assertion failed: index.contains("v24 admits private immutable revision-bound surface-resource validation handoffs")
    note: run with `RUST_BACKTRACE=1` environment variable to display a backtrace

        FAIL [   0.012s] ( 84/129) openwepp::surface_liquid_hydrology_custody_authority_contract version_twenty_five_binds_laned_active_local_surface_routing
  stdout ───

    running 1 test
    test version_twenty_five_binds_laned_active_local_surface_routing ... FAILED

    failures:

    failures:
        version_twenty_five_binds_laned_active_local_surface_routing

    test result: FAILED. 0 passed; 1 failed; 0 ignored; 0 measured; 21 filtered out; finished in 0.01s

  stderr ───

    thread 'version_twenty_five_binds_laned_active_local_surface_routing' (1755021) panicked at tests/integration/surface_liquid_hydrology_custody_authority_contract.rs:256:5:
    assertion failed: read("docs/specifications/science-contracts/index.md").contains("v25 admits the complete all-local SurfaceLiquid routing posture")
    note: run with `RUST_BACKTRACE=1` environment variable to display a backtrace

        FAIL [   1.590s] (113/129) openwepp::land_surface_energy_balance_authority_contract version_thirty_binds_parent_static_and_same_map_validation_once_to_existing_invariant
  stdout ───

    running 1 test
    test version_thirty_binds_parent_static_and_same_map_validation_once_to_existing_invariant ... FAILED

    failures:

    failures:
        version_thirty_binds_parent_static_and_same_map_validation_once_to_existing_invariant

    test result: FAILED. 0 passed; 1 failed; 0 ignored; 0 measured; 25 filtered out; finished in 1.58s

  stderr ───

    thread 'version_thirty_binds_parent_static_and_same_map_validation_once_to_existing_invariant' (1754856) panicked at tests/integration/land_surface_energy_balance_authority_contract.rs:756:5:
    assertion `left == right` failed: v31 must register INV-164 once in the authority table and once in the producer guard map
      left: 3
     right: 2
    note: run with `RUST_BACKTRACE=1` environment variable to display a backtrace

        FAIL [   0.082s] (116/129) openwepp::vegetation_boundary_authority_contract v9_runtime_equivalence_verifier_rejects_every_required_poison
  stdout ───

    running 1 test
    test v9_runtime_equivalence_verifier_rejects_every_required_poison ... FAILED

    failures:

    failures:
        v9_runtime_equivalence_verifier_rejects_every_required_poison

    test result: FAILED. 0 passed; 1 failed; 0 ignored; 0 measured; 28 filtered out; finished in 0.08s

  stderr ───

    thread 'v9_runtime_equivalence_verifier_rejects_every_required_poison' (1755151) panicked at tests/integration/vegetation_boundary_authority_contract.rs:2809:5:
    V9 equivalence poisons failed: VEG-E-133: runtime mismatch is not libcrypto-only: libcrypto.so.3,libz.so.1

    note: run with `RUST_BACKTRACE=1` environment variable to display a backtrace

        FAIL [   0.411s] (117/129) openwepp::surface_liquid_hydrology_custody_authority_contract version_15_binds_exact_soil_energy_credit_custody_before_production
  stdout ───

    running 1 test
    test version_15_binds_exact_soil_energy_credit_custody_before_production ... FAILED

    failures:

    failures:
        version_15_binds_exact_soil_energy_credit_custody_before_production

    test result: FAILED. 0 passed; 1 failed; 0 ignored; 0 measured; 21 filtered out; finished in 0.41s

  stderr ───

    thread 'version_15_binds_exact_soil_energy_credit_custody_before_production' (1755006) panicked at tests/integration/surface_liquid_hydrology_custody_authority_contract.rs:462:5:
    assertion failed: registry.contains("v23 binds V16 exact-owner records and operands to authenticated configuration-topology rank")
    note: run with `RUST_BACKTRACE=1` environment variable to display a backtrace

        FAIL [   0.112s] (118/129) openwepp::vegetation_boundary_authority_contract v9_oracle_successor_is_exactly_bound_and_v8_is_immutable
  stdout ───

    running 1 test
    test v9_oracle_successor_is_exactly_bound_and_v8_is_immutable ... FAILED

    failures:

    failures:
        v9_oracle_successor_is_exactly_bound_and_v8_is_immutable

    test result: FAILED. 0 passed; 1 failed; 0 ignored; 0 measured; 28 filtered out; finished in 0.11s

  stderr ───

    thread 'v9_oracle_successor_is_exactly_bound_and_v8_is_immutable' (1755143) panicked at tests/integration/vegetation_boundary_authority_contract.rs:2778:5:
    V9 oracle failed: VEG-E-133: runtime mismatch is not libcrypto-only: libcrypto.so.3,libz.so.1

    note: run with `RUST_BACKTRACE=1` environment variable to display a backtrace

        FAIL [   0.427s] (119/129) openwepp::vegetation_boundary_authority_contract adjacent_contracts_retain_current_owners_until_real_consumer_cutover
  stdout ───

    running 1 test
    test adjacent_contracts_retain_current_owners_until_real_consumer_cutover ... FAILED

    failures:

    failures:
        adjacent_contracts_retain_current_owners_until_real_consumer_cutover

    test result: FAILED. 0 passed; 1 failed; 0 ignored; 0 measured; 28 filtered out; finished in 0.42s

  stderr ───

    thread 'adjacent_contracts_retain_current_owners_until_real_consumer_cutover' (1755029) panicked at tests/integration/vegetation_boundary_authority_contract.rs:548:9:
    docs/specifications/science-contracts/contracts/SC-LANDSURFACEENERGY-001.md invariant table missing INV-LANDSURFACEENERGY-042
    note: run with `RUST_BACKTRACE=1` environment variable to display a backtrace

        FAIL [   0.431s] (120/129) openwepp::surface_liquid_hydrology_custody_authority_contract version_twenty_three_binds_exact_owner_order_to_surface_topology
  stdout ───

    running 1 test
    test version_twenty_three_binds_exact_owner_order_to_surface_topology ... FAILED

    failures:

    failures:
        version_twenty_three_binds_exact_owner_order_to_surface_topology

    test result: FAILED. 0 passed; 1 failed; 0 ignored; 0 measured; 21 filtered out; finished in 0.43s

  stderr ───

    thread 'version_twenty_three_binds_exact_owner_order_to_surface_topology' (1755026) panicked at tests/integration/surface_liquid_hydrology_custody_authority_contract.rs:282:5:
    assertion failed: read("docs/specifications/science-contracts/index.md").contains("v23 binds V16 exact-owner records and operands to authenticated configuration-topology rank")
    note: run with `RUST_BACKTRACE=1` environment variable to display a backtrace

        FAIL [   0.543s] (122/129) openwepp::surface_liquid_hydrology_custody_authority_contract version_16_binds_exact_surface_enthalpy_custody_before_production
  stdout ───

    running 1 test
    test version_16_binds_exact_surface_enthalpy_custody_before_production ... FAILED

    failures:

    failures:
        version_16_binds_exact_surface_enthalpy_custody_before_production

    test result: FAILED. 0 passed; 1 failed; 0 ignored; 0 measured; 21 filtered out; finished in 0.54s

  stderr ───

    thread 'version_16_binds_exact_surface_enthalpy_custody_before_production' (1755012) panicked at tests/integration/surface_liquid_hydrology_custody_authority_contract.rs:516:5:
    assertion failed: registry.contains("v23 binds V16 exact-owner records and operands to authenticated configuration-topology rank")
    note: run with `RUST_BACKTRACE=1` environment variable to display a backtrace

error: test run failed
