snotel_mica_creek_st_joe_id/B: PASS
snotel_mica_creek_st_joe_id/L: PASS
snotel_mica_creek_st_joe_id/LS: PASS
snotel_mica_creek_st_joe_id/S: PASS
snotel_paradise_wa/B: PASS
snotel_paradise_wa/L: PASS
snotel_paradise_wa/S: PASS
snotel_paradise_wa/LS: PASS
snotel_css_lab_ca/B: PASS
snotel_css_lab_ca/L: PASS
snotel_css_lab_ca/LS: PASS
snotel_css_lab_ca/S: PASS
snotel_snowbird_ut/B: PASS
snotel_snowbird_ut/L: PASS
snotel_snowbird_ut/S: PASS
snotel_snowbird_ut/LS: PASS
snotel_niwot_co/B: PASS
snotel_niwot_co/L: PASS
snotel_niwot_co/S: PASS
snotel_niwot_co/LS: PASS
harvard_hardwood/B: PASS
harvard_hardwood/L: PASS
harvard_hardwood/S: PASS
harvard_hardwood/LS: PASS
marcell_conifer/B: PASS
marcell_conifer/L: PASS
marcell_conifer/S: PASS
marcell_conifer/LS: PASS
marcell_deciduous/B: PASS
marcell_deciduous/L: PASS
marcell_deciduous/S: PASS
marcell_deciduous/LS: PASS
marcell_open/B: PASS
marcell_open/L: PASS
marcell_open/S: PASS
marcell_open/LS: PASS
{"cells": 36, "max_closure_kg_m3": 3.410605131648481e-13, "status": "PASS"}
