    Blocking waiting for file lock on package cache
    Blocking waiting for file lock on package cache
    Blocking waiting for file lock on package cache
    Blocking waiting for file lock on package cache
   Compiling openwepp-runner v0.1.0 (/home/workdir/openWEPP/crates/openwepp-runner)
   Compiling openwepp v0.1.0 (/home/workdir/openWEPP)
    Finished `test` profile [unoptimized + debuginfo] target(s) in 3.21s
     Running tests/integration/sim_contract_boundary_unit_registry.rs (target/debug/deps/sim_contract_boundary_unit_registry-6a4d19860080da9e)

running 21 tests
test cqr16_boundary_registry_authority_field_display_messages_are_stable ... ok
test cqr16_boundary_registry_conflict_display_messages_are_stable ... ok
test cqr16_boundary_registry_required_field_display_messages_are_stable ... ok
test cqr16_boundary_registry_shape_and_lookup_display_messages_are_stable ... ok
test cqr16_output_registry_authority_display_messages_are_stable ... ok
test cqr16_output_registry_display_messages_are_stable ... ok
test registry_rejects_bad_templates_and_ambiguous_template_matches ... ok
test registry_rejects_duplicate_and_ambiguous_aliases ... ok
test registry_rejects_missing_dimensional_units_and_missing_scalar_exception_reasons ... ok
test registry_rejects_duplicate_publication_aliases ... ok
test canonical_registry_keeps_prcp_meters_distinct_from_p_publication_mm ... ok
test canonical_registry_contains_hydrology_et_percolation_publication_units ... ok
test hphys0290_registry_declares_post_winter_rain_flux_metadata ... ok
test canonical_registry_gate_rejects_missing_required_aliases ... ok
test wshed01_totalwatsed3_runoff_unit_lineage_is_pass_volume_publication ... ok
test canonical_registry_resolves_climate_soil_and_snow_runtime_aliases ... ok
test hphys0275_registry_marks_only_migrated_aliases_typed_required ... ok
test hphys0278_output_registry_rejects_stale_boundary_units_and_unexplained_publication_units ... ok
test registry_units_cover_hillslope_wat_schema_metadata ... ok
test hphys0278_dynamic_row_level_output_units_are_registry_governed ... ok
test hphys0278_output_unit_registry_covers_output_schema_unit_metadata ... ok

test result: ok. 21 passed; 0 failed; 0 ignored; 0 measured; 0 filtered out; finished in 0.51s

    Checking openwepp-runner v0.1.0 (/home/workdir/openWEPP/crates/openwepp-runner)
    Checking openwepp v0.1.0 (/home/workdir/openWEPP)
    Finished `dev` profile [unoptimized + debuginfo] target(s) in 4.33s
