   Compiling openwepp-sim-contract v0.1.0 (/tmp/openwepp-eb04w2c-old.EnVkCx/crates/openwepp-sim-contract)
   Compiling openwepp-unit-boundary v0.1.0 (/tmp/openwepp-eb04w2c-old.EnVkCx/crates/openwepp-unit-boundary)
   Compiling openwepp-comparator-metadata v0.1.0 (/tmp/openwepp-eb04w2c-old.EnVkCx/crates/openwepp-comparator-metadata)
   Compiling openwepp-plant-phenology v0.1.0 (/tmp/openwepp-eb04w2c-old.EnVkCx/crates/openwepp-plant-phenology)
   Compiling openwepp-legacy-bridge v0.1.0 (/tmp/openwepp-eb04w2c-old.EnVkCx/crates/openwepp-legacy-bridge)
   Compiling openwepp-management-schema v0.1.0 (/tmp/openwepp-eb04w2c-old.EnVkCx/crates/openwepp-management-schema)
   Compiling openwepp-assurance v0.1.0 (/tmp/openwepp-eb04w2c-old.EnVkCx/crates/openwepp-assurance)
   Compiling openwepp-meteorology v0.1.0 (/tmp/openwepp-eb04w2c-old.EnVkCx/crates/openwepp-meteorology)
   Compiling openwepp-topology v0.1.0 (/tmp/openwepp-eb04w2c-old.EnVkCx/crates/openwepp-topology)
   Compiling openwepp-kernel-contract v0.1.0 (/tmp/openwepp-eb04w2c-old.EnVkCx/crates/openwepp-kernel-contract)
   Compiling openwepp-summary-accumulator v0.1.0 (/tmp/openwepp-eb04w2c-old.EnVkCx/crates/openwepp-summary-accumulator)
   Compiling openwepp-hillslope-output v0.1.0 (/tmp/openwepp-eb04w2c-old.EnVkCx/crates/openwepp-hillslope-output)
   Compiling openwepp-input-contract v0.1.0 (/tmp/openwepp-eb04w2c-old.EnVkCx/crates/openwepp-input-contract)
   Compiling openwepp-climate-runtime-adapter v0.1.0 (/tmp/openwepp-eb04w2c-old.EnVkCx/crates/openwepp-climate-runtime-adapter)
   Compiling openwepp-landuse-migrate v0.1.0 (/tmp/openwepp-eb04w2c-old.EnVkCx/crates/openwepp-landuse-migrate)
   Compiling openwepp-watershed-orchestrator v0.1.0 (/tmp/openwepp-eb04w2c-old.EnVkCx/crates/openwepp-watershed-orchestrator)
   Compiling openwepp-hillslope-orchestrator v0.1.0 (/tmp/openwepp-eb04w2c-old.EnVkCx/crates/openwepp-hillslope-orchestrator)
   Compiling openwepp-watershed-output v0.1.0 (/tmp/openwepp-eb04w2c-old.EnVkCx/crates/openwepp-watershed-output)
   Compiling openwepp-runner v0.1.0 (/tmp/openwepp-eb04w2c-old.EnVkCx/crates/openwepp-runner)
   Compiling openwepp v0.1.0 (/tmp/openwepp-eb04w2c-old.EnVkCx)
    Finished `test` profile [unoptimized + debuginfo] target(s) in 23.92s
────────────
 Nextest run ID 836b0893-39ce-407b-bfc2-3ad114225323 with nextest profile: default
    Starting 1 test across 1 binary
       START [         ] (1/1) openwepp::erod16_wave1_continuity_fixture_conservation erod16_wave1_continuity_conserves_on_mckenzie_clay_loam_storm_forcing

running 1 test
EB04W2C_REFUSAL,25, 1.57840350994908132e-2, 1.04562526458757463e-6, 1.50953076920119183e4, 1.29219794788765956e1, 2.64657019092674428e0, 2.42585799299360676e-5
EB04W2C_REFUSAL,46, 1.50181725040041351e-2, 8.80804352549978185e-7, 1.70505203119463258e4, 1.19576378472206937e1, 2.34753124117531797e0, 1.81319543328978186e-5
EB04W2C_REFUSAL,319, 1.63985508991518758e-2, 6.42989548580455179e-7, 2.55036041182246045e4, 1.03701338291545095e1, 1.88321945074457675e0, 1.06293382643065352e-5
EB04W2C_REFUSAL,321, 1.76998973659211363e-2, 8.58284083992276514e-7, 2.06224229203817013e4, 1.18183621223454942e1, 2.30538348653905301e0, 1.73522618884504425e-5
EB04W2C_REFUSAL,323, 1.22970657216730003e-2, 9.67029398078217495e-7, 1.27163308024668349e4, 1.24734841376613019e1, 2.50593897801477272e0, 2.12459090647303906e-5
EB04W2C_REFUSAL,328, 1.33765613881190720e-2, 9.39197928240031502e-7, 1.42425371542135836e4, 1.23098620719043179e1, 2.45530326408750721e0, 2.02186907225976945e-5
EB04W2C_REFUSAL,349, 1.26019676268563936e-2, 8.58443047915110671e-7, 1.46800275888570904e4, 1.18193522513559834e1, 2.30568217994743119e0, 1.73577161188428343e-5
EB04W2C_REFUSAL,351, 1.36024335108351022e-2, 8.51592451297017676e-7, 1.59729380998127908e4, 1.17765901919597304e1, 2.29279439507296789e0, 1.71233035764435533e-5
EB04W2C_REFUSAL,371, 1.96991372309755185e-2, 9.09410626404505596e-7, 2.16614328654362434e4, 1.21317477451758897e1, 2.40059380095359209e0, 1.91425569658601518e-5
EB04W2C_REFUSAL,376, 1.50941504020745999e-2, 4.32689253502017087e-7, 3.48845049418456038e4, 8.66584977163499559e0, 1.37935657806915746e0, 5.42719021643203972e-6
EB04W2C_REFUSAL,416, 1.03033793001901467e-2, 6.17664357444186423e-7, 1.66811945290548574e4, 1.01830978733874868e1, 1.83089297027877085e0, 9.92867393524467427e-6
EB04W2C_REFUSAL,708, 1.60729949606721115e-2, 6.19077611234054075e-7, 2.59628109125649025e4, 1.01936454026504695e1, 1.83383014395864019e0, 9.96725611787121426e-6
EB04W2C_REFUSAL,712, 1.36887091714727720e-2, 1.01384249377390925e-6, 1.35018104444588480e4, 1.27429373244373334e1, 2.59010829284129418e0, 2.30205718752648283e-5
EB04W2C_REFUSAL,715, 1.61831112020543039e-2, 3.48570950479120966e-7, 4.64270220447519896e4, 7.85609953606292422e0, 1.15811230407300680e0, 3.76055839548556587e-6
EB04W2C_REFUSAL,719, 1.77038117198929680e-2, 6.47121108750688385e-7, 2.73578028602271806e4, 1.04002593075035676e1, 1.89169548043784852e0, 1.07455015907930379e-5
EB04W2C_REFUSAL,735, 6.13974104883668742e-2, 9.20038548352646549e-7, 6.67335195881744003e4, 1.21956623024304704e1, 2.42017627650949763e0, 1.95237397212788148e-5
EB04W2C_REFUSAL,737, 2.58874308377988645e-2, 6.23831138141310447e-7, 4.14974970869999015e4, 1.02290253374890856e1, 1.84369436864273650e0, 1.00974792115773821e-5
EB04W2C_REFUSAL,1041, 1.14002555590655072e-2, 9.67152951065824134e-7, 1.17874381156591317e4, 1.24742046721485842e1, 2.50616275648152875e0, 2.12505157662268683e-5
EB04W2C_REFUSAL,1064, 3.33856787105169320e-2, 1.04228362157729355e-6, 3.20312801807191390e4, 1.29032976677258198e1, 2.64065894875524654e0, 2.41271642822179778e-5
EB04W2C_REFUSAL,1075, 1.43967960492557921e-2, 4.70703621613694328e-7, 3.05856921174726340e4, 9.00321373941808645e0, 1.47648158730089141e0, 6.26089991694370627e-6
EB04W2C_REFUSAL,1154, 2.09539205463710188e-2, 6.67357145352521383e-7, 3.13983609710246310e4, 1.05463021711856246e1, 1.93297316593449398e0, 1.13219242954565471e-5
EB04W2C_REFUSAL,1159, 1.23792674832788226e-2, 4.53063761388755346e-7, 2.73234554123976450e4, 8.84860676947020863e0, 1.43161283074027179e0, 5.86795214041993522e-6
EB04W2C_REFUSAL,1196, 1.00116283023163125e-2, 9.36490106194926373e-7, 1.06905863031428926e4, 1.22938006028768321e1, 2.45035221537799552e0, 2.01198670127591758e-5
EB04W2C_REFUSAL,1206, 1.14585726311223768e-2, 9.53910225720269403e-7, 1.20122128080452731e4, 1.23966846556214971e1, 2.48212714229589038e0, 2.07590952367659517e-5
EB04W2C_REFUSAL,1404, 1.39300894300715284e-2, 1.03814882896121378e-6, 1.34182007834177020e4, 1.28801358165474689e1, 2.63333655173438341e0, 2.39649627822517771e-5
EB04W2C_REFUSAL,1406, 1.29274997088309022e-2, 6.49781755456573098e-7, 1.98951410997178828e4, 1.04196034654342409e1, 1.89714508897428180e0, 1.08205828867446878e-5
EB04W2C_REFUSAL,1436, 2.71538415694110614e-2, 1.05031477917572213e-6, 2.58530510164973202e4, 1.29481411816341012e1, 2.65485594581217343e0, 2.44434969978073425e-5
EB04W2C_REFUSAL,1438, 1.09630961191734943e-2, 9.04619515340540330e-7, 1.21190135004399963e4, 1.21027999765338556e1, 2.39174289991700517e0, 1.89717288033883108e-5
EB04W2C_REFUSAL,1472, 2.48866523897828089e-2, 8.86540318896264764e-7, 2.80716532111776723e4, 1.19927967760869141e1, 2.35821309836752624e0, 1.83327884400896581e-5
EB04W2C_REFUSAL,1474, 1.18279586815503886e-2, 3.34710421478928366e-7, 3.53378858933886368e4, 7.71270067671612214e0, 1.12069926303579903e0, 3.51032945053346006e-6
EB04W2C_REFUSAL,1476, 2.47191773489502317e-2, 4.52042483006142866e-7, 5.46833058356913753e4, 8.83955500622519885e0, 1.42900466520807745e0, 5.84552304101529003e-6
EB04W2C_REFUSAL,1480, 1.49691765841355219e-2, 6.25357892796068152e-7, 2.39369755408476703e4, 1.02403572523927462e1, 1.84685769612543838e0, 1.01394519380030536e-5
EB04W2C_REFUSAL,1768, 1.24693732479393034e-2, 9.49384938966649737e-7, 1.31341595343944373e4, 1.23700585214826368e1, 2.47389018120494031e0, 2.05922514945627668e-5
EB04W2C_REFUSAL,1786, 1.04776188635996529e-2, 9.18192923959219398e-7, 1.14111300470716815e4, 1.21845923792546227e1, 2.41678064449863683e0, 1.94573228573086303e-5
EB04W2C_REFUSAL,1808, 2.32148357186218214e-2, 9.28445618690218738e-7, 2.50039800407174807e4, 1.22459328626088837e1, 2.43561737019478075e0, 1.98274524920087587e-5
EB04W2C_REFUSAL,1820, 4.18388974569827224e-2, 1.00436785790804435e-6, 4.16569458366849794e4, 1.26889655648671624e1, 2.57317148208213409e0, 2.26566803728380262e-5
EB04W2C_REFUSAL,1912, 1.65940062848688105e-2, 8.63014318955142188e-7, 1.92279617155823034e4, 1.18477818778826265e1, 2.31426433215238347e0, 1.75148626097056386e-5
concave depositing instrument: storms=227 clean=190 flux_refusals=37 depositing=190 tdet=831958.2 kg tdep=52444.2 kg
test erod16_wave1_continuity_conserves_on_mckenzie_clay_loam_storm_forcing ... ok

test result: ok. 1 passed; 0 failed; 0 ignored; 0 measured; 0 filtered out; finished in 25.25s

        PASS [  25.257s] (1/1) openwepp::erod16_wave1_continuity_fixture_conservation erod16_wave1_continuity_conserves_on_mckenzie_clay_loam_storm_forcing
────────────
     Summary [  25.257s] 1 test run: 1 passed, 0 skipped
