   Compiling proc-macro2 v1.0.106
   Compiling unicode-ident v1.0.24
   Compiling quote v1.0.45
   Compiling serde_core v1.0.228
   Compiling cfg-if v1.0.4
   Compiling serde v1.0.228
   Compiling version_check v0.9.5
   Compiling libm v0.2.16
   Compiling autocfg v1.5.1
   Compiling libc v0.2.186
   Compiling zerocopy v0.8.48
   Compiling equivalent v1.0.2
   Compiling typenum v1.20.0
   Compiling itoa v1.0.18
   Compiling hashbrown v0.17.1
   Compiling getrandom v0.3.4
   Compiling ryu v1.0.23
   Compiling crc32fast v1.5.0
   Compiling stable_deref_trait v1.2.1
   Compiling memchr v2.8.0
   Compiling simd-adler32 v0.3.9
   Compiling shlex v1.3.0
   Compiling once_cell v1.21.4
   Compiling adler2 v2.0.1
   Compiling find-msvc-tools v0.1.9
   Compiling cpufeatures v0.2.17
   Compiling unsafe-libyaml v0.2.11
   Compiling bytes v1.11.1
   Compiling pkg-config v0.3.33
   Compiling lexical-util v1.0.7
   Compiling arrow-schema v54.3.1
   Compiling iana-time-zone v0.1.65
   Compiling semver v1.0.28
   Compiling zmij v1.0.21
   Compiling openwepp-sim-contract v0.1.0 (/tmp/openwepp-eb04w2c-old.EnVkCx/crates/openwepp-sim-contract)
   Compiling hashbrown v0.15.5
   Compiling serde_json v1.0.150
   Compiling zstd-safe v7.2.4
   Compiling alloc-no-stdlib v2.0.4
   Compiling smallvec v1.15.2
   Compiling litemap v0.8.2
   Compiling paste v1.0.15
   Compiling bitflags v1.3.2
   Compiling openwepp-unit-boundary v0.1.0 (/tmp/openwepp-eb04w2c-old.EnVkCx/crates/openwepp-unit-boundary)
   Compiling snap v1.1.1
   Compiling writeable v0.6.3
   Compiling utf8_iter v1.0.4
   Compiling icu_normalizer_data v2.2.0
   Compiling twox-hash v2.1.2
   Compiling byteorder v1.5.0
   Compiling integer-encoding v3.0.4
   Compiling icu_properties_data v2.2.0
   Compiling base64 v0.22.1
   Compiling static_assertions v1.1.0
   Compiling alloc-stdlib v0.2.2
   Compiling twox-hash v1.6.3
   Compiling lz4_flex v0.11.6
   Compiling simdutf8 v0.1.5
   Compiling parking_lot_core v0.9.12
   Compiling ref-cast v1.0.25
   Compiling winnow v0.7.15
   Compiling toml_write v0.1.2
   Compiling seq-macro v0.3.6
   Compiling powerfmt v0.2.0
   Compiling regex-syntax v0.8.11
   Compiling brotli-decompressor v4.0.3
   Compiling miniz_oxide v0.8.9
   Compiling scopeguard v1.2.0
   Compiling openwepp-meteorology v0.1.0 (/tmp/openwepp-eb04w2c-old.EnVkCx/crates/openwepp-meteorology)
   Compiling num-conv v0.2.2
   Compiling pulldown-cmark v0.13.4
   Compiling bit-vec v0.8.0
   Compiling allocator-api2 v0.2.21
   Compiling rustc_version v0.4.1
   Compiling lock_api v0.4.14
   Compiling foldhash v0.2.0
   Compiling time-core v0.1.8
   Compiling generic-array v0.14.7
   Compiling ahash v0.8.12
   Compiling deranged v0.5.8
   Compiling borrow-or-share v0.2.4
   Compiling openwepp-comparator-metadata v0.1.0 (/tmp/openwepp-eb04w2c-old.EnVkCx/crates/openwepp-comparator-metadata)
   Compiling unicode-general-category v1.1.0
   Compiling vsimd v0.8.0
   Compiling percent-encoding v2.3.2
   Compiling outref v0.5.2
   Compiling openwepp-plant-phenology v0.1.0 (/tmp/openwepp-eb04w2c-old.EnVkCx/crates/openwepp-plant-phenology)
   Compiling openwepp-legacy-bridge v0.1.0 (/tmp/openwepp-eb04w2c-old.EnVkCx/crates/openwepp-legacy-bridge)
   Compiling bitflags v2.13.0
   Compiling unicase v2.9.0
   Compiling lazy_static v1.5.0
   Compiling num-cmp v0.1.0
   Compiling data-encoding v2.11.0
   Compiling num-traits v0.2.19
   Compiling bytecount v0.6.9
   Compiling bit-set v0.8.0
   Compiling flatbuffers v24.12.23
   Compiling lexical-parse-integer v1.0.6
   Compiling lexical-write-integer v1.0.6
   Compiling aho-corasick v1.1.4
   Compiling quick-xml v0.41.0
   Compiling hashbrown v0.16.1
   Compiling openwepp-topology v0.1.0 (/tmp/openwepp-eb04w2c-old.EnVkCx/crates/openwepp-topology)
   Compiling openwepp-kernel-contract v0.1.0 (/tmp/openwepp-eb04w2c-old.EnVkCx/crates/openwepp-kernel-contract)
   Compiling openwepp-summary-accumulator v0.1.0 (/tmp/openwepp-eb04w2c-old.EnVkCx/crates/openwepp-summary-accumulator)
   Compiling indexmap v2.14.0
   Compiling lexical-parse-float v1.0.6
   Compiling flate2 v1.1.9
   Compiling uuid-simd v0.8.0
   Compiling lexical-write-float v1.0.6
   Compiling syn v2.0.117
   Compiling lexical-core v1.0.6
   Compiling brotli v7.0.0
   Compiling block-buffer v0.10.4
   Compiling crypto-common v0.1.7
   Compiling digest v0.10.7
   Compiling sha2 v0.10.9
   Compiling jobserver v0.1.34
   Compiling time v0.3.47
   Compiling parking_lot v0.12.5
   Compiling cc v1.2.62
   Compiling regex-automata v0.4.15
   Compiling num-integer v0.1.46
   Compiling num-complex v0.4.6
   Compiling chrono v0.4.44
   Compiling ordered-float v2.10.1
   Compiling atoi v2.0.0
   Compiling num-bigint v0.4.6
   Compiling num-iter v0.1.45
   Compiling thrift v0.17.0
   Compiling zstd-sys v2.0.16+zstd.1.5.7
   Compiling num-rational v0.4.2
   Compiling num v0.4.3
   Compiling fraction v0.15.4
   Compiling synstructure v0.13.2
   Compiling fancy-regex v0.17.0
   Compiling regex v1.13.0
   Compiling serde_derive v1.0.228
   Compiling zerocopy-derive v0.8.48
   Compiling zerofrom-derive v0.1.7
   Compiling yoke-derive v0.8.2
   Compiling zerovec-derive v0.11.3
   Compiling displaydoc v0.2.6
   Compiling ref-cast-impl v1.0.25
   Compiling zerofrom v0.1.8
   Compiling yoke v0.8.3
   Compiling zerovec v0.11.6
   Compiling zerotrie v0.2.4
   Compiling zstd v0.13.3
   Compiling tinystr v0.8.3
   Compiling potential_utf v0.1.5
   Compiling icu_collections v2.2.0
   Compiling icu_locale_core v2.2.0
   Compiling icu_provider v2.2.0
   Compiling icu_properties v2.2.0
   Compiling icu_normalizer v2.2.0
   Compiling serde_yaml v0.9.34+deprecated
   Compiling serde_spanned v0.6.9
   Compiling toml_datetime v0.6.11
   Compiling fluent-uri v0.4.1
   Compiling email_address v0.2.9
   Compiling toml_edit v0.22.27
   Compiling idna_adapter v1.2.2
   Compiling idna v1.1.0
   Compiling openwepp-management-schema v0.1.0 (/tmp/openwepp-eb04w2c-old.EnVkCx/crates/openwepp-management-schema)
   Compiling openwepp-assurance v0.1.0 (/tmp/openwepp-eb04w2c-old.EnVkCx/crates/openwepp-assurance)
   Compiling toml v0.8.23
   Compiling half v2.7.1
   Compiling referencing v0.42.2
   Compiling arrow-buffer v54.3.1
   Compiling jsonschema v0.42.2
   Compiling arrow-data v54.3.1
   Compiling openwepp-input-contract v0.1.0 (/tmp/openwepp-eb04w2c-old.EnVkCx/crates/openwepp-input-contract)
   Compiling arrow-array v54.3.1
   Compiling openwepp-climate-runtime-adapter v0.1.0 (/tmp/openwepp-eb04w2c-old.EnVkCx/crates/openwepp-climate-runtime-adapter)
   Compiling openwepp-landuse-migrate v0.1.0 (/tmp/openwepp-eb04w2c-old.EnVkCx/crates/openwepp-landuse-migrate)
   Compiling arrow-select v54.3.1
   Compiling arrow-ipc v54.3.1
   Compiling openwepp-watershed-orchestrator v0.1.0 (/tmp/openwepp-eb04w2c-old.EnVkCx/crates/openwepp-watershed-orchestrator)
   Compiling openwepp-hillslope-orchestrator v0.1.0 (/tmp/openwepp-eb04w2c-old.EnVkCx/crates/openwepp-hillslope-orchestrator)
   Compiling arrow-cast v54.3.1
   Compiling parquet v54.3.1
   Compiling openwepp-watershed-output v0.1.0 (/tmp/openwepp-eb04w2c-old.EnVkCx/crates/openwepp-watershed-output)
   Compiling openwepp-hillslope-output v0.1.0 (/tmp/openwepp-eb04w2c-old.EnVkCx/crates/openwepp-hillslope-output)
   Compiling openwepp-runner v0.1.0 (/tmp/openwepp-eb04w2c-old.EnVkCx/crates/openwepp-runner)
   Compiling openwepp v0.1.0 (/tmp/openwepp-eb04w2c-old.EnVkCx)
    Finished `test` profile [unoptimized + debuginfo] target(s) in 37.82s
────────────
 Nextest run ID 9778fbf2-4015-4324-88a6-6f730a81cf5b with nextest profile: default
    Starting 1 test across 1 binary
       START [         ] (1/1) openwepp::erod16_wave1_continuity_fixture_conservation erod16_wave1_continuity_conserves_on_mckenzie_clay_loam_storm_forcing

running 1 test
EB04W2C_SOLVE,19, 2.27013821423265351e-2, 6.95367053165127554e-7, 3.26466174073042821e4, 1.07444771319672778e1, 1.98947974977391229e0, 1.21400794976397120e-5, 3.27071968353668152e-4
EB04W2C_SOLVE,20, 2.86750442344311969e-2, 5.39964921021267868e-7, 5.31053835500950227e4, 9.58130873019233675e0, 1.64958534448416860e0, 7.90330093838532292e-6, 2.34021087518918340e-3
EB04W2C_SOLVE,21, 3.82153613146946555e-2, 1.25794440045025410e-6, 3.03792133428284178e4, 1.40475948135192112e1, 3.01113370429540605e0, 3.31978272541924899e-5, 1.95448420772195735e-4
EB04W2C_SOLVE,22, 5.26963771046727938e-2, 1.90851871770064580e-6, 2.76111397891662200e4, 1.69543979650486634e1, 4.02579982304122641e0, 6.73482037831674168e-5, 3.83018689475329594e-3
EB04W2C_SOLVE,24, 1.95998490388958682e-2, 1.71388438671658386e-6, 1.14359225107620950e4, 1.61517796664164699e1, 3.73542533140721833e0, 5.61113645133838108e-5, 3.93957960259001729e-3
EB04W2C_SOLVE,25, 1.57840350994908132e-2, 1.04562526458757463e-6, 1.50953076920119183e4, 1.29219794788765956e1, 2.64657019092674428e0, 2.42585799299360676e-5, 9.86632703569465148e-3
EB04W2C_SOLVE,26, 2.94528623076188711e-2, 2.62344184073969132e-6, 1.12268020774245579e4, 1.95666530926581146e1, 5.02215486887064344e0, 1.15560395986646385e-4, 1.79088009062127802e-4
EB04W2C_SOLVE,27, 3.38165918678158331e-2, 1.77085917460227853e-6, 1.90961496841841108e4, 1.63917335634109982e1, 3.82143892558182774e0, 5.93133533747127104e-5, 3.92776033001501681e-3
EB04W2C_SOLVE,28, 1.51632533414696753e-2, 1.39017860509852819e-6, 1.09074138285957779e4, 1.46960898935775219e1, 3.22852228069266500e0, 3.93346232963787839e-5, 3.53023966929573094e-3
EB04W2C_SOLVE,31, 2.61670021915681207e-2, 2.57147332797804923e-6, 1.01758792933478526e4, 1.93912446676106391e1, 4.95285992594062119e0, 1.11702548390019168e-4, 1.80127957321799909e-4
EB04W2C_SOLVE,36, 3.43436071425497202e-2, 2.08961334734634002e-6, 1.64353884828327937e4, 1.76613639846771981e1, 4.28780442626320379e0, 7.85481708029392233e-5, 3.61708153065060621e-3
EB04W2C_SOLVE,37, 1.74034917488799651e-2, 1.06261029004140091e-6, 1.63780568586456084e4, 1.30164301042352939e1, 2.67652648507679736e0, 2.49310685932498467e-5, 1.94470064417080800e-4
EB04W2C_SOLVE,45, 2.74497899938159484e-2, 2.19860212372055587e-6, 1.24851102878789170e4, 1.80705563188520912e1, 4.44207682567717832e0, 8.56262727343568236e-5, 1.86492611940586029e-4
EB04W2C_SOLVE,46, 1.50181725040041351e-2, 8.80804352549978185e-7, 1.70505203119463258e4, 1.19576378472206937e1, 2.34753124117531797e0, 1.81319543328978186e-5, 5.77223055935372886e-3
EB04W2C_SOLVE,89, 3.58079613655164081e-2, 2.31455960550668171e-6, 1.54707449660505354e4, 1.84937457735899571e1, 4.60362394227490679e0, 9.34301420813707351e-5, 1.84559209371640921e-4
EB04W2C_SOLVE,90, 2.53011642872740389e-2, 1.50127300627948640e-6, 1.68531400894074395e4, 1.52149800075864974e1, 3.40624289952520876e0, 4.48163265854667787e-5, 3.77808132442709714e-3
EB04W2C_SOLVE,266, 9.77687961369179404e-3, 2.81764649238200637e-6, 3.46987446442457394e3, 2.02056278481864560e1, 5.27741844879907873e0, 1.30449249526053558e-4, 1.75230413245677899e-4
EB04W2C_SOLVE,268, 1.10449527892339250e-2, 6.77343103749624109e-6, 1.63062895718454479e3, 2.99535897325406459e1, 9.68566855724413678e0, 5.77918468203043141e-4, 3.48353664812845213e-4
EB04W2C_SOLVE,283, 3.14669994650479123e-2, 8.23826901593483841e-6, 3.81961300416179620e3, 3.26963687779577228e1, 1.10866678896280462e1, 8.05671176389827974e-4, 3.95759351083515860e-4
EB04W2C_SOLVE,318, 6.59013366090249464e-2, 4.46311312333441957e-6, 1.47657777851235933e4, 2.48445671682345441e1, 7.25904907683404232e0, 2.84721126826223392e-4, 1.46840405682437401e-4
EB04W2C_SOLVE,319, 1.63985508991518758e-2, 6.42989548580455179e-7, 2.55036041182246045e4, 1.03701338291545095e1, 1.88321945074457675e0, 1.06293382643065352e-5, 9.22556520668956458e-3
EB04W2C_SOLVE,321, 1.76998973659211363e-2, 8.58284083992276514e-7, 2.06224229203817013e4, 1.18183621223454942e1, 2.30538348653905301e0, 1.73522618884504425e-5, 5.18640458416385394e-3
EB04W2C_SOLVE,322, 2.95967805571877088e-2, 1.61802817751379774e-6, 1.82918820379661302e4, 1.57378901271683027e1, 3.58868038574765258e0, 5.08901305479964470e-5, 3.91063091640854628e-3
EB04W2C_SOLVE,323, 1.22970657216730003e-2, 9.67029398078217495e-7, 1.27163308024668349e4, 1.24734841376613019e1, 2.50593897801477272e0, 2.12459090647303906e-5, 8.01138313015843130e-3
EB04W2C_SOLVE,328, 1.33765613881190720e-2, 9.39197928240031502e-7, 1.42425371542135836e4, 1.23098620719043179e1, 2.45530326408750721e0, 2.02186907225976945e-5, 7.29943728131173582e-3
EB04W2C_SOLVE,329, 1.87503543354270337e-2, 1.12486915106092753e-6, 1.66689203964234584e4, 1.33556906154523336e1, 2.78509341849251202e0, 2.74602376662324226e-5, 1.94924329481815494e-4
EB04W2C_SOLVE,334, 1.03201861417528285e-2, 1.30336056963802237e-6, 7.91813591891844408e3, 1.42743948570805657e1, 3.08655922624833412e0, 3.52572776456467669e-5, 1.95497060259338117e-4
EB04W2C_SOLVE,349, 1.26019676268563936e-2, 8.58443047915110671e-7, 1.46800275888570904e4, 1.18193522513559834e1, 2.30568217994743119e0, 1.73577161188428343e-5, 5.19050929420832464e-3
EB04W2C_SOLVE,350, 2.76025807574992108e-2, 2.51665657366005158e-6, 1.09679568703948844e4, 1.92040775038260350e1, 4.87929255159762576e0, 1.07691750999156183e-4, 1.81087260332477875e-4
EB04W2C_SOLVE,351, 1.36024335108351022e-2, 8.51592451297017676e-7, 1.59729380998127908e4, 1.17765901919597304e1, 2.29279439507296789e0, 1.71233035764435533e-5, 5.01412814799835366e-3
EB04W2C_SOLVE,353, 4.60950560781481430e-2, 3.57276496220666722e-6, 1.29017879893443060e4, 2.24820414178109189e1, 6.22219566993627460e0, 1.95178839938146847e-4, 1.43371112442214452e-3
EB04W2C_SOLVE,354, 6.99974978017748606e-2, 2.31875489605640435e-6, 3.01875363889569780e4, 1.85088336932934645e1, 4.60942079787691927e0, 9.37177075433392635e-5, 1.84488002865958542e-4
EB04W2C_SOLVE,359, 1.85441205428999271e-2, 1.39501139401593335e-6, 1.32931677995227346e4, 1.47191300269331204e1, 3.23634279647235745e0, 3.95669556633615363e-5, 3.54375946486289780e-3
EB04W2C_SOLVE,365, 1.56037342080527740e-2, 7.95693698577275897e-7, 1.96102271966621302e4, 1.14203347622269860e1, 2.18640855623348784e0, 1.52598410696974467e-5, 6.08996262640882345e-4
EB04W2C_SOLVE,366, 1.74037342080527804e-2, 1.67967846292761246e-6, 1.03613486701012807e4, 1.60055915361856300e1, 3.68335943711695535e0, 5.42241770080404149e-5, 3.93643584934383079e-3
EB04W2C_SOLVE,367, 4.36039772892948402e-2, 3.91853718292302560e-6, 1.11276160602279997e4, 2.34346599566571214e1, 6.63351796948858663e0, 2.28305075839385218e-4, 1.16776028219882323e-3
EB04W2C_SOLVE,368, 1.79041437483458341e-2, 2.23141388336351012e-6, 8.02367677365084637e3, 1.81915340986853629e1, 4.48805211700870910e0, 8.78060960605469740e-5, 1.85952927039991915e-4
EB04W2C_SOLVE,369, 2.37999548230377993e-2, 1.40093301937628150e-6, 1.69886457766795538e4, 1.47473010355278991e1, 3.24591386464591825e0, 3.98523986444075071e-5, 3.55997417936911378e-3
EB04W2C_SOLVE,371, 1.96991372309755185e-2, 9.09410626404505596e-7, 2.16614328654362434e4, 1.21317477451758897e1, 2.40059380095359209e0, 1.91425569658601518e-5, 6.52245619896708786e-3
EB04W2C_SOLVE,376, 1.50941504020745999e-2, 4.32689253502017087e-7, 3.48845049418456038e4, 8.66584977163499559e0, 1.37935657806915746e0, 5.42719021643203972e-6, 5.00514543565580040e-3
EB04W2C_SOLVE,377, 7.11087706183330254e-2, 3.21991725599383804e-6, 2.20840366273278887e4, 2.14554784940359866e1, 5.78939579538590543e0, 1.63605033792709533e-4, 1.80195782588400363e-3
EB04W2C_SOLVE,378, 1.28411844417849041e-2, 1.14161795328182778e-6, 1.12482327427228538e4, 1.34451766131092878e1, 2.81398021096542328e0, 2.81576863485641593e-5, 1.95024357839089897e-4
EB04W2C_SOLVE,397, 1.26066024075158229e-2, 1.50983133451993602e-6, 8.34967596663649965e3, 1.52540584960462358e1, 3.41976166743147880e0, 4.52507455973523475e-5, 3.79196426706926784e-3
EB04W2C_SOLVE,398, 2.38382905956993282e-2, 1.14221529163274519e-6, 2.08702254034995167e4, 1.34483546480649618e1, 2.81500801792924138e0, 2.81826931185569396e-5, 1.95027743175945115e-4
EB04W2C_SOLVE,399, 1.50374790808258628e-2, 1.52949209858207390e-6, 9.83168144168018989e3, 1.53433704503425687e1, 3.45072832853151912e0, 4.62552304353844209e-5, 3.82122334427101784e-3
EB04W2C_SOLVE,410, 2.86017809337296355e-2, 1.88837317873574118e-6, 1.51462545940619748e4, 1.68734933624686434e1, 3.99618626805239430e0, 6.61462491936142975e-5, 3.84877845483912401e-3
EB04W2C_SOLVE,411, 5.17023171807174525e-2, 5.01376304793414230e-6, 1.03120783105258106e4, 2.61758450648475538e1, 7.86764430681221150e0, 3.46866344814474210e-4, 1.38473674923893534e-4
EB04W2C_SOLVE,412, 2.34981826103721550e-2, 1.47043963211353240e-6, 1.59803789949520778e4, 1.50731590178478445e1, 3.35733895952553407e0, 4.32655355683722571e-5, 3.72211218020085518e-3
EB04W2C_SOLVE,415, 2.62999437628475552e-2, 1.59094601235464203e-6, 1.65310095745630897e4, 1.56185080801151237e1, 3.54673665430401819e0, 4.94530944640434692e-5, 3.89026045775257888e-3
EB04W2C_SOLVE,416, 1.03033793001901467e-2, 6.17664357444186423e-7, 1.66811945290548574e4, 1.01830978733874868e1, 1.83089297027877085e0, 9.92867393524467427e-6, 7.01923522386726541e-3
EB04W2C_SOLVE,418, 2.15035427751676250e-2, 1.41271150051837764e-6, 1.52214679127883901e4, 1.48031397686818629e1, 3.26491417381649063e0, 4.04226650606437365e-5, 3.59108385374522525e-3
EB04W2C_SOLVE,446, 1.38920165094320730e-2, 7.82368609069075292e-7, 1.77563572316147802e4, 1.13333888879421298e1, 2.16071295726999058e0, 1.48287096273110579e-5, 5.60625800748512453e-4
EB04W2C_SOLVE,626, 2.96485581492402089e-2, 6.13656681378712954e-6, 4.83145691213339160e3, 2.86577316367226587e1, 9.04723184483217224e0, 4.88757803150112208e-4, 8.33354226739102554e-4
EB04W2C_SOLVE,635, 1.19609706883986640e-2, 5.36084450825837012e-6, 2.23117284412424442e3, 2.69734576386980400e1, 8.24045376951732500e0, 3.88591185265610884e-4, 1.33519672241400695e-4
EB04W2C_SOLVE,667, 1.56742350162958968e-2, 2.00721886201936492e-6, 7.80893170788900170e3, 1.73441010411630749e1, 4.16951065327662818e0, 7.33647500514771425e-5, 3.72280467210391259e-3
EB04W2C_SOLVE,673, 2.49019625106608293e-2, 2.06493048248636097e-6, 1.20594677263307385e4, 1.75670607141751418e1, 4.25252186266860477e0, 7.69801424216679089e-5, 3.64997694485858599e-3
EB04W2C_SOLVE,674, 1.11471914910463103e-2, 8.05221036012083354e-7, 1.38436416741589364e4, 1.14820089733726700e1, 2.20469956928888733e0, 1.55712017476142613e-5, 6.45583700656229896e-4
EB04W2C_SOLVE,675, 2.03056520307551974e-2, 1.53952472115893836e-6, 1.31895589279458345e4, 1.53887003925958563e1, 3.46648263190095296e0, 4.67712912970455567e-5, 3.83477111927178413e-3
EB04W2C_SOLVE,678, 1.60405037364462384e-2, 1.26724807366422748e-6, 1.26577456062453330e4, 1.40944198323449825e1, 3.02665259688205701e0, 3.36155629800656514e-5, 1.95462181995343065e-4
EB04W2C_SOLVE,679, 4.37057891719672686e-2, 3.22216680912457570e-6, 1.35640988691835009e4, 2.14622162351660890e1, 5.79220061926432095e0, 1.63799048997774759e-4, 1.79921743630852889e-3
EB04W2C_SOLVE,680, 3.37756146969786786e-2, 3.73366126011819710e-6, 9.04624505114034946e3, 2.29314134722126610e1, 6.41507403010268629e0, 2.10328020675891930e-4, 1.30025701139182214e-3
EB04W2C_SOLVE,681, 2.10100824410533564e-2, 1.36580927240567974e-6, 1.53828816845320362e4, 1.45792294971493970e1, 3.18895826579233921e0, 3.81716657966365977e-5, 1.95460194080283097e-4
EB04W2C_SOLVE,684, 1.25367900080988470e-2, 1.16974937905551737e-6, 1.07175008874305549e4, 1.35938602166056448e1, 2.86220599673847653e0, 2.93452428289612246e-5, 1.95170178845330923e-4
EB04W2C_SOLVE,688, 1.15259460096979755e-2, 1.13840145767858506e-6, 1.01246760814954941e4, 1.34280479901752123e1, 2.80844290655071394e0, 2.80231888464008135e-5, 1.95005913125163285e-4
EB04W2C_SOLVE,692, 1.84952256125755880e-2, 2.83350872231386355e-6, 6.52732263251063978e3, 2.02567226942587304e1, 5.29802127889053853e0, 1.31697931653383085e-4, 1.74918026957806872e-4
EB04W2C_SOLVE,695, 1.06675555682719091e-2, 6.86764434649541797e-7, 1.55330634931839450e4, 1.06840880554505571e1, 1.97220068273800875e0, 1.18863090190075918e-5, 3.11497296159189664e-4
EB04W2C_SOLVE,696, 1.26479288279358754e-2, 1.41937776995787510e-6, 8.91089679973728562e3, 1.48346287535413932e1, 3.27564604156022687e0, 4.07468922536788724e-5, 3.60802207267862463e-3
EB04W2C_SOLVE,708, 1.60729949606721115e-2, 6.19077611234054075e-7, 2.59628109125649025e4, 1.01936454026504695e1, 1.83383014395864019e0, 9.96725611787121426e-6, 7.13418240265092929e-3
EB04W2C_SOLVE,709, 1.06580624849135133e-2, 1.14586575708845532e-6, 9.30131860471571963e3, 1.34677563895886294e1, 2.82128556776638284e0, 2.83357130117666558e-5, 1.95048159135793241e-4
EB04W2C_SOLVE,710, 5.06656472909618877e-2, 3.12272789984053818e-6, 1.62248037344365239e4, 2.11618456503339729e1, 5.66762461412154472e0, 1.55313293007692377e-4, 1.92597992423318540e-3
EB04W2C_SOLVE,711, 1.94134811520653219e-2, 7.55911817594802653e-7, 2.56822035324650569e4, 1.11583048956171815e1, 2.10929159183286608e0, 1.39878092886995077e-5, 4.74503391040197273e-4
EB04W2C_SOLVE,712, 1.36887091714727720e-2, 1.01384249377390925e-6, 1.35018104444588480e4, 1.27429373244373334e1, 2.59010829284129418e0, 2.30205718752648283e-5, 9.14721935905505115e-3
EB04W2C_SOLVE,715, 1.61831112020543039e-2, 3.48570950479120966e-7, 4.64270220447519896e4, 7.85609953606292422e0, 1.15811230407300680e0, 3.76055839548556587e-6, 1.47803605527459334e-2
EB04W2C_SOLVE,718, 4.87060997467434545e-2, 2.02784548436535932e-6, 2.40186444787171058e4, 1.74241917636690751e1, 4.19926368789627880e0, 7.46487163169286727e-5, 3.69749403985055120e-3
EB04W2C_SOLVE,719, 1.77038117198929680e-2, 6.47121108750688385e-7, 2.73578028602271806e4, 1.04002593075035676e1, 1.89169548043784852e0, 1.07455015907930379e-5, 9.61351349450812777e-3
EB04W2C_SOLVE,721, 2.61004305486720045e-2, 2.18211265150368357e-6, 1.19610830039807151e4, 1.80093811749908639e1, 4.41889154743238866e0, 8.45393178716046331e-5, 1.86761338018629684e-4
EB04W2C_SOLVE,722, 2.58033618137256185e-2, 1.42402572939462640e-6, 1.81200109528182438e4, 1.48565356111759268e1, 3.28311944729781446e0, 4.09735840689655375e-5, 3.61954799467579082e-3
EB04W2C_SOLVE,733, 1.28926141944161344e-2, 3.72077534482908977e-7, 3.46503430053456905e4, 8.09230178771154307e0, 1.22090304230811442e0, 4.20096582846612839e-6, 6.79091809958118093e-4
EB04W2C_SOLVE,734, 2.89290760905047718e-2, 5.35868301155491874e-7, 5.39854214703968391e4, 9.54829433629652158e0, 1.63947417007655627e0, 7.80181641932965839e-6, 2.17798070822818480e-3
EB04W2C_SOLVE,735, 6.13974104883668742e-2, 9.20038548352646549e-7, 6.67335195881744003e4, 1.21956623024304704e1, 2.42017627650949763e0, 1.95237397212788148e-5, 6.80078792794577228e-3
EB04W2C_SOLVE,736, 6.10602953376074148e-2, 1.54110235942417095e-6, 3.96211808801736188e4, 1.53958136737465914e1, 3.46895711042270305e0, 4.68526561833606094e-5, 3.83681838408384468e-3
EB04W2C_SOLVE,737, 2.58874308377988645e-2, 6.23831138141310447e-7, 4.14974970869999015e4, 1.02290253374890856e1, 1.84369436864273650e0, 1.00974792115773821e-5, 7.52811837972905146e-3
EB04W2C_SOLVE,738, 1.22613685840292849e-2, 2.99714092247007773e-7, 4.09102171075898004e4, 7.33542624746276495e0, 1.02483806364750007e0, 2.91042386508573178e-6, 9.98696648677512835e-4
EB04W2C_SOLVE,740, 2.09870821052204060e-2, 7.57774399800213689e-7, 2.76956863556668395e4, 1.11707405093628260e1, 2.11292962188975331e0, 1.40463487255423587e-5, 4.80130889615828919e-4
EB04W2C_SOLVE,743, 2.99491019843423148e-2, 1.15554658498724145e-6, 2.59176933006755316e4, 1.35190439052706548e1, 2.83790344005639872e0, 2.87431594014469021e-5, 1.95100032814430425e-4
EB04W2C_SOLVE,789, 2.54961265545682395e-2, 1.83102468464803367e-6, 1.39245127432398313e4, 1.66405284726639806e1, 3.91134233240364315e0, 6.27734853474942945e-5, 3.89414861057069649e-3
EB04W2C_SOLVE,790, 2.38888428000966525e-2, 2.66310022799774091e-6, 8.97031307682232546e3, 1.96992180391452827e1, 5.07474798651889270e0, 1.18540510691749672e-4, 1.78295632637424109e-4
EB04W2C_SOLVE,791, 2.28926247343559236e-2, 3.22436696738162871e-6, 7.09988191975122845e3, 2.14688035039662601e1, 5.79494326438868246e0, 1.63988895432509718e-4, 1.79654271435614578e-3
EB04W2C_SOLVE,802, 1.64073169634202064e-2, 1.92539567429815390e-6, 8.52152998079265308e3, 1.70218124513573841e1, 4.05053395561902363e0, 6.83619767815144962e-5, 3.81365721111673849e-3
EB04W2C_SOLVE,803, 2.06470180002326469e-2, 2.54805104496510307e-6, 8.10306294335458188e3, 1.93115448407031458e1, 4.92148619506554841e0, 1.09981432684371706e-4, 1.80538611698161170e-4
EB04W2C_SOLVE,804, 1.80592135205492402e-2, 2.68356491509293256e-6, 6.72956089825904019e3, 1.97671963685554566e1, 5.10179175026026055e0, 1.20090493379280868e-4, 1.77887616952058939e-4
EB04W2C_SOLVE,830, 2.66260693769215656e-2, 4.56847190125673230e-6, 5.82822220480267151e3, 2.51060824319023332e1, 7.37723880262104093e0, 2.96220767131893199e-4, 1.45190669140562930e-4
EB04W2C_SOLVE,831, 1.80877724316953099e-2, 1.86316856458346372e-6, 9.70807085065814863e3, 1.67715951989334684e1, 3.95899741555253293e0, 6.46549949105503831e-5, 3.87016787271812204e-3
EB04W2C_SOLVE,832, 2.11847354692809055e-2, 2.40083623531911903e-6, 8.82389858901185471e3, 1.88010380758680888e1, 4.72218983921406554e0, 9.94167157461507548e-5, 1.83089090502900145e-4
EB04W2C_SOLVE,833, 1.36648456901853916e-2, 1.30263795645176827e-6, 1.04901332119991457e4, 1.42708207711845443e1, 3.08536556613548063e0, 3.52241120351166984e-5, 1.95496738057240568e-4
EB04W2C_SOLVE,840, 1.12997067237867350e-2, 1.87409339765090465e-6, 6.02942560811026306e3, 1.68158557000482212e1, 3.97513582625740325e0, 6.52996577230987896e-5, 3.86116233212508569e-3
EB04W2C_SOLVE,852, 1.47036109482624276e-2, 4.17604484907876631e-6, 3.52094181926854480e3, 2.41140851503573543e1, 6.93248567437250784e0, 2.54344677019403310e-4, 1.01357761481192304e-3
EB04W2C_SOLVE,855, 3.30581394856677563e-2, 6.72861920023881376e-6, 4.91306440472875147e3, 2.98646927131565612e1, 9.64138313736208019e0, 5.71445114939029175e-4, 3.53160741263453437e-4
EB04W2C_SOLVE,856, 3.88278272883551198e-2, 4.87373114278831590e-6, 7.96675609523698222e3, 2.58453511705155883e1, 7.71495498783172984e0, 3.30586616111664300e-4, 1.40541738912580450e-4
EB04W2C_SOLVE,857, 2.33471775331960188e-2, 4.15558948761500961e-6, 5.61825887825977497e3, 2.40609818150440375e1, 6.90895215256308060e0, 2.52234085746332883e-4, 1.02470339416079088e-3
EB04W2C_SOLVE,862, 1.21051169953847928e-2, 2.93679989948444286e-6, 4.12187326671791743e3, 2.05856231325040575e1, 5.43131472921537828e0, 1.39948088067038805e-4, 1.72894853872561973e-4
EB04W2C_SOLVE,863, 2.27908106881262867e-2, 5.19177614014899251e-6, 4.38979071379457491e3, 2.65886420747248735e1, 8.05983073647540316e0, 3.68023344289029669e-4, 1.35902502344463797e-4
EB04W2C_SOLVE,864, 1.00202460959852666e-2, 4.39256707278008269e-6, 2.28118226311872604e3, 2.46675362948777313e1, 7.17942282157322165e0, 2.77126026091615728e-4, 9.04922028114564340e-4
EB04W2C_SOLVE,891, 1.30068176020438631e-2, 4.05936337654226008e-6, 3.20415207892105173e3, 2.38092005018305706e1, 6.79775482427427402e0, 2.42402610353532622e-4, 1.07951891398846002e-3
EB04W2C_SOLVE,892, 2.51082725069397238e-2, 2.80397670217128334e-6, 8.95452251350623555e3, 2.01614669552171257e1, 5.25963426119801003e0, 1.29377079878646630e-4, 1.75499970248497913e-4
EB04W2C_SOLVE,893, 1.61552528566182019e-2, 3.72314052740114139e-6, 4.33914667945532256e3, 2.29023627669228347e1, 6.40254255050127874e0, 2.09323258586827489e-4, 1.30843284844624100e-3
EB04W2C_SOLVE,1024, 1.08735914531100861e-2, 2.84694347008590242e-6, 3.81939141657139771e3, 2.02998741537213334e1, 5.31544302800903967e0, 1.32759339859948080e-4, 1.74653790518077576e-4
EB04W2C_SOLVE,1038, 1.02803570725836971e-1, 4.22463157737531421e-6, 2.43343280574792589e4, 2.42396418476089295e1, 6.98823966131680319e0, 2.59386786871445673e-4, 9.87852673715510247e-4
EB04W2C_SOLVE,1039, 2.24750687637073968e-2, 1.45243085606781661e-6, 1.54741058204687415e4, 1.49895637958163288e1, 3.32862888668045898e0, 4.23701687192607534e-5, 3.68498679300741181e-3
EB04W2C_SOLVE,1040, 2.98131778193305996e-2, 2.54425867330655546e-6, 1.17178249727984457e4, 1.92986022214750861e1, 4.91639794612882852e0, 1.09703794862819502e-4, 1.80604999468265265e-4
EB04W2C_SOLVE,1041, 1.14002555590655072e-2, 9.67152951065824134e-7, 1.17874381156591317e4, 1.24742046721485842e1, 2.50616275648152875e0, 2.12505157662268683e-5, 8.01450036455824029e-3
EB04W2C_SOLVE,1064, 3.33856787105169320e-2, 1.04228362157729355e-6, 3.20312801807191390e4, 1.29032976677258198e1, 2.64065894875524654e0, 2.41271642822179778e-5, 9.79251565437360902e-3
EB04W2C_SOLVE,1073, 1.49492128115660209e-2, 5.19352730860307123e-7, 2.87843154050671292e4, 9.41376656027836312e0, 1.59855437778109355e0, 7.39816328548158510e-6, 1.60848592072270901e-3
EB04W2C_SOLVE,1074, 3.53701710796945901e-2, 1.11674325592899665e-6, 3.16726077295813557e4, 1.33120100507144521e1, 2.77103080864487206e0, 2.71244538057993688e-5, 1.94872248005055498e-4
EB04W2C_SOLVE,1075, 1.43967960492557921e-2, 4.70703621613694328e-7, 3.05856921174726340e4, 9.00321373941808645e0, 1.47648158730089141e0, 6.26089991694370627e-6, 1.29023198629887609e-2
EB04W2C_SOLVE,1090, 4.13055477322076675e-2, 1.38163262637830145e-6, 2.98961872668588076e4, 1.46552385778393344e1, 3.21467237218991730e0, 3.89251589918082825e-5, 1.95431015806134159e-4
EB04W2C_SOLVE,1091, 6.54050192821888782e-2, 3.78564539318844285e-6, 1.72771119555658624e4, 2.30742925430060914e1, 6.47683223493112070e0, 2.15321624927807724e-4, 1.26090965870503404e-3
EB04W2C_SOLVE,1092, 2.53015591839839266e-2, 1.35441231765293133e-6, 1.86808395451018478e4, 1.45241808775311814e1, 3.17038023700499449e0, 3.76327066298751933e-5, 1.95476321807564954e-4
EB04W2C_SOLVE,1093, 3.83035635348077941e-2, 3.19802494161038409e-6, 1.19772560358831379e4, 2.13897707812368054e1, 5.76206762593634814e0, 1.61721842256481389e-4, 1.82892635051841467e-3
EB04W2C_SOLVE,1094, 2.56036305559559155e-2, 1.11163386720394140e-6, 2.30324311909963144e4, 1.32844546633873755e1, 2.76217235877718092e0, 2.69141897174560803e-5, 1.94838313191450632e-4
EB04W2C_SOLVE,1110, 1.28110822153151786e-2, 7.61295749663364711e-7, 1.68279965059309434e4, 1.11942049784889530e1, 2.11980008300988398e0, 1.41572960831851778e-5, 4.90950881128755985e-4
EB04W2C_SOLVE,1133, 1.27398707382153868e-2, 8.33628944234210554e-7, 1.52824237046117742e4, 1.16635506377384512e1, 2.25884761089902097e0, 1.65148640523148638e-5, 4.55760807611191917e-3
EB04W2C_SOLVE,1154, 2.09539205463710188e-2, 6.67357145352521383e-7, 3.13983609710246310e4, 1.05463021711856246e1, 1.93297316593449398e0, 1.13219242954565471e-5, 1.16080933364005358e-2
EB04W2C_SOLVE,1159, 1.23792674832788226e-2, 4.53063761388755346e-7, 2.73234554123976450e4, 8.84860676947020863e0, 1.43161283074027179e0, 5.86795214041993522e-6, 8.57458015479596429e-3
EB04W2C_SOLVE,1160, 1.43296901527969062e-2, 2.83032914249663063e-7, 5.06290591353509517e4, 7.14706245608498936e0, 9.78380563353029031e-1, 2.64089709516303197e-6, 5.30994921670158507e-4
EB04W2C_SOLVE,1177, 1.44038625205085806e-2, 4.07931431054295456e-6, 3.53095187671171016e3, 2.38616739202104640e1, 6.82087701937586655e0, 2.44427807445209296e-4, 1.06780732145870475e-3
EB04W2C_SOLVE,1185, 1.68153343588609144e-2, 2.36375608805239331e-6, 7.11381958733138072e3, 1.86697326088308238e1, 4.67139765370487492e0, 9.68250881744517713e-5, 1.83720747498126693e-4
EB04W2C_SOLVE,1186, 2.92158298289252466e-2, 1.68034140509295465e-6, 1.73868415908665047e4, 1.60084403801287927e1, 3.68437162900833259e0, 5.42605002020106155e-5, 3.93656864257727317e-3
EB04W2C_SOLVE,1187, 2.02751049949448578e-2, 1.13771035512925014e-6, 1.78209725379896845e4, 1.34243642116191619e1, 2.80725252003202064e0, 2.79943249770892790e-5, 1.95001902585858577e-4
EB04W2C_SOLVE,1191, 1.10322726929550068e-2, 1.52326437634045456e-6, 7.24251998819754317e3, 1.53151492000990483e1, 3.44093278184450080e0, 4.59360709699017171e-5, 3.81234746839976451e-3
EB04W2C_SOLVE,1195, 2.52178486713643436e-2, 2.32701290401740539e-6, 1.08370042245265176e4, 1.85384885808236568e1, 4.62082179976701646e0, 9.42848112003380430e-5, 1.84347615144058482e-4
EB04W2C_SOLVE,1196, 1.00116283023163125e-2, 9.36490106194926373e-7, 1.06905863031428926e4, 1.22938006028768321e1, 2.45035221537799552e0, 2.01198670127591758e-5, 7.22929310036640044e-3
EB04W2C_SOLVE,1204, 1.19142496978446831e-2, 1.26023355302646753e-6, 9.45400133906326664e3, 1.40591337386589750e1, 3.01495538354316484e0, 3.33004113611837330e-5, 1.95452078630076691e-4
EB04W2C_SOLVE,1205, 2.24816623914960816e-2, 1.76288065930658794e-6, 1.27527988198242674e4, 1.63583914625678020e1, 3.80944622060974147e0, 5.88605708856702279e-5, 3.93099586192232047e-3
EB04W2C_SOLVE,1206, 1.14585726311223768e-2, 9.53910225720269403e-7, 1.20122128080452731e4, 1.23966846556214971e1, 2.48212714229589038e0, 2.07590952367659517e-5, 7.67804976272286766e-3
EB04W2C_SOLVE,1378, 1.42405421935516835e-2, 2.62543619065142009e-6, 5.42406714901661235e3, 1.95733459993116163e1, 5.02480557287226670e0, 1.15709515959245407e-4, 1.79048110462241361e-4
EB04W2C_SOLVE,1403, 7.27507180795586850e-2, 5.66944266562485913e-6, 1.28320758089085375e4, 2.76587931007997305e1, 8.56560302578999355e0, 4.27309147928546756e-4, 1.02435908677759994e-3
EB04W2C_SOLVE,1404, 1.39300894300715284e-2, 1.03814882896121378e-6, 1.34182007834177020e4, 1.28801358165474689e1, 2.63333655173438341e0, 2.39649627822517771e-5, 9.70057991549920506e-3
EB04W2C_SOLVE,1405, 3.28251839612335172e-2, 2.04085806888819637e-6, 1.60840111625772097e4, 1.74744860346410213e1, 4.21798540681515632e0, 7.54634250928226560e-5, 3.68110117152996861e-3
EB04W2C_SOLVE,1406, 1.29274997088309022e-2, 6.49781755456573098e-7, 1.98951410997178828e4, 1.04196034654342409e1, 1.89714508897428180e0, 1.08205828867446878e-5, 9.86724201106488688e-3
EB04W2C_SOLVE,1430, 3.01213232746854465e-2, 1.93400086596577860e-6, 1.55746172634952854e4, 1.70560596300508145e1, 4.06311941465071857e0, 6.88812699601693652e-5, 3.80491169282760064e-3
EB04W2C_SOLVE,1431, 6.05699527897152687e-2, 3.04193047116432581e-6, 1.99116821912538908e4, 2.09138489016640321e1, 5.56548822823656852e0, 1.48555426346933347e-4, 1.70856327029169958e-4
EB04W2C_SOLVE,1432, 9.01843449508198114e-2, 2.07172658862933478e-6, 4.35310071540310018e4, 1.75930879401332376e1, 4.26224947477889238e0, 7.74105827447098743e-5, 3.64101416239980295e-3
EB04W2C_SOLVE,1433, 1.84605944552605795e-2, 1.19350296306995046e-6, 1.54675732080093840e4, 1.37178738241299030e1, 2.90264833965460856e0, 3.03636284567001905e-5, 1.95271693402991907e-4
EB04W2C_SOLVE,1435, 2.46330473342550316e-2, 7.83777619249447431e-7, 3.14286179258905868e4, 1.13426210727983303e1, 2.16343637033553016e0, 1.48740578592996270e-5, 5.65583931857905004e-4
EB04W2C_SOLVE,1436, 2.71538415694110614e-2, 1.05031477917572213e-6, 2.58530510164973202e4, 1.29481411816341012e1, 2.65485594581217343e0, 2.44434969978073425e-5, 9.96916186123074539e-3
EB04W2C_SOLVE,1438, 1.09630961191734943e-2, 9.04619515340540330e-7, 1.21190135004399963e4, 1.21027999765338556e1, 2.39174289991700517e0, 1.89717288033883108e-5, 6.39677372485619820e-3
EB04W2C_SOLVE,1439, 4.60408233626669605e-2, 3.56753756236226480e-6, 1.29054908484777861e4, 2.24672548194349169e1, 6.21588418150728828e0, 1.94694473198861879e-4, 1.43836580274698698e-3
EB04W2C_SOLVE,1464, 2.00041819764532301e-2, 1.49602629623905159e-6, 1.33715443550310029e4, 1.51909618404889475e1, 3.39794337187641915e0, 4.45508562326610180e-5, 3.76922009257764671e-3
EB04W2C_SOLVE,1472, 2.48866523897828089e-2, 8.86540318896264764e-7, 2.80716532111776723e4, 1.19927967760869141e1, 2.35821309836752624e0, 1.83327884400896581e-5, 5.92243094632024202e-3
EB04W2C_SOLVE,1474, 1.18279586815503886e-2, 3.34710421478928366e-7, 3.53378858933886368e4, 7.71270067671612214e0, 1.12069926303579903e0, 3.51032945053346006e-6, 7.56573514023145370e-3
EB04W2C_SOLVE,1476, 2.47191773489502317e-2, 4.52042483006142866e-7, 5.46833058356913753e4, 8.83955500622519885e0, 1.42900466520807745e0, 5.84552304101529003e-6, 8.36087861341530333e-3
EB04W2C_SOLVE,1477, 9.60056253540041149e-2, 1.49842005971108198e-6, 6.40712360541378803e4, 1.52019256814481807e1, 3.40173107213385872e0, 4.46718942981874444e-5, 3.77329617509634301e-3
EB04W2C_SOLVE,1478, 4.94285953057487099e-2, 1.11560505183448031e-6, 4.43065359236848599e4, 1.33058776552318001e1, 2.76905852229152405e0, 2.70775556952844333e-5, 1.94864767758496748e-4
EB04W2C_SOLVE,1479, 1.95259777954975497e-2, 8.40454217053671484e-7, 2.32326489644475405e4, 1.17066571082290860e1, 2.27177204229554475e0, 1.67449766906971883e-5, 4.72991843007219016e-3
EB04W2C_SOLVE,1480, 1.49691765841355219e-2, 6.25357892796068152e-7, 2.39369755408476703e4, 1.02403572523927462e1, 1.84685769612543838e0, 1.01394519380030536e-5, 7.65700816369176748e-3
EB04W2C_SOLVE,1481, 2.02490319769481099e-2, 8.42394297843901610e-7, 2.40374751215378237e4, 1.17188748193728927e1, 2.27543990017644226e0, 1.68106246603038262e-5, 4.77916814216182428e-3
EB04W2C_SOLVE,1482, 2.53824718630470091e-2, 1.72450104395789732e-6, 1.47187338343337688e4, 1.61968237280969376e1, 3.75151952605762684e0, 5.67024834867648183e-5, 3.93907556814483955e-3
EB04W2C_SOLVE,1484, 3.01514498363516167e-2, 3.34509605114103959e-6, 9.01362752380958045e3, 2.18265097374909587e1, 5.94455837673270171e0, 1.74544258702389725e-4, 1.65774361890813084e-3
EB04W2C_SOLVE,1486, 5.00115864260860174e-2, 6.88676618419067899e-6, 7.26198408490955535e3, 3.01769679265317343e1, 9.79726276776414906e0, 5.94423835316766559e-4, 3.36252085579952405e-4
EB04W2C_SOLVE,1487, 1.89414080306115444e-2, 1.29351445468674732e-6, 1.46433678896913589e4, 1.42256007821898045e1, 3.07027709383769620e0, 3.48064763191554625e-5, 1.95491166956476993e-4
EB04W2C_SOLVE,1506, 3.87977808507786043e-2, 2.65554544707319681e-6, 1.46100986121474543e4, 1.96740497950346160e1, 5.06474810807212705e0, 1.17970407721076069e-4, 1.78446408674510837e-4
EB04W2C_SOLVE,1513, 2.11878950136107636e-2, 2.13822896606244026e-6, 9.90908614086749731e3, 1.78453153555434270e1, 4.35692095480456842e0, 8.16744424222666055e-5, 1.87467670828041227e-4
EB04W2C_SOLVE,1514, 7.50789552544703642e-2, 5.85007536045456498e-6, 1.28338441179733018e4, 2.80503255344069196e1, 8.75328589394559486e0, 4.50668480898220485e-4, 9.43461334486791060e-4
EB04W2C_SOLVE,1530, 1.91979544951103240e-2, 2.24104789767496224e-6, 8.56650788902271051e3, 1.82268673873179523e1, 4.50151110792803255e0, 8.84503934099263893e-5, 1.85793280868365066e-4
EB04W2C_SOLVE,1531, 2.09946052708450716e-2, 1.80953840161715695e-6, 1.16021882995588894e4, 1.65522060983692150e1, 3.87934286555009722e0, 6.15285598304564585e-5, 3.90793361113385418e-3
EB04W2C_SOLVE,1532, 1.96659913202665362e-2, 1.77325081607987089e-6, 1.10903607893113403e4, 1.64017119860750249e1, 3.82503059258726363e0, 5.94493570686001780e-5, 3.92673149385684445e-3
EB04W2C_SOLVE,1547, 1.81858518350711262e-2, 1.29567267990619633e-6, 1.40358379991370493e4, 1.42363137565641207e1, 3.07384933725679099e0, 3.49050860542638112e-5, 1.95492736858015947e-4
EB04W2C_SOLVE,1548, 1.36957797541425730e-2, 7.65556201291106024e-7, 1.78899729778750661e4, 1.12225145569854128e1, 2.12809954423427028e0, 1.42920092670619202e-5, 5.04357850478592482e-4
EB04W2C_SOLVE,1580, 1.30867650789080140e-2, 1.54579531279920378e-6, 8.46604008341171721e3, 1.54169495467499011e1, 3.47631323180546481e0, 4.70950331369069305e-5, 3.84277552322564737e-3
EB04W2C_SOLVE,1584, 1.09545416985563186e-2, 1.72237661894968329e-6, 6.36013144746267608e3, 1.61878225909145321e1, 3.74830149511039057e0, 5.65839952184783645e-5, 3.93923042107454258e-3
EB04W2C_SOLVE,1585, 2.05868338542633776e-2, 4.12942115711566679e-6, 4.98540426635556469e3, 2.39928347996620026e1, 6.87879300930966853e0, 2.49544568981530763e-4, 1.03919960758816227e-3
EB04W2C_SOLVE,1586, 1.52474943795908053e-2, 1.97723628081728027e-6, 7.71151861187188661e3, 1.72268646050652627e1, 4.12609199481595557e0, 7.15147428148540671e-5, 3.75798549990888483e-3
EB04W2C_SOLVE,1587, 2.22667676218720120e-2, 6.98438760615149833e-6, 3.18807730576988024e3, 3.03677361294235766e1, 9.89292163764170596e0, 6.08793444843079741e-4, 3.26360115988655840e-4
EB04W2C_SOLVE,1614, 9.05250170973861262e-3, 4.49078091014078519e-6, 2.01579678253660745e3, 2.49135722833660083e1, 7.29017021581941904e0, 2.87722878253206021e-4, 1.46404921148594403e-4
EB04W2C_SOLVE,1765, 2.39384108393373603e-2, 3.33348521785189067e-6, 7.18119603805033694e3, 2.17924232858412807e1, 5.93024367500530492e0, 1.73517386582031292e-4, 1.67043830805586142e-3
EB04W2C_SOLVE,1766, 3.73665638701461481e-2, 1.74729056023758559e-6, 2.13854322346165936e4, 1.62929986370279245e1, 3.78596361656478253e0, 5.79799468780966908e-5, 3.93576606328474576e-3
EB04W2C_SOLVE,1767, 1.83547096267427899e-2, 1.54070397906132101e-6, 1.19131967439491254e4, 1.53940178303346222e1, 3.46833233683136744e0, 4.68321046907535925e-5, 3.83630354179141826e-3
EB04W2C_SOLVE,1768, 1.24693732479393034e-2, 9.49384938966649737e-7, 1.31341595343944373e4, 1.23700585214826368e1, 2.47389018120494031e0, 2.05922514945627668e-5, 7.56208298117568966e-3
EB04W2C_SOLVE,1776, 2.44586828755645642e-2, 1.77421239072598235e-6, 1.37856566685099187e4, 1.64057217734896597e1, 3.82647422132742765e0, 5.95040742730178286e-5, 3.92631026363960550e-3
EB04W2C_SOLVE,1777, 2.33654558535484440e-2, 2.46443187500897450e-6, 9.48107192188599583e3, 1.90236448780287795e1, 4.80873819166907612e0, 1.03926816813811583e-4, 1.81994704938558257e-4
EB04W2C_SOLVE,1778, 4.40527306218903153e-2, 1.68210293135299982e-6, 2.61890814175423220e4, 1.60160071185019213e1, 3.68706055702280100e0, 5.43570643352408512e-5, 3.93690731099430227e-3
EB04W2C_SOLVE,1779, 1.77817949812275125e-2, 1.32905489926274400e-6, 1.33792780050631955e4, 1.44007753867864832e1, 3.12887085641174068e0, 3.64448798560414847e-5, 1.95497265676663871e-4
EB04W2C_SOLVE,1781, 2.45535945421914911e-2, 1.65305737515585932e-6, 1.48534436319105043e4, 1.58906748276224725e1, 3.64261079629909190e0, 5.27738525690248840e-5, 3.92863199429319566e-3
EB04W2C_SOLVE,1782, 7.19657149841315680e-2, 2.94820651715595721e-6, 2.44099979310657800e4, 2.06215477440476391e1, 5.44594413331419691e0, 1.40871761743732341e-4, 1.72672641292466981e-4
EB04W2C_SOLVE,1783, 2.88964163125564853e-2, 8.40507593356841697e-7, 3.43797207079940854e4, 1.17069934550063373e1, 2.27187298876623611e0, 1.67467814131952467e-5, 4.73127186983465179e-3
EB04W2C_SOLVE,1784, 2.47078260051649991e-2, 3.01575910774595353e-6, 8.19290438075877501e3, 2.08327364665289352e1, 5.53222400261636960e0, 1.46392995769923620e-4, 1.71361778270755867e-4
EB04W2C_SOLVE,1785, 3.08543236790998869e-2, 3.41287295174805566e-6, 9.04057200936720074e3, 2.20241859305739354e1, 6.02781143273299058e0, 1.80588059996573627e-4, 1.58623686614667975e-3
EB04W2C_SOLVE,1786, 1.04776188635996529e-2, 9.18192923959219398e-7, 1.14111300470716815e4, 1.21845923792546227e1, 2.41678064449863683e0, 1.94573228573086303e-5, 6.75251635580945142e-3
EB04W2C_SOLVE,1787, 2.23276958521959508e-2, 1.33080321022072813e-6, 1.67776089512833823e4, 1.44093253647890478e1, 3.13174061158061123e0, 3.65262739977982820e-5, 1.95496490519619578e-4
EB04W2C_SOLVE,1808, 2.32148357186218214e-2, 9.28445618690218738e-7, 2.50039800407174807e4, 1.22459328626088837e1, 2.43561737019478075e0, 1.98274524920087587e-5, 7.02021296442348428e-3
EB04W2C_SOLVE,1809, 1.73743440596135258e-2, 1.10793230793203757e-6, 1.56817739993906707e4, 1.32644480859991791e1, 2.75574689035248088e0, 2.67622813657503421e-5, 1.94813156621276691e-4
EB04W2C_SOLVE,1810, 2.48483037067761710e-2, 1.83604005342651984e-6, 1.35336392364659405e4, 1.66610620925038546e1, 3.91879489205727749e0, 6.30655513546357415e-5, 3.89066454708939359e-3
EB04W2C_SOLVE,1811, 3.28920800476527539e-2, 1.33276833896717324e-6, 2.46795178771596729e4, 1.44189282617414882e1, 3.13496486896995252e0, 3.66178512875104802e-5, 1.95495500209128496e-4
EB04W2C_SOLVE,1812, 2.82933063184099276e-2, 1.53727160038093653e-6, 1.84048845444089602e4, 1.53785344867650782e1, 3.46294731624840590e0, 4.66551899086427933e-5, 3.83180814117495142e-3
EB04W2C_SOLVE,1817, 2.16387305828272258e-2, 1.76114158902713316e-6, 1.22867637205595784e4, 1.63511128265493255e1, 3.80682994680639686e0, 5.87620674940119095e-5, 3.93166046544863451e-3
EB04W2C_SOLVE,1818, 2.06441327512216881e-2, 1.09466263413181512e-6, 1.88588996349498120e4, 1.31924216083530261e1, 2.73265759311503365e0, 2.62206132700555774e-5, 1.94719028116151297e-4
EB04W2C_SOLVE,1819, 2.91817808285742483e-2, 1.18997553739914112e-6, 2.45230090127357871e4, 1.36995445048497011e1, 2.89665845653866105e0, 3.02114958898599597e-5, 1.95257866078445618e-4
EB04W2C_SOLVE,1820, 4.18388974569827224e-2, 1.00436785790804435e-6, 4.16569458366849794e4, 1.26889655648671624e1, 2.57317148208213409e0, 2.26566803728380262e-5, 8.92590742081124898e-3
EB04W2C_SOLVE,1821, 5.60468276718648836e-2, 4.06454862949145181e-6, 1.37891886113015589e4, 2.38228521296685258e1, 6.80376770361965644e0, 2.42928293936876035e-4, 1.07645711454406223e-3
EB04W2C_SOLVE,1822, 4.08045852299538311e-2, 2.25523438820189140e-6, 1.80932791036800008e4, 1.82787441581464201e1, 4.52129731946844693e0, 8.94026673065941057e-5, 1.85557265414335433e-4
EB04W2C_SOLVE,1823, 3.41985345500676191e-2, 2.21186534498559612e-6, 1.54613998666769312e4, 1.81195778807217494e1, 4.46068655596877228e0, 8.65046938778979668e-5, 1.86275232677383912e-4
EB04W2C_SOLVE,1824, 4.86972823044005271e-2, 1.84599821998683212e-6, 2.63799183429049554e4, 1.67017403288988113e1, 3.93357347199593921e0, 6.36471065502019389e-5, 3.88345932258591384e-3
EB04W2C_SOLVE,1828, 2.99065062083407988e-2, 2.59948385009237648e-6, 1.15047863087428013e4, 1.94860299584936669e1, 4.99026287671464797e0, 1.13775207231851878e-4, 1.79567717515469752e-4
EB04W2C_SOLVE,1830, 3.06013694334847895e-2, 1.14787880569377624e-6, 2.66590595467867061e4, 1.34784408679034922e1, 2.82474467843089094e0, 2.84202413385732601e-5, 1.95059217112188285e-4
EB04W2C_SOLVE,1831, 2.40042003215002464e-2, 1.83059819731549247e-6, 1.31127630064869281e4, 1.66387809375613784e1, 3.91070830372705514e0, 6.27486748903490941e-5, 3.89444033313308827e-3
EB04W2C_SOLVE,1857, 1.75633703414504461e-2, 3.79372312847411423e-6, 4.62958675334714462e3, 2.30963961524079231e1, 6.48640486577490982e0, 2.16101889590746698e-4, 1.25494864582901839e-3
EB04W2C_SOLVE,1858, 1.15700714239074728e-2, 7.69200167942197578e-7, 1.50416912347540201e4, 1.12466588859471806e1, 2.13518681187424564e0, 1.44076449639529109e-5, 5.16098955724161152e-4
EB04W2C_SOLVE,1876, 2.42930184369646376e-2, 1.24076936272334462e-6, 1.95789960381067795e4, 1.39606478882137743e1, 2.98239146504226804e0, 3.24323126049314532e-5, 1.95415286732426673e-4
EB04W2C_SOLVE,1879, 2.51341280485560814e-2, 2.15844253669549969e-6, 1.16445666823428874e4, 1.79211164868629957e1, 4.38551431424704052e0, 8.29890130652847764e-5, 1.87143974273357513e-4
EB04W2C_SOLVE,1880, 9.73831986154637813e-2, 5.83960009936922547e-6, 1.66763471741811227e4, 2.80278054035304223e1, 8.74245336454603539e0, 4.49299897472764896e-4, 9.47889997549711391e-4
EB04W2C_SOLVE,1881, 2.76777939494493308e-2, 2.17586187077066039e-6, 1.27203818961385805e4, 1.79861241122144619e1, 4.41008830908180016e0, 8.41287700217585057e-5, 1.86862747898724113e-4
EB04W2C_SOLVE,1897, 1.03368462610612440e-2, 1.93033997828249177e-6, 5.35493559546872712e3, 1.70415002681119176e1, 4.05776734094236069e0, 6.86601509486217356e-5, 3.80865779907060701e-3
EB04W2C_SOLVE,1904, 1.15937967878989544e-2, 2.00159138429319718e-6, 5.79228951467182742e3, 1.73221711030457222e1, 4.16137678379606957e0, 7.30160406313343365e-5, 3.72955846079191331e-3
EB04W2C_SOLVE,1905, 1.75389299656836112e-2, 1.90560305085017530e-6, 9.20387378570721012e3, 1.69427180098271215e1, 4.02151987929509414e0, 6.71736947082849056e-5, 3.83295617868522091e-3
EB04W2C_SOLVE,1906, 4.47848661097309531e-2, 5.97022815825533459e-6, 7.50136593151882607e3, 2.83070431992496516e1, 8.87710406704272970e0, 4.66488339017035022e-4, 8.94788679004179474e-4
EB04W2C_SOLVE,1907, 1.05441009725138202e-2, 2.53534841459875506e-6, 4.15883707020304428e3, 1.92681510788981214e1, 4.90443368901976573e0, 1.09052613469543935e-4, 1.80760860578967080e-4
EB04W2C_SOLVE,1912, 1.65940062848688105e-2, 8.63014318955142188e-7, 1.92279617155823034e4, 1.18477818778826265e1, 2.31426433215238347e0, 1.75148626097056386e-5, 5.30876654207073327e-3
EB04W2C_SOLVE,1923, 1.39381065931392777e-2, 2.16002750734856000e-6, 6.45274495149755967e3, 1.79270434763683539e1, 4.38775282551255508e0, 8.30924544423028904e-5, 1.87118471198843568e-4
EB04W2C_SOLVE,1924, 1.38111249833397735e-2, 1.88582990069897101e-6, 7.32363241150263184e3, 1.68632456136904594e1, 3.99244073999097981e0, 6.59951405994722580e-5, 3.85103327322757144e-3
EB04W2C_SOLVE,2131, 1.44553266562279653e-2, 1.50403462593944175e-6, 9.61103315503721205e3, 1.52276033775348534e1, 3.41060776740456850e0, 4.49563177292283724e-5, 3.78263817798890579e-3
EB04W2C_SOLVE,2135, 2.50168088354369399e-2, 1.16775876622713463e-6, 2.14229253155279257e4, 1.35834045959762815e1, 2.85880535404782643e0, 2.92605482052515433e-5, 1.95160774094039704e-4
EB04W2C_SOLVE,2136, 1.43421384960389555e-2, 1.30341549647820767e-6, 1.10035046650826334e4, 1.42746664835412922e1, 3.08664994965174211e0, 3.52597991343907706e-5, 1.95497084036984066e-4
EB04W2C_SOLVE,2165, 4.83768966819120919e-2, 2.26147423777986271e-6, 2.13917522798777136e4, 1.83015045671164991e1, 4.52998790665847295e0, 8.98228451999238378e-5, 1.85453114545853517e-4
EB04W2C_SOLVE,2167, 1.53490266971025059e-2, 7.71349723759052783e-7, 1.98989203266987824e4, 1.12608719166195890e1, 2.13936270841262743e0, 1.44760372040872230e-5, 5.23143278194784594e-4
EB04W2C_SOLVE,2168, 3.90791693074920982e-2, 2.33706134482255708e-6, 1.67214991570789134e4, 1.85744943873747879e1, 4.63467770442787064e0, 9.49767636508936936e-5, 1.84176396739917753e-4
EB04W2C_SOLVE,2169, 2.80383990200538218e-2, 1.26751789551479121e-6, 2.21207125510967817e4, 1.40957749943470105e1, 3.02710214354957463e0, 3.36277100052529703e-5, 1.95462537410867306e-4
concave depositing instrument: storms=227 clean=227 flux_refusals=0 depositing=227 tdet=941903.9 kg tdep=74584.4 kg
test erod16_wave1_continuity_conserves_on_mckenzie_clay_loam_storm_forcing ... ok

test result: ok. 1 passed; 0 failed; 0 ignored; 0 measured; 0 filtered out; finished in 25.24s

        PASS [  25.253s] (1/1) openwepp::erod16_wave1_continuity_fixture_conservation erod16_wave1_continuity_conserves_on_mckenzie_clay_loam_storm_forcing
────────────
     Summary [  25.254s] 1 test run: 1 passed, 0 skipped
