CASE current_packet_positive PASS expected=positive
CASE missing_record PASS expected=records
CASE wrong_boundary_valid_json PASS expected=input
CASE raw_pair_mismatch PASS expected=input_pair
CASE capture_mismatch PASS expected=capture
CASE overflow_observation_loss PASS expected=observation
CASE poisoned_observation_loss PASS expected=observation
CASE truncated_input PASS expected=typed
CASE generic_panic PASS expected=error
CASE timeout_only PASS expected=receipt
CASE wrong_binary PASS expected=receipt
CASE zero_exit PASS expected=receipt
CASE infrastructure PASS expected=receipt
CASE run_hash PASS expected=receipt
CASE artifact_hash PASS expected=receipt
CASE wrong_argv PASS expected=selection
CASE zero_listing PASS expected=selection
CASE missing_beginning PASS expected=typed
CASE missing_parent PASS expected=typed
CASE missing_working PASS expected=typed
CASE missing_ofe PASS expected=ofe
CASE extra_ofe PASS expected=ofe
CASE wrong_ofe_guard_scalar PASS expected=guard
CASE support PASS expected=support
CASE authority_support_start PASS expected=support
CASE authority_support_end PASS expected=support
CASE ordinal PASS expected=ordinal
CASE prior_receipt PASS expected=ordinal
CASE upper_bound PASS expected=support
CASE u128_out_of_domain PASS expected=input
CASE beginning_cumulative_supply_m_owner_copy PASS expected=beginning
CASE beginning_cumulative_infiltration_m_owner_copy PASS expected=beginning
CASE working_cumulative_supply_m_owner_copy PASS expected=cumulative
CASE working_cumulative_infiltration_m_owner_copy PASS expected=cumulative
CASE persistent_cumulative_supply_m_owner_copy PASS expected=parent
CASE candidate_cumulative_supply_m_owner_copy PASS expected=parent
CASE cursor_cumulative_supply_m_owner_copy PASS expected=cumulative
CASE scalar_cumulative_supply_m_owner_copy PASS expected=cumulative
CASE persistent_cumulative_infiltration_m_owner_copy PASS expected=parent
CASE candidate_cumulative_infiltration_m_owner_copy PASS expected=parent
CASE cursor_cumulative_infiltration_m_owner_copy PASS expected=cumulative
CASE scalar_cumulative_infiltration_m_owner_copy PASS expected=cumulative
CASE coherent_cumulative_supply_m_positive_one PASS expected=cumulative
CASE coherent_cumulative_supply_m_negative_one PASS expected=cumulative
CASE coherent_cumulative_supply_m_negative_zero PASS expected=cumulative
CASE coherent_cumulative_supply_m_nonfinite PASS expected=cumulative
CASE coherent_cumulative_supply_m_nonnumeric PASS expected=cumulative
CASE coherent_cumulative_infiltration_m_positive_one PASS expected=cumulative
CASE coherent_cumulative_infiltration_m_negative_one PASS expected=cumulative
CASE coherent_cumulative_infiltration_m_negative_zero PASS expected=cumulative
CASE coherent_cumulative_infiltration_m_nonfinite PASS expected=cumulative
CASE coherent_cumulative_infiltration_m_nonnumeric PASS expected=cumulative
CASE transaction_authority_only PASS expected=identity
CASE transaction_prefix_only PASS expected=identity
CASE transaction_binding_only PASS expected=identity
CASE beginning_owner_authority_only PASS expected=identity
CASE beginning_owner_prefix_only PASS expected=identity
CASE ending_owner_prefix_only PASS expected=identity
CASE ending_owner_binding_only PASS expected=identity
CASE missing_accepted_slab PASS expected=identity
CASE malformed_accepted_slab PASS expected=identity
CASE zero_accepted_slab PASS expected=identity
CASE missing_parent_id PASS expected=identity
CASE malformed_parent_id PASS expected=identity
CASE u128_negative PASS expected=input
CASE u128_wrong_type PASS expected=input
CASE u128_max_boundary PASS expected=input
CASE receipt_wrong_exit PASS expected=receipt
CASE run_schema PASS expected=receipt
CASE run_reason PASS expected=error
CASE u128_large_over_u64 PASS expected=input
CASE u128_max PASS expected=input
CASE u128_overflow PASS expected=input
CASE u128_negative PASS expected=input
CASE u128_wrong_type PASS expected=input
