	Command being timed: "/usr/bin/timeout --signal=TERM --kill-after=5s 900s /usr/bin/prlimit --as=1073741824:1073741824 /workdir/openWEPP/.venv/bin/python /workdir/openWEPP/docs/work-packages/20260911-b01-wb14-verified-cadence-repair-001/artifacts/diagnostic-use-capture-20260916/inspect_context.py /workdir/openwepp-experiments/b01-wb14-cadence/corrected-recorder-export-20260916-1 /workdir/openwepp-experiments/b01-wb14-cadence/corrected-recorder-context-20260916-1"
	User time (seconds): 1.05
	System time (seconds): 0.07
	Percent of CPU this job got: 93%
	Elapsed (wall clock) time (h:mm:ss or m:ss): 0:01.20
	Average shared text size (kbytes): 0
	Average unshared data size (kbytes): 0
	Average stack size (kbytes): 0
	Average total size (kbytes): 0
	Maximum resident set size (kbytes): 77684
	Average resident set size (kbytes): 0
	Major (requiring I/O) page faults: 0
	Minor (reclaiming a frame) page faults: 17898
	Voluntary context switches: 16
	Involuntary context switches: 16
	Swaps: 0
	File system inputs: 0
	File system outputs: 4224
	Socket messages sent: 0
	Socket messages received: 0
	Signals delivered: 0
	Page size (bytes): 4096
	Exit status: 0
