	Command being timed: "/usr/bin/timeout --signal=TERM --kill-after=5s 3600s /usr/bin/prlimit --as=1073741824:1073741824 /workdir/openWEPP/.venv/bin/python /workdir/openWEPP/docs/work-packages/20260911-b01-wb14-verified-cadence-repair-001/artifacts/diagnostic-use-capture-20260916/export_selected.py /workdir/openwepp-experiments/b01-wb14-cadence/corrected-recorder-capture-20260916-1/observations.json /workdir/openWEPP/docs/work-packages/20260911-b01-wb14-verified-cadence-repair-001/artifacts/diagnostic-use-capture-20260916/inventory /workdir/openwepp-experiments/b01-wb14-cadence/corrected-recorder-export-20260916-1 --max-export-bytes 4294967296 --reserve-bytes 1073741824"
	User time (seconds): 1100.69
	System time (seconds): 2.42
	Percent of CPU this job got: 100%
	Elapsed (wall clock) time (h:mm:ss or m:ss): 18:22.95
	Average shared text size (kbytes): 0
	Average unshared data size (kbytes): 0
	Average stack size (kbytes): 0
	Average total size (kbytes): 0
	Maximum resident set size (kbytes): 29676
	Average resident set size (kbytes): 0
	Major (requiring I/O) page faults: 0
	Minor (reclaiming a frame) page faults: 6096
	Voluntary context switches: 11039
	Involuntary context switches: 13128
	Swaps: 0
	File system inputs: 16994840
	File system outputs: 3508856
	Socket messages sent: 0
	Socket messages received: 0
	Signals delivered: 0
	Page size (bytes): 4096
	Exit status: 0
