	Command being timed: "/usr/bin/timeout --signal=TERM --kill-after=5s 600s /usr/bin/prlimit --as=1073741824:1073741824 /workdir/openWEPP/.venv/bin/python /workdir/openWEPP/docs/work-packages/20260911-b01-wb14-verified-cadence-repair-001/artifacts/diagnostic-use-capture-20260916/inspect_exports.py /workdir/openwepp-experiments/b01-wb14-cadence/corrected-recorder-export-20260916-1 /workdir/openwepp-experiments/b01-wb14-cadence/corrected-recorder-inspection-20260916-1"
	User time (seconds): 1.00
	System time (seconds): 0.31
	Percent of CPU this job got: 93%
	Elapsed (wall clock) time (h:mm:ss or m:ss): 0:01.41
	Average shared text size (kbytes): 0
	Average unshared data size (kbytes): 0
	Average stack size (kbytes): 0
	Average total size (kbytes): 0
	Maximum resident set size (kbytes): 29724
	Average resident set size (kbytes): 0
	Major (requiring I/O) page faults: 0
	Minor (reclaiming a frame) page faults: 7629
	Voluntary context switches: 59
	Involuntary context switches: 19
	Swaps: 0
	File system inputs: 1535648
	File system outputs: 944
	Socket messages sent: 0
	Socket messages received: 0
	Signals delivered: 0
	Page size (bytes): 4096
	Exit status: 0
