+ rg -n 'include!\("tests03/(controlled_mechanism_experiments|snow_accuracy_experiment)\.rs"\)|fn stage3_snow_accuracy_case|fn stage3_controlled_mechanism_experiment|execute_hillslope_run_with_runtime_policy|Command::new\(std::env::current_exe' /workdir/openwepp-experiments/b01-wb14-cadence/recovery-inputs/crates/openwepp-runner/src/hillslope --glob '*.rs'
/workdir/openwepp-experiments/b01-wb14-cadence/recovery-inputs/crates/openwepp-runner/src/hillslope/03_tests.rs:48:    include!("tests03/controlled_mechanism_experiments.rs");
/workdir/openwepp-experiments/b01-wb14-cadence/recovery-inputs/crates/openwepp-runner/src/hillslope/03_tests.rs:49:    include!("tests03/snow_accuracy_experiment.rs");
/workdir/openwepp-experiments/b01-wb14-cadence/recovery-inputs/crates/openwepp-runner/src/hillslope/03_tests.rs:166:                    execute_hillslope_run_with_runtime_policy(
/workdir/openwepp-experiments/b01-wb14-cadence/recovery-inputs/crates/openwepp-runner/src/hillslope/03_tests.rs:521:        let report = execute_hillslope_run_with_runtime_policy(
/workdir/openwepp-experiments/b01-wb14-cadence/recovery-inputs/crates/openwepp-runner/src/hillslope/03_tests.rs:926:        execute_hillslope_run_with_runtime_policy(
/workdir/openwepp-experiments/b01-wb14-cadence/recovery-inputs/crates/openwepp-runner/src/hillslope/03_tests.rs:1000:        let outside_error = execute_hillslope_run_with_runtime_policy(
/workdir/openwepp-experiments/b01-wb14-cadence/recovery-inputs/crates/openwepp-runner/src/hillslope/05_runner_execution_and_outputs.rs:2297:    execute_hillslope_run_with_runtime_policy(
/workdir/openwepp-experiments/b01-wb14-cadence/recovery-inputs/crates/openwepp-runner/src/hillslope/05_runner_execution_and_outputs.rs:2337:    execute_hillslope_run_with_runtime_policy(
/workdir/openwepp-experiments/b01-wb14-cadence/recovery-inputs/crates/openwepp-runner/src/hillslope/05_runner_execution_and_outputs.rs:2348:pub fn execute_hillslope_run_with_runtime_policy(
/workdir/openwepp-experiments/b01-wb14-cadence/recovery-inputs/crates/openwepp-runner/src/hillslope/tests03/cqr_laned_active_outputs.rs:483:            execute_hillslope_run_with_runtime_policy(
/workdir/openwepp-experiments/b01-wb14-cadence/recovery-inputs/crates/openwepp-runner/src/hillslope/tests03/cqr_laned_active_outputs.rs:772:            execute_hillslope_run_with_runtime_policy(
/workdir/openwepp-experiments/b01-wb14-cadence/recovery-inputs/crates/openwepp-runner/src/hillslope/tests03/cqr_laned_active_outputs.rs:872:            execute_hillslope_run_with_runtime_policy(
/workdir/openwepp-experiments/b01-wb14-cadence/recovery-inputs/crates/openwepp-runner/src/hillslope/tests03/cqr_laned_active_outputs.rs:1173:            std::process::Command::new(std::env::current_exe().expect("test executable"));
/workdir/openwepp-experiments/b01-wb14-cadence/recovery-inputs/crates/openwepp-runner/src/hillslope/tests03/cqr_laned_active_outputs.rs:1216:    let result = execute_hillslope_run_with_runtime_policy(
/workdir/openwepp-experiments/b01-wb14-cadence/recovery-inputs/crates/openwepp-runner/src/hillslope/tests03/cqr_laned_active_outputs.rs:1290:        let status = std::process::Command::new(std::env::current_exe().expect("test executable"))
/workdir/openwepp-experiments/b01-wb14-cadence/recovery-inputs/crates/openwepp-runner/src/hillslope/tests03/wat5_output_transaction.rs:32:        let status = std::process::Command::new(std::env::current_exe().expect("test executable"))
/workdir/openwepp-experiments/b01-wb14-cadence/recovery-inputs/crates/openwepp-runner/src/hillslope/tests03/wat5_output_transaction.rs:95:    let error = execute_hillslope_run_with_runtime_policy(
/workdir/openwepp-experiments/b01-wb14-cadence/recovery-inputs/crates/openwepp-runner/src/hillslope/tests03/stage3_runner_qualification.rs:16:            execute_hillslope_run_with_runtime_policy(
/workdir/openwepp-experiments/b01-wb14-cadence/recovery-inputs/crates/openwepp-runner/src/hillslope/tests03/stage3_runner_qualification.rs:360:                execute_hillslope_run_with_runtime_policy(
/workdir/openwepp-experiments/b01-wb14-cadence/recovery-inputs/crates/openwepp-runner/src/hillslope/tests03/stage3_runner_qualification.rs:669:        let status = std::process::Command::new(std::env::current_exe().expect("test executable"))
/workdir/openwepp-experiments/b01-wb14-cadence/recovery-inputs/crates/openwepp-runner/src/hillslope/tests03/stage3_runner_qualification.rs:715:    let report = execute_hillslope_run_with_runtime_policy(
/workdir/openwepp-experiments/b01-wb14-cadence/recovery-inputs/crates/openwepp-runner/src/hillslope/tests03/stage3_runner_qualification.rs:1564:    let error = execute_hillslope_run_with_runtime_policy(
/workdir/openwepp-experiments/b01-wb14-cadence/recovery-inputs/crates/openwepp-runner/src/hillslope/tests03/stage3_runner_qualification.rs:1636:    let report = execute_hillslope_run_with_runtime_policy(
/workdir/openwepp-experiments/b01-wb14-cadence/recovery-inputs/crates/openwepp-runner/src/hillslope/tests03/stage3_runner_qualification.rs:2572:                execute_hillslope_run_with_runtime_policy(
/workdir/openwepp-experiments/b01-wb14-cadence/recovery-inputs/crates/openwepp-runner/src/hillslope/tests03/snow_accuracy_experiment.rs:4:fn stage3_snow_accuracy_case() {
/workdir/openwepp-experiments/b01-wb14-cadence/recovery-inputs/crates/openwepp-runner/src/hillslope/tests03/snow_accuracy_experiment.rs:155:    let result = execute_hillslope_run_with_runtime_policy(
/workdir/openwepp-experiments/b01-wb14-cadence/recovery-inputs/crates/openwepp-runner/src/hillslope/tests03/stage3_long_run_qualification.rs:328:    let report = execute_hillslope_run_with_runtime_policy(
/workdir/openwepp-experiments/b01-wb14-cadence/recovery-inputs/crates/openwepp-runner/src/hillslope/tests03/stage3_long_run_qualification.rs:957:    let report = execute_hillslope_run_with_runtime_policy(
/workdir/openwepp-experiments/b01-wb14-cadence/recovery-inputs/crates/openwepp-runner/src/hillslope/tests03/stage3_long_run_qualification.rs:2883:        "timed_scope": "completed_execute_hillslope_run_with_runtime_policy_only; exclusive profiler begins immediately before and is taken immediately after that wall scope",
/workdir/openwepp-experiments/b01-wb14-cadence/recovery-inputs/crates/openwepp-runner/src/hillslope/tests03/stage3_runner_qualification/complete_season_reappearance.rs:15:                execute_hillslope_run_with_runtime_policy(
/workdir/openwepp-experiments/b01-wb14-cadence/recovery-inputs/crates/openwepp-runner/src/hillslope/tests03/controlled_mechanism_experiments.rs:8:fn stage3_controlled_mechanism_experiment() {
/workdir/openwepp-experiments/b01-wb14-cadence/recovery-inputs/crates/openwepp-runner/src/hillslope/tests03/controlled_mechanism_experiments.rs:445:    let report = execute_hillslope_run_with_runtime_policy(
/workdir/openwepp-experiments/b01-wb14-cadence/recovery-inputs/crates/openwepp-runner/src/hillslope/tests03/direct_publication_source_guards.rs:155:        .split("pub fn execute_hillslope_run_with_runtime_policy")
+ rg -n 'execute_surface_liquid_ingress_with_parent_state_and_coupled_binding|execute_surface_liquid_ingress_with_parent_state\(|DirectWb14ParentIntervalV1|ValidatedNativeInactiveWb14PrefixV1|wb14_parent_replay_bytes|wb14_child_replay_bytes' /workdir/openwepp-experiments/b01-wb14-cadence/recovery-inputs/crates/openwepp-hillslope-orchestrator/src --glob '*.rs'
/workdir/openwepp-experiments/b01-wb14-cadence/recovery-inputs/crates/openwepp-hillslope-orchestrator/src/v9_real_consumer_shadow/frozen_litter_v3_adoption.rs:807:        prefix: crate::direct_runtime::ValidatedNativeInactiveWb14PrefixV1,
/workdir/openwepp-experiments/b01-wb14-cadence/recovery-inputs/crates/openwepp-hillslope-orchestrator/src/v9_real_consumer_shadow/accepted_publication_support_capability.rs:51:            self.wb14_parent_replay_bytes
/workdir/openwepp-experiments/b01-wb14-cadence/recovery-inputs/crates/openwepp-hillslope-orchestrator/src/v9_real_consumer_shadow/accepted_publication_support_capability.rs:357:                .wb14_parent_replay_bytes
/workdir/openwepp-experiments/b01-wb14-cadence/recovery-inputs/crates/openwepp-hillslope-orchestrator/src/land_surface_energy_shadow/real_hydrology_execution.rs:602:    let surface_ingress = execute_surface_liquid_ingress_with_parent_state_and_coupled_binding(
/workdir/openwepp-experiments/b01-wb14-cadence/recovery-inputs/crates/openwepp-hillslope-orchestrator/src/snow_stage3_v11_real_parent_execution.rs:16:    native_inactive_wb14_prefix: Option<crate::direct_runtime::ValidatedNativeInactiveWb14PrefixV1>,
/workdir/openwepp-experiments/b01-wb14-cadence/recovery-inputs/crates/openwepp-hillslope-orchestrator/src/land_surface_energy_shadow/mod.rs:55:    execute_surface_liquid_ingress_with_parent_state_and_coupled_binding,
/workdir/openwepp-experiments/b01-wb14-cadence/recovery-inputs/crates/openwepp-hillslope-orchestrator/src/snow_stage3_v11_restart.rs:283:    wb14_child_replay_bytes: Vec<u8>,
/workdir/openwepp-experiments/b01-wb14-cadence/recovery-inputs/crates/openwepp-hillslope-orchestrator/src/snow_stage3_v11_restart.rs:284:    wb14_parent_replay_bytes: Option<Vec<u8>>,
/workdir/openwepp-experiments/b01-wb14-cadence/recovery-inputs/crates/openwepp-hillslope-orchestrator/src/snow_stage3_v11_restart.rs:314:            wb14_child_replay_bytes: value.wb14_child_replay_bytes.clone(),
/workdir/openwepp-experiments/b01-wb14-cadence/recovery-inputs/crates/openwepp-hillslope-orchestrator/src/snow_stage3_v11_restart.rs:315:            wb14_parent_replay_bytes: value.wb14_parent_replay_bytes.clone(),
/workdir/openwepp-experiments/b01-wb14-cadence/recovery-inputs/crates/openwepp-hillslope-orchestrator/src/snow_stage3_v11_restart.rs:373:            wb14_child_replay_bytes: self.wb14_child_replay_bytes,
/workdir/openwepp-experiments/b01-wb14-cadence/recovery-inputs/crates/openwepp-hillslope-orchestrator/src/snow_stage3_v11_restart.rs:374:            wb14_parent_replay_bytes: self.wb14_parent_replay_bytes,
/workdir/openwepp-experiments/b01-wb14-cadence/recovery-inputs/crates/openwepp-hillslope-orchestrator/src/snow_stage3_v11_restart.rs:1440:    wb14_child_replay_bytes: &'a [u8],
/workdir/openwepp-experiments/b01-wb14-cadence/recovery-inputs/crates/openwepp-hillslope-orchestrator/src/snow_stage3_v11_restart.rs:1441:    wb14_parent_replay_bytes: &'a Option<Vec<u8>>,
/workdir/openwepp-experiments/b01-wb14-cadence/recovery-inputs/crates/openwepp-hillslope-orchestrator/src/snow_stage3_v11_restart.rs:1470:            wb14_child_replay_bytes: &value.wb14_child_replay_bytes,
/workdir/openwepp-experiments/b01-wb14-cadence/recovery-inputs/crates/openwepp-hillslope-orchestrator/src/snow_stage3_v11_restart.rs:1471:            wb14_parent_replay_bytes: &value.wb14_parent_replay_bytes,
/workdir/openwepp-experiments/b01-wb14-cadence/recovery-inputs/crates/openwepp-hillslope-orchestrator/src/v9_real_consumer_shadow/snow_free_physical_reuse.rs:302:    native_inactive_wb14_prefix: Option<crate::direct_runtime::ValidatedNativeInactiveWb14PrefixV1>,
/workdir/openwepp-experiments/b01-wb14-cadence/recovery-inputs/crates/openwepp-hillslope-orchestrator/src/v9_real_consumer_shadow/snow_free_physical_reuse.rs:323:            crate::direct_runtime::ValidatedNativeInactiveWb14PrefixV1,
/workdir/openwepp-experiments/b01-wb14-cadence/recovery-inputs/crates/openwepp-hillslope-orchestrator/src/v9_real_consumer_shadow/snow_free_physical_reuse.rs:366:    native_inactive_wb14_prefix: Option<crate::direct_runtime::ValidatedNativeInactiveWb14PrefixV1>,
/workdir/openwepp-experiments/b01-wb14-cadence/recovery-inputs/crates/openwepp-hillslope-orchestrator/src/v9_real_consumer_shadow/snow_free_physical_reuse.rs:805:        support.wb14_parent_replay_bytes.is_some(),
/workdir/openwepp-experiments/b01-wb14-cadence/recovery-inputs/crates/openwepp-hillslope-orchestrator/src/v9_real_consumer_shadow/snow_free_physical_reuse.rs:816:    support.wb14_parent_replay_bytes = parent_replay;
/workdir/openwepp-experiments/b01-wb14-cadence/recovery-inputs/crates/openwepp-hillslope-orchestrator/src/v9_real_consumer_shadow/snow_free_physical_reuse.rs:838:            .wb14_parent_replay_bytes
/workdir/openwepp-experiments/b01-wb14-cadence/recovery-inputs/crates/openwepp-hillslope-orchestrator/src/v9_real_consumer_shadow_wb14_routing_tests.rs:591:        child_receipts.push(ingress.wb14_child_replay_bytes().to_vec());
/workdir/openwepp-experiments/b01-wb14-cadence/recovery-inputs/crates/openwepp-hillslope-orchestrator/src/snow_stage3_v11_terminal_execution.rs:322:                &carrier_phase.wb14_child_replay_bytes,
/workdir/openwepp-experiments/b01-wb14-cadence/recovery-inputs/crates/openwepp-hillslope-orchestrator/src/snow_stage3_v11_terminal_execution.rs:337:                &carrier_phase.wb14_child_replay_bytes,
/workdir/openwepp-experiments/b01-wb14-cadence/recovery-inputs/crates/openwepp-hillslope-orchestrator/src/snow_stage3_v11_terminal_execution.rs:2870:    let (wb14_child_replay_bytes, wb14_parent_replay_bytes) =
/workdir/openwepp-experiments/b01-wb14-cadence/recovery-inputs/crates/openwepp-hillslope-orchestrator/src/snow_stage3_v11_terminal_execution.rs:2874:    let wb14_child_replay_bytes = wb14_child_replay_bytes.to_vec();
/workdir/openwepp-experiments/b01-wb14-cadence/recovery-inputs/crates/openwepp-hillslope-orchestrator/src/snow_stage3_v11_terminal_execution.rs:2875:    let wb14_parent_replay_bytes = wb14_parent_replay_bytes.map(ToOwned::to_owned);
/workdir/openwepp-experiments/b01-wb14-cadence/recovery-inputs/crates/openwepp-hillslope-orchestrator/src/snow_stage3_v11_terminal_execution.rs:2878:            &wb14_child_replay_bytes,
/workdir/openwepp-experiments/b01-wb14-cadence/recovery-inputs/crates/openwepp-hillslope-orchestrator/src/snow_stage3_v11_terminal_execution.rs:2977:        wb14_child_replay_bytes,
/workdir/openwepp-experiments/b01-wb14-cadence/recovery-inputs/crates/openwepp-hillslope-orchestrator/src/snow_stage3_v11_terminal_execution.rs:2978:        wb14_parent_replay_bytes,
/workdir/openwepp-experiments/b01-wb14-cadence/recovery-inputs/crates/openwepp-hillslope-orchestrator/src/snow_stage3_v11_terminal_execution_batch.rs:48:            &exact.phase.wb14_child_replay_bytes,
/workdir/openwepp-experiments/b01-wb14-cadence/recovery-inputs/crates/openwepp-hillslope-orchestrator/src/snow_stage3_v11_terminal_execution_batch.rs:61:                    &exact.phase.wb14_child_replay_bytes,
/workdir/openwepp-experiments/b01-wb14-cadence/recovery-inputs/crates/openwepp-hillslope-orchestrator/src/land_surface_energy_shadow/covered_v8_owner.rs:446:        push_bytes(&mut bytes, ingress.wb14_child_replay_bytes());
/workdir/openwepp-experiments/b01-wb14-cadence/recovery-inputs/crates/openwepp-hillslope-orchestrator/src/land_surface_energy_shadow/covered_v8_owner.rs:454:        match ingress.wb14_parent_replay_bytes() {
/workdir/openwepp-experiments/b01-wb14-cadence/recovery-inputs/crates/openwepp-hillslope-orchestrator/src/v9_real_consumer_shadow_publication_retention.rs:257:    wb14_parent_replay_bytes: Option<Vec<u8>>,
/workdir/openwepp-experiments/b01-wb14-cadence/recovery-inputs/crates/openwepp-hillslope-orchestrator/src/v9_real_consumer_shadow_publication_retention.rs:297:            wb14_parent_replay_bytes: self.wb14_parent_replay_bytes.clone(),
/workdir/openwepp-experiments/b01-wb14-cadence/recovery-inputs/crates/openwepp-hillslope-orchestrator/src/v9_real_consumer_shadow_publication_retention.rs:1640:    wb14_child_replay_bytes: Vec<u8>,
/workdir/openwepp-experiments/b01-wb14-cadence/recovery-inputs/crates/openwepp-hillslope-orchestrator/src/v9_real_consumer_shadow_publication_retention.rs:1641:    wb14_parent_replay_bytes: Option<Vec<u8>>,
/workdir/openwepp-experiments/b01-wb14-cadence/recovery-inputs/crates/openwepp-hillslope-orchestrator/src/v9_real_consumer_shadow_publication_retention.rs:2388:            wb14_child_replay_bytes: self.wb14_child_replay.materialize(),
/workdir/openwepp-experiments/b01-wb14-cadence/recovery-inputs/crates/openwepp-hillslope-orchestrator/src/v9_real_consumer_shadow_publication_retention.rs:2389:            wb14_parent_replay_bytes: self.wb14_parent_replay_bytes.clone(),
/workdir/openwepp-experiments/b01-wb14-cadence/recovery-inputs/crates/openwepp-hillslope-orchestrator/src/v9_real_consumer_shadow_publication_retention.rs:2448:                wire.wb14_child_replay_bytes,
/workdir/openwepp-experiments/b01-wb14-cadence/recovery-inputs/crates/openwepp-hillslope-orchestrator/src/v9_real_consumer_shadow_publication_retention.rs:2450:            wb14_parent_replay_bytes: wire.wb14_parent_replay_bytes,
/workdir/openwepp-experiments/b01-wb14-cadence/recovery-inputs/crates/openwepp-hillslope-orchestrator/src/v9_real_consumer_shadow_publication_retention.rs:2555:        let wb14_child_replay_bytes = ingress.wb14_child_replay_bytes().to_vec();
/workdir/openwepp-experiments/b01-wb14-cadence/recovery-inputs/crates/openwepp-hillslope-orchestrator/src/v9_real_consumer_shadow_publication_retention.rs:2557:            PersistentCanonicalWb14ReplayV1::from_bytes(wb14_child_replay_bytes);
/workdir/openwepp-experiments/b01-wb14-cadence/recovery-inputs/crates/openwepp-hillslope-orchestrator/src/v9_real_consumer_shadow_publication_retention.rs:2558:        let wb14_parent_replay_bytes = ingress.wb14_parent_replay_bytes().map(<[u8]>::to_vec);
/workdir/openwepp-experiments/b01-wb14-cadence/recovery-inputs/crates/openwepp-hillslope-orchestrator/src/v9_real_consumer_shadow_publication_retention.rs:2592:            wb14_parent_replay_bytes,
/workdir/openwepp-experiments/b01-wb14-cadence/recovery-inputs/crates/openwepp-hillslope-orchestrator/src/direct_runtime.rs:208:    ValidatedNativeInactiveWb14PrefixV1, validate_native_inactive_wb14_prefix_v1,
/workdir/openwepp-experiments/b01-wb14-cadence/recovery-inputs/crates/openwepp-hillslope-orchestrator/src/direct_runtime.rs:448:    execute_surface_liquid_ingress_with_parent_state_and_coupled_binding,
/workdir/openwepp-experiments/b01-wb14-cadence/recovery-inputs/crates/openwepp-hillslope-orchestrator/src/v9_real_consumer_shadow_wb14_tests.rs:1691:                first.wb14_child_replay_bytes,
/workdir/openwepp-experiments/b01-wb14-cadence/recovery-inputs/crates/openwepp-hillslope-orchestrator/src/v9_real_consumer_shadow_wb14_tests.rs:1692:                second.wb14_child_replay_bytes
/workdir/openwepp-experiments/b01-wb14-cadence/recovery-inputs/crates/openwepp-hillslope-orchestrator/src/v9_real_consumer_shadow_wb14_tests.rs:2167:            && digest_bytes(&receipt.wb14_child_replay_bytes)
/workdir/openwepp-experiments/b01-wb14-cadence/recovery-inputs/crates/openwepp-hillslope-orchestrator/src/v9_real_consumer_shadow_wb14_tests.rs:2218:    poisoned.wb14_child_replay_bytes[0] ^= 1;
/workdir/openwepp-experiments/b01-wb14-cadence/recovery-inputs/crates/openwepp-hillslope-orchestrator/src/snow_stage3_v11_adaptive_execution_stack_helpers.rs:35:    native_inactive_wb14_prefix: Option<crate::direct_runtime::ValidatedNativeInactiveWb14PrefixV1>,
/workdir/openwepp-experiments/b01-wb14-cadence/recovery-inputs/crates/openwepp-hillslope-orchestrator/src/snow_stage3_v11_adaptive_execution_stack_helpers.rs:1470:        &endpoint.wb14_child_replay_bytes, &context.surface_liquid_configuration.ofe_topology,
/workdir/openwepp-experiments/b01-wb14-cadence/recovery-inputs/crates/openwepp-hillslope-orchestrator/src/snow_stage3_v11_adaptive_execution_stack_helpers.rs:1474:    if inactive.is_none() && (endpoint.wb14_parent_replay_bytes.is_none()
/workdir/openwepp-experiments/b01-wb14-cadence/recovery-inputs/crates/openwepp-hillslope-orchestrator/src/snow_stage3_v11_adaptive_execution_stack_helpers.rs:1659:                    _ => poisoned.wb14_parent_replay_bytes = Some(Vec::new()),
/workdir/openwepp-experiments/b01-wb14-cadence/recovery-inputs/crates/openwepp-hillslope-orchestrator/src/snow_stage3_v11_adaptive_production_tests.rs:1395:            let replayed: crate::direct_runtime::ValidatedNativeInactiveWb14PrefixV1 =
/workdir/openwepp-experiments/b01-wb14-cadence/recovery-inputs/crates/openwepp-hillslope-orchestrator/src/snow_stage3_v11_adaptive_production_tests.rs:1530:            marker[0].wb14_child_replay_bytes[0] ^= 1;
/workdir/openwepp-experiments/b01-wb14-cadence/recovery-inputs/crates/openwepp-hillslope-orchestrator/src/snow_stage3_v11_adaptive_production_tests.rs:1624:            &endpoint.wb14_child_replay_bytes,
/workdir/openwepp-experiments/b01-wb14-cadence/recovery-inputs/crates/openwepp-hillslope-orchestrator/src/snow_stage3_v11_attachment_receipts.rs:1078:                value.wb14_parent_replay_bytes.is_some(),
/workdir/openwepp-experiments/b01-wb14-cadence/recovery-inputs/crates/openwepp-hillslope-orchestrator/src/snow_stage3_v11_attachment_receipts.rs:1080:                &value.wb14_child_replay_bytes,
/workdir/openwepp-experiments/b01-wb14-cadence/recovery-inputs/crates/openwepp-hillslope-orchestrator/src/snow_stage3_v11_attachment_receipts.rs:1091:                    value.wb14_parent_replay_bytes.is_some(),
/workdir/openwepp-experiments/b01-wb14-cadence/recovery-inputs/crates/openwepp-hillslope-orchestrator/src/snow_stage3_v11_attachment_receipts.rs:1098:                    "parent_replay_present":value.wb14_parent_replay_bytes.is_some(),
/workdir/openwepp-experiments/b01-wb14-cadence/recovery-inputs/crates/openwepp-hillslope-orchestrator/src/snow_stage3_v11_attachment_receipts.rs:1100:                    "child_custody_bytes":value.wb14_child_replay_bytes,
/workdir/openwepp-experiments/b01-wb14-cadence/recovery-inputs/crates/openwepp-hillslope-orchestrator/src/snow_stage3_v11_attachment_receipts.rs:1548:    pub wb14_child_replay_bytes: Vec<u8>,
/workdir/openwepp-experiments/b01-wb14-cadence/recovery-inputs/crates/openwepp-hillslope-orchestrator/src/snow_stage3_v11_attachment_receipts.rs:1549:    pub wb14_parent_replay_bytes: Option<Vec<u8>>,
/workdir/openwepp-experiments/b01-wb14-cadence/recovery-inputs/crates/openwepp-hillslope-orchestrator/src/snow_stage3_v11_attachment_receipts.rs:1625:                &self.wb14_child_replay_bytes,
/workdir/openwepp-experiments/b01-wb14-cadence/recovery-inputs/crates/openwepp-hillslope-orchestrator/src/snow_stage3_v11_attachment_receipts.rs:1635:            None => crate::direct_runtime::wb14_child_replay_binding(&self.wb14_child_replay_bytes)
/workdir/openwepp-experiments/b01-wb14-cadence/recovery-inputs/crates/openwepp-hillslope-orchestrator/src/snow_stage3_v11_attachment_receipts.rs:1689:            if self.wb14_parent_replay_bytes.is_some()
/workdir/openwepp-experiments/b01-wb14-cadence/recovery-inputs/crates/openwepp-hillslope-orchestrator/src/snow_stage3_v11_attachment_receipts.rs:1698:                &self.wb14_child_replay_bytes,
/workdir/openwepp-experiments/b01-wb14-cadence/recovery-inputs/crates/openwepp-hillslope-orchestrator/src/snow_stage3_v11_attachment_receipts.rs:1707:            if let Some(parent_bytes) = &self.wb14_parent_replay_bytes {
/workdir/openwepp-experiments/b01-wb14-cadence/recovery-inputs/crates/openwepp-hillslope-orchestrator/src/snow_stage3_v11_attachment_receipts.rs:1709:                    &self.wb14_child_replay_bytes,
/workdir/openwepp-experiments/b01-wb14-cadence/recovery-inputs/crates/openwepp-hillslope-orchestrator/src/snow_stage3_v11_attachment_receipts.rs:1723:            || digest_bytes(&self.wb14_child_replay_bytes) != self.wb14_child_receipt_set_sha256
/workdir/openwepp-experiments/b01-wb14-cadence/recovery-inputs/crates/openwepp-hillslope-orchestrator/src/snow_stage3_v11_attachment_receipts.rs:1725:                .wb14_parent_replay_bytes
/workdir/openwepp-experiments/b01-wb14-cadence/recovery-inputs/crates/openwepp-hillslope-orchestrator/src/direct_runtime/stage3_committed_publication_wat5.rs:292:                    &subslab.wb14_child_replay_bytes,
/workdir/openwepp-experiments/b01-wb14-cadence/recovery-inputs/crates/openwepp-hillslope-orchestrator/src/direct_runtime/surface_liquid_ingress.rs:29:    DirectWb14ImmutableIdentityV1, DirectWb14ParentFinalizationV1, DirectWb14ParentIntervalV1,
/workdir/openwepp-experiments/b01-wb14-cadence/recovery-inputs/crates/openwepp-hillslope-orchestrator/src/direct_runtime/surface_liquid_ingress.rs:369:    wb14_child_replay_bytes: Vec<u8>,
/workdir/openwepp-experiments/b01-wb14-cadence/recovery-inputs/crates/openwepp-hillslope-orchestrator/src/direct_runtime/surface_liquid_ingress.rs:370:    wb14_parent_replay_bytes: Option<Vec<u8>>,
/workdir/openwepp-experiments/b01-wb14-cadence/recovery-inputs/crates/openwepp-hillslope-orchestrator/src/direct_runtime/surface_liquid_ingress.rs:401:    pub fn wb14_child_replay_bytes(&self) -> &[u8] {
/workdir/openwepp-experiments/b01-wb14-cadence/recovery-inputs/crates/openwepp-hillslope-orchestrator/src/direct_runtime/surface_liquid_ingress.rs:402:        &self.wb14_child_replay_bytes
/workdir/openwepp-experiments/b01-wb14-cadence/recovery-inputs/crates/openwepp-hillslope-orchestrator/src/direct_runtime/surface_liquid_ingress.rs:406:    pub fn wb14_parent_replay_bytes(&self) -> Option<&[u8]> {
/workdir/openwepp-experiments/b01-wb14-cadence/recovery-inputs/crates/openwepp-hillslope-orchestrator/src/direct_runtime/surface_liquid_ingress.rs:407:        self.wb14_parent_replay_bytes.as_deref()
/workdir/openwepp-experiments/b01-wb14-cadence/recovery-inputs/crates/openwepp-hillslope-orchestrator/src/direct_runtime/surface_liquid_ingress.rs:942:    execute_surface_liquid_ingress_with_parent_state(
/workdir/openwepp-experiments/b01-wb14-cadence/recovery-inputs/crates/openwepp-hillslope-orchestrator/src/direct_runtime/surface_liquid_ingress.rs:952:pub(crate) fn execute_surface_liquid_ingress_with_parent_state(
/workdir/openwepp-experiments/b01-wb14-cadence/recovery-inputs/crates/openwepp-hillslope-orchestrator/src/direct_runtime/surface_liquid_ingress.rs:959:    execute_surface_liquid_ingress_with_parent_state_and_coupled_binding(
/workdir/openwepp-experiments/b01-wb14-cadence/recovery-inputs/crates/openwepp-hillslope-orchestrator/src/direct_runtime/surface_liquid_ingress.rs:969:pub(crate) fn execute_surface_liquid_ingress_with_parent_state_and_coupled_binding(
/workdir/openwepp-experiments/b01-wb14-cadence/recovery-inputs/crates/openwepp-hillslope-orchestrator/src/direct_runtime/surface_liquid_ingress.rs:977:    execute_surface_liquid_ingress_with_parent_state_and_coupled_binding_and_phase_capacity_spills(
/workdir/openwepp-experiments/b01-wb14-cadence/recovery-inputs/crates/openwepp-hillslope-orchestrator/src/direct_runtime/surface_liquid_ingress.rs:989:pub(crate) fn execute_surface_liquid_ingress_with_parent_state_and_coupled_binding_and_phase_capacity_spills(
/workdir/openwepp-experiments/b01-wb14-cadence/recovery-inputs/crates/openwepp-hillslope-orchestrator/src/direct_runtime/surface_liquid_ingress.rs:1403:    let wb14_child_replay_bytes = serde_json::to_vec(&ordered_child_replay)
/workdir/openwepp-experiments/b01-wb14-cadence/recovery-inputs/crates/openwepp-hillslope-orchestrator/src/direct_runtime/surface_liquid_ingress.rs:1406:        Sha256Digest::try_new(format!("{:x}", Sha256::digest(&wb14_child_replay_bytes)))
/workdir/openwepp-experiments/b01-wb14-cadence/recovery-inputs/crates/openwepp-hillslope-orchestrator/src/direct_runtime/surface_liquid_ingress.rs:1408:    let wb14_parent_replay_bytes = parent_finalizations
/workdir/openwepp-experiments/b01-wb14-cadence/recovery-inputs/crates/openwepp-hillslope-orchestrator/src/direct_runtime/surface_liquid_ingress.rs:1426:    let wb14_parent_receipt_set_sha256 = wb14_parent_replay_bytes
/workdir/openwepp-experiments/b01-wb14-cadence/recovery-inputs/crates/openwepp-hillslope-orchestrator/src/direct_runtime/surface_liquid_ingress.rs:1545:        wb14_child_replay_bytes,
/workdir/openwepp-experiments/b01-wb14-cadence/recovery-inputs/crates/openwepp-hillslope-orchestrator/src/direct_runtime/surface_liquid_ingress.rs:1546:        wb14_parent_replay_bytes,
/workdir/openwepp-experiments/b01-wb14-cadence/recovery-inputs/crates/openwepp-hillslope-orchestrator/src/direct_runtime/surface_liquid_ingress_tests.rs:1591:            let candidate = execute_surface_liquid_ingress_with_parent_state(
/workdir/openwepp-experiments/b01-wb14-cadence/recovery-inputs/crates/openwepp-hillslope-orchestrator/src/direct_runtime/surface_liquid_ingress_tests.rs:1632:    let first = execute_surface_liquid_ingress_with_parent_state(
/workdir/openwepp-experiments/b01-wb14-cadence/recovery-inputs/crates/openwepp-hillslope-orchestrator/src/direct_runtime/surface_liquid_ingress_terminal_tests.rs:13:    execute_surface_liquid_ingress_with_parent_state_and_coupled_binding, initial_state,
/workdir/openwepp-experiments/b01-wb14-cadence/recovery-inputs/crates/openwepp-hillslope-orchestrator/src/direct_runtime/surface_liquid_ingress_terminal_tests.rs:74:    let first = execute_surface_liquid_ingress_with_parent_state_and_coupled_binding(
/workdir/openwepp-experiments/b01-wb14-cadence/recovery-inputs/crates/openwepp-hillslope-orchestrator/src/direct_runtime/surface_liquid_ingress_terminal_tests.rs:92:    let second = execute_surface_liquid_ingress_with_parent_state_and_coupled_binding(
/workdir/openwepp-experiments/b01-wb14-cadence/recovery-inputs/crates/openwepp-hillslope-orchestrator/src/direct_runtime/surface_liquid_ingress_terminal_tests.rs:111:    let error = execute_surface_liquid_ingress_with_parent_state_and_coupled_binding(
/workdir/openwepp-experiments/b01-wb14-cadence/recovery-inputs/crates/openwepp-hillslope-orchestrator/src/direct_runtime/surface_liquid_wb14_linear_reseal_tests.rs:20:) -> DirectWb14ParentIntervalV1 {
/workdir/openwepp-experiments/b01-wb14-cadence/recovery-inputs/crates/openwepp-hillslope-orchestrator/src/direct_runtime/surface_liquid_wb14_linear_reseal_tests.rs:27:    DirectWb14ParentIntervalV1::begin(
/workdir/openwepp-experiments/b01-wb14-cadence/recovery-inputs/crates/openwepp-hillslope-orchestrator/src/direct_runtime/surface_liquid_wb14_linear_reseal_tests.rs:43:    parent: &DirectWb14ParentIntervalV1,
/workdir/openwepp-experiments/b01-wb14-cadence/recovery-inputs/crates/openwepp-hillslope-orchestrator/src/direct_runtime/surface_liquid_wb14_linear_reseal_tests.rs:60:) -> DirectWb14ParentIntervalV1 {
/workdir/openwepp-experiments/b01-wb14-cadence/recovery-inputs/crates/openwepp-hillslope-orchestrator/src/direct_runtime/surface_liquid_wb14_native_prefix_tests.rs:7:    let proof = ValidatedNativeInactiveWb14PrefixV1::try_new(
/workdir/openwepp-experiments/b01-wb14-cadence/recovery-inputs/crates/openwepp-hillslope-orchestrator/src/direct_runtime/surface_liquid_wb14_native_prefix_tests.rs:19:        DirectWb14ParentIntervalV1::begin_after_native_inactive_prefix(authority, cursor, proof)
/workdir/openwepp-experiments/b01-wb14-cadence/recovery-inputs/crates/openwepp-hillslope-orchestrator/src/direct_runtime/surface_liquid_wb14_native_prefix_tests.rs:35:    let restarted: DirectWb14ParentIntervalV1 =
/workdir/openwepp-experiments/b01-wb14-cadence/recovery-inputs/crates/openwepp-hillslope-orchestrator/src/direct_runtime/surface_liquid_wb14_native_prefix_tests.rs:57:    let proof = ValidatedNativeInactiveWb14PrefixV1::try_new(
/workdir/openwepp-experiments/b01-wb14-cadence/recovery-inputs/crates/openwepp-hillslope-orchestrator/src/direct_runtime/surface_liquid_wb14_native_prefix_tests.rs:120:    let proof = ValidatedNativeInactiveWb14PrefixV1::try_new(
/workdir/openwepp-experiments/b01-wb14-cadence/recovery-inputs/crates/openwepp-hillslope-orchestrator/src/direct_runtime/surface_liquid_wb14_native_prefix_tests.rs:158:    let proof = ValidatedNativeInactiveWb14PrefixV1::try_new(
/workdir/openwepp-experiments/b01-wb14-cadence/recovery-inputs/crates/openwepp-hillslope-orchestrator/src/direct_runtime/surface_liquid_wb14_native_prefix_tests.rs:168:    let prefixed = DirectWb14ParentIntervalV1::begin_after_native_inactive_prefix(
/workdir/openwepp-experiments/b01-wb14-cadence/recovery-inputs/crates/openwepp-hillslope-orchestrator/src/direct_runtime/surface_liquid_wb14_native_prefix_tests.rs:201:    let proof = ValidatedNativeInactiveWb14PrefixV1::try_new(
/workdir/openwepp-experiments/b01-wb14-cadence/recovery-inputs/crates/openwepp-hillslope-orchestrator/src/direct_runtime/surface_liquid_wb14_native_prefix_tests.rs:225:            DirectWb14ParentIntervalV1::begin_after_native_inactive_prefix(
/workdir/openwepp-experiments/b01-wb14-cadence/recovery-inputs/crates/openwepp-hillslope-orchestrator/src/direct_runtime/surface_liquid_wb14_native_prefix_tests.rs:235:    let prefixed = DirectWb14ParentIntervalV1::begin_after_native_inactive_prefix(
/workdir/openwepp-experiments/b01-wb14-cadence/recovery-inputs/crates/openwepp-hillslope-orchestrator/src/direct_runtime/surface_liquid_wb14_native_prefix_tests.rs:264:    let replayed: DirectWb14ParentIntervalV1 =
/workdir/openwepp-experiments/b01-wb14-cadence/recovery-inputs/crates/openwepp-hillslope-orchestrator/src/direct_runtime/surface_liquid_wb14_native_prefix_tests.rs:291:    let poisoned: DirectWb14ParentIntervalV1 =
/workdir/openwepp-experiments/b01-wb14-cadence/recovery-inputs/crates/openwepp-hillslope-orchestrator/src/v11_covered/open_snow_physical_support.rs:1047:        let child_replay = self.last_wb14_child_replay_bytes.as_deref().ok_or(
/workdir/openwepp-experiments/b01-wb14-cadence/recovery-inputs/crates/openwepp-hillslope-orchestrator/src/v11_covered/open_snow_physical_support.rs:1080:        } else if self.last_wb14_parent_replay_bytes.is_some() {
/workdir/openwepp-experiments/b01-wb14-cadence/recovery-inputs/crates/openwepp-hillslope-orchestrator/src/v11_covered/open_snow_physical_support.rs:1085:        if let Some(parent) = self.last_wb14_parent_replay_bytes.as_deref() {
/workdir/openwepp-experiments/b01-wb14-cadence/recovery-inputs/crates/openwepp-hillslope-orchestrator/src/v11_covered/open_snow_physical_support.rs:1092:            .last_wb14_parent_replay_bytes
/workdir/openwepp-experiments/b01-wb14-cadence/recovery-inputs/crates/openwepp-hillslope-orchestrator/src/v11_covered/open_snow_physical_support.rs:1170:            let child_replay = self.last_wb14_child_replay_bytes.as_deref().ok_or(
/workdir/openwepp-experiments/b01-wb14-cadence/recovery-inputs/crates/openwepp-hillslope-orchestrator/src/v11_covered/open_snow_physical_support.rs:1189:            self.last_wb14_child_replay_bytes = Some(rebound_child);
/workdir/openwepp-experiments/b01-wb14-cadence/recovery-inputs/crates/openwepp-hillslope-orchestrator/src/v11_covered/open_snow_physical_support.rs:1190:            self.last_wb14_parent_replay_bytes = None;
/workdir/openwepp-experiments/b01-wb14-cadence/recovery-inputs/crates/openwepp-hillslope-orchestrator/src/v11_covered/open_snow_physical_support.rs:1192:            let child_replay = self.last_wb14_child_replay_bytes.as_deref().ok_or(
/workdir/openwepp-experiments/b01-wb14-cadence/recovery-inputs/crates/openwepp-hillslope-orchestrator/src/v11_covered/open_snow_physical_support.rs:1225:            self.last_wb14_child_replay_bytes = Some(rebound_child);
/workdir/openwepp-experiments/b01-wb14-cadence/recovery-inputs/crates/openwepp-hillslope-orchestrator/src/v11_covered/open_snow_physical_support.rs:1226:            self.last_wb14_parent_replay_bytes = rebound_parent;
/workdir/openwepp-experiments/b01-wb14-cadence/recovery-inputs/crates/openwepp-hillslope-orchestrator/src/direct_runtime/surface_liquid_ingress_coordinator.rs:50:            wb14_child_replay_bytes: &'a [u8],
/workdir/openwepp-experiments/b01-wb14-cadence/recovery-inputs/crates/openwepp-hillslope-orchestrator/src/direct_runtime/surface_liquid_ingress_coordinator.rs:51:            wb14_parent_replay_bytes: &'a Option<Vec<u8>>,
/workdir/openwepp-experiments/b01-wb14-cadence/recovery-inputs/crates/openwepp-hillslope-orchestrator/src/direct_runtime/surface_liquid_ingress_coordinator.rs:71:            wb14_child_replay_bytes: &self.wb14_child_replay_bytes,
/workdir/openwepp-experiments/b01-wb14-cadence/recovery-inputs/crates/openwepp-hillslope-orchestrator/src/direct_runtime/surface_liquid_ingress_coordinator.rs:72:            wb14_parent_replay_bytes: &self.wb14_parent_replay_bytes,
/workdir/openwepp-experiments/b01-wb14-cadence/recovery-inputs/crates/openwepp-hillslope-orchestrator/src/direct_runtime/surface_liquid_ingress_coordinator.rs:116:            || self.wb14_parent_replay_bytes.is_some()
/workdir/openwepp-experiments/b01-wb14-cadence/recovery-inputs/crates/openwepp-hillslope-orchestrator/src/direct_runtime/surface_liquid_ingress_coordinator.rs:175:        let wb14_child_replay_bytes = stage3_covered_native_inactive_child_custody_bytes(
/workdir/openwepp-experiments/b01-wb14-cadence/recovery-inputs/crates/openwepp-hillslope-orchestrator/src/direct_runtime/surface_liquid_ingress_coordinator.rs:180:            Sha256Digest::try_new(format!("{:x}", Sha256::digest(&wb14_child_replay_bytes)))
/workdir/openwepp-experiments/b01-wb14-cadence/recovery-inputs/crates/openwepp-hillslope-orchestrator/src/direct_runtime/surface_liquid_ingress_coordinator.rs:197:            wb14_child_replay_bytes,
/workdir/openwepp-experiments/b01-wb14-cadence/recovery-inputs/crates/openwepp-hillslope-orchestrator/src/direct_runtime/surface_liquid_ingress_coordinator.rs:198:            wb14_parent_replay_bytes: None,
/workdir/openwepp-experiments/b01-wb14-cadence/recovery-inputs/crates/openwepp-hillslope-orchestrator/src/direct_runtime/surface_liquid_ingress_coordinator.rs:305:    let rows: Vec<(OfeId, DirectWb14ParentIntervalV1)> = serde_json::from_slice(bytes)
/workdir/openwepp-experiments/b01-wb14-cadence/recovery-inputs/crates/openwepp-hillslope-orchestrator/src/direct_runtime/surface_liquid_ingress_coordinator.rs:359:    let rows: Vec<(OfeId, DirectWb14ParentIntervalV1)> = serde_json::from_slice(bytes)
/workdir/openwepp-experiments/b01-wb14-cadence/recovery-inputs/crates/openwepp-hillslope-orchestrator/src/direct_runtime/surface_liquid_ingress_coordinator.rs:381:    let rows: Vec<(OfeId, DirectWb14ParentIntervalV1)> = serde_json::from_slice(child_bytes)
/workdir/openwepp-experiments/b01-wb14-cadence/recovery-inputs/crates/openwepp-hillslope-orchestrator/src/direct_runtime/surface_liquid_ingress_coordinator.rs:503:    let child_rows: Vec<(OfeId, DirectWb14ParentIntervalV1)> = serde_json::from_slice(child_bytes)
/workdir/openwepp-experiments/b01-wb14-cadence/recovery-inputs/crates/openwepp-hillslope-orchestrator/src/direct_runtime/surface_liquid_ingress_coordinator.rs:547:    per_ofe_authorities: BTreeMap<OfeId, DirectWb14ParentIntervalV1>,
/workdir/openwepp-experiments/b01-wb14-cadence/recovery-inputs/crates/openwepp-hillslope-orchestrator/src/direct_runtime/surface_liquid_ingress_coordinator.rs:833:    inactive_prefix: Option<super::surface_liquid_wb14::ValidatedNativeInactiveWb14PrefixV1>,
/workdir/openwepp-experiments/b01-wb14-cadence/recovery-inputs/crates/openwepp-hillslope-orchestrator/src/direct_runtime/surface_liquid_ingress_coordinator.rs:834:) -> Result<BTreeMap<OfeId, DirectWb14ParentIntervalV1>, DirectSurfaceLiquidError> {
/workdir/openwepp-experiments/b01-wb14-cadence/recovery-inputs/crates/openwepp-hillslope-orchestrator/src/direct_runtime/surface_liquid_ingress_coordinator.rs:853:        super::surface_liquid_wb14::ValidatedNativeInactiveWb14PrefixV1::parent_beginning_owner_sha256,
/workdir/openwepp-experiments/b01-wb14-cadence/recovery-inputs/crates/openwepp-hillslope-orchestrator/src/direct_runtime/surface_liquid_ingress_coordinator.rs:916:                || DirectWb14ParentIntervalV1::begin(authority, cursor),
/workdir/openwepp-experiments/b01-wb14-cadence/recovery-inputs/crates/openwepp-hillslope-orchestrator/src/direct_runtime/surface_liquid_ingress_coordinator.rs:918:                    DirectWb14ParentIntervalV1::begin_after_native_inactive_prefix(
/workdir/openwepp-experiments/b01-wb14-cadence/recovery-inputs/crates/openwepp-hillslope-orchestrator/src/direct_runtime/surface_liquid_ingress_coordinator.rs:946:        prefix: super::surface_liquid_wb14::ValidatedNativeInactiveWb14PrefixV1,
/workdir/openwepp-experiments/b01-wb14-cadence/recovery-inputs/crates/openwepp-hillslope-orchestrator/src/v11_covered/canonical_covered_solver_test_audit.rs:236:                    && !value.wb14_child_replay_bytes.is_empty()
/workdir/openwepp-experiments/b01-wb14-cadence/recovery-inputs/crates/openwepp-hillslope-orchestrator/src/v11_covered/canonical_covered_solver_test_audit.rs:237:                    && digest32_hex(digest_bytes(&value.wb14_child_replay_bytes))
/workdir/openwepp-experiments/b01-wb14-cadence/recovery-inputs/crates/openwepp-hillslope-orchestrator/src/v11_covered/canonical_covered_solver_test_audit.rs:240:                        .wb14_parent_replay_bytes
/workdir/openwepp-experiments/b01-wb14-cadence/recovery-inputs/crates/openwepp-hillslope-orchestrator/src/direct_runtime/stage3_committed_publication.rs:1011:                &subslab.wb14_child_replay_bytes,
/workdir/openwepp-experiments/b01-wb14-cadence/recovery-inputs/crates/openwepp-hillslope-orchestrator/src/v11_covered/regime.rs:96:        prefix: crate::direct_runtime::ValidatedNativeInactiveWb14PrefixV1,
/workdir/openwepp-experiments/b01-wb14-cadence/recovery-inputs/crates/openwepp-hillslope-orchestrator/src/v11_covered/canonical_covered_solver.rs:2281:        self.last_wb14_child_replay_bytes = Some(evidence.wb14_child_replay_bytes);
/workdir/openwepp-experiments/b01-wb14-cadence/recovery-inputs/crates/openwepp-hillslope-orchestrator/src/v11_covered/canonical_covered_solver.rs:2282:        self.last_wb14_parent_replay_bytes = evidence.wb14_parent_replay_bytes;
/workdir/openwepp-experiments/b01-wb14-cadence/recovery-inputs/crates/openwepp-hillslope-orchestrator/src/v11_covered/open_snow_terminal_accepted_endpoint.rs:769:        self.last_wb14_child_replay_bytes = Some(evidence.wb14_child_replay_bytes);
/workdir/openwepp-experiments/b01-wb14-cadence/recovery-inputs/crates/openwepp-hillslope-orchestrator/src/v11_covered/open_snow_terminal_accepted_endpoint.rs:770:        self.last_wb14_parent_replay_bytes = evidence.wb14_parent_replay_bytes;
/workdir/openwepp-experiments/b01-wb14-cadence/recovery-inputs/crates/openwepp-hillslope-orchestrator/src/v11_covered/execution.rs:350:        Option<crate::direct_runtime::ValidatedNativeInactiveWb14PrefixV1>,
/workdir/openwepp-experiments/b01-wb14-cadence/recovery-inputs/crates/openwepp-hillslope-orchestrator/src/v11_covered/execution.rs:875:    last_wb14_child_replay_bytes: Option<Vec<u8>>,
/workdir/openwepp-experiments/b01-wb14-cadence/recovery-inputs/crates/openwepp-hillslope-orchestrator/src/v11_covered/execution.rs:876:    last_wb14_parent_replay_bytes: Option<Vec<u8>>,
/workdir/openwepp-experiments/b01-wb14-cadence/recovery-inputs/crates/openwepp-hillslope-orchestrator/src/v11_covered/execution.rs:1198:            last_wb14_child_replay_bytes: None,
/workdir/openwepp-experiments/b01-wb14-cadence/recovery-inputs/crates/openwepp-hillslope-orchestrator/src/v11_covered/execution.rs:1199:            last_wb14_parent_replay_bytes: None,
/workdir/openwepp-experiments/b01-wb14-cadence/recovery-inputs/crates/openwepp-hillslope-orchestrator/src/v11_covered/execution.rs:2973:        self.last_wb14_child_replay_bytes
/workdir/openwepp-experiments/b01-wb14-cadence/recovery-inputs/crates/openwepp-hillslope-orchestrator/src/v11_covered/execution.rs:2975:            .map(|child| (child, self.last_wb14_parent_replay_bytes.as_deref()))
/workdir/openwepp-experiments/b01-wb14-cadence/recovery-inputs/crates/openwepp-hillslope-orchestrator/src/snow_stage3_v11_terminal_execution_preterminal_replay.rs:85:            &carrier_phase.wb14_child_replay_bytes,
/workdir/openwepp-experiments/b01-wb14-cadence/recovery-inputs/crates/openwepp-hillslope-orchestrator/src/snow_stage3_v11_terminal_execution_preterminal_replay.rs:98:                    &carrier_phase.wb14_child_replay_bytes,
/workdir/openwepp-experiments/b01-wb14-cadence/recovery-inputs/crates/openwepp-hillslope-orchestrator/src/v11_covered/receipt_sets.rs:73:    pub wb14_child_replay_bytes: Vec<u8>,
/workdir/openwepp-experiments/b01-wb14-cadence/recovery-inputs/crates/openwepp-hillslope-orchestrator/src/v11_covered/receipt_sets.rs:74:    pub wb14_parent_replay_bytes: Option<Vec<u8>>,
/workdir/openwepp-experiments/b01-wb14-cadence/recovery-inputs/crates/openwepp-hillslope-orchestrator/src/v11_covered/receipt_sets.rs:371:    bytes(&mut out, &surface.wb14_child_replay_bytes);
/workdir/openwepp-experiments/b01-wb14-cadence/recovery-inputs/crates/openwepp-hillslope-orchestrator/src/v11_covered/receipt_sets.rs:374:        &surface.wb14_parent_replay_bytes,
/workdir/openwepp-experiments/b01-wb14-cadence/recovery-inputs/crates/openwepp-hillslope-orchestrator/src/v11_covered/carrier_engine.rs:47:    wb14_child_replay_bytes: Vec<u8>,
/workdir/openwepp-experiments/b01-wb14-cadence/recovery-inputs/crates/openwepp-hillslope-orchestrator/src/v11_covered/carrier_engine.rs:48:    wb14_parent_replay_bytes: Option<Vec<u8>>,
/workdir/openwepp-experiments/b01-wb14-cadence/recovery-inputs/crates/openwepp-hillslope-orchestrator/src/v11_covered/carrier_engine.rs:57:            || digest32_hex(digest_bytes(&self.wb14_child_replay_bytes))
/workdir/openwepp-experiments/b01-wb14-cadence/recovery-inputs/crates/openwepp-hillslope-orchestrator/src/v11_covered/carrier_engine.rs:60:                .wb14_parent_replay_bytes
/workdir/openwepp-experiments/b01-wb14-cadence/recovery-inputs/crates/openwepp-hillslope-orchestrator/src/v11_covered/carrier_engine.rs:85:        wb14_child_replay_bytes: ingress.wb14_child_replay_bytes().to_vec(),
/workdir/openwepp-experiments/b01-wb14-cadence/recovery-inputs/crates/openwepp-hillslope-orchestrator/src/v11_covered/carrier_engine.rs:86:        wb14_parent_replay_bytes: ingress.wb14_parent_replay_bytes().map(ToOwned::to_owned),
/workdir/openwepp-experiments/b01-wb14-cadence/recovery-inputs/crates/openwepp-hillslope-orchestrator/src/v11_covered/carrier_engine.rs:135:    pub wb14_child_replay_bytes: Vec<u8>,
/workdir/openwepp-experiments/b01-wb14-cadence/recovery-inputs/crates/openwepp-hillslope-orchestrator/src/v11_covered/carrier_engine.rs:136:    pub wb14_parent_replay_bytes: Option<Vec<u8>>,
/workdir/openwepp-experiments/b01-wb14-cadence/recovery-inputs/crates/openwepp-hillslope-orchestrator/src/v11_covered/carrier_engine.rs:333:            wb14_child_replay_bytes: phase.wb14_child_replay_bytes.clone(),
/workdir/openwepp-experiments/b01-wb14-cadence/recovery-inputs/crates/openwepp-hillslope-orchestrator/src/v11_covered/carrier_engine.rs:334:            wb14_parent_replay_bytes: phase.wb14_parent_replay_bytes.clone(),
/workdir/openwepp-experiments/b01-wb14-cadence/recovery-inputs/crates/openwepp-hillslope-orchestrator/src/v11_covered/carrier_engine.rs:791:                wb14_child_replay_bytes: evidence.surface_custody.wb14_child_replay_bytes.clone(),
/workdir/openwepp-experiments/b01-wb14-cadence/recovery-inputs/crates/openwepp-hillslope-orchestrator/src/v11_covered/carrier_engine.rs:792:                wb14_parent_replay_bytes: evidence.surface_custody.wb14_parent_replay_bytes.clone(),
/workdir/openwepp-experiments/b01-wb14-cadence/recovery-inputs/crates/openwepp-hillslope-orchestrator/src/direct_runtime/surface_liquid_owner/v2_ingress_adapter.rs:33:    execute_surface_liquid_ingress_with_parent_state_and_coupled_binding_and_phase_capacity_spills,
/workdir/openwepp-experiments/b01-wb14-cadence/recovery-inputs/crates/openwepp-hillslope-orchestrator/src/direct_runtime/surface_liquid_owner/v2_ingress_adapter.rs:146:        prefix: crate::direct_runtime::ValidatedNativeInactiveWb14PrefixV1,
/workdir/openwepp-experiments/b01-wb14-cadence/recovery-inputs/crates/openwepp-hillslope-orchestrator/src/direct_runtime/surface_liquid_owner/v2_ingress_adapter.rs:667:    let inner = execute_surface_liquid_ingress_with_parent_state_and_coupled_binding_and_phase_capacity_spills(
/workdir/openwepp-experiments/b01-wb14-cadence/recovery-inputs/crates/openwepp-hillslope-orchestrator/src/direct_runtime/surface_liquid_wb14.rs:329:    pub inactive_prefix: Option<ValidatedNativeInactiveWb14PrefixV1>,
/workdir/openwepp-experiments/b01-wb14-cadence/recovery-inputs/crates/openwepp-hillslope-orchestrator/src/direct_runtime/surface_liquid_wb14.rs:336:pub(crate) struct ValidatedNativeInactiveWb14PrefixV1 {
/workdir/openwepp-experiments/b01-wb14-cadence/recovery-inputs/crates/openwepp-hillslope-orchestrator/src/direct_runtime/surface_liquid_wb14.rs:347:impl ValidatedNativeInactiveWb14PrefixV1 {
/workdir/openwepp-experiments/b01-wb14-cadence/recovery-inputs/crates/openwepp-hillslope-orchestrator/src/direct_runtime/surface_liquid_wb14.rs:457:                    &receipt.wb14_child_replay_bytes,
/workdir/openwepp-experiments/b01-wb14-cadence/recovery-inputs/crates/openwepp-hillslope-orchestrator/src/direct_runtime/surface_liquid_wb14.rs:644:) -> Result<ValidatedNativeInactiveWb14PrefixV1, DirectWb14ParentIntervalErrorV1> {
/workdir/openwepp-experiments/b01-wb14-cadence/recovery-inputs/crates/openwepp-hillslope-orchestrator/src/direct_runtime/surface_liquid_wb14.rs:645:    let prefix = ValidatedNativeInactiveWb14PrefixV1::from_validated_stage3_prefix(
/workdir/openwepp-experiments/b01-wb14-cadence/recovery-inputs/crates/openwepp-hillslope-orchestrator/src/direct_runtime/surface_liquid_wb14.rs:896:pub(super) struct DirectWb14ParentIntervalV1 {
/workdir/openwepp-experiments/b01-wb14-cadence/recovery-inputs/crates/openwepp-hillslope-orchestrator/src/direct_runtime/surface_liquid_wb14.rs:1032:    inactive_prefix: Option<ValidatedNativeInactiveWb14PrefixV1>,
/workdir/openwepp-experiments/b01-wb14-cadence/recovery-inputs/crates/openwepp-hillslope-orchestrator/src/direct_runtime/surface_liquid_wb14.rs:1176:impl DirectWb14ParentIntervalV1 {
/workdir/openwepp-experiments/b01-wb14-cadence/recovery-inputs/crates/openwepp-hillslope-orchestrator/src/direct_runtime/surface_liquid_wb14.rs:1338:        proof: ValidatedNativeInactiveWb14PrefixV1,
/workdir/openwepp-experiments/b01-wb14-cadence/recovery-inputs/crates/openwepp-hillslope-orchestrator/src/direct_runtime/surface_liquid_wb14.rs:2052:        beginning: &mut DirectWb14ParentIntervalV1,
/workdir/openwepp-experiments/b01-wb14-cadence/recovery-inputs/crates/openwepp-hillslope-orchestrator/src/direct_runtime/surface_liquid_wb14.rs:2083:        parent: &DirectWb14ParentIntervalV1,
/workdir/openwepp-experiments/b01-wb14-cadence/recovery-inputs/crates/openwepp-hillslope-orchestrator/src/direct_runtime/surface_liquid_wb14.rs:2120:    fn parent_fixture() -> DirectWb14ParentIntervalV1 {
/workdir/openwepp-experiments/b01-wb14-cadence/recovery-inputs/crates/openwepp-hillslope-orchestrator/src/direct_runtime/surface_liquid_wb14.rs:2127:        DirectWb14ParentIntervalV1::begin(
/workdir/openwepp-experiments/b01-wb14-cadence/recovery-inputs/crates/openwepp-hillslope-orchestrator/src/direct_runtime/surface_liquid_wb14.rs:2143:        parent: &DirectWb14ParentIntervalV1,
/workdir/openwepp-experiments/b01-wb14-cadence/recovery-inputs/crates/openwepp-hillslope-orchestrator/src/direct_runtime/surface_liquid_wb14.rs:2159:        parent: &DirectWb14ParentIntervalV1,
/workdir/openwepp-experiments/b01-wb14-cadence/recovery-inputs/crates/openwepp-hillslope-orchestrator/src/direct_runtime/surface_liquid_wb14.rs:2162:    ) -> DirectWb14ParentIntervalV1 {
/workdir/openwepp-experiments/b01-wb14-cadence/recovery-inputs/crates/openwepp-hillslope-orchestrator/src/direct_runtime/surface_liquid_wb14.rs:2238:        let restored: DirectWb14ParentIntervalV1 =
/workdir/openwepp-experiments/b01-wb14-cadence/recovery-inputs/crates/openwepp-hillslope-orchestrator/src/direct_runtime/surface_liquid_wb14.rs:2378:            DirectWb14ParentIntervalV1::begin(substituted, cursor),
/workdir/openwepp-experiments/b01-wb14-cadence/recovery-inputs/crates/openwepp-hillslope-orchestrator/src/direct_runtime/surface_liquid_wb14.rs:2425:        let parent = DirectWb14ParentIntervalV1::begin(authority, cursor).expect("rollover parent");
/workdir/openwepp-experiments/b01-wb14-cadence/recovery-inputs/crates/openwepp-hillslope-orchestrator/src/direct_runtime/surface_liquid_wb14.rs:2754:                DirectWb14ParentIntervalV1::begin(authority, cursor),
/workdir/openwepp-experiments/b01-wb14-cadence/recovery-inputs/crates/openwepp-hillslope-orchestrator/src/direct_runtime/surface_liquid_wb14.rs:2778:                assert!(DirectWb14ParentIntervalV1::begin(authority, cursor).is_err());
/workdir/openwepp-experiments/b01-wb14-cadence/recovery-inputs/crates/openwepp-hillslope-orchestrator/src/direct_runtime/surface_liquid_wb14.rs:2817:                DirectWb14ParentIntervalV1::begin(authority, poisoned),
/workdir/openwepp-experiments/b01-wb14-cadence/recovery-inputs/crates/openwepp-hillslope-orchestrator/src/v11_covered/carrier_phase.rs:620:    pub wb14_child_replay_bytes: Vec<u8>,
/workdir/openwepp-experiments/b01-wb14-cadence/recovery-inputs/crates/openwepp-hillslope-orchestrator/src/v11_covered/carrier_phase.rs:621:    pub wb14_parent_replay_bytes: Option<Vec<u8>>,
/workdir/openwepp-experiments/b01-wb14-cadence/recovery-inputs/crates/openwepp-hillslope-orchestrator/src/v11_covered/carrier_phase.rs:2199:        let wb14_child_replay_bytes = envelope
/workdir/openwepp-experiments/b01-wb14-cadence/recovery-inputs/crates/openwepp-hillslope-orchestrator/src/v11_covered/carrier_phase.rs:2202:            .wb14_child_replay_bytes()
/workdir/openwepp-experiments/b01-wb14-cadence/recovery-inputs/crates/openwepp-hillslope-orchestrator/src/v11_covered/carrier_phase.rs:2204:        let wb14_parent_replay_bytes = envelope
/workdir/openwepp-experiments/b01-wb14-cadence/recovery-inputs/crates/openwepp-hillslope-orchestrator/src/v11_covered/carrier_phase.rs:2207:            .wb14_parent_replay_bytes()
/workdir/openwepp-experiments/b01-wb14-cadence/recovery-inputs/crates/openwepp-hillslope-orchestrator/src/v11_covered/carrier_phase.rs:2308:                wb14_child_replay_bytes,
/workdir/openwepp-experiments/b01-wb14-cadence/recovery-inputs/crates/openwepp-hillslope-orchestrator/src/v11_covered/carrier_phase.rs:2309:                wb14_parent_replay_bytes,
