crates/openwepp-runner/src/bin/openwepp-cli-hill.rs-2-
crates/openwepp-runner/src/bin/openwepp-cli-hill.rs-3-use openwepp_runner::{
crates/openwepp-runner/src/bin/openwepp-cli-hill.rs-4-    HillslopeDefaultRuntimeActivation, HillslopeRunRequest, HillslopeRuntimeSelection,
crates/openwepp-runner/src/bin/openwepp-cli-hill.rs:5:    HillslopeRuntimeSelectionPolicy, SidecarPolicy, execute_hillslope_run_with_runtime_policy,
crates/openwepp-runner/src/bin/openwepp-cli-hill.rs-6-};
crates/openwepp-runner/src/bin/openwepp-cli-hill.rs-7-
crates/openwepp-runner/src/bin/openwepp-cli-hill.rs-8-fn main() {
--
crates/openwepp-runner/src/bin/openwepp-cli-hill.rs-193-}
crates/openwepp-runner/src/bin/openwepp-cli-hill.rs-194-
crates/openwepp-runner/src/bin/openwepp-cli-hill.rs-195-fn execute_cli(options: CliOptions, args: &[String]) -> Result<(), String> {
crates/openwepp-runner/src/bin/openwepp-cli-hill.rs:196:    let report = execute_hillslope_run_with_runtime_policy(
crates/openwepp-runner/src/bin/openwepp-cli-hill.rs-197-        &HillslopeRunRequest {
crates/openwepp-runner/src/bin/openwepp-cli-hill.rs-198-            run_dir: options.run_dir,
crates/openwepp-runner/src/bin/openwepp-cli-hill.rs-199-            run_file: options.run_file,
--
crates/openwepp-runner/src/watershed_supervisor.rs-19-use crate::policy::SidecarPolicy;
crates/openwepp-runner/src/watershed_supervisor.rs-20-
crates/openwepp-runner/src/watershed_supervisor.rs-21-#[derive(Debug, Clone)]
crates/openwepp-runner/src/watershed_supervisor.rs:22:pub struct WatershedRunPlan {
crates/openwepp-runner/src/watershed_supervisor.rs-23-    pub run_id: String,
crates/openwepp-runner/src/watershed_supervisor.rs-24-    pub jobs: usize,
crates/openwepp-runner/src/watershed_supervisor.rs-25-    pub hillslope_binary: PathBuf,
--
crates/openwepp-runner/src/hillslope/transaction_spool.rs-28-/// ordinary staged names. Promotion creates no public path and succeeds only
crates/openwepp-runner/src/hillslope/transaction_spool.rs-29-/// when every private file is complete.
crates/openwepp-runner/src/hillslope/transaction_spool.rs-30-#[derive(Debug)]
crates/openwepp-runner/src/hillslope/transaction_spool.rs:31:pub(super) struct RunnerTransactionPrivateSpool {
crates/openwepp-runner/src/hillslope/transaction_spool.rs-32-    entries: Vec<PrivateSpoolEntry>,
crates/openwepp-runner/src/hillslope/transaction_spool.rs-33-}
crates/openwepp-runner/src/hillslope/transaction_spool.rs-34-
--
crates/openwepp-runner/src/bin/openwepp-cli-watershed.rs-1005-}
crates/openwepp-runner/src/bin/openwepp-cli-watershed.rs-1006-
crates/openwepp-runner/src/bin/openwepp-cli-watershed.rs-1007-#[derive(Debug, Deserialize, Default)]
crates/openwepp-runner/src/bin/openwepp-cli-watershed.rs:1008:struct WatershedRunfileDocument {
crates/openwepp-runner/src/bin/openwepp-cli-watershed.rs-1009-    schema: String,
crates/openwepp-runner/src/bin/openwepp-cli-watershed.rs-1010-    run_name: String,
crates/openwepp-runner/src/bin/openwepp-cli-watershed.rs-1011-    unit_system: String,
--
crates/openwepp-runner/src/bin/openwepp-cli-watershed.rs-1016-}
crates/openwepp-runner/src/bin/openwepp-cli-watershed.rs-1017-
crates/openwepp-runner/src/bin/openwepp-cli-watershed.rs-1018-#[derive(Debug, Deserialize, Default)]
crates/openwepp-runner/src/bin/openwepp-cli-watershed.rs:1019:struct WatershedRunfileInputs {
crates/openwepp-runner/src/bin/openwepp-cli-watershed.rs-1020-    pw0_str: String,
crates/openwepp-runner/src/bin/openwepp-cli-watershed.rs-1021-    pw0_chn: String,
crates/openwepp-runner/src/bin/openwepp-cli-watershed.rs-1022-    pw0_imp: String,
--
crates/openwepp-runner/src/bin/openwepp-cli-watershed.rs-1034-}
crates/openwepp-runner/src/bin/openwepp-cli-watershed.rs-1035-
crates/openwepp-runner/src/bin/openwepp-cli-watershed.rs-1036-#[derive(Debug, Deserialize, Default)]
crates/openwepp-runner/src/bin/openwepp-cli-watershed.rs:1037:struct WatershedRunfileApplicability {
crates/openwepp-runner/src/bin/openwepp-cli-watershed.rs-1038-    #[serde(default)]
crates/openwepp-runner/src/bin/openwepp-cli-watershed.rs-1039-    chapter13_small_watershed_intent: Option<bool>,
crates/openwepp-runner/src/bin/openwepp-cli-watershed.rs-1040-    #[serde(default)]
--
crates/openwepp-runner/src/bin/openwepp-cli-watershed.rs-1048-}
crates/openwepp-runner/src/bin/openwepp-cli-watershed.rs-1049-
crates/openwepp-runner/src/bin/openwepp-cli-watershed.rs-1050-#[derive(Debug, Deserialize, Default)]
crates/openwepp-runner/src/bin/openwepp-cli-watershed.rs:1051:struct WatershedRunfileOutputs {
crates/openwepp-runner/src/bin/openwepp-cli-watershed.rs-1052-    ebe_pw0: String,
crates/openwepp-runner/src/bin/openwepp-cli-watershed.rs-1053-    chan_out: String,
crates/openwepp-runner/src/bin/openwepp-cli-watershed.rs-1054-    chanwb: String,
--
crates/openwepp-runner/src/bin/openwepp-cli-watershed.rs-1091-type WatershedOutputsResolved = WatershedOutputConfig;
crates/openwepp-runner/src/bin/openwepp-cli-watershed.rs-1092-
crates/openwepp-runner/src/bin/openwepp-cli-watershed.rs-1093-#[derive(Debug)]
crates/openwepp-runner/src/bin/openwepp-cli-watershed.rs:1094:struct WatershedRunfileResolved {
crates/openwepp-runner/src/bin/openwepp-cli-watershed.rs-1095-    run_name: String,
crates/openwepp-runner/src/bin/openwepp-cli-watershed.rs-1096-    watershed_structure_path: PathBuf,
crates/openwepp-runner/src/bin/openwepp-cli-watershed.rs-1097-    watershed_channel_path: PathBuf,
--
crates/openwepp-runner/src/hillslope/02_output_and_climate_helpers.rs-74-const MF_IDENTITY_STATUS: &str = "pass-published-per-ofe-wb13-records";
crates/openwepp-runner/src/hillslope/02_output_and_climate_helpers.rs-75-
crates/openwepp-runner/src/hillslope/02_output_and_climate_helpers.rs-76-#[derive(Clone, Copy, Debug)]
crates/openwepp-runner/src/hillslope/02_output_and_climate_helpers.rs:77:struct Wb13RunoffPublicationGeometry {
crates/openwepp-runner/src/hillslope/02_output_and_climate_helpers.rs-78-    ofe_length_m: f64,
crates/openwepp-runner/src/hillslope/02_output_and_climate_helpers.rs-79-    cumulative_length_m: f64,
crates/openwepp-runner/src/hillslope/02_output_and_climate_helpers.rs-80-}
--
crates/openwepp-runner/src/hillslope/02_output_and_climate_helpers.rs-1195-}
crates/openwepp-runner/src/hillslope/02_output_and_climate_helpers.rs-1196-
crates/openwepp-runner/src/hillslope/02_output_and_climate_helpers.rs-1197-#[derive(Debug, Clone)]
crates/openwepp-runner/src/hillslope/02_output_and_climate_helpers.rs:1198:struct ClimateRunSpanSummary {
crates/openwepp-runner/src/hillslope/02_output_and_climate_helpers.rs-1199-    days: Vec<ClimateDayProjection>,
crates/openwepp-runner/src/hillslope/02_output_and_climate_helpers.rs-1200-    first_day: ClimateDayProjection,
crates/openwepp-runner/src/hillslope/02_output_and_climate_helpers.rs-1201-    last_day: ClimateDayProjection,
--
crates/openwepp-runner/src/hillslope/05_runner_execution_and_outputs.rs-610-    Ok(())
crates/openwepp-runner/src/hillslope/05_runner_execution_and_outputs.rs-611-}
crates/openwepp-runner/src/hillslope/05_runner_execution_and_outputs.rs-612-
crates/openwepp-runner/src/hillslope/05_runner_execution_and_outputs.rs:613:struct DirectProductionRunFrameBuildInputs<'a> {
crates/openwepp-runner/src/hillslope/05_runner_execution_and_outputs.rs-614-    output_hillslope_id: u32,
crates/openwepp-runner/src/hillslope/05_runner_execution_and_outputs.rs-615-    lane_areas_m2: &'a [f64],
crates/openwepp-runner/src/hillslope/05_runner_execution_and_outputs.rs-616-    runoff_publication_geometries: &'a [Wb13RunoffPublicationGeometry],
--
crates/openwepp-runner/src/hillslope/05_runner_execution_and_outputs.rs-739-}
crates/openwepp-runner/src/hillslope/05_runner_execution_and_outputs.rs-740-
crates/openwepp-runner/src/hillslope/05_runner_execution_and_outputs.rs-741-#[derive(Clone, Copy, Debug)]
crates/openwepp-runner/src/hillslope/05_runner_execution_and_outputs.rs:742:struct DirectProductionRunoffPublicationGeometry {
crates/openwepp-runner/src/hillslope/05_runner_execution_and_outputs.rs-743-    q_scale: f64,
crates/openwepp-runner/src/hillslope/05_runner_execution_and_outputs.rs-744-    qofe_scale: f64,
crates/openwepp-runner/src/hillslope/05_runner_execution_and_outputs.rs-745-    efflen_m: f64,
--
crates/openwepp-runner/src/hillslope/05_runner_execution_and_outputs.rs-2009-
crates/openwepp-runner/src/hillslope/05_runner_execution_and_outputs.rs-2010-fn direct_runtime_counters_for_manifest(
crates/openwepp-runner/src/hillslope/05_runner_execution_and_outputs.rs-2011-    runtime_selection: HillslopeRuntimeSelection,
crates/openwepp-runner/src/hillslope/05_runner_execution_and_outputs.rs:2012:    baseline: DirectRuntimeAuditSnapshot,
crates/openwepp-runner/src/hillslope/05_runner_execution_and_outputs.rs:2013:    current: DirectRuntimeAuditSnapshot,
crates/openwepp-runner/src/hillslope/05_runner_execution_and_outputs.rs-2014-) -> Option<HillslopeDirectRuntimeCounterProvenance> {
crates/openwepp-runner/src/hillslope/05_runner_execution_and_outputs.rs-2015-    if runtime_selection != HillslopeRuntimeSelection::DirectProductionExecutor {
crates/openwepp-runner/src/hillslope/05_runner_execution_and_outputs.rs-2016-        return None;
--
crates/openwepp-runner/src/hillslope/05_runner_execution_and_outputs.rs-2021-}
crates/openwepp-runner/src/hillslope/05_runner_execution_and_outputs.rs-2022-
crates/openwepp-runner/src/hillslope/05_runner_execution_and_outputs.rs-2023-fn direct_runtime_counter_provenance(
crates/openwepp-runner/src/hillslope/05_runner_execution_and_outputs.rs:2024:    snapshot: DirectRuntimeAuditSnapshot,
crates/openwepp-runner/src/hillslope/05_runner_execution_and_outputs.rs-2025-) -> HillslopeDirectRuntimeCounterProvenance {
crates/openwepp-runner/src/hillslope/05_runner_execution_and_outputs.rs-2026-    HillslopeDirectRuntimeCounterProvenance {
crates/openwepp-runner/src/hillslope/05_runner_execution_and_outputs.rs-2027-        run_frame_constructions: snapshot.run_frame_constructions,
--
crates/openwepp-runner/src/hillslope/05_runner_execution_and_outputs.rs-2046-}
crates/openwepp-runner/src/hillslope/05_runner_execution_and_outputs.rs-2047-
crates/openwepp-runner/src/hillslope/05_runner_execution_and_outputs.rs-2048-fn direct_runtime_audit_delta(
crates/openwepp-runner/src/hillslope/05_runner_execution_and_outputs.rs:2049:    baseline: DirectRuntimeAuditSnapshot,
crates/openwepp-runner/src/hillslope/05_runner_execution_and_outputs.rs:2050:    current: DirectRuntimeAuditSnapshot,
crates/openwepp-runner/src/hillslope/05_runner_execution_and_outputs.rs:2051:) -> DirectRuntimeAuditSnapshot {
crates/openwepp-runner/src/hillslope/05_runner_execution_and_outputs.rs:2052:    DirectRuntimeAuditSnapshot {
crates/openwepp-runner/src/hillslope/05_runner_execution_and_outputs.rs-2053-        run_frame_constructions: current
crates/openwepp-runner/src/hillslope/05_runner_execution_and_outputs.rs-2054-            .run_frame_constructions
crates/openwepp-runner/src/hillslope/05_runner_execution_and_outputs.rs-2055-            .saturating_sub(baseline.run_frame_constructions),
--
crates/openwepp-runner/src/hillslope/05_runner_execution_and_outputs.rs-2106-    request: &HillslopeRunRequest,
crates/openwepp-runner/src/hillslope/05_runner_execution_and_outputs.rs-2107-    argv: &[String],
crates/openwepp-runner/src/hillslope/05_runner_execution_and_outputs.rs-2108-) -> Result<HillslopeRunReport, HillslopeCliError> {
crates/openwepp-runner/src/hillslope/05_runner_execution_and_outputs.rs:2109:    execute_hillslope_run_with_runtime_policy(
crates/openwepp-runner/src/hillslope/05_runner_execution_and_outputs.rs-2110-        request,
crates/openwepp-runner/src/hillslope/05_runner_execution_and_outputs.rs-2111-        argv,
crates/openwepp-runner/src/hillslope/05_runner_execution_and_outputs.rs-2112-        HillslopeRuntimeSelectionPolicy::default(),
--
crates/openwepp-runner/src/hillslope/05_runner_execution_and_outputs.rs-2146-    argv: &[String],
crates/openwepp-runner/src/hillslope/05_runner_execution_and_outputs.rs-2147-    runtime_selection: HillslopeRuntimeSelection,
crates/openwepp-runner/src/hillslope/05_runner_execution_and_outputs.rs-2148-) -> Result<HillslopeRunReport, HillslopeCliError> {
crates/openwepp-runner/src/hillslope/05_runner_execution_and_outputs.rs:2149:    execute_hillslope_run_with_runtime_policy(
crates/openwepp-runner/src/hillslope/05_runner_execution_and_outputs.rs-2150-        request,
crates/openwepp-runner/src/hillslope/05_runner_execution_and_outputs.rs-2151-        argv,
crates/openwepp-runner/src/hillslope/05_runner_execution_and_outputs.rs-2152-        HillslopeRuntimeSelectionPolicy::new(
--
crates/openwepp-runner/src/hillslope/05_runner_execution_and_outputs.rs-2157-}
crates/openwepp-runner/src/hillslope/05_runner_execution_and_outputs.rs-2158-
crates/openwepp-runner/src/hillslope/05_runner_execution_and_outputs.rs-2159-#[allow(clippy::too_many_lines)]
crates/openwepp-runner/src/hillslope/05_runner_execution_and_outputs.rs:2160:pub fn execute_hillslope_run_with_runtime_policy(
crates/openwepp-runner/src/hillslope/05_runner_execution_and_outputs.rs-2161-    request: &HillslopeRunRequest,
crates/openwepp-runner/src/hillslope/05_runner_execution_and_outputs.rs-2162-    argv: &[String],
crates/openwepp-runner/src/hillslope/05_runner_execution_and_outputs.rs-2163-    runtime_policy: HillslopeRuntimeSelectionPolicy,
--
crates/openwepp-runner/src/hillslope/transaction_spool.rs-28-/// ordinary staged names. Promotion creates no public path and succeeds only
crates/openwepp-runner/src/hillslope/transaction_spool.rs-29-/// when every private file is complete.
crates/openwepp-runner/src/hillslope/transaction_spool.rs-30-#[derive(Debug)]
crates/openwepp-runner/src/hillslope/transaction_spool.rs:31:pub(super) struct RunnerTransactionPrivateSpool {
crates/openwepp-runner/src/hillslope/transaction_spool.rs-32-    entries: Vec<PrivateSpoolEntry>,
crates/openwepp-runner/src/hillslope/transaction_spool.rs-33-}
crates/openwepp-runner/src/hillslope/transaction_spool.rs-34-
--
crates/openwepp-runner/src/hillslope/05_runner_execution_and_outputs.rs-610-    Ok(())
crates/openwepp-runner/src/hillslope/05_runner_execution_and_outputs.rs-611-}
crates/openwepp-runner/src/hillslope/05_runner_execution_and_outputs.rs-612-
crates/openwepp-runner/src/hillslope/05_runner_execution_and_outputs.rs:613:struct DirectProductionRunFrameBuildInputs<'a> {
crates/openwepp-runner/src/hillslope/05_runner_execution_and_outputs.rs-614-    output_hillslope_id: u32,
crates/openwepp-runner/src/hillslope/05_runner_execution_and_outputs.rs-615-    lane_areas_m2: &'a [f64],
crates/openwepp-runner/src/hillslope/05_runner_execution_and_outputs.rs-616-    runoff_publication_geometries: &'a [Wb13RunoffPublicationGeometry],
--
crates/openwepp-runner/src/hillslope/05_runner_execution_and_outputs.rs-739-}
crates/openwepp-runner/src/hillslope/05_runner_execution_and_outputs.rs-740-
crates/openwepp-runner/src/hillslope/05_runner_execution_and_outputs.rs-741-#[derive(Clone, Copy, Debug)]
crates/openwepp-runner/src/hillslope/05_runner_execution_and_outputs.rs:742:struct DirectProductionRunoffPublicationGeometry {
crates/openwepp-runner/src/hillslope/05_runner_execution_and_outputs.rs-743-    q_scale: f64,
crates/openwepp-runner/src/hillslope/05_runner_execution_and_outputs.rs-744-    qofe_scale: f64,
crates/openwepp-runner/src/hillslope/05_runner_execution_and_outputs.rs-745-    efflen_m: f64,
--
crates/openwepp-runner/src/hillslope/05_runner_execution_and_outputs.rs-2009-
crates/openwepp-runner/src/hillslope/05_runner_execution_and_outputs.rs-2010-fn direct_runtime_counters_for_manifest(
crates/openwepp-runner/src/hillslope/05_runner_execution_and_outputs.rs-2011-    runtime_selection: HillslopeRuntimeSelection,
crates/openwepp-runner/src/hillslope/05_runner_execution_and_outputs.rs:2012:    baseline: DirectRuntimeAuditSnapshot,
crates/openwepp-runner/src/hillslope/05_runner_execution_and_outputs.rs:2013:    current: DirectRuntimeAuditSnapshot,
crates/openwepp-runner/src/hillslope/05_runner_execution_and_outputs.rs-2014-) -> Option<HillslopeDirectRuntimeCounterProvenance> {
crates/openwepp-runner/src/hillslope/05_runner_execution_and_outputs.rs-2015-    if runtime_selection != HillslopeRuntimeSelection::DirectProductionExecutor {
crates/openwepp-runner/src/hillslope/05_runner_execution_and_outputs.rs-2016-        return None;
--
crates/openwepp-runner/src/hillslope/05_runner_execution_and_outputs.rs-2021-}
crates/openwepp-runner/src/hillslope/05_runner_execution_and_outputs.rs-2022-
crates/openwepp-runner/src/hillslope/05_runner_execution_and_outputs.rs-2023-fn direct_runtime_counter_provenance(
crates/openwepp-runner/src/hillslope/05_runner_execution_and_outputs.rs:2024:    snapshot: DirectRuntimeAuditSnapshot,
crates/openwepp-runner/src/hillslope/05_runner_execution_and_outputs.rs-2025-) -> HillslopeDirectRuntimeCounterProvenance {
crates/openwepp-runner/src/hillslope/05_runner_execution_and_outputs.rs-2026-    HillslopeDirectRuntimeCounterProvenance {
crates/openwepp-runner/src/hillslope/05_runner_execution_and_outputs.rs-2027-        run_frame_constructions: snapshot.run_frame_constructions,
--
crates/openwepp-runner/src/hillslope/05_runner_execution_and_outputs.rs-2046-}
crates/openwepp-runner/src/hillslope/05_runner_execution_and_outputs.rs-2047-
crates/openwepp-runner/src/hillslope/05_runner_execution_and_outputs.rs-2048-fn direct_runtime_audit_delta(
crates/openwepp-runner/src/hillslope/05_runner_execution_and_outputs.rs:2049:    baseline: DirectRuntimeAuditSnapshot,
crates/openwepp-runner/src/hillslope/05_runner_execution_and_outputs.rs:2050:    current: DirectRuntimeAuditSnapshot,
crates/openwepp-runner/src/hillslope/05_runner_execution_and_outputs.rs:2051:) -> DirectRuntimeAuditSnapshot {
crates/openwepp-runner/src/hillslope/05_runner_execution_and_outputs.rs:2052:    DirectRuntimeAuditSnapshot {
crates/openwepp-runner/src/hillslope/05_runner_execution_and_outputs.rs-2053-        run_frame_constructions: current
crates/openwepp-runner/src/hillslope/05_runner_execution_and_outputs.rs-2054-            .run_frame_constructions
crates/openwepp-runner/src/hillslope/05_runner_execution_and_outputs.rs-2055-            .saturating_sub(baseline.run_frame_constructions),
--
crates/openwepp-runner/src/hillslope/05_runner_execution_and_outputs.rs-2106-    request: &HillslopeRunRequest,
crates/openwepp-runner/src/hillslope/05_runner_execution_and_outputs.rs-2107-    argv: &[String],
crates/openwepp-runner/src/hillslope/05_runner_execution_and_outputs.rs-2108-) -> Result<HillslopeRunReport, HillslopeCliError> {
crates/openwepp-runner/src/hillslope/05_runner_execution_and_outputs.rs:2109:    execute_hillslope_run_with_runtime_policy(
crates/openwepp-runner/src/hillslope/05_runner_execution_and_outputs.rs-2110-        request,
crates/openwepp-runner/src/hillslope/05_runner_execution_and_outputs.rs-2111-        argv,
crates/openwepp-runner/src/hillslope/05_runner_execution_and_outputs.rs-2112-        HillslopeRuntimeSelectionPolicy::default(),
--
crates/openwepp-runner/src/hillslope/05_runner_execution_and_outputs.rs-2146-    argv: &[String],
crates/openwepp-runner/src/hillslope/05_runner_execution_and_outputs.rs-2147-    runtime_selection: HillslopeRuntimeSelection,
crates/openwepp-runner/src/hillslope/05_runner_execution_and_outputs.rs-2148-) -> Result<HillslopeRunReport, HillslopeCliError> {
crates/openwepp-runner/src/hillslope/05_runner_execution_and_outputs.rs:2149:    execute_hillslope_run_with_runtime_policy(
crates/openwepp-runner/src/hillslope/05_runner_execution_and_outputs.rs-2150-        request,
crates/openwepp-runner/src/hillslope/05_runner_execution_and_outputs.rs-2151-        argv,
crates/openwepp-runner/src/hillslope/05_runner_execution_and_outputs.rs-2152-        HillslopeRuntimeSelectionPolicy::new(
--
crates/openwepp-runner/src/hillslope/05_runner_execution_and_outputs.rs-2157-}
crates/openwepp-runner/src/hillslope/05_runner_execution_and_outputs.rs-2158-
crates/openwepp-runner/src/hillslope/05_runner_execution_and_outputs.rs-2159-#[allow(clippy::too_many_lines)]
crates/openwepp-runner/src/hillslope/05_runner_execution_and_outputs.rs:2160:pub fn execute_hillslope_run_with_runtime_policy(
crates/openwepp-runner/src/hillslope/05_runner_execution_and_outputs.rs-2161-    request: &HillslopeRunRequest,
crates/openwepp-runner/src/hillslope/05_runner_execution_and_outputs.rs-2162-    argv: &[String],
crates/openwepp-runner/src/hillslope/05_runner_execution_and_outputs.rs-2163-    runtime_policy: HillslopeRuntimeSelectionPolicy,
--
crates/openwepp-runner/src/lib.rs-47-    author_stage3_v11_owner_seed_fixture,
crates/openwepp-runner/src/lib.rs-48-};
crates/openwepp-runner/src/lib.rs-49-pub use hillslope::{
crates/openwepp-runner/src/lib.rs:50:    execute_hillslope_run, execute_hillslope_run_with_runtime_policy,
crates/openwepp-runner/src/lib.rs-51-    execute_hillslope_run_with_runtime_selection, export_openwepp_snow_csv_from_wat,
crates/openwepp-runner/src/lib.rs-52-    export_pysnobal_inputs,
crates/openwepp-runner/src/lib.rs-53-};
--
crates/openwepp-runner/src/api.rs-3-use crate::policy::SidecarPolicy;
crates/openwepp-runner/src/api.rs-4-
crates/openwepp-runner/src/api.rs-5-#[derive(Debug, Clone)]
crates/openwepp-runner/src/api.rs:6:pub struct RunnerLaunchRequest {
crates/openwepp-runner/src/api.rs-7-    pub hillslope_binary: PathBuf,
crates/openwepp-runner/src/api.rs-8-    pub run_dir: PathBuf,
crates/openwepp-runner/src/api.rs-9-    pub run_file: PathBuf,
--
crates/openwepp-runner/src/api.rs-14-}
crates/openwepp-runner/src/api.rs-15-
crates/openwepp-runner/src/api.rs-16-#[derive(Debug, Clone)]
crates/openwepp-runner/src/api.rs:17:pub struct HillslopeRunRequest {
crates/openwepp-runner/src/api.rs-18-    pub run_dir: PathBuf,
crates/openwepp-runner/src/api.rs-19-    pub run_file: PathBuf,
crates/openwepp-runner/src/api.rs-20-    pub output_dir: PathBuf,
--
crates/openwepp-runner/src/api.rs-56-}
crates/openwepp-runner/src/api.rs-57-
crates/openwepp-runner/src/api.rs-58-#[derive(Debug, Default, Clone, Copy, PartialEq, Eq)]
crates/openwepp-runner/src/api.rs:59:pub struct HillslopeRuntimeSelectionPolicy {
crates/openwepp-runner/src/api.rs-60-    requested: HillslopeRuntimeSelection,
crates/openwepp-runner/src/api.rs-61-    default_activation: HillslopeDefaultRuntimeActivation,
crates/openwepp-runner/src/api.rs-62-}
--
crates/openwepp-runner/src/api.rs-107-}
crates/openwepp-runner/src/api.rs-108-
crates/openwepp-runner/src/api.rs-109-#[derive(Debug, Clone, Copy, PartialEq, Eq)]
crates/openwepp-runner/src/api.rs:110:pub struct HillslopeRuntimeSelectionResolution {
crates/openwepp-runner/src/api.rs-111-    requested: HillslopeRuntimeSelection,
crates/openwepp-runner/src/api.rs-112-    selected: HillslopeRuntimeSelection,
crates/openwepp-runner/src/api.rs-113-    default_activation: HillslopeDefaultRuntimeActivation,
--
crates/openwepp-runner/src/api.rs-143-}
crates/openwepp-runner/src/api.rs-144-
crates/openwepp-runner/src/api.rs-145-#[derive(Debug, Clone)]
crates/openwepp-runner/src/api.rs:146:pub struct HillslopeRunReport {
crates/openwepp-runner/src/api.rs-147-    pub output_pass: PathBuf,
crates/openwepp-runner/src/api.rs-148-    pub output_loss: PathBuf,
crates/openwepp-runner/src/api.rs-149-    pub optional_outputs: Vec<PathBuf>,
--
crates/openwepp-runner/src/hillslope/00_runner_intake_and_lane_setup.rs-38-    DirectLaneConstructorInputs, DirectLaneFrame, DirectLiquidInputInputs, DirectPercolationInputs,
crates/openwepp-runner/src/hillslope/00_runner_intake_and_lane_setup.rs-39-    DirectPublicationCalendarDay, DirectPublicationDayInput, DirectPublicationDayRow,
crates/openwepp-runner/src/hillslope/00_runner_intake_and_lane_setup.rs-40-    DirectPublicationRunMetadata, DirectResiduePartitionInputs, DirectRunConstructorInputs,
crates/openwepp-runner/src/hillslope/00_runner_intake_and_lane_setup.rs:41:    DirectRunFrame, DirectRunIdentity, DirectRuntimeAuditSnapshot, DirectRuntimeError,
crates/openwepp-runner/src/hillslope/00_runner_intake_and_lane_setup.rs-42-    DirectSnowCouplingInputs, DirectSnowHourlyForcing, DirectSnowLaneState,
crates/openwepp-runner/src/hillslope/00_runner_intake_and_lane_setup.rs-43-    DirectSnowStage3SupportInput, DirectSnowStage3V11DestinationCapabilityV1,
crates/openwepp-runner/src/hillslope/00_runner_intake_and_lane_setup.rs-44-    DirectSnowStage3V11DualRegimeSupportInputsV1, DirectStorageInputInputs,
--
crates/openwepp-runner/src/hillslope/00_runner_intake_and_lane_setup.rs-123-const EROD14_QIN_POLICY_WAVE1_SEDIMENT_COUPLED: &str = "wave1-hourly-sediment-coupled-handoff";
crates/openwepp-runner/src/hillslope/00_runner_intake_and_lane_setup.rs-124-
crates/openwepp-runner/src/hillslope/00_runner_intake_and_lane_setup.rs-125-#[derive(Debug, Serialize)]
crates/openwepp-runner/src/hillslope/00_runner_intake_and_lane_setup.rs:126:struct HillslopeRunManifest {
crates/openwepp-runner/src/hillslope/00_runner_intake_and_lane_setup.rs-127-    schema: String,
crates/openwepp-runner/src/hillslope/00_runner_intake_and_lane_setup.rs-128-    engine: String,
crates/openwepp-runner/src/hillslope/00_runner_intake_and_lane_setup.rs-129-    binary_path: String,
--
crates/openwepp-runner/src/hillslope/00_runner_intake_and_lane_setup.rs-179-}
crates/openwepp-runner/src/hillslope/00_runner_intake_and_lane_setup.rs-180-
crates/openwepp-runner/src/hillslope/00_runner_intake_and_lane_setup.rs-181-#[derive(Debug, Serialize)]
crates/openwepp-runner/src/hillslope/00_runner_intake_and_lane_setup.rs:182:struct HillslopeDirectRuntimeCounterProvenance {
crates/openwepp-runner/src/hillslope/00_runner_intake_and_lane_setup.rs-183-    run_frame_constructions: u64,
crates/openwepp-runner/src/hillslope/00_runner_intake_and_lane_setup.rs-184-    day_frame_constructions: u64,
crates/openwepp-runner/src/hillslope/00_runner_intake_and_lane_setup.rs-185-    day_frame_commits: u64,
--
crates/openwepp-runner/src/hillslope/00_runner_intake_and_lane_setup.rs-203-}
crates/openwepp-runner/src/hillslope/00_runner_intake_and_lane_setup.rs-204-
crates/openwepp-runner/src/hillslope/00_runner_intake_and_lane_setup.rs-205-#[derive(Debug, Serialize)]
crates/openwepp-runner/src/hillslope/00_runner_intake_and_lane_setup.rs:206:struct HillslopeRuntimeSelectionProvenance {
crates/openwepp-runner/src/hillslope/00_runner_intake_and_lane_setup.rs-207-    requested: String,
crates/openwepp-runner/src/hillslope/00_runner_intake_and_lane_setup.rs-208-    selected: String,
crates/openwepp-runner/src/hillslope/00_runner_intake_and_lane_setup.rs-209-    selection_reason: String,
--
crates/openwepp-runner/src/hillslope/00_runner_intake_and_lane_setup.rs-542-}
crates/openwepp-runner/src/hillslope/00_runner_intake_and_lane_setup.rs-543-
crates/openwepp-runner/src/hillslope/00_runner_intake_and_lane_setup.rs-544-#[derive(Debug, Deserialize, Default)]
crates/openwepp-runner/src/hillslope/00_runner_intake_and_lane_setup.rs:545:struct HillslopeRunfileDocument {
crates/openwepp-runner/src/hillslope/00_runner_intake_and_lane_setup.rs-546-    schema: String,
crates/openwepp-runner/src/hillslope/00_runner_intake_and_lane_setup.rs-547-    run_name: String,
crates/openwepp-runner/src/hillslope/00_runner_intake_and_lane_setup.rs-548-    unit_system: String,
--
crates/openwepp-runner/src/hillslope/00_runner_intake_and_lane_setup.rs-553-}
crates/openwepp-runner/src/hillslope/00_runner_intake_and_lane_setup.rs-554-
crates/openwepp-runner/src/hillslope/00_runner_intake_and_lane_setup.rs-555-#[derive(Debug, Deserialize, Default)]
crates/openwepp-runner/src/hillslope/00_runner_intake_and_lane_setup.rs:556:struct HillslopeRunfileInputs {
crates/openwepp-runner/src/hillslope/00_runner_intake_and_lane_setup.rs-557-    soil: String,
crates/openwepp-runner/src/hillslope/00_runner_intake_and_lane_setup.rs-558-    management: String,
crates/openwepp-runner/src/hillslope/00_runner_intake_and_lane_setup.rs-559-    slope: String,
--
crates/openwepp-runner/src/hillslope/00_runner_intake_and_lane_setup.rs-567-}
crates/openwepp-runner/src/hillslope/00_runner_intake_and_lane_setup.rs-568-
crates/openwepp-runner/src/hillslope/00_runner_intake_and_lane_setup.rs-569-#[derive(Debug, Deserialize, Default)]
crates/openwepp-runner/src/hillslope/00_runner_intake_and_lane_setup.rs:570:struct HillslopeRunfileOutputs {
crates/openwepp-runner/src/hillslope/00_runner_intake_and_lane_setup.rs-571-    pass: String,
crates/openwepp-runner/src/hillslope/00_runner_intake_and_lane_setup.rs-572-    loss: String,
crates/openwepp-runner/src/hillslope/00_runner_intake_and_lane_setup.rs-573-    pass_parquet: Option<String>,
--
crates/openwepp-runner/src/hillslope/00_runner_intake_and_lane_setup.rs-580-}
crates/openwepp-runner/src/hillslope/00_runner_intake_and_lane_setup.rs-581-
crates/openwepp-runner/src/hillslope/00_runner_intake_and_lane_setup.rs-582-#[derive(Debug, Deserialize, Clone, Copy)]
crates/openwepp-runner/src/hillslope/00_runner_intake_and_lane_setup.rs:583:struct RunfileSnowInline {
crates/openwepp-runner/src/hillslope/00_runner_intake_and_lane_setup.rs-584-    rst: f64,
crates/openwepp-runner/src/hillslope/00_runner_intake_and_lane_setup.rs-585-    newsnw: f64,
crates/openwepp-runner/src/hillslope/00_runner_intake_and_lane_setup.rs-586-    ssd: f64,
crates/openwepp-runner/src/hillslope/00_runner_intake_and_lane_setup.rs-587-}
crates/openwepp-runner/src/hillslope/00_runner_intake_and_lane_setup.rs-588-
crates/openwepp-runner/src/hillslope/00_runner_intake_and_lane_setup.rs-589-#[derive(Debug, Deserialize, Clone, Copy)]
crates/openwepp-runner/src/hillslope/00_runner_intake_and_lane_setup.rs:590:struct RunfileFrostInline {
crates/openwepp-runner/src/hillslope/00_runner_intake_and_lane_setup.rs-591-    #[serde(rename = "wintRed")]
crates/openwepp-runner/src/hillslope/00_runner_intake_and_lane_setup.rs-592-    wint_red: i32,
crates/openwepp-runner/src/hillslope/00_runner_intake_and_lane_setup.rs-593-    #[serde(rename = "fineTop")]
--
crates/openwepp-runner/src/hillslope/00_runner_intake_and_lane_setup.rs-603-}
crates/openwepp-runner/src/hillslope/00_runner_intake_and_lane_setup.rs-604-
crates/openwepp-runner/src/hillslope/00_runner_intake_and_lane_setup.rs-605-#[derive(Debug, Default)]
crates/openwepp-runner/src/hillslope/00_runner_intake_and_lane_setup.rs:606:struct RunfileSidecarOverrides {
crates/openwepp-runner/src/hillslope/00_runner_intake_and_lane_setup.rs-607-    wepp_ui: bool,
crates/openwepp-runner/src/hillslope/00_runner_intake_and_lane_setup.rs-608-    pmetpara_path: Option<PathBuf>,
crates/openwepp-runner/src/hillslope/00_runner_intake_and_lane_setup.rs-609-    snow_stage3_v11_owner_seed_path: Option<PathBuf>,
--
crates/openwepp-runner/src/hillslope/00_runner_intake_and_lane_setup.rs-612-}
crates/openwepp-runner/src/hillslope/00_runner_intake_and_lane_setup.rs-613-
crates/openwepp-runner/src/hillslope/00_runner_intake_and_lane_setup.rs-614-#[derive(Debug)]
crates/openwepp-runner/src/hillslope/00_runner_intake_and_lane_setup.rs:615:struct RunfileExecutionConfig {
crates/openwepp-runner/src/hillslope/00_runner_intake_and_lane_setup.rs-616-    run_name: String,
crates/openwepp-runner/src/hillslope/00_runner_intake_and_lane_setup.rs-617-    soil_path: PathBuf,
crates/openwepp-runner/src/hillslope/00_runner_intake_and_lane_setup.rs-618-    management_path: PathBuf,
--
crates/openwepp-runner/src/hillslope/00_runner_intake_and_lane_setup.rs-622-    sidecar_overrides: RunfileSidecarOverrides,
crates/openwepp-runner/src/hillslope/00_runner_intake_and_lane_setup.rs-623-}
crates/openwepp-runner/src/hillslope/00_runner_intake_and_lane_setup.rs-624-
crates/openwepp-runner/src/hillslope/00_runner_intake_and_lane_setup.rs:625:struct ParsedHillslopeRunInputs {
crates/openwepp-runner/src/hillslope/00_runner_intake_and_lane_setup.rs-626-    run_file_path: PathBuf,
crates/openwepp-runner/src/hillslope/00_runner_intake_and_lane_setup.rs-627-    runfile: RunfileExecutionConfig,
crates/openwepp-runner/src/hillslope/00_runner_intake_and_lane_setup.rs-628-    soil_path: PathBuf,
--
crates/openwepp-runner/src/hillslope/00_runner_intake_and_lane_setup.rs-671-    snow_stage3_v11_owner_seed_path: Option<PathBuf>,
crates/openwepp-runner/src/hillslope/00_runner_intake_and_lane_setup.rs-672-}
crates/openwepp-runner/src/hillslope/00_runner_intake_and_lane_setup.rs-673-
crates/openwepp-runner/src/hillslope/00_runner_intake_and_lane_setup.rs:674:struct StaticHillslopeRuntimeSetup {
crates/openwepp-runner/src/hillslope/00_runner_intake_and_lane_setup.rs-675-    timestep_policy: HillslopeTimestepPolicyProvenance,
crates/openwepp-runner/src/hillslope/00_runner_intake_and_lane_setup.rs-676-    adapter_boundary: HillslopeAdapterBoundaryProvenance,
crates/openwepp-runner/src/hillslope/00_runner_intake_and_lane_setup.rs-677-    execution_state: HillslopeClimateExecutionState,
--
crates/openwepp-runner/src/hillslope/intake_lane_setup/runtime_surface_helpers.rs-24-}
crates/openwepp-runner/src/hillslope/intake_lane_setup/runtime_surface_helpers.rs-25-
crates/openwepp-runner/src/hillslope/intake_lane_setup/runtime_surface_helpers.rs-26-#[derive(Clone, Copy, Debug, PartialEq)]
crates/openwepp-runner/src/hillslope/intake_lane_setup/runtime_surface_helpers.rs:27:pub(crate) struct TypedPmetparaRuntimeProjection {
crates/openwepp-runner/src/hillslope/intake_lane_setup/runtime_surface_helpers.rs-28-    pub(crate) sidecar_present: bool,
crates/openwepp-runner/src/hillslope/intake_lane_setup/runtime_surface_helpers.rs-29-    pub(crate) iflget: i32,
crates/openwepp-runner/src/hillslope/intake_lane_setup/runtime_surface_helpers.rs-30-    pub(crate) record_count: usize,
--
crates/openwepp-runner/src/hillslope/intake_lane_setup/runtime_surface_helpers.rs-24-}
crates/openwepp-runner/src/hillslope/intake_lane_setup/runtime_surface_helpers.rs-25-
crates/openwepp-runner/src/hillslope/intake_lane_setup/runtime_surface_helpers.rs-26-#[derive(Clone, Copy, Debug, PartialEq)]
crates/openwepp-runner/src/hillslope/intake_lane_setup/runtime_surface_helpers.rs:27:pub(crate) struct TypedPmetparaRuntimeProjection {
crates/openwepp-runner/src/hillslope/intake_lane_setup/runtime_surface_helpers.rs-28-    pub(crate) sidecar_present: bool,
crates/openwepp-runner/src/hillslope/intake_lane_setup/runtime_surface_helpers.rs-29-    pub(crate) iflget: i32,
crates/openwepp-runner/src/hillslope/intake_lane_setup/runtime_surface_helpers.rs-30-    pub(crate) record_count: usize,
--
crates/openwepp-runner/src/hillslope/03_tests.rs-162-        let report =
crates/openwepp-runner/src/hillslope/03_tests.rs-163-            crate::hillslope::snow_stage3_v11_production_seed::with_explicit_test_owner_seed(
crates/openwepp-runner/src/hillslope/03_tests.rs-164-                || {
crates/openwepp-runner/src/hillslope/03_tests.rs:165:                    execute_hillslope_run_with_runtime_policy(
crates/openwepp-runner/src/hillslope/03_tests.rs-166-                        &HillslopeRunRequest {
crates/openwepp-runner/src/hillslope/03_tests.rs-167-                            run_dir: temp_run_dir.clone(),
crates/openwepp-runner/src/hillslope/03_tests.rs-168-                            run_file: PathBuf::from("case.run"),
--
crates/openwepp-runner/src/hillslope/03_tests.rs-517-            test_fixture_authority::Stage3TestFixtureSeedBinding::ExplicitRunfile,
crates/openwepp-runner/src/hillslope/03_tests.rs-518-        )
crates/openwepp-runner/src/hillslope/03_tests.rs-519-        .expect("native-forest fixture should bind its exact Stage-3 owner seed");
crates/openwepp-runner/src/hillslope/03_tests.rs:520:        let report = execute_hillslope_run_with_runtime_policy(
crates/openwepp-runner/src/hillslope/03_tests.rs-521-            &request,
crates/openwepp-runner/src/hillslope/03_tests.rs-522-            &["openwepp-cli-hill".to_string()],
crates/openwepp-runner/src/hillslope/03_tests.rs-523-            HillslopeRuntimeSelectionPolicy::default(),
--
crates/openwepp-runner/src/hillslope/03_tests.rs-922-            test_fixture_authority::Stage3TestFixtureSeedBinding::ExplicitRunfile,
crates/openwepp-runner/src/hillslope/03_tests.rs-923-        )
crates/openwepp-runner/src/hillslope/03_tests.rs-924-        .expect("changed management fixture should reseal its exact Stage-3 owner seed");
crates/openwepp-runner/src/hillslope/03_tests.rs:925:        execute_hillslope_run_with_runtime_policy(
crates/openwepp-runner/src/hillslope/03_tests.rs-926-            &incomplete_request,
crates/openwepp-runner/src/hillslope/03_tests.rs-927-            &["openwepp-cli-hill".to_string()],
crates/openwepp-runner/src/hillslope/03_tests.rs-928-            HillslopeRuntimeSelectionPolicy::default(),
--
crates/openwepp-runner/src/hillslope/03_tests.rs-996-            test_fixture_authority::Stage3TestFixtureSeedBinding::ExplicitRunfile,
crates/openwepp-runner/src/hillslope/03_tests.rs-997-        )
crates/openwepp-runner/src/hillslope/03_tests.rs-998-        .expect("narrow-support fixture should reseal its exact Stage-3 owner seed");
crates/openwepp-runner/src/hillslope/03_tests.rs:999:        let outside_error = execute_hillslope_run_with_runtime_policy(
crates/openwepp-runner/src/hillslope/03_tests.rs-1000-            &outside_request,
crates/openwepp-runner/src/hillslope/03_tests.rs-1001-            &["openwepp-cli-hill".to_string()],
crates/openwepp-runner/src/hillslope/03_tests.rs-1002-            HillslopeRuntimeSelectionPolicy::default(),
--
crates/openwepp-runner/src/hillslope/03_tests.rs-162-        let report =
crates/openwepp-runner/src/hillslope/03_tests.rs-163-            crate::hillslope::snow_stage3_v11_production_seed::with_explicit_test_owner_seed(
crates/openwepp-runner/src/hillslope/03_tests.rs-164-                || {
crates/openwepp-runner/src/hillslope/03_tests.rs:165:                    execute_hillslope_run_with_runtime_policy(
crates/openwepp-runner/src/hillslope/03_tests.rs-166-                        &HillslopeRunRequest {
crates/openwepp-runner/src/hillslope/03_tests.rs-167-                            run_dir: temp_run_dir.clone(),
crates/openwepp-runner/src/hillslope/03_tests.rs-168-                            run_file: PathBuf::from("case.run"),
--
crates/openwepp-runner/src/hillslope/03_tests.rs-517-            test_fixture_authority::Stage3TestFixtureSeedBinding::ExplicitRunfile,
crates/openwepp-runner/src/hillslope/03_tests.rs-518-        )
crates/openwepp-runner/src/hillslope/03_tests.rs-519-        .expect("native-forest fixture should bind its exact Stage-3 owner seed");
crates/openwepp-runner/src/hillslope/03_tests.rs:520:        let report = execute_hillslope_run_with_runtime_policy(
crates/openwepp-runner/src/hillslope/03_tests.rs-521-            &request,
crates/openwepp-runner/src/hillslope/03_tests.rs-522-            &["openwepp-cli-hill".to_string()],
crates/openwepp-runner/src/hillslope/03_tests.rs-523-            HillslopeRuntimeSelectionPolicy::default(),
--
crates/openwepp-runner/src/hillslope/03_tests.rs-922-            test_fixture_authority::Stage3TestFixtureSeedBinding::ExplicitRunfile,
crates/openwepp-runner/src/hillslope/03_tests.rs-923-        )
crates/openwepp-runner/src/hillslope/03_tests.rs-924-        .expect("changed management fixture should reseal its exact Stage-3 owner seed");
crates/openwepp-runner/src/hillslope/03_tests.rs:925:        execute_hillslope_run_with_runtime_policy(
crates/openwepp-runner/src/hillslope/03_tests.rs-926-            &incomplete_request,
crates/openwepp-runner/src/hillslope/03_tests.rs-927-            &["openwepp-cli-hill".to_string()],
crates/openwepp-runner/src/hillslope/03_tests.rs-928-            HillslopeRuntimeSelectionPolicy::default(),
--
crates/openwepp-runner/src/hillslope/03_tests.rs-996-            test_fixture_authority::Stage3TestFixtureSeedBinding::ExplicitRunfile,
crates/openwepp-runner/src/hillslope/03_tests.rs-997-        )
crates/openwepp-runner/src/hillslope/03_tests.rs-998-        .expect("narrow-support fixture should reseal its exact Stage-3 owner seed");
crates/openwepp-runner/src/hillslope/03_tests.rs:999:        let outside_error = execute_hillslope_run_with_runtime_policy(
crates/openwepp-runner/src/hillslope/03_tests.rs-1000-            &outside_request,
crates/openwepp-runner/src/hillslope/03_tests.rs-1001-            &["openwepp-cli-hill".to_string()],
crates/openwepp-runner/src/hillslope/03_tests.rs-1002-            HillslopeRuntimeSelectionPolicy::default(),
--
crates/openwepp-runner/src/hillslope/00_runner_intake_and_lane_setup.rs-38-    DirectLaneConstructorInputs, DirectLaneFrame, DirectLiquidInputInputs, DirectPercolationInputs,
crates/openwepp-runner/src/hillslope/00_runner_intake_and_lane_setup.rs-39-    DirectPublicationCalendarDay, DirectPublicationDayInput, DirectPublicationDayRow,
crates/openwepp-runner/src/hillslope/00_runner_intake_and_lane_setup.rs-40-    DirectPublicationRunMetadata, DirectResiduePartitionInputs, DirectRunConstructorInputs,
crates/openwepp-runner/src/hillslope/00_runner_intake_and_lane_setup.rs:41:    DirectRunFrame, DirectRunIdentity, DirectRuntimeAuditSnapshot, DirectRuntimeError,
crates/openwepp-runner/src/hillslope/00_runner_intake_and_lane_setup.rs-42-    DirectSnowCouplingInputs, DirectSnowHourlyForcing, DirectSnowLaneState,
crates/openwepp-runner/src/hillslope/00_runner_intake_and_lane_setup.rs-43-    DirectSnowStage3SupportInput, DirectSnowStage3V11DestinationCapabilityV1,
crates/openwepp-runner/src/hillslope/00_runner_intake_and_lane_setup.rs-44-    DirectSnowStage3V11DualRegimeSupportInputsV1, DirectStorageInputInputs,
--
crates/openwepp-runner/src/hillslope/00_runner_intake_and_lane_setup.rs-123-const EROD14_QIN_POLICY_WAVE1_SEDIMENT_COUPLED: &str = "wave1-hourly-sediment-coupled-handoff";
crates/openwepp-runner/src/hillslope/00_runner_intake_and_lane_setup.rs-124-
crates/openwepp-runner/src/hillslope/00_runner_intake_and_lane_setup.rs-125-#[derive(Debug, Serialize)]
crates/openwepp-runner/src/hillslope/00_runner_intake_and_lane_setup.rs:126:struct HillslopeRunManifest {
crates/openwepp-runner/src/hillslope/00_runner_intake_and_lane_setup.rs-127-    schema: String,
crates/openwepp-runner/src/hillslope/00_runner_intake_and_lane_setup.rs-128-    engine: String,
crates/openwepp-runner/src/hillslope/00_runner_intake_and_lane_setup.rs-129-    binary_path: String,
--
crates/openwepp-runner/src/hillslope/00_runner_intake_and_lane_setup.rs-179-}
crates/openwepp-runner/src/hillslope/00_runner_intake_and_lane_setup.rs-180-
crates/openwepp-runner/src/hillslope/00_runner_intake_and_lane_setup.rs-181-#[derive(Debug, Serialize)]
crates/openwepp-runner/src/hillslope/00_runner_intake_and_lane_setup.rs:182:struct HillslopeDirectRuntimeCounterProvenance {
crates/openwepp-runner/src/hillslope/00_runner_intake_and_lane_setup.rs-183-    run_frame_constructions: u64,
crates/openwepp-runner/src/hillslope/00_runner_intake_and_lane_setup.rs-184-    day_frame_constructions: u64,
crates/openwepp-runner/src/hillslope/00_runner_intake_and_lane_setup.rs-185-    day_frame_commits: u64,
--
crates/openwepp-runner/src/hillslope/00_runner_intake_and_lane_setup.rs-203-}
crates/openwepp-runner/src/hillslope/00_runner_intake_and_lane_setup.rs-204-
crates/openwepp-runner/src/hillslope/00_runner_intake_and_lane_setup.rs-205-#[derive(Debug, Serialize)]
crates/openwepp-runner/src/hillslope/00_runner_intake_and_lane_setup.rs:206:struct HillslopeRuntimeSelectionProvenance {
crates/openwepp-runner/src/hillslope/00_runner_intake_and_lane_setup.rs-207-    requested: String,
crates/openwepp-runner/src/hillslope/00_runner_intake_and_lane_setup.rs-208-    selected: String,
crates/openwepp-runner/src/hillslope/00_runner_intake_and_lane_setup.rs-209-    selection_reason: String,
--
crates/openwepp-runner/src/hillslope/00_runner_intake_and_lane_setup.rs-542-}
crates/openwepp-runner/src/hillslope/00_runner_intake_and_lane_setup.rs-543-
crates/openwepp-runner/src/hillslope/00_runner_intake_and_lane_setup.rs-544-#[derive(Debug, Deserialize, Default)]
crates/openwepp-runner/src/hillslope/00_runner_intake_and_lane_setup.rs:545:struct HillslopeRunfileDocument {
crates/openwepp-runner/src/hillslope/00_runner_intake_and_lane_setup.rs-546-    schema: String,
crates/openwepp-runner/src/hillslope/00_runner_intake_and_lane_setup.rs-547-    run_name: String,
crates/openwepp-runner/src/hillslope/00_runner_intake_and_lane_setup.rs-548-    unit_system: String,
--
crates/openwepp-runner/src/hillslope/00_runner_intake_and_lane_setup.rs-553-}
crates/openwepp-runner/src/hillslope/00_runner_intake_and_lane_setup.rs-554-
crates/openwepp-runner/src/hillslope/00_runner_intake_and_lane_setup.rs-555-#[derive(Debug, Deserialize, Default)]
crates/openwepp-runner/src/hillslope/00_runner_intake_and_lane_setup.rs:556:struct HillslopeRunfileInputs {
crates/openwepp-runner/src/hillslope/00_runner_intake_and_lane_setup.rs-557-    soil: String,
crates/openwepp-runner/src/hillslope/00_runner_intake_and_lane_setup.rs-558-    management: String,
crates/openwepp-runner/src/hillslope/00_runner_intake_and_lane_setup.rs-559-    slope: String,
--
crates/openwepp-runner/src/hillslope/00_runner_intake_and_lane_setup.rs-567-}
crates/openwepp-runner/src/hillslope/00_runner_intake_and_lane_setup.rs-568-
crates/openwepp-runner/src/hillslope/00_runner_intake_and_lane_setup.rs-569-#[derive(Debug, Deserialize, Default)]
crates/openwepp-runner/src/hillslope/00_runner_intake_and_lane_setup.rs:570:struct HillslopeRunfileOutputs {
crates/openwepp-runner/src/hillslope/00_runner_intake_and_lane_setup.rs-571-    pass: String,
crates/openwepp-runner/src/hillslope/00_runner_intake_and_lane_setup.rs-572-    loss: String,
crates/openwepp-runner/src/hillslope/00_runner_intake_and_lane_setup.rs-573-    pass_parquet: Option<String>,
--
crates/openwepp-runner/src/hillslope/00_runner_intake_and_lane_setup.rs-580-}
crates/openwepp-runner/src/hillslope/00_runner_intake_and_lane_setup.rs-581-
crates/openwepp-runner/src/hillslope/00_runner_intake_and_lane_setup.rs-582-#[derive(Debug, Deserialize, Clone, Copy)]
crates/openwepp-runner/src/hillslope/00_runner_intake_and_lane_setup.rs:583:struct RunfileSnowInline {
crates/openwepp-runner/src/hillslope/00_runner_intake_and_lane_setup.rs-584-    rst: f64,
crates/openwepp-runner/src/hillslope/00_runner_intake_and_lane_setup.rs-585-    newsnw: f64,
crates/openwepp-runner/src/hillslope/00_runner_intake_and_lane_setup.rs-586-    ssd: f64,
crates/openwepp-runner/src/hillslope/00_runner_intake_and_lane_setup.rs-587-}
crates/openwepp-runner/src/hillslope/00_runner_intake_and_lane_setup.rs-588-
crates/openwepp-runner/src/hillslope/00_runner_intake_and_lane_setup.rs-589-#[derive(Debug, Deserialize, Clone, Copy)]
crates/openwepp-runner/src/hillslope/00_runner_intake_and_lane_setup.rs:590:struct RunfileFrostInline {
crates/openwepp-runner/src/hillslope/00_runner_intake_and_lane_setup.rs-591-    #[serde(rename = "wintRed")]
crates/openwepp-runner/src/hillslope/00_runner_intake_and_lane_setup.rs-592-    wint_red: i32,
crates/openwepp-runner/src/hillslope/00_runner_intake_and_lane_setup.rs-593-    #[serde(rename = "fineTop")]
--
crates/openwepp-runner/src/hillslope/00_runner_intake_and_lane_setup.rs-603-}
crates/openwepp-runner/src/hillslope/00_runner_intake_and_lane_setup.rs-604-
crates/openwepp-runner/src/hillslope/00_runner_intake_and_lane_setup.rs-605-#[derive(Debug, Default)]
crates/openwepp-runner/src/hillslope/00_runner_intake_and_lane_setup.rs:606:struct RunfileSidecarOverrides {
crates/openwepp-runner/src/hillslope/00_runner_intake_and_lane_setup.rs-607-    wepp_ui: bool,
crates/openwepp-runner/src/hillslope/00_runner_intake_and_lane_setup.rs-608-    pmetpara_path: Option<PathBuf>,
crates/openwepp-runner/src/hillslope/00_runner_intake_and_lane_setup.rs-609-    snow_stage3_v11_owner_seed_path: Option<PathBuf>,
--
crates/openwepp-runner/src/hillslope/00_runner_intake_and_lane_setup.rs-612-}
crates/openwepp-runner/src/hillslope/00_runner_intake_and_lane_setup.rs-613-
crates/openwepp-runner/src/hillslope/00_runner_intake_and_lane_setup.rs-614-#[derive(Debug)]
crates/openwepp-runner/src/hillslope/00_runner_intake_and_lane_setup.rs:615:struct RunfileExecutionConfig {
crates/openwepp-runner/src/hillslope/00_runner_intake_and_lane_setup.rs-616-    run_name: String,
crates/openwepp-runner/src/hillslope/00_runner_intake_and_lane_setup.rs-617-    soil_path: PathBuf,
crates/openwepp-runner/src/hillslope/00_runner_intake_and_lane_setup.rs-618-    management_path: PathBuf,
--
crates/openwepp-runner/src/hillslope/00_runner_intake_and_lane_setup.rs-622-    sidecar_overrides: RunfileSidecarOverrides,
crates/openwepp-runner/src/hillslope/00_runner_intake_and_lane_setup.rs-623-}
crates/openwepp-runner/src/hillslope/00_runner_intake_and_lane_setup.rs-624-
crates/openwepp-runner/src/hillslope/00_runner_intake_and_lane_setup.rs:625:struct ParsedHillslopeRunInputs {
crates/openwepp-runner/src/hillslope/00_runner_intake_and_lane_setup.rs-626-    run_file_path: PathBuf,
crates/openwepp-runner/src/hillslope/00_runner_intake_and_lane_setup.rs-627-    runfile: RunfileExecutionConfig,
crates/openwepp-runner/src/hillslope/00_runner_intake_and_lane_setup.rs-628-    soil_path: PathBuf,
--
crates/openwepp-runner/src/hillslope/00_runner_intake_and_lane_setup.rs-671-    snow_stage3_v11_owner_seed_path: Option<PathBuf>,
crates/openwepp-runner/src/hillslope/00_runner_intake_and_lane_setup.rs-672-}
crates/openwepp-runner/src/hillslope/00_runner_intake_and_lane_setup.rs-673-
crates/openwepp-runner/src/hillslope/00_runner_intake_and_lane_setup.rs:674:struct StaticHillslopeRuntimeSetup {
crates/openwepp-runner/src/hillslope/00_runner_intake_and_lane_setup.rs-675-    timestep_policy: HillslopeTimestepPolicyProvenance,
crates/openwepp-runner/src/hillslope/00_runner_intake_and_lane_setup.rs-676-    adapter_boundary: HillslopeAdapterBoundaryProvenance,
crates/openwepp-runner/src/hillslope/00_runner_intake_and_lane_setup.rs-677-    execution_state: HillslopeClimateExecutionState,
--
crates/openwepp-runner/src/hillslope/snow_stage3_v11_qualification_audit.rs-4-use openwepp_coupled_time::TimeSupport;
crates/openwepp-runner/src/hillslope/snow_stage3_v11_qualification_audit.rs-5-
crates/openwepp-runner/src/hillslope/snow_stage3_v11_qualification_audit.rs-6-#[derive(Clone, Debug, Default, PartialEq)]
crates/openwepp-runner/src/hillslope/snow_stage3_v11_qualification_audit.rs:7:pub(crate) struct RunnerStage3V11QualificationAuditV1 {
crates/openwepp-runner/src/hillslope/snow_stage3_v11_qualification_audit.rs-8-    pub(crate) support_chronology_by_day: BTreeMap<usize, Vec<TimeSupport>>,
crates/openwepp-runner/src/hillslope/snow_stage3_v11_qualification_audit.rs-9-    pub(crate) committed_snapshot:
crates/openwepp-runner/src/hillslope/snow_stage3_v11_qualification_audit.rs-10-        Option<openwepp_hillslope_orchestrator::SnowStage3V11ProductionQualificationSnapshotV1>,
--
crates/openwepp-runner/src/hillslope/02_output_and_climate_helpers.rs-74-const MF_IDENTITY_STATUS: &str = "pass-published-per-ofe-wb13-records";
crates/openwepp-runner/src/hillslope/02_output_and_climate_helpers.rs-75-
crates/openwepp-runner/src/hillslope/02_output_and_climate_helpers.rs-76-#[derive(Clone, Copy, Debug)]
crates/openwepp-runner/src/hillslope/02_output_and_climate_helpers.rs:77:struct Wb13RunoffPublicationGeometry {
crates/openwepp-runner/src/hillslope/02_output_and_climate_helpers.rs-78-    ofe_length_m: f64,
crates/openwepp-runner/src/hillslope/02_output_and_climate_helpers.rs-79-    cumulative_length_m: f64,
crates/openwepp-runner/src/hillslope/02_output_and_climate_helpers.rs-80-}
--
crates/openwepp-runner/src/hillslope/02_output_and_climate_helpers.rs-1195-}
crates/openwepp-runner/src/hillslope/02_output_and_climate_helpers.rs-1196-
crates/openwepp-runner/src/hillslope/02_output_and_climate_helpers.rs-1197-#[derive(Debug, Clone)]
crates/openwepp-runner/src/hillslope/02_output_and_climate_helpers.rs:1198:struct ClimateRunSpanSummary {
crates/openwepp-runner/src/hillslope/02_output_and_climate_helpers.rs-1199-    days: Vec<ClimateDayProjection>,
crates/openwepp-runner/src/hillslope/02_output_and_climate_helpers.rs-1200-    first_day: ClimateDayProjection,
crates/openwepp-runner/src/hillslope/02_output_and_climate_helpers.rs-1201-    last_day: ClimateDayProjection,
--
crates/openwepp-runner/src/hillslope/snow_stage3_v11_qualification_audit.rs-4-use openwepp_coupled_time::TimeSupport;
crates/openwepp-runner/src/hillslope/snow_stage3_v11_qualification_audit.rs-5-
crates/openwepp-runner/src/hillslope/snow_stage3_v11_qualification_audit.rs-6-#[derive(Clone, Debug, Default, PartialEq)]
crates/openwepp-runner/src/hillslope/snow_stage3_v11_qualification_audit.rs:7:pub(crate) struct RunnerStage3V11QualificationAuditV1 {
crates/openwepp-runner/src/hillslope/snow_stage3_v11_qualification_audit.rs-8-    pub(crate) support_chronology_by_day: BTreeMap<usize, Vec<TimeSupport>>,
crates/openwepp-runner/src/hillslope/snow_stage3_v11_qualification_audit.rs-9-    pub(crate) committed_snapshot:
crates/openwepp-runner/src/hillslope/snow_stage3_v11_qualification_audit.rs-10-        Option<openwepp_hillslope_orchestrator::SnowStage3V11ProductionQualificationSnapshotV1>,
--
crates/openwepp-runner/src/hillslope/tests03/cqr_laned_active_outputs.rs-480-    .expect("valid telemetry bound");
crates/openwepp-runner/src/hillslope/tests03/cqr_laned_active_outputs.rs-481-    let result =
crates/openwepp-runner/src/hillslope/tests03/cqr_laned_active_outputs.rs-482-        crate::hillslope::snow_stage3_v11_production_seed::with_explicit_test_owner_seed(|| {
crates/openwepp-runner/src/hillslope/tests03/cqr_laned_active_outputs.rs:483:            execute_hillslope_run_with_runtime_policy(
crates/openwepp-runner/src/hillslope/tests03/cqr_laned_active_outputs.rs-484-                &HillslopeRunRequest {
crates/openwepp-runner/src/hillslope/tests03/cqr_laned_active_outputs.rs-485-                    run_dir: run_dir.clone(),
crates/openwepp-runner/src/hillslope/tests03/cqr_laned_active_outputs.rs-486-                    run_file: PathBuf::from("case.run"),
--
crates/openwepp-runner/src/hillslope/tests03/cqr_laned_active_outputs.rs-769-    .expect("valid telemetry bound");
crates/openwepp-runner/src/hillslope/tests03/cqr_laned_active_outputs.rs-770-    let result =
crates/openwepp-runner/src/hillslope/tests03/cqr_laned_active_outputs.rs-771-        crate::hillslope::snow_stage3_v11_production_seed::with_explicit_test_owner_seed(|| {
crates/openwepp-runner/src/hillslope/tests03/cqr_laned_active_outputs.rs:772:            execute_hillslope_run_with_runtime_policy(
crates/openwepp-runner/src/hillslope/tests03/cqr_laned_active_outputs.rs-773-                &HillslopeRunRequest {
crates/openwepp-runner/src/hillslope/tests03/cqr_laned_active_outputs.rs-774-                    run_dir: run_dir.clone(),
crates/openwepp-runner/src/hillslope/tests03/cqr_laned_active_outputs.rs-775-                    run_file: PathBuf::from("case.run"),
--
crates/openwepp-runner/src/hillslope/tests03/cqr_laned_active_outputs.rs-869-    .expect("valid telemetry bound");
crates/openwepp-runner/src/hillslope/tests03/cqr_laned_active_outputs.rs-870-    let result =
crates/openwepp-runner/src/hillslope/tests03/cqr_laned_active_outputs.rs-871-        crate::hillslope::snow_stage3_v11_production_seed::with_explicit_test_owner_seed(|| {
crates/openwepp-runner/src/hillslope/tests03/cqr_laned_active_outputs.rs:872:            execute_hillslope_run_with_runtime_policy(
crates/openwepp-runner/src/hillslope/tests03/cqr_laned_active_outputs.rs-873-                &HillslopeRunRequest {
crates/openwepp-runner/src/hillslope/tests03/cqr_laned_active_outputs.rs-874-                    run_dir: run_dir.clone(),
crates/openwepp-runner/src/hillslope/tests03/cqr_laned_active_outputs.rs-875-                    run_file: PathBuf::from("case.run"),
--
crates/openwepp-runner/src/hillslope/tests03/cqr_laned_active_outputs.rs-1213-    if uses_laned_fixture {
crates/openwepp-runner/src/hillslope/tests03/cqr_laned_active_outputs.rs-1214-        enable_native_routing_coefficients(&temp_run_dir);
crates/openwepp-runner/src/hillslope/tests03/cqr_laned_active_outputs.rs-1215-    }
crates/openwepp-runner/src/hillslope/tests03/cqr_laned_active_outputs.rs:1216:    let result = execute_hillslope_run_with_runtime_policy(
crates/openwepp-runner/src/hillslope/tests03/cqr_laned_active_outputs.rs-1217-        &HillslopeRunRequest {
crates/openwepp-runner/src/hillslope/tests03/cqr_laned_active_outputs.rs-1218-            run_dir: temp_run_dir.clone(),
crates/openwepp-runner/src/hillslope/tests03/cqr_laned_active_outputs.rs-1219-            run_file: PathBuf::from(if uses_laned_fixture {
--
crates/openwepp-runner/src/hillslope/tests03/cqr_laned_active_outputs.rs-480-    .expect("valid telemetry bound");
crates/openwepp-runner/src/hillslope/tests03/cqr_laned_active_outputs.rs-481-    let result =
crates/openwepp-runner/src/hillslope/tests03/cqr_laned_active_outputs.rs-482-        crate::hillslope::snow_stage3_v11_production_seed::with_explicit_test_owner_seed(|| {
crates/openwepp-runner/src/hillslope/tests03/cqr_laned_active_outputs.rs:483:            execute_hillslope_run_with_runtime_policy(
crates/openwepp-runner/src/hillslope/tests03/cqr_laned_active_outputs.rs-484-                &HillslopeRunRequest {
crates/openwepp-runner/src/hillslope/tests03/cqr_laned_active_outputs.rs-485-                    run_dir: run_dir.clone(),
crates/openwepp-runner/src/hillslope/tests03/cqr_laned_active_outputs.rs-486-                    run_file: PathBuf::from("case.run"),
--
crates/openwepp-runner/src/hillslope/tests03/cqr_laned_active_outputs.rs-769-    .expect("valid telemetry bound");
crates/openwepp-runner/src/hillslope/tests03/cqr_laned_active_outputs.rs-770-    let result =
crates/openwepp-runner/src/hillslope/tests03/cqr_laned_active_outputs.rs-771-        crate::hillslope::snow_stage3_v11_production_seed::with_explicit_test_owner_seed(|| {
crates/openwepp-runner/src/hillslope/tests03/cqr_laned_active_outputs.rs:772:            execute_hillslope_run_with_runtime_policy(
crates/openwepp-runner/src/hillslope/tests03/cqr_laned_active_outputs.rs-773-                &HillslopeRunRequest {
crates/openwepp-runner/src/hillslope/tests03/cqr_laned_active_outputs.rs-774-                    run_dir: run_dir.clone(),
crates/openwepp-runner/src/hillslope/tests03/cqr_laned_active_outputs.rs-775-                    run_file: PathBuf::from("case.run"),
--
crates/openwepp-runner/src/hillslope/tests03/cqr_laned_active_outputs.rs-869-    .expect("valid telemetry bound");
crates/openwepp-runner/src/hillslope/tests03/cqr_laned_active_outputs.rs-870-    let result =
crates/openwepp-runner/src/hillslope/tests03/cqr_laned_active_outputs.rs-871-        crate::hillslope::snow_stage3_v11_production_seed::with_explicit_test_owner_seed(|| {
crates/openwepp-runner/src/hillslope/tests03/cqr_laned_active_outputs.rs:872:            execute_hillslope_run_with_runtime_policy(
crates/openwepp-runner/src/hillslope/tests03/cqr_laned_active_outputs.rs-873-                &HillslopeRunRequest {
crates/openwepp-runner/src/hillslope/tests03/cqr_laned_active_outputs.rs-874-                    run_dir: run_dir.clone(),
crates/openwepp-runner/src/hillslope/tests03/cqr_laned_active_outputs.rs-875-                    run_file: PathBuf::from("case.run"),
--
crates/openwepp-runner/src/hillslope/tests03/cqr_laned_active_outputs.rs-1213-    if uses_laned_fixture {
crates/openwepp-runner/src/hillslope/tests03/cqr_laned_active_outputs.rs-1214-        enable_native_routing_coefficients(&temp_run_dir);
crates/openwepp-runner/src/hillslope/tests03/cqr_laned_active_outputs.rs-1215-    }
crates/openwepp-runner/src/hillslope/tests03/cqr_laned_active_outputs.rs:1216:    let result = execute_hillslope_run_with_runtime_policy(
crates/openwepp-runner/src/hillslope/tests03/cqr_laned_active_outputs.rs-1217-        &HillslopeRunRequest {
crates/openwepp-runner/src/hillslope/tests03/cqr_laned_active_outputs.rs-1218-            run_dir: temp_run_dir.clone(),
crates/openwepp-runner/src/hillslope/tests03/cqr_laned_active_outputs.rs-1219-            run_file: PathBuf::from(if uses_laned_fixture {
--
crates/openwepp-runner/src/hillslope/tests03/wat5_output_transaction.rs-92-    )
crates/openwepp-runner/src/hillslope/tests03/wat5_output_transaction.rs-93-    .expect("forced-close WAT5 fixture should bind its exact Stage-3 owner seed");
crates/openwepp-runner/src/hillslope/tests03/wat5_output_transaction.rs-94-    force_wat5_close_failure_once();
crates/openwepp-runner/src/hillslope/tests03/wat5_output_transaction.rs:95:    let error = execute_hillslope_run_with_runtime_policy(
crates/openwepp-runner/src/hillslope/tests03/wat5_output_transaction.rs-96-        &request,
crates/openwepp-runner/src/hillslope/tests03/wat5_output_transaction.rs-97-        &["openwepp-cli-hill".to_string()],
crates/openwepp-runner/src/hillslope/tests03/wat5_output_transaction.rs-98-        HillslopeRuntimeSelectionPolicy::new(
--
crates/openwepp-runner/src/hillslope/tests03/wat5_output_transaction.rs-92-    )
crates/openwepp-runner/src/hillslope/tests03/wat5_output_transaction.rs-93-    .expect("forced-close WAT5 fixture should bind its exact Stage-3 owner seed");
crates/openwepp-runner/src/hillslope/tests03/wat5_output_transaction.rs-94-    force_wat5_close_failure_once();
crates/openwepp-runner/src/hillslope/tests03/wat5_output_transaction.rs:95:    let error = execute_hillslope_run_with_runtime_policy(
crates/openwepp-runner/src/hillslope/tests03/wat5_output_transaction.rs-96-        &request,
crates/openwepp-runner/src/hillslope/tests03/wat5_output_transaction.rs-97-        &["openwepp-cli-hill".to_string()],
crates/openwepp-runner/src/hillslope/tests03/wat5_output_transaction.rs-98-        HillslopeRuntimeSelectionPolicy::new(
--
crates/openwepp-runner/src/hillslope/tests03/stage3_runner_qualification/complete_season_reappearance.rs-12-    let report =
crates/openwepp-runner/src/hillslope/tests03/stage3_runner_qualification/complete_season_reappearance.rs-13-        crate::hillslope::snow_stage3_v11_production_seed::with_explicit_two_ofe_test_owner_seed(
crates/openwepp-runner/src/hillslope/tests03/stage3_runner_qualification/complete_season_reappearance.rs-14-            || {
crates/openwepp-runner/src/hillslope/tests03/stage3_runner_qualification/complete_season_reappearance.rs:15:                execute_hillslope_run_with_runtime_policy(
crates/openwepp-runner/src/hillslope/tests03/stage3_runner_qualification/complete_season_reappearance.rs-16-                    &HillslopeRunRequest {
crates/openwepp-runner/src/hillslope/tests03/stage3_runner_qualification/complete_season_reappearance.rs-17-                        run_dir: run_dir.clone(),
crates/openwepp-runner/src/hillslope/tests03/stage3_runner_qualification/complete_season_reappearance.rs-18-                        run_file: PathBuf::from("case.run"),
--
crates/openwepp-runner/src/hillslope/tests03/stage3_runner_qualification/complete_season_reappearance.rs-12-    let report =
crates/openwepp-runner/src/hillslope/tests03/stage3_runner_qualification/complete_season_reappearance.rs-13-        crate::hillslope::snow_stage3_v11_production_seed::with_explicit_two_ofe_test_owner_seed(
crates/openwepp-runner/src/hillslope/tests03/stage3_runner_qualification/complete_season_reappearance.rs-14-            || {
crates/openwepp-runner/src/hillslope/tests03/stage3_runner_qualification/complete_season_reappearance.rs:15:                execute_hillslope_run_with_runtime_policy(
crates/openwepp-runner/src/hillslope/tests03/stage3_runner_qualification/complete_season_reappearance.rs-16-                    &HillslopeRunRequest {
crates/openwepp-runner/src/hillslope/tests03/stage3_runner_qualification/complete_season_reappearance.rs-17-                        run_dir: run_dir.clone(),
crates/openwepp-runner/src/hillslope/tests03/stage3_runner_qualification/complete_season_reappearance.rs-18-                        run_file: PathBuf::from("case.run"),
--
crates/openwepp-runner/src/hillslope/tests03/stage3_long_run_qualification.rs-325-    );
crates/openwepp-runner/src/hillslope/tests03/stage3_long_run_qualification.rs-326-    reset_direct_runtime_audit_counters();
crates/openwepp-runner/src/hillslope/tests03/stage3_long_run_qualification.rs-327-    let started = std::time::Instant::now();
crates/openwepp-runner/src/hillslope/tests03/stage3_long_run_qualification.rs:328:    let report = execute_hillslope_run_with_runtime_policy(
crates/openwepp-runner/src/hillslope/tests03/stage3_long_run_qualification.rs-329-        &request,
crates/openwepp-runner/src/hillslope/tests03/stage3_long_run_qualification.rs-330-        &["openwepp-cli-hill".to_string()],
crates/openwepp-runner/src/hillslope/tests03/stage3_long_run_qualification.rs-331-        HillslopeRuntimeSelectionPolicy::new(
--
crates/openwepp-runner/src/hillslope/tests03/stage3_long_run_qualification.rs-954-    let cpu_before = release_scale_process_cpu_ticks();
crates/openwepp-runner/src/hillslope/tests03/stage3_long_run_qualification.rs-955-    let qualification_telemetry_guard = openwepp_hillslope_orchestrator::snow_stage3_v11_attachment::begin_release_qualification_telemetry_v1()
crates/openwepp-runner/src/hillslope/tests03/stage3_long_run_qualification.rs-956-        .expect("enable release qualification telemetry");
crates/openwepp-runner/src/hillslope/tests03/stage3_long_run_qualification.rs:957:    let report = execute_hillslope_run_with_runtime_policy(
crates/openwepp-runner/src/hillslope/tests03/stage3_long_run_qualification.rs-958-        &request,
crates/openwepp-runner/src/hillslope/tests03/stage3_long_run_qualification.rs-959-        &["openwepp-cli-hill".to_string()],
crates/openwepp-runner/src/hillslope/tests03/stage3_long_run_qualification.rs-960-        HillslopeRuntimeSelectionPolicy::new(
--
crates/openwepp-runner/src/hillslope/tests03/stage3_long_run_qualification.rs-2880-            "disabled_counter_arm": false,
crates/openwepp-runner/src/hillslope/tests03/stage3_long_run_qualification.rs-2881-        },
crates/openwepp-runner/src/hillslope/tests03/stage3_long_run_qualification.rs-2882-        "wall_clock_method": "thread-local nested exclusive profiler using std::time::Instant monotonic elapsed time; total_elapsed is the reported batch wall sample",
crates/openwepp-runner/src/hillslope/tests03/stage3_long_run_qualification.rs:2883:        "timed_scope": "completed_execute_hillslope_run_with_runtime_policy_only; exclusive profiler begins immediately before and is taken immediately after that wall scope",
crates/openwepp-runner/src/hillslope/tests03/stage3_long_run_qualification.rs-2884-        "subsystem_attribution_semantics": {
crates/openwepp-runner/src/hillslope/tests03/stage3_long_run_qualification.rs-2885-            "native_vegetation_et_fraction": "whole snow-free native vegetation/ET successor transaction envelope; conservative upper bound, not isolated component time",
crates/openwepp-runner/src/hillslope/tests03/stage3_long_run_qualification.rs-2886-            "stage3_lse_soil_fraction": "remaining Stage3 day-preparation/LSE/soil transaction envelope after nested scopes; conservative upper bound, not isolated component time",
--
crates/openwepp-runner/src/hillslope/tests03/stage3_long_run_qualification.rs-325-    );
crates/openwepp-runner/src/hillslope/tests03/stage3_long_run_qualification.rs-326-    reset_direct_runtime_audit_counters();
crates/openwepp-runner/src/hillslope/tests03/stage3_long_run_qualification.rs-327-    let started = std::time::Instant::now();
crates/openwepp-runner/src/hillslope/tests03/stage3_long_run_qualification.rs:328:    let report = execute_hillslope_run_with_runtime_policy(
crates/openwepp-runner/src/hillslope/tests03/stage3_long_run_qualification.rs-329-        &request,
crates/openwepp-runner/src/hillslope/tests03/stage3_long_run_qualification.rs-330-        &["openwepp-cli-hill".to_string()],
crates/openwepp-runner/src/hillslope/tests03/stage3_long_run_qualification.rs-331-        HillslopeRuntimeSelectionPolicy::new(
--
crates/openwepp-runner/src/hillslope/tests03/stage3_long_run_qualification.rs-954-    let cpu_before = release_scale_process_cpu_ticks();
crates/openwepp-runner/src/hillslope/tests03/stage3_long_run_qualification.rs-955-    let qualification_telemetry_guard = openwepp_hillslope_orchestrator::snow_stage3_v11_attachment::begin_release_qualification_telemetry_v1()
crates/openwepp-runner/src/hillslope/tests03/stage3_long_run_qualification.rs-956-        .expect("enable release qualification telemetry");
crates/openwepp-runner/src/hillslope/tests03/stage3_long_run_qualification.rs:957:    let report = execute_hillslope_run_with_runtime_policy(
crates/openwepp-runner/src/hillslope/tests03/stage3_long_run_qualification.rs-958-        &request,
crates/openwepp-runner/src/hillslope/tests03/stage3_long_run_qualification.rs-959-        &["openwepp-cli-hill".to_string()],
crates/openwepp-runner/src/hillslope/tests03/stage3_long_run_qualification.rs-960-        HillslopeRuntimeSelectionPolicy::new(
--
crates/openwepp-runner/src/hillslope/tests03/stage3_long_run_qualification.rs-2880-            "disabled_counter_arm": false,
crates/openwepp-runner/src/hillslope/tests03/stage3_long_run_qualification.rs-2881-        },
crates/openwepp-runner/src/hillslope/tests03/stage3_long_run_qualification.rs-2882-        "wall_clock_method": "thread-local nested exclusive profiler using std::time::Instant monotonic elapsed time; total_elapsed is the reported batch wall sample",
crates/openwepp-runner/src/hillslope/tests03/stage3_long_run_qualification.rs:2883:        "timed_scope": "completed_execute_hillslope_run_with_runtime_policy_only; exclusive profiler begins immediately before and is taken immediately after that wall scope",
crates/openwepp-runner/src/hillslope/tests03/stage3_long_run_qualification.rs-2884-        "subsystem_attribution_semantics": {
crates/openwepp-runner/src/hillslope/tests03/stage3_long_run_qualification.rs-2885-            "native_vegetation_et_fraction": "whole snow-free native vegetation/ET successor transaction envelope; conservative upper bound, not isolated component time",
crates/openwepp-runner/src/hillslope/tests03/stage3_long_run_qualification.rs-2886-            "stage3_lse_soil_fraction": "remaining Stage3 day-preparation/LSE/soil transaction envelope after nested scopes; conservative upper bound, not isolated component time",
--
crates/openwepp-runner/src/hillslope/tests03/controlled_mechanism_experiments.rs-193-    let cpu_before = release_scale_process_cpu_ticks().expect("pre-run CPU ticks");
crates/openwepp-runner/src/hillslope/tests03/controlled_mechanism_experiments.rs-194-    let run_start_monotonic_ns = controlled_mechanism_monotonic_ns();
crates/openwepp-runner/src/hillslope/tests03/controlled_mechanism_experiments.rs-195-    let run_started = std::time::Instant::now();
crates/openwepp-runner/src/hillslope/tests03/controlled_mechanism_experiments.rs:196:    let report = execute_hillslope_run_with_runtime_policy(
crates/openwepp-runner/src/hillslope/tests03/controlled_mechanism_experiments.rs-197-        &request,
crates/openwepp-runner/src/hillslope/tests03/controlled_mechanism_experiments.rs-198-        &["openwepp-cli-hill".to_string()],
crates/openwepp-runner/src/hillslope/tests03/controlled_mechanism_experiments.rs-199-        HillslopeRuntimeSelectionPolicy::new(
--
crates/openwepp-runner/src/hillslope/tests03/controlled_mechanism_experiments.rs-193-    let cpu_before = release_scale_process_cpu_ticks().expect("pre-run CPU ticks");
crates/openwepp-runner/src/hillslope/tests03/controlled_mechanism_experiments.rs-194-    let run_start_monotonic_ns = controlled_mechanism_monotonic_ns();
crates/openwepp-runner/src/hillslope/tests03/controlled_mechanism_experiments.rs-195-    let run_started = std::time::Instant::now();
crates/openwepp-runner/src/hillslope/tests03/controlled_mechanism_experiments.rs:196:    let report = execute_hillslope_run_with_runtime_policy(
crates/openwepp-runner/src/hillslope/tests03/controlled_mechanism_experiments.rs-197-        &request,
crates/openwepp-runner/src/hillslope/tests03/controlled_mechanism_experiments.rs-198-        &["openwepp-cli-hill".to_string()],
crates/openwepp-runner/src/hillslope/tests03/controlled_mechanism_experiments.rs-199-        HillslopeRuntimeSelectionPolicy::new(
--
crates/openwepp-runner/src/hillslope/tests03/direct_publication_source_guards.rs-152-        "production Stage-3 runner must not retain a whole-run row/day-frame batch"
crates/openwepp-runner/src/hillslope/tests03/direct_publication_source_guards.rs-153-    );
crates/openwepp-runner/src/hillslope/tests03/direct_publication_source_guards.rs-154-    let run_body = runner
crates/openwepp-runner/src/hillslope/tests03/direct_publication_source_guards.rs:155:        .split("pub fn execute_hillslope_run_with_runtime_policy")
crates/openwepp-runner/src/hillslope/tests03/direct_publication_source_guards.rs-156-        .nth(1)
crates/openwepp-runner/src/hillslope/tests03/direct_publication_source_guards.rs-157-        .expect("runner entry point must be present");
crates/openwepp-runner/src/hillslope/tests03/direct_publication_source_guards.rs-158-    let archive_provenance_index = run_body
--
crates/openwepp-runner/src/hillslope/tests03/direct_publication_source_guards.rs-152-        "production Stage-3 runner must not retain a whole-run row/day-frame batch"
crates/openwepp-runner/src/hillslope/tests03/direct_publication_source_guards.rs-153-    );
crates/openwepp-runner/src/hillslope/tests03/direct_publication_source_guards.rs-154-    let run_body = runner
crates/openwepp-runner/src/hillslope/tests03/direct_publication_source_guards.rs:155:        .split("pub fn execute_hillslope_run_with_runtime_policy")
crates/openwepp-runner/src/hillslope/tests03/direct_publication_source_guards.rs-156-        .nth(1)
crates/openwepp-runner/src/hillslope/tests03/direct_publication_source_guards.rs-157-        .expect("runner entry point must be present");
crates/openwepp-runner/src/hillslope/tests03/direct_publication_source_guards.rs-158-    let archive_provenance_index = run_body
--
crates/openwepp-runner/src/hillslope/tests03/stage3_runner_qualification.rs-13-
crates/openwepp-runner/src/hillslope/tests03/stage3_runner_qualification.rs-14-    let report =
crates/openwepp-runner/src/hillslope/tests03/stage3_runner_qualification.rs-15-        crate::hillslope::snow_stage3_v11_production_seed::with_explicit_test_owner_seed(|| {
crates/openwepp-runner/src/hillslope/tests03/stage3_runner_qualification.rs:16:            execute_hillslope_run_with_runtime_policy(
crates/openwepp-runner/src/hillslope/tests03/stage3_runner_qualification.rs-17-                &HillslopeRunRequest {
crates/openwepp-runner/src/hillslope/tests03/stage3_runner_qualification.rs-18-                    run_dir: temp_run_dir.clone(),
crates/openwepp-runner/src/hillslope/tests03/stage3_runner_qualification.rs-19-                    run_file: PathBuf::from("case.run"),
--
crates/openwepp-runner/src/hillslope/tests03/stage3_runner_qualification.rs-357-    let report =
crates/openwepp-runner/src/hillslope/tests03/stage3_runner_qualification.rs-358-        crate::hillslope::snow_stage3_v11_production_seed::with_explicit_adaptive_test_owner_seed(
crates/openwepp-runner/src/hillslope/tests03/stage3_runner_qualification.rs-359-            || {
crates/openwepp-runner/src/hillslope/tests03/stage3_runner_qualification.rs:360:                execute_hillslope_run_with_runtime_policy(
crates/openwepp-runner/src/hillslope/tests03/stage3_runner_qualification.rs-361-                    &HillslopeRunRequest {
crates/openwepp-runner/src/hillslope/tests03/stage3_runner_qualification.rs-362-                        run_dir: run_dir.clone(),
crates/openwepp-runner/src/hillslope/tests03/stage3_runner_qualification.rs-363-                        run_file: PathBuf::from("case.run"),
--
crates/openwepp-runner/src/hillslope/tests03/stage3_runner_qualification.rs-712-    .expect("author exact two-OFE Stage-3 owner seed");
crates/openwepp-runner/src/hillslope/tests03/stage3_runner_qualification.rs-713-    assert_authored_stage3_owner_cardinality(&request, &seed_path, 2);
crates/openwepp-runner/src/hillslope/tests03/stage3_runner_qualification.rs-714-    crate::hillslope::snow_stage3_v11_qualification_audit::begin();
crates/openwepp-runner/src/hillslope/tests03/stage3_runner_qualification.rs:715:    let report = execute_hillslope_run_with_runtime_policy(
crates/openwepp-runner/src/hillslope/tests03/stage3_runner_qualification.rs-716-        &request,
crates/openwepp-runner/src/hillslope/tests03/stage3_runner_qualification.rs-717-        &["openwepp-cli-hill".to_string()],
crates/openwepp-runner/src/hillslope/tests03/stage3_runner_qualification.rs-718-        HillslopeRuntimeSelectionPolicy::new(
--
crates/openwepp-runner/src/hillslope/tests03/stage3_runner_qualification.rs-1561-
crates/openwepp-runner/src/hillslope/tests03/stage3_runner_qualification.rs-1562-    arm_stage3_rejected_day_rollback_audit();
crates/openwepp-runner/src/hillslope/tests03/stage3_runner_qualification.rs-1563-    crate::hillslope::snow_stage3_v11_qualification_audit::begin();
crates/openwepp-runner/src/hillslope/tests03/stage3_runner_qualification.rs:1564:    let error = execute_hillslope_run_with_runtime_policy(
crates/openwepp-runner/src/hillslope/tests03/stage3_runner_qualification.rs-1565-        &request,
crates/openwepp-runner/src/hillslope/tests03/stage3_runner_qualification.rs-1566-        &["openwepp-cli-hill".to_string()],
crates/openwepp-runner/src/hillslope/tests03/stage3_runner_qualification.rs-1567-        HillslopeRuntimeSelectionPolicy::new(
--
crates/openwepp-runner/src/hillslope/tests03/stage3_runner_qualification.rs-1633-    )
crates/openwepp-runner/src/hillslope/tests03/stage3_runner_qualification.rs-1634-    .expect("author exact live-topology Stage-3 owner seed");
crates/openwepp-runner/src/hillslope/tests03/stage3_runner_qualification.rs-1635-    assert_authored_stage3_owner_cardinality(&request, &seed_path, areas_m2.len());
crates/openwepp-runner/src/hillslope/tests03/stage3_runner_qualification.rs:1636:    let report = execute_hillslope_run_with_runtime_policy(
crates/openwepp-runner/src/hillslope/tests03/stage3_runner_qualification.rs-1637-        &request,
crates/openwepp-runner/src/hillslope/tests03/stage3_runner_qualification.rs-1638-        &["openwepp-cli-hill".to_string()],
crates/openwepp-runner/src/hillslope/tests03/stage3_runner_qualification.rs-1639-        HillslopeRuntimeSelectionPolicy::new(
--
crates/openwepp-runner/src/hillslope/tests03/stage3_runner_qualification.rs-2569-    let report =
crates/openwepp-runner/src/hillslope/tests03/stage3_runner_qualification.rs-2570-        crate::hillslope::snow_stage3_v11_production_seed::with_explicit_adaptive_test_owner_seed(
crates/openwepp-runner/src/hillslope/tests03/stage3_runner_qualification.rs-2571-            || {
crates/openwepp-runner/src/hillslope/tests03/stage3_runner_qualification.rs:2572:                execute_hillslope_run_with_runtime_policy(
crates/openwepp-runner/src/hillslope/tests03/stage3_runner_qualification.rs-2573-                    &HillslopeRunRequest {
crates/openwepp-runner/src/hillslope/tests03/stage3_runner_qualification.rs-2574-                        run_dir: run_dir.clone(),
crates/openwepp-runner/src/hillslope/tests03/stage3_runner_qualification.rs-2575-                        run_file: PathBuf::from("case.run"),
--
crates/openwepp-runner/src/hillslope/tests03/stage3_runner_qualification.rs-13-
crates/openwepp-runner/src/hillslope/tests03/stage3_runner_qualification.rs-14-    let report =
crates/openwepp-runner/src/hillslope/tests03/stage3_runner_qualification.rs-15-        crate::hillslope::snow_stage3_v11_production_seed::with_explicit_test_owner_seed(|| {
crates/openwepp-runner/src/hillslope/tests03/stage3_runner_qualification.rs:16:            execute_hillslope_run_with_runtime_policy(
crates/openwepp-runner/src/hillslope/tests03/stage3_runner_qualification.rs-17-                &HillslopeRunRequest {
crates/openwepp-runner/src/hillslope/tests03/stage3_runner_qualification.rs-18-                    run_dir: temp_run_dir.clone(),
crates/openwepp-runner/src/hillslope/tests03/stage3_runner_qualification.rs-19-                    run_file: PathBuf::from("case.run"),
--
crates/openwepp-runner/src/hillslope/tests03/stage3_runner_qualification.rs-357-    let report =
crates/openwepp-runner/src/hillslope/tests03/stage3_runner_qualification.rs-358-        crate::hillslope::snow_stage3_v11_production_seed::with_explicit_adaptive_test_owner_seed(
crates/openwepp-runner/src/hillslope/tests03/stage3_runner_qualification.rs-359-            || {
crates/openwepp-runner/src/hillslope/tests03/stage3_runner_qualification.rs:360:                execute_hillslope_run_with_runtime_policy(
crates/openwepp-runner/src/hillslope/tests03/stage3_runner_qualification.rs-361-                    &HillslopeRunRequest {
crates/openwepp-runner/src/hillslope/tests03/stage3_runner_qualification.rs-362-                        run_dir: run_dir.clone(),
crates/openwepp-runner/src/hillslope/tests03/stage3_runner_qualification.rs-363-                        run_file: PathBuf::from("case.run"),
--
crates/openwepp-runner/src/hillslope/tests03/stage3_runner_qualification.rs-712-    .expect("author exact two-OFE Stage-3 owner seed");
crates/openwepp-runner/src/hillslope/tests03/stage3_runner_qualification.rs-713-    assert_authored_stage3_owner_cardinality(&request, &seed_path, 2);
crates/openwepp-runner/src/hillslope/tests03/stage3_runner_qualification.rs-714-    crate::hillslope::snow_stage3_v11_qualification_audit::begin();
crates/openwepp-runner/src/hillslope/tests03/stage3_runner_qualification.rs:715:    let report = execute_hillslope_run_with_runtime_policy(
crates/openwepp-runner/src/hillslope/tests03/stage3_runner_qualification.rs-716-        &request,
crates/openwepp-runner/src/hillslope/tests03/stage3_runner_qualification.rs-717-        &["openwepp-cli-hill".to_string()],
crates/openwepp-runner/src/hillslope/tests03/stage3_runner_qualification.rs-718-        HillslopeRuntimeSelectionPolicy::new(
--
crates/openwepp-runner/src/hillslope/tests03/stage3_runner_qualification.rs-1561-
crates/openwepp-runner/src/hillslope/tests03/stage3_runner_qualification.rs-1562-    arm_stage3_rejected_day_rollback_audit();
crates/openwepp-runner/src/hillslope/tests03/stage3_runner_qualification.rs-1563-    crate::hillslope::snow_stage3_v11_qualification_audit::begin();
crates/openwepp-runner/src/hillslope/tests03/stage3_runner_qualification.rs:1564:    let error = execute_hillslope_run_with_runtime_policy(
crates/openwepp-runner/src/hillslope/tests03/stage3_runner_qualification.rs-1565-        &request,
crates/openwepp-runner/src/hillslope/tests03/stage3_runner_qualification.rs-1566-        &["openwepp-cli-hill".to_string()],
crates/openwepp-runner/src/hillslope/tests03/stage3_runner_qualification.rs-1567-        HillslopeRuntimeSelectionPolicy::new(
--
crates/openwepp-runner/src/hillslope/tests03/stage3_runner_qualification.rs-1633-    )
crates/openwepp-runner/src/hillslope/tests03/stage3_runner_qualification.rs-1634-    .expect("author exact live-topology Stage-3 owner seed");
crates/openwepp-runner/src/hillslope/tests03/stage3_runner_qualification.rs-1635-    assert_authored_stage3_owner_cardinality(&request, &seed_path, areas_m2.len());
crates/openwepp-runner/src/hillslope/tests03/stage3_runner_qualification.rs:1636:    let report = execute_hillslope_run_with_runtime_policy(
crates/openwepp-runner/src/hillslope/tests03/stage3_runner_qualification.rs-1637-        &request,
crates/openwepp-runner/src/hillslope/tests03/stage3_runner_qualification.rs-1638-        &["openwepp-cli-hill".to_string()],
crates/openwepp-runner/src/hillslope/tests03/stage3_runner_qualification.rs-1639-        HillslopeRuntimeSelectionPolicy::new(
--
crates/openwepp-runner/src/hillslope/tests03/stage3_runner_qualification.rs-2569-    let report =
crates/openwepp-runner/src/hillslope/tests03/stage3_runner_qualification.rs-2570-        crate::hillslope::snow_stage3_v11_production_seed::with_explicit_adaptive_test_owner_seed(
crates/openwepp-runner/src/hillslope/tests03/stage3_runner_qualification.rs-2571-            || {
crates/openwepp-runner/src/hillslope/tests03/stage3_runner_qualification.rs:2572:                execute_hillslope_run_with_runtime_policy(
crates/openwepp-runner/src/hillslope/tests03/stage3_runner_qualification.rs-2573-                    &HillslopeRunRequest {
crates/openwepp-runner/src/hillslope/tests03/stage3_runner_qualification.rs-2574-                        run_dir: run_dir.clone(),
crates/openwepp-runner/src/hillslope/tests03/stage3_runner_qualification.rs-2575-                        run_file: PathBuf::from("case.run"),
