laned_active_profile {"solver_runs":27530,"solver_steps":5806728,"solver_steps_homogeneous":0,"solver_steps_source_free":0,"solver_steps_implicit":1146432,"implicit_equilibrium_map_evaluations":274681460,"implicit_branch_evaluations":37241376,"alpha_evaluations":88421812,"solver_cfl_ns":14859981755,"solver_step_ns":5473027693,"solver_sample_ns":284910529}
	Command being timed: "taskset -c 4 target/release/openwepp-cli-hill --run-dir docs/work-packages/20260707-laned-router-t3-ratification-solve-cost-001/artifacts/h2637-scratch --run-file p2637.run.toml --output-dir docs/work-packages/20260707-laned-router-t3-ratification-solve-cost-001/artifacts/h2637-scratch/output"
	User time (seconds): 36.61
	System time (seconds): 0.02
	Percent of CPU this job got: 99%
	Elapsed (wall clock) time (h:mm:ss or m:ss): 0:36.65
	Average shared text size (kbytes): 0
	Average unshared data size (kbytes): 0
	Average stack size (kbytes): 0
	Average total size (kbytes): 0
	Maximum resident set size (kbytes): 21888
	Average resident set size (kbytes): 0
	Major (requiring I/O) page faults: 0
	Minor (reclaiming a frame) page faults: 6875
	Voluntary context switches: 5
	Involuntary context switches: 211
	Swaps: 0
	File system inputs: 0
	File system outputs: 120
	Socket messages sent: 0
	Socket messages received: 0
	Signals delivered: 0
	Page size (bytes): 4096
	Exit status: 0
