label=bench_two_rank_covered
command=cargo test -p openwepp-land-surface-energy covered_multirank_potential_fixed_cap_and_alternate_start_match_frozen_oracle
env_TMPDIR=/tmp/ow-lse-v8
env_OPENWEPP_TASK_ID=child3-20260817T231432Z
precheck_start=2026-08-17T23:16:02Z
precheck_command=cargo test -p openwepp-land-surface-energy covered_multirank_potential_fixed_cap_and_alternate_start_match_frozen_oracle -- --list
precheck_exit_code=0
precheck_list_count=1
warning: Git tree '/workdir/openWEPP' is dirty
openWEPP Nix shell
  target:  /workdir/.cache/openwepp/targets/child3-20260817T231432Z
  scratch: /tmp/openwepp-roger-child3-20260817T231432Z
  cache:   /workdir/.cache/openwepp
    Finished `test` profile [unoptimized + debuginfo] target(s) in 0.03s
     Running unittests src/lib.rs (/workdir/.cache/openwepp/targets/child3-20260817T231432Z/debug/deps/openwepp_land_surface_energy-90ec5b504634e79f)

running 1 test
test covered_oracle_conformance_tests::covered_multirank_potential_fixed_cap_and_alternate_start_match_frozen_oracle ... ok

test result: ok. 1 passed; 0 failed; 0 ignored; 0 measured; 53 filtered out; finished in 0.13s

time_real_s=0.61
time_user_s=0.48
time_sys_s=0.16
start=2026-08-17T23:16:02Z
end=2026-08-17T23:16:04Z
duration_ms=-1608307706975547424
exit_code=0
run_list_count=1
status=PASS
