laned_active_profile {"solver_runs":6905,"solver_steps":3284995,"solver_steps_homogeneous":1739890,"solver_steps_source_free":2015232,"alpha_evaluations":46172000,"solver_cfl_ns":10144523348,"solver_step_ns":3537408701,"solver_sample_ns":201538274}
sidecar-warning: WUI-W-002 compatibility accepted non-empty sentinel payload and ignored body
	Command being timed: "target/release/openwepp-cli-hill --run-dir /home/workdir/openWEPP/docs/work-packages/20260708-laned-router-wa-active-router-positivity-preserving-solver-correction-001/artifacts/mesh-ladder-runs/wa_cascades_forest_h1/baseline_fixed10/run_dir --run-file p1.plain.run.toml --output-dir /home/workdir/openWEPP/docs/work-packages/20260708-laned-router-wa-active-router-positivity-preserving-solver-correction-001/artifacts/mesh-ladder-runs/wa_cascades_forest_h1/baseline_fixed10/run_dir/output"
	User time (seconds): 15.93
	System time (seconds): 0.04
	Percent of CPU this job got: 99%
	Elapsed (wall clock) time (h:mm:ss or m:ss): 0:16.01
	Average shared text size (kbytes): 0
	Average unshared data size (kbytes): 0
	Average stack size (kbytes): 0
	Average total size (kbytes): 0
	Maximum resident set size (kbytes): 31352
	Average resident set size (kbytes): 0
	Major (requiring I/O) page faults: 0
	Minor (reclaiming a frame) page faults: 12146
	Voluntary context switches: 28
	Involuntary context switches: 78
	Swaps: 0
	File system inputs: 0
	File system outputs: 13256
	Socket messages sent: 0
	Socket messages received: 0
	Signals delivered: 0
	Page size (bytes): 4096
	Exit status: 0
