   Compiling openwepp-hillslope-orchestrator v0.1.0 (/home/workdir/openWEPP/crates/openwepp-hillslope-orchestrator)
    Finished `test` profile [unoptimized + debuginfo] target(s) in 3.59s
────────────
 Nextest run ID 737d333b-ca6c-4b75-a415-9a943cc73a44 with nextest profile: default
    Starting 3 tests across 1 binary (401 tests skipped)
        FAIL [   0.007s] (1/3) openwepp-hillslope-orchestrator tests::tests_mod::direct_runtime_r4mo::intval_percolation_zero_restrictive_conductivity_is_impermeable_daily_and_hourly
  stdout ───

    running 1 test
    test tests::tests_mod::direct_runtime_r4mo::intval_percolation_zero_restrictive_conductivity_is_impermeable_daily_and_hourly ... FAILED

    failures:

    failures:
        tests::tests_mod::direct_runtime_r4mo::intval_percolation_zero_restrictive_conductivity_is_impermeable_daily_and_hourly

    test result: FAILED. 0 passed; 1 failed; 0 ignored; 0 measured; 403 filtered out; finished in 0.00s

  stderr ───

    thread 'tests::tests_mod::direct_runtime_r4mo::intval_percolation_zero_restrictive_conductivity_is_impermeable_daily_and_hourly' (1117682) panicked at crates/openwepp-hillslope-orchestrator/src/tests/tests_mod/direct_runtime_r4mo.rs:115:14:
    zero-conductivity active restriction must execute: DirectDomainViolation { field: "percolation.restrictive_layer_conductivity_m_s" }
    note: run with `RUST_BACKTRACE=1` environment variable to display a backtrace

  Cancelling due to test failure: 2 tests still running
        FAIL [   0.009s] (2/3) openwepp-hillslope-orchestrator direct_runtime::growth::cqr_row6_growth_tests::intval_zero_perennial_root_cap_uses_saturated_branch_before_division
  stdout ───

    running 1 test
    test direct_runtime::growth::cqr_row6_growth_tests::intval_zero_perennial_root_cap_uses_saturated_branch_before_division ... FAILED

    failures:

    failures:
        direct_runtime::growth::cqr_row6_growth_tests::intval_zero_perennial_root_cap_uses_saturated_branch_before_division

    test result: FAILED. 0 passed; 1 failed; 0 ignored; 0 measured; 403 filtered out; finished in 0.00s

  stderr ───

    thread 'direct_runtime::growth::cqr_row6_growth_tests::intval_zero_perennial_root_cap_uses_saturated_branch_before_division' (1117683) panicked at crates/openwepp-hillslope-orchestrator/src/direct_runtime/growth.rs:1641:14:
    zero-cap perennial must bypass incremental root-depth division: DirectDomainViolation { field: "growth.rtmmax" }
    note: run with `RUST_BACKTRACE=1` environment variable to display a backtrace

        FAIL [   0.010s] (3/3) openwepp-hillslope-orchestrator tests::tests_mod::direct_runtime_r4mo::intval_percolation_consumes_every_positive_hourly_same_pass_increment
  stdout ───

    running 1 test
    test tests::tests_mod::direct_runtime_r4mo::intval_percolation_consumes_every_positive_hourly_same_pass_increment ... FAILED

    failures:

    failures:
        tests::tests_mod::direct_runtime_r4mo::intval_percolation_consumes_every_positive_hourly_same_pass_increment

    test result: FAILED. 0 passed; 1 failed; 0 ignored; 0 measured; 403 filtered out; finished in 0.00s

  stderr ───

    thread 'tests::tests_mod::direct_runtime_r4mo::intval_percolation_consumes_every_positive_hourly_same_pass_increment' (1117684) panicked at crates/openwepp-hillslope-orchestrator/src/tests/tests_mod/direct_runtime_r4mo.rs:94:10:
    strictly positive hourly xfin must enter layer storage: DirectClosureToleranceExceeded { field: "percolation.soil_water_after_m" }
    note: run with `RUST_BACKTRACE=1` environment variable to display a backtrace

────────────
     Summary [   0.013s] 3 tests run: 0 passed, 3 failed, 401 skipped
        FAIL [   0.007s] (1/3) openwepp-hillslope-orchestrator tests::tests_mod::direct_runtime_r4mo::intval_percolation_zero_restrictive_conductivity_is_impermeable_daily_and_hourly
  stdout ───

    running 1 test
    test tests::tests_mod::direct_runtime_r4mo::intval_percolation_zero_restrictive_conductivity_is_impermeable_daily_and_hourly ... FAILED

    failures:

    failures:
        tests::tests_mod::direct_runtime_r4mo::intval_percolation_zero_restrictive_conductivity_is_impermeable_daily_and_hourly

    test result: FAILED. 0 passed; 1 failed; 0 ignored; 0 measured; 403 filtered out; finished in 0.00s

  stderr ───

    thread 'tests::tests_mod::direct_runtime_r4mo::intval_percolation_zero_restrictive_conductivity_is_impermeable_daily_and_hourly' (1117682) panicked at crates/openwepp-hillslope-orchestrator/src/tests/tests_mod/direct_runtime_r4mo.rs:115:14:
    zero-conductivity active restriction must execute: DirectDomainViolation { field: "percolation.restrictive_layer_conductivity_m_s" }
    note: run with `RUST_BACKTRACE=1` environment variable to display a backtrace

        FAIL [   0.009s] (2/3) openwepp-hillslope-orchestrator direct_runtime::growth::cqr_row6_growth_tests::intval_zero_perennial_root_cap_uses_saturated_branch_before_division
  stdout ───

    running 1 test
    test direct_runtime::growth::cqr_row6_growth_tests::intval_zero_perennial_root_cap_uses_saturated_branch_before_division ... FAILED

    failures:

    failures:
        direct_runtime::growth::cqr_row6_growth_tests::intval_zero_perennial_root_cap_uses_saturated_branch_before_division

    test result: FAILED. 0 passed; 1 failed; 0 ignored; 0 measured; 403 filtered out; finished in 0.00s

  stderr ───

    thread 'direct_runtime::growth::cqr_row6_growth_tests::intval_zero_perennial_root_cap_uses_saturated_branch_before_division' (1117683) panicked at crates/openwepp-hillslope-orchestrator/src/direct_runtime/growth.rs:1641:14:
    zero-cap perennial must bypass incremental root-depth division: DirectDomainViolation { field: "growth.rtmmax" }
    note: run with `RUST_BACKTRACE=1` environment variable to display a backtrace

        FAIL [   0.010s] (3/3) openwepp-hillslope-orchestrator tests::tests_mod::direct_runtime_r4mo::intval_percolation_consumes_every_positive_hourly_same_pass_increment
  stdout ───

    running 1 test
    test tests::tests_mod::direct_runtime_r4mo::intval_percolation_consumes_every_positive_hourly_same_pass_increment ... FAILED

    failures:

    failures:
        tests::tests_mod::direct_runtime_r4mo::intval_percolation_consumes_every_positive_hourly_same_pass_increment

    test result: FAILED. 0 passed; 1 failed; 0 ignored; 0 measured; 403 filtered out; finished in 0.00s

  stderr ───

    thread 'tests::tests_mod::direct_runtime_r4mo::intval_percolation_consumes_every_positive_hourly_same_pass_increment' (1117684) panicked at crates/openwepp-hillslope-orchestrator/src/tests/tests_mod/direct_runtime_r4mo.rs:94:10:
    strictly positive hourly xfin must enter layer storage: DirectClosureToleranceExceeded { field: "percolation.soil_water_after_m" }
    note: run with `RUST_BACKTRACE=1` environment variable to display a backtrace

error: test run failed
