label=bench_strict_projection
command=cargo test -p openwepp-hillslope-orchestrator all_open_topology_projects_empty_canonical_v8_passes
env_TMPDIR=/tmp/ow-lse-v8
env_OPENWEPP_TASK_ID=child3-20260817T231047Z
precheck_start=2026-08-17T23:10:47Z
precheck_command=cargo test -p openwepp-hillslope-orchestrator all_open_topology_projects_empty_canonical_v8_passes -- --list
precheck_exit_code=0
precheck_list_count=1
warning: Git tree '/workdir/openWEPP' is dirty
openWEPP Nix shell
  target:  /workdir/.cache/openwepp/targets/child3-20260817T231047Z
  scratch: /tmp/openwepp-roger-child3-20260817T231047Z
  cache:   /workdir/.cache/openwepp
    Finished `test` profile [unoptimized + debuginfo] target(s) in 0.03s
     Running unittests src/lib.rs (/workdir/.cache/openwepp/targets/child3-20260817T231047Z/debug/deps/openwepp_hillslope_orchestrator-5e3e5ae75aef47d5)

running 1 test
test land_surface_energy_shadow::v8_projection::tests::all_open_topology_projects_empty_canonical_v8_passes ... ok

test result: ok. 1 passed; 0 failed; 0 ignored; 0 measured; 701 filtered out; finished in 0.00s

time_real_s=0.55
time_user_s=0.35
time_sys_s=0.22
start=2026-08-17T23:10:47Z
end=2026-08-17T23:11:26Z
duration_ms=563098905
exit_code=0
run_list_count=1
status=PASS
