	Command being timed: "/usr/bin/prlimit --as=1073741824:1073741824 /workdir/openWEPP/.venv/bin/python /workdir/openWEPP/docs/work-packages/20260911-b01-wb14-verified-cadence-repair-001/artifacts/selective-wrapper-20260915/select_pair.py /workdir/openwepp-experiments/b01-wb14-cadence/authentic-raw-capture-20260914-1/observations.json /workdir/openWEPP/docs/work-packages/20260911-b01-wb14-verified-cadence-repair-001/artifacts/selective-wrapper-20260915/real-pass"
	User time (seconds): 243.55
	System time (seconds): 1.07
	Percent of CPU this job got: 99%
	Elapsed (wall clock) time (h:mm:ss or m:ss): 4:04.66
	Average shared text size (kbytes): 0
	Average unshared data size (kbytes): 0
	Average stack size (kbytes): 0
	Average total size (kbytes): 0
	Maximum resident set size (kbytes): 26556
	Average resident set size (kbytes): 0
	Major (requiring I/O) page faults: 0
	Minor (reclaiming a frame) page faults: 118523
	Voluntary context switches: 1
	Involuntary context switches: 2785
	Swaps: 0
	File system inputs: 0
	File system outputs: 608
	Socket messages sent: 0
	Socket messages received: 0
	Signals delivered: 0
	Page size (bytes): 4096
	Exit status: 0
