warning[license-not-encountered]: license was not encountered
   ┌─ /home/workdir/openWEPP/deny.toml:14:4
   │
14 │   "Apache-2.0 WITH LLVM-exception",
   │    ━━━━━━━━━━━━━━━━━━━━━━━━━━━━━━ unmatched license allowance

warning[license-not-encountered]: license was not encountered
   ┌─ /home/workdir/openWEPP/deny.toml:15:4
   │
15 │   "BSD-2-Clause",
   │    ━━━━━━━━━━━━ unmatched license allowance

warning[license-not-encountered]: license was not encountered
   ┌─ /home/workdir/openWEPP/deny.toml:16:4
   │
16 │   "BSD-3-Clause",
   │    ━━━━━━━━━━━━ unmatched license allowance

warning[license-not-encountered]: license was not encountered
   ┌─ /home/workdir/openWEPP/deny.toml:17:4
   │
17 │   "ISC",
   │    ━━━ unmatched license allowance

warning[license-not-encountered]: license was not encountered
   ┌─ /home/workdir/openWEPP/deny.toml:20:4
   │
20 │   "Unicode-3.0",
   │    ━━━━━━━━━━━ unmatched license allowance

warning[license-not-encountered]: license was not encountered
   ┌─ /home/workdir/openWEPP/deny.toml:19:4
   │
19 │   "Unicode-DFS-2016",
   │    ━━━━━━━━━━━━━━━━ unmatched license allowance

advisories ok, bans ok, licenses ok, sources ok
