warning: Git tree '/workdir/openWEPP' is dirty
openWEPP Nix shell
  target:  /workdir/.cache/openwepp/targets/cold-canopy-m1-20260920-addb8c0a2f84
  scratch: /tmp/openwepp-roger-cold-canopy-m1-20260920-addb8c0a2f84
  cache:   /workdir/.cache/openwepp
warning: Git tree '/workdir/openWEPP' is dirty
openWEPP Nix shell
  target:  /workdir/.cache/openwepp/targets/cold-canopy-m1-20260920-addb8c0a2f84
  scratch: /tmp/openwepp-roger-cold-canopy-m1-20260920-addb8c0a2f84
  cache:   /workdir/.cache/openwepp
    Checking openwepp-hillslope-orchestrator v0.1.0 (/home/roger/openwepp-experiments/cold-canopy-m1-20260920/crates/openwepp-hillslope-orchestrator)
warning: unused import: `DirectRunConstructorInputs`
   --> crates/openwepp-hillslope-orchestrator/src/v9_real_consumer_shadow.rs:109:13
    |
109 | use crate::{DirectRunConstructorInputs, vegetation_real_hydrology_shadow::RealHydrologyOfeLaneId};
    |             ^^^^^^^^^^^^^^^^^^^^^^^^^^
    |
    = note: `#[warn(unused_imports)]` (part of `#[warn(unused)]`) on by default

warning: unused import: `v11_covered::physical_outcome_ledger::TerminalSnowSoilHeatReceiptV1`
   --> crates/openwepp-hillslope-orchestrator/src/v9_real_consumer_shadow.rs:132:16
    |
132 | pub(crate) use v11_covered::physical_outcome_ledger::TerminalSnowSoilHeatReceiptV1;
    |                ^^^^^^^^^^^^^^^^^^^^^^^^^^^^^^^^^^^^^^^^^^^^^^^^^^^^^^^^^^^^^^^^^^^

error[E0277]: the trait bound `ProviderError: serde::Serialize` is not satisfied
    --> crates/openwepp-hillslope-orchestrator/src/land_surface_energy_shadow/m1_fixed_sequence_provider_controls.rs:1644:9
     |
1644 | /         serde_json::json!({
1645 | |             "accepted_ordinal": accepted.record_ordinal(),
1646 | |             "refused_ordinal": 1,
1647 | |             "solver_attempt": diagnostic,
...    |
1654 | |             "snapshot_after": format!("{after:?}"),
1655 | |         })
     | |          ^
     | |          |
     | |__________unsatisfied trait bound
     |            required by a bound introduced by this call
     |
help: the trait `coupled_time_reference::_::_serde::Serialize` is not implemented for `ProviderError`
    --> crates/openwepp-hillslope-orchestrator/src/land_surface_energy_shadow/m1_fixed_sequence_provider.rs:91:1
     |
  91 | pub(super) struct ProviderError;
     | ^^^^^^^^^^^^^^^^^^^^^^^^^^^^^^^
     = note: for local types consider adding `#[derive(serde::Serialize)]` to your `ProviderError` type
     = note: for types from other crates check whether the crate offers a `serde` feature flag
     = help: the following other types implement trait `coupled_time_reference::_::_serde::Serialize`:
               &'a T
               &'a mut T
               ()
               (T,)
               (T0, T1)
               (T0, T1, T2)
               (T0, T1, T2, T3)
               (T0, T1, T2, T3, T4)
             and 744 others
     = note: required for `Result<std::collections::BTreeMap<std::string::String, Vec<u8>>, ProviderError>` to implement `coupled_time_reference::_::_serde::Serialize`
     = note: 1 redundant requirement hidden
     = note: required for `&Result<std::collections::BTreeMap<std::string::String, Vec<u8>>, ProviderError>` to implement `coupled_time_reference::_::_serde::Serialize`
note: required by a bound in `to_value`
    --> /workdir/.cache/openwepp/cargo-home/registry/src/index.crates.io-1949cf8c6b5b557f/serde_json-1.0.150/src/value/mod.rs:997:8
     |
 995 | pub fn to_value<T>(value: T) -> Result<Value, Error>
     |        -------- required by a bound in this function
 996 | where
 997 |     T: Serialize,
     |        ^^^^^^^^^ required by this bound in `to_value`
     = note: the full name for the type has been written to '/tmp/openwepp-cold-canopy-m1-target/debug/deps/openwepp_hillslope_orchestrator-fc8eb82f054b4fcd.long-type-17773167746929655255.txt'
     = note: consider using `--verbose` to print the full type name to the console
     = note: this error originates in the macro `$crate::json_internal` which comes from the expansion of the macro `serde_json::json` (in Nightly builds, run with -Z macro-backtrace for more info)

warning: variable does not need to be mutable
    --> crates/openwepp-hillslope-orchestrator/src/land_surface_energy_shadow/m1_receiver.rs:2702:9
     |
2702 |     let mut received = M1ReceiverDiagnosticResult {
     |         ----^^^^^^^^
     |         |
     |         help: remove this `mut`
     |
     = note: `#[warn(unused_mut)]` (part of `#[warn(unused)]`) on by default

For more information about this error, try `rustc --explain E0277`.
warning: `openwepp-hillslope-orchestrator` (lib test) generated 3 warnings
error: could not compile `openwepp-hillslope-orchestrator` (lib test) due to 1 previous error; 3 warnings emitted
