    Checking openwepp-topology v0.1.0 (/home/workdir/openWEPP/crates/openwepp-topology)
    Checking openwepp-kernel-contract v0.1.0 (/home/workdir/openWEPP/crates/openwepp-kernel-contract)
    Checking openwepp-sim-contract v0.1.0 (/home/workdir/openWEPP/crates/openwepp-sim-contract)
    Checking openwepp-summary-accumulator v0.1.0 (/home/workdir/openWEPP/crates/openwepp-summary-accumulator)
    Checking openwepp-management-schema v0.1.0 (/home/workdir/openWEPP/crates/openwepp-management-schema)
    Checking openwepp-input-contract v0.1.0 (/home/workdir/openWEPP/crates/openwepp-input-contract)
    Checking openwepp-landuse-migrate v0.1.0 (/home/workdir/openWEPP/crates/openwepp-landuse-migrate)
    Checking openwepp-climate-runtime-adapter v0.1.0 (/home/workdir/openWEPP/crates/openwepp-climate-runtime-adapter)
    Checking openwepp-hillslope-orchestrator v0.1.0 (/home/workdir/openWEPP/crates/openwepp-hillslope-orchestrator)
    Checking openwepp-watershed-orchestrator v0.1.0 (/home/workdir/openWEPP/crates/openwepp-watershed-orchestrator)
    Checking openwepp-hillslope-output v0.1.0 (/home/workdir/openWEPP/crates/openwepp-hillslope-output)
    Checking openwepp-watershed-output v0.1.0 (/home/workdir/openWEPP/crates/openwepp-watershed-output)
    Checking openwepp-runner v0.1.0 (/home/workdir/openWEPP/crates/openwepp-runner)
    Checking openwepp v0.1.0 (/home/workdir/openWEPP)
error: assigning the result of `ToOwned::to_owned()` may be inefficient
  --> tests/integration/infile_climate_parser_contract.rs:42:5
   |
42 |     lines[line_number - 1] = replacement.to_owned();
   |     ^^^^^^^^^^^^^^^^^^^^^^^^^^^^^^^^^^^^^^^^^^^^^^^ help: use `clone_into()`: `replacement.clone_into(&mut lines[line_number - 1])`
   |
   = help: for further information visit https://rust-lang.github.io/rust-clippy/rust-1.92.0/index.html#assigning_clones
   = note: `-D clippy::assigning-clones` implied by `-D warnings`
   = help: to override `-D warnings` add `#[allow(clippy::assigning_clones)]`

error: could not compile `openwepp` (test "infile_climate_parser_contract") due to 1 previous error
warning: build failed, waiting for other jobs to finish...
error: this function has too many lines (112/100)
   --> tests/integration/cli03_runner_contract_derived_tests.rs:277:1
    |
277 | fn m07_runfile_error_branch_matrix_preserves_exact_priority() {
    | ^^^^^^^^^^^^^^^^^^^^^^^^^^^^^^^^^^^^^^^^^^^^^^^^^^^^^^^^^^^^^
    |
    = help: for further information visit https://rust-lang.github.io/rust-clippy/rust-1.92.0/index.html#too_many_lines
    = note: `-D clippy::too-many-lines` implied by `-D warnings`
    = help: to override `-D warnings` add `#[allow(clippy::too_many_lines)]`

error: could not compile `openwepp` (test "cli03_runner_contract_derived_tests") due to 1 previous error
