   Compiling openwepp-sim-contract v0.1.0 (/tmp/openwepp-clean-a8a96498ee909c4305fbc0a4db562b72e45efd2b/crates/openwepp-sim-contract)
   Compiling openwepp-unit-boundary v0.1.0 (/tmp/openwepp-clean-a8a96498ee909c4305fbc0a4db562b72e45efd2b/crates/openwepp-unit-boundary)
   Compiling openwepp-comparator-metadata v0.1.0 (/tmp/openwepp-clean-a8a96498ee909c4305fbc0a4db562b72e45efd2b/crates/openwepp-comparator-metadata)
   Compiling openwepp-plant-phenology v0.1.0 (/tmp/openwepp-clean-a8a96498ee909c4305fbc0a4db562b72e45efd2b/crates/openwepp-plant-phenology)
   Compiling openwepp-legacy-bridge v0.1.0 (/tmp/openwepp-clean-a8a96498ee909c4305fbc0a4db562b72e45efd2b/crates/openwepp-legacy-bridge)
   Compiling openwepp-management-schema v0.1.0 (/tmp/openwepp-clean-a8a96498ee909c4305fbc0a4db562b72e45efd2b/crates/openwepp-management-schema)
   Compiling openwepp-assurance v0.1.0 (/tmp/openwepp-clean-a8a96498ee909c4305fbc0a4db562b72e45efd2b/crates/openwepp-assurance)
   Compiling openwepp-meteorology v0.1.0 (/tmp/openwepp-clean-a8a96498ee909c4305fbc0a4db562b72e45efd2b/crates/openwepp-meteorology)
   Compiling openwepp-kernel-contract v0.1.0 (/tmp/openwepp-clean-a8a96498ee909c4305fbc0a4db562b72e45efd2b/crates/openwepp-kernel-contract)
   Compiling openwepp-topology v0.1.0 (/tmp/openwepp-clean-a8a96498ee909c4305fbc0a4db562b72e45efd2b/crates/openwepp-topology)
   Compiling openwepp-summary-accumulator v0.1.0 (/tmp/openwepp-clean-a8a96498ee909c4305fbc0a4db562b72e45efd2b/crates/openwepp-summary-accumulator)
   Compiling openwepp-hillslope-output v0.1.0 (/tmp/openwepp-clean-a8a96498ee909c4305fbc0a4db562b72e45efd2b/crates/openwepp-hillslope-output)
   Compiling openwepp-input-contract v0.1.0 (/tmp/openwepp-clean-a8a96498ee909c4305fbc0a4db562b72e45efd2b/crates/openwepp-input-contract)
   Compiling openwepp-climate-runtime-adapter v0.1.0 (/tmp/openwepp-clean-a8a96498ee909c4305fbc0a4db562b72e45efd2b/crates/openwepp-climate-runtime-adapter)
   Compiling openwepp-landuse-migrate v0.1.0 (/tmp/openwepp-clean-a8a96498ee909c4305fbc0a4db562b72e45efd2b/crates/openwepp-landuse-migrate)
   Compiling openwepp-hillslope-orchestrator v0.1.0 (/tmp/openwepp-clean-a8a96498ee909c4305fbc0a4db562b72e45efd2b/crates/openwepp-hillslope-orchestrator)
   Compiling openwepp-watershed-orchestrator v0.1.0 (/tmp/openwepp-clean-a8a96498ee909c4305fbc0a4db562b72e45efd2b/crates/openwepp-watershed-orchestrator)
   Compiling openwepp-watershed-output v0.1.0 (/tmp/openwepp-clean-a8a96498ee909c4305fbc0a4db562b72e45efd2b/crates/openwepp-watershed-output)
   Compiling openwepp-runner v0.1.0 (/tmp/openwepp-clean-a8a96498ee909c4305fbc0a4db562b72e45efd2b/crates/openwepp-runner)
   Compiling openwepp v0.1.0 (/tmp/openwepp-clean-a8a96498ee909c4305fbc0a4db562b72e45efd2b)
    Finished `test` profile [unoptimized + debuginfo] target(s) in 21.76s
────────────
 Nextest run ID a10655a4-5022-42b0-a3f8-0ccbe33c6f5a with nextest profile: full
    Starting 2346 tests across 210 binaries (33 tests and 5 binaries skipped, including 28 tests and 5 binaries via profile.full.default-filter)
        SLOW [> 90.000s] (─────────) openwepp::assurance_v2_amendment_contract attribution_check_is_read_only_and_apply_is_layer_proportional
        SLOW [> 90.000s] (─────────) openwepp::assurance_v2_amendment_contract implementation_rebind_adopts_only_the_finite_contract_surface
        SLOW [>180.000s] (─────────) openwepp::assurance_v2_amendment_contract implementation_rebind_adopts_only_the_finite_contract_surface
        SLOW [> 90.000s] (─────────) openwepp::assurance_v2_amendment_contract manifest_adoption_accepts_complete_owned_internal_source_set
        SLOW [>180.000s] (─────────) openwepp::assurance_v2_amendment_contract manifest_adoption_accepts_complete_owned_internal_source_set
        SLOW [> 90.000s] (─────────) openwepp::assurance_v2_amendment_contract manifest_adoption_admits_new_declared_external_local_content
        SLOW [>180.000s] (─────────) openwepp::assurance_v2_amendment_contract manifest_adoption_admits_new_declared_external_local_content
        SLOW [> 90.000s] (─────────) openwepp::assurance_v2_amendment_contract new_report_admission_checks_applies_and_repeats_as_no_op
        SLOW [> 90.000s] (─────────) openwepp::assurance_v2_amendment_contract principal_and_lifecycle_checks_recalculate_identical_candidates
        SLOW [>180.000s] (─────────) openwepp::assurance_v2_amendment_contract new_report_admission_checks_applies_and_repeats_as_no_op
        SLOW [>180.000s] (─────────) openwepp::assurance_v2_amendment_contract principal_and_lifecycle_checks_recalculate_identical_candidates
        SLOW [> 90.000s] (─────────) openwepp::assurance_v2_amendment_contract report_lead_can_return_pending_review_to_draft_without_erasing_history
        SLOW [>270.000s] (─────────) openwepp::assurance_v2_amendment_contract principal_and_lifecycle_checks_recalculate_identical_candidates
        SLOW [>180.000s] (─────────) openwepp::assurance_v2_amendment_contract report_lead_can_return_pending_review_to_draft_without_erasing_history
        SLOW [> 90.000s] (─────────) openwepp::assurance_v2_amendment_contract report_source_adoption_is_read_only_deterministic_and_invalidates_review_authority
        SLOW [> 90.000s] (─────────) openwepp::assurance_v2_amendment_contract report_source_adoption_rejects_wrong_kind_and_assurance_internal_dependencies
        SLOW [>180.000s] (─────────) openwepp::assurance_v2_amendment_contract report_source_adoption_is_read_only_deterministic_and_invalidates_review_authority
        SLOW [> 90.000s] (─────────) openwepp::assurance_v2_amendment_contract report_source_adoption_rejects_wrong_path_second_drift_and_stale_generation
        SLOW [>270.000s] (─────────) openwepp::assurance_v2_amendment_contract report_source_adoption_is_read_only_deterministic_and_invalidates_review_authority
        SLOW [>360.000s] (─────────) openwepp::assurance_v2_amendment_contract report_source_adoption_is_read_only_deterministic_and_invalidates_review_authority
        SLOW [> 90.000s] (─────────) openwepp::assurance_v2_amendment_contract report_source_adoption_rolls_back_an_invalid_isolated_candidate
        SLOW [> 90.000s] (─────────) openwepp::assurance_v2_amendment_contract supersession_is_terminal_and_requires_a_named_successor
        SLOW [> 90.000s] (─────────) openwepp::assurance_v2_publication_contract aliased_usersum_root_fails_closed
        SLOW [> 90.000s] (─────────) openwepp::assurance_v2_publication_contract all_mode_extra_staging_and_overlapping_roots_fail_without_public_mutation
        SLOW [> 90.000s] (─────────) openwepp::assurance_v2_publication_contract approval_conflicts_and_release_mismatch_fail_before_publication
        SLOW [>180.000s] (─────────) openwepp::assurance_v2_publication_contract approval_conflicts_and_release_mismatch_fail_before_publication
        SLOW [>270.000s] (─────────) openwepp::assurance_v2_publication_contract approval_conflicts_and_release_mismatch_fail_before_publication
        SLOW [> 90.000s] (─────────) openwepp::assurance_v2_publication_contract authority_bound_byte_negative_matrix_is_fail_closed
        SLOW [>180.000s] (─────────) openwepp::assurance_v2_publication_contract authority_bound_byte_negative_matrix_is_fail_closed
        SLOW [>270.000s] (─────────) openwepp::assurance_v2_publication_contract authority_bound_byte_negative_matrix_is_fail_closed
        SLOW [>360.000s] (─────────) openwepp::assurance_v2_publication_contract authority_bound_byte_negative_matrix_is_fail_closed
        SLOW [>450.000s] (─────────) openwepp::assurance_v2_publication_contract authority_bound_byte_negative_matrix_is_fail_closed
        SLOW [>540.000s] (─────────) openwepp::assurance_v2_publication_contract authority_bound_byte_negative_matrix_is_fail_closed
        SLOW [> 90.000s] (─────────) openwepp::assurance_v2_publication_contract bootstrap_empty_directory_fails_closed
        SLOW [> 90.000s] (─────────) openwepp::assurance_v2_publication_contract bootstrap_unowned_readme_fails_closed
        SLOW [> 90.000s] (─────────) openwepp::assurance_v2_publication_contract canonical_public_path_and_real_markdown_narrative_link_are_mandatory
        SLOW [>180.000s] (─────────) openwepp::assurance_v2_publication_contract canonical_public_path_and_real_markdown_narrative_link_are_mandatory
        SLOW [>270.000s] (─────────) openwepp::assurance_v2_publication_contract canonical_public_path_and_real_markdown_narrative_link_are_mandatory
        SLOW [> 90.000s] (─────────) openwepp::assurance_v2_publication_contract concurrent_reader_observes_only_complete_old_or_new_report_bytes
        SLOW [>180.000s] (─────────) openwepp::assurance_v2_publication_contract concurrent_reader_observes_only_complete_old_or_new_report_bytes
        SLOW [> 90.000s] (─────────) openwepp::assurance_v2_publication_contract every_precommit_fault_boundary_preserves_the_prior_public_generation
        SLOW [> 90.000s] (─────────) openwepp::assurance_v2_publication_contract missing_release_transfer_fails_closed
        SLOW [> 90.000s] (─────────) openwepp::assurance_v2_publication_contract multi_report_production_snapshot_replays_complete_authority
        SLOW [>180.000s] (─────────) openwepp::assurance_v2_publication_contract multi_report_production_snapshot_replays_complete_authority
        SLOW [> 90.000s] (─────────) openwepp::assurance_v2_publication_contract multiply_linked_staging_bytes_fail_before_publication
        SLOW [> 90.000s] (─────────) openwepp::assurance_v2_publication_contract named_publication_preserves_receipted_peer_and_all_mode_converges
        SLOW [>180.000s] (─────────) openwepp::assurance_v2_publication_contract named_publication_preserves_receipted_peer_and_all_mode_converges
        SLOW [> 90.000s] (─────────) openwepp::assurance_v2_publication_contract named_publication_rejects_unreceipted_prior_catalog_entries
        SLOW [> 90.000s] (─────────) openwepp::assurance_v2_publication_contract narrative_drift_fails_closed
        SLOW [> 90.000s] (─────────) openwepp::assurance_v2_publication_contract receipt_preparation_is_reused_only_when_bytes_match
        SLOW [>180.000s] (─────────) openwepp::assurance_v2_publication_contract receipt_preparation_is_reused_only_when_bytes_match
        SLOW [>270.000s] (─────────) openwepp::assurance_v2_publication_contract receipt_preparation_is_reused_only_when_bytes_match
        SLOW [> 90.000s] (─────────) openwepp::assurance_v2_publication_contract reconstructed_production_snapshot_passes_and_forged_roots_fail
        SLOW [> 90.000s] (─────────) openwepp::assurance_v2_publication_contract release_driver_persists_verified_v2_artifacts_and_discovery_sidecar
        SLOW [> 90.000s] (─────────) openwepp::assurance_v2_publication_contract simultaneous_publishers_serialize_and_converge_on_one_generation
        SLOW [> 90.000s] (─────────) openwepp::assurance_v2_publication_contract special_files_on_public_and_immutable_surfaces_fail_closed
        SLOW [>180.000s] (─────────) openwepp::assurance_v2_publication_contract special_files_on_public_and_immutable_surfaces_fail_closed
        SLOW [> 90.000s] (─────────) openwepp::assurance_v2_publication_contract staging_fifo_fails_closed
        SLOW [> 90.000s] (─────────) openwepp::assurance_v2_publication_contract staging_symlink_fails_closed
        SLOW [> 90.000s] (─────────) openwepp::assurance_v2_publication_contract stale_roots_open_findings_conflicts_and_release_mismatch_fail_before_publication
        SLOW [> 90.000s] (─────────) openwepp::assurance_v2_publication_contract superseded_report_fails_closed
        SLOW [> 90.000s] (─────────) openwepp::assurance_v2_publication_contract synthetic_approved_fixture_publishes_idempotently_and_release_rejects_it
        SLOW [> 90.000s] (─────────) openwepp::assurance_v2_publication_contract withdrawn_report_fails_closed
        SLOW [> 90.000s] (─────────) openwepp::assurance_v2_publication_contract wrong_principal_kind_fails_closed
        SLOW [> 90.000s] (─────────) openwepp::assurance_v2_publication_contract wrong_principal_role_fails_closed
        SLOW [> 90.000s] (─────────) openwepp::assurance_v2_publication_contract wrong_principal_trust_domain_fails_closed
        SLOW [> 90.000s] (─────────) openwepp::cqr_quality_evidence_handoff_contract cqr_quality_evidence_self_test_passes
        FAIL [  37.970s] (1127/2346) openwepp::snowdensity10_3_1a_per_day_cancov snowdensity10_3_1a_coe_melt_consumes_daily_canopy_sidecar
  stdout ───

    running 1 test
    test snowdensity10_3_1a_coe_melt_consumes_daily_canopy_sidecar ... FAILED

    failures:

    failures:
        snowdensity10_3_1a_coe_melt_consumes_daily_canopy_sidecar

    test result: FAILED. 0 passed; 1 failed; 0 ignored; 0 measured; 2 filtered out; finished in 37.96s

  stderr ───

    thread 'snowdensity10_3_1a_coe_melt_consumes_daily_canopy_sidecar' (115114) panicked at tests/integration/snowdensity10_3_1a_per_day_cancov.rs:49:6:
    CoE melt replay should consume direct-runtime canopy series: Io { path: "/tmp/openwepp-clean-a8a96498ee909c4305fbc0a4db562b72e45efd2b/target/snowdensity10_3_1a_contract/css_lab/forcing_bridge/tg_neg0p5c_zg0p10m/forcing.csv", source: Os { code: 28, kind: StorageFull, message: "No space left on device" } }
    note: run with `RUST_BACKTRACE=1` environment variable to display a backtrace

        FAIL [   0.006s] (1151/2346) openwepp::snowdensity10_3_5b_hourly_partition_jennings_contract jennings_validator_writes_compact_report_from_station_thresholds
  stdout ───

    running 1 test
    test jennings_validator_writes_compact_report_from_station_thresholds ... FAILED

    failures:

    failures:
        jennings_validator_writes_compact_report_from_station_thresholds

    test result: FAILED. 0 passed; 1 failed; 0 ignored; 0 measured; 3 filtered out; finished in 0.00s

  stderr ───

    thread 'jennings_validator_writes_compact_report_from_station_thresholds' (116785) panicked at tests/integration/snowdensity10_3_5b_hourly_partition_jennings_contract.rs:86:37:
    target output dir should be creatable: Os { code: 28, kind: StorageFull, message: "No space left on device" }
    note: run with `RUST_BACKTRACE=1` environment variable to display a backtrace

        FAIL [   0.007s] (1179/2346) openwepp::snowfrost_fidelity_c_diagnostics_contract snowfrost_c_cli_emits_diagnostic_only_sfcc_frozen_k_payload
  stdout ───

    running 1 test
    test snowfrost_c_cli_emits_diagnostic_only_sfcc_frozen_k_payload ... FAILED

    failures:

    failures:
        snowfrost_c_cli_emits_diagnostic_only_sfcc_frozen_k_payload

    test result: FAILED. 0 passed; 1 failed; 0 ignored; 0 measured; 3 filtered out; finished in 0.00s

  stderr ───

    thread 'snowfrost_c_cli_emits_diagnostic_only_sfcc_frozen_k_payload' (116883) panicked at tests/integration/snowfrost_fidelity_c_diagnostics_contract.rs:16:37:
    diagnostic output dir should be creatable: Os { code: 28, kind: StorageFull, message: "No space left on device" }
    note: run with `RUST_BACKTRACE=1` environment variable to display a backtrace

        FAIL [   0.006s] (1180/2346) openwepp::snowfrost_fidelity_c_diagnostics_contract snowfrost_c_curves_are_bounded_monotonic_and_impedance_ordered
  stdout ───

    running 1 test
    test snowfrost_c_curves_are_bounded_monotonic_and_impedance_ordered ... FAILED

    failures:

    failures:
        snowfrost_c_curves_are_bounded_monotonic_and_impedance_ordered

    test result: FAILED. 0 passed; 1 failed; 0 ignored; 0 measured; 3 filtered out; finished in 0.00s

  stderr ───

    thread 'snowfrost_c_curves_are_bounded_monotonic_and_impedance_ordered' (116885) panicked at tests/integration/snowfrost_fidelity_c_diagnostics_contract.rs:175:37:
    diagnostic output dir should be creatable: Os { code: 28, kind: StorageFull, message: "No space left on device" }
    note: run with `RUST_BACKTRACE=1` environment variable to display a backtrace

        FAIL [   0.006s] (1181/2346) openwepp::snowfrost_fidelity_c_diagnostics_contract snowfrost_c_records_salinity_sensitivity_without_production_promotion
  stdout ───

    running 1 test
    test snowfrost_c_records_salinity_sensitivity_without_production_promotion ... FAILED

    failures:

    failures:
        snowfrost_c_records_salinity_sensitivity_without_production_promotion

    test result: FAILED. 0 passed; 1 failed; 0 ignored; 0 measured; 3 filtered out; finished in 0.00s

  stderr ───

    thread 'snowfrost_c_records_salinity_sensitivity_without_production_promotion' (116887) panicked at tests/integration/snowfrost_fidelity_c_diagnostics_contract.rs:175:37:
    diagnostic output dir should be creatable: Os { code: 28, kind: StorageFull, message: "No space left on device" }
    note: run with `RUST_BACKTRACE=1` environment variable to display a backtrace

        FAIL [   0.015s] (1186/2346) openwepp::soilauth03_soil_producer_contract_drift_guards_contract soilauth03_injected_drift_vectors_fail_guards
  stdout ───

    running 1 test
    test soilauth03_injected_drift_vectors_fail_guards ... FAILED

    failures:

    failures:
        soilauth03_injected_drift_vectors_fail_guards

    test result: FAILED. 0 passed; 1 failed; 0 ignored; 0 measured; 1 filtered out; finished in 0.01s

  stderr ───

    thread 'soilauth03_injected_drift_vectors_fail_guards' (116897) panicked at tests/integration/soilauth03_soil_producer_contract_drift_guards_contract.rs:622:9:
    failed to write tampered lock file /tmp/openwepp-clean-a8a96498ee909c4305fbc0a4db562b72e45efd2b/tests/fixtures/infile/soil/fixtures.soilauth03.bad.116894.sha256: No space left on device (os error 28)
    note: run with `RUST_BACKTRACE=1` environment variable to display a backtrace

  Cancelling due to interrupt: 2 tests still running
      SIGINT [  42.724s] (1264/2346) openwepp-assurance v2::transaction::tests::adoption_selected_source_race_preserves_the_active_generation
      SIGINT [  42.227s] (1265/2346) openwepp-assurance v2::transaction::tests::committed_cleanup_fault_leaves_new_generation_and_typed_recovery_state
────────────
     Summary [7583.272s] 1265/2346 tests run: 1257 passed (42 slow), 8 failed, 33 skipped
warning: 1081/2346 tests were not run due to interrupt
error: error reporting results: error writing JUnit output to /tmp/openwepp-clean-a8a96498ee909c4305fbc0a4db562b72e45efd2b/target/nextest/full/junit.xml
