   Compiling proc-macro2 v1.0.106
   Compiling unicode-ident v1.0.24
   Compiling quote v1.0.45
   Compiling serde_core v1.0.228
   Compiling cfg-if v1.0.4
   Compiling serde v1.0.228
   Compiling version_check v0.9.5
   Compiling equivalent v1.0.2
   Compiling ryu v1.0.23
   Compiling typenum v1.20.0
   Compiling itoa v1.0.18
   Compiling hashbrown v0.17.1
   Compiling cpufeatures v0.2.17
   Compiling unsafe-libyaml v0.2.11
   Compiling crc32fast v1.5.0
   Compiling simd-adler32 v0.3.9
   Compiling adler2 v2.0.1
   Compiling libc v0.2.186
   Compiling libm v0.2.16
   Compiling autocfg v1.5.1
   Compiling openwepp-sim-contract v0.1.0 (/tmp/openwepp-clean-a8a96498ee909c4305fbc0a4db562b72e45efd2b/crates/openwepp-sim-contract)
   Compiling memchr v2.8.0
   Compiling zmij v1.0.21
   Compiling openwepp-unit-boundary v0.1.0 (/tmp/openwepp-clean-a8a96498ee909c4305fbc0a4db562b72e45efd2b/crates/openwepp-unit-boundary)
   Compiling serde_json v1.0.150
   Compiling zerocopy v0.8.48
   Compiling getrandom v0.3.4
   Compiling find-msvc-tools v0.1.9
   Compiling shlex v1.3.0
   Compiling once_cell v1.21.4
   Compiling bytes v1.11.1
   Compiling pkg-config v0.3.33
   Compiling lexical-util v1.0.7
   Compiling iana-time-zone v0.1.65
   Compiling arrow-schema v54.3.1
   Compiling semver v1.0.28
   Compiling hashbrown v0.15.5
   Compiling alloc-no-stdlib v2.0.4
   Compiling zstd-safe v7.2.4
   Compiling paste v1.0.15
   Compiling bitflags v1.3.2
   Compiling snap v1.1.1
   Compiling static_assertions v1.1.0
   Compiling integer-encoding v3.0.4
   Compiling toml_write v0.1.2
   Compiling byteorder v1.5.0
   Compiling twox-hash v2.1.2
   Compiling base64 v0.22.1
   Compiling winnow v0.7.15
   Compiling seq-macro v0.3.6
   Compiling simdutf8 v0.1.5
   Compiling openwepp-comparator-metadata v0.1.0 (/tmp/openwepp-clean-a8a96498ee909c4305fbc0a4db562b72e45efd2b/crates/openwepp-comparator-metadata)
   Compiling openwepp-plant-phenology v0.1.0 (/tmp/openwepp-clean-a8a96498ee909c4305fbc0a4db562b72e45efd2b/crates/openwepp-plant-phenology)
   Compiling miniz_oxide v0.8.9
   Compiling lz4_flex v0.11.6
   Compiling alloc-stdlib v0.2.2
   Compiling openwepp-meteorology v0.1.0 (/tmp/openwepp-clean-a8a96498ee909c4305fbc0a4db562b72e45efd2b/crates/openwepp-meteorology)
   Compiling twox-hash v1.6.3
   Compiling openwepp-legacy-bridge v0.1.0 (/tmp/openwepp-clean-a8a96498ee909c4305fbc0a4db562b72e45efd2b/crates/openwepp-legacy-bridge)
   Compiling powerfmt v0.2.0
   Compiling num-conv v0.2.2
   Compiling time-core v0.1.8
   Compiling stable_deref_trait v1.2.1
   Compiling smallvec v1.15.2
   Compiling litemap v0.8.2
   Compiling brotli-decompressor v4.0.3
   Compiling writeable v0.6.3
   Compiling icu_normalizer_data v2.2.0
   Compiling pulldown-cmark v0.13.4
   Compiling generic-array v0.14.7
   Compiling ahash v0.8.12
   Compiling utf8_iter v1.0.4
   Compiling rustc_version v0.4.1
   Compiling icu_properties_data v2.2.0
   Compiling unicase v2.9.0
   Compiling parking_lot_core v0.9.12
   Compiling ref-cast v1.0.25
   Compiling bitflags v2.13.0
   Compiling deranged v0.5.8
   Compiling scopeguard v1.2.0
   Compiling num-traits v0.2.19
   Compiling regex-syntax v0.8.11
   Compiling borrow-or-share v0.2.4
   Compiling foldhash v0.2.0
   Compiling unicode-general-category v1.1.0
   Compiling allocator-api2 v0.2.21
   Compiling bit-vec v0.8.0
   Compiling lazy_static v1.5.0
   Compiling lock_api v0.4.14
   Compiling vsimd v0.8.0
   Compiling percent-encoding v2.3.2
   Compiling outref v0.5.2
   Compiling bytecount v0.6.9
   Compiling num-cmp v0.1.0
   Compiling data-encoding v2.11.0
   Compiling quick-xml v0.41.0
   Compiling aho-corasick v1.1.4
   Compiling flatbuffers v24.12.23
   Compiling lexical-write-integer v1.0.6
   Compiling lexical-parse-integer v1.0.6
   Compiling bit-set v0.8.0
   Compiling flate2 v1.1.9
   Compiling indexmap v2.14.0
   Compiling openwepp-topology v0.1.0 (/tmp/openwepp-clean-a8a96498ee909c4305fbc0a4db562b72e45efd2b/crates/openwepp-topology)
   Compiling openwepp-kernel-contract v0.1.0 (/tmp/openwepp-clean-a8a96498ee909c4305fbc0a4db562b72e45efd2b/crates/openwepp-kernel-contract)
   Compiling openwepp-summary-accumulator v0.1.0 (/tmp/openwepp-clean-a8a96498ee909c4305fbc0a4db562b72e45efd2b/crates/openwepp-summary-accumulator)
   Compiling lexical-parse-float v1.0.6
   Compiling hashbrown v0.16.1
   Compiling lexical-write-float v1.0.6
   Compiling uuid-simd v0.8.0
   Compiling syn v2.0.117
   Compiling lexical-core v1.0.6
   Compiling brotli v7.0.0
   Compiling crypto-common v0.1.7
   Compiling block-buffer v0.10.4
   Compiling digest v0.10.7
   Compiling sha2 v0.10.9
   Compiling time v0.3.47
   Compiling jobserver v0.1.34
   Compiling parking_lot v0.12.5
   Compiling cc v1.2.62
   Compiling num-integer v0.1.46
   Compiling num-complex v0.4.6
   Compiling chrono v0.4.44
   Compiling ordered-float v2.10.1
   Compiling atoi v2.0.0
   Compiling regex-automata v0.4.15
   Compiling num-bigint v0.4.6
   Compiling num-iter v0.1.45
   Compiling thrift v0.17.0
   Compiling zstd-sys v2.0.16+zstd.1.5.7
   Compiling num-rational v0.4.2
   Compiling num v0.4.3
   Compiling fraction v0.15.4
   Compiling synstructure v0.13.2
   Compiling serde_derive v1.0.228
   Compiling zerocopy-derive v0.8.48
   Compiling zerofrom-derive v0.1.7
   Compiling yoke-derive v0.8.2
   Compiling zerovec-derive v0.11.3
   Compiling displaydoc v0.2.6
   Compiling ref-cast-impl v1.0.25
   Compiling fancy-regex v0.17.0
   Compiling regex v1.13.0
   Compiling zerofrom v0.1.8
   Compiling yoke v0.8.3
   Compiling zerovec v0.11.6
   Compiling zerotrie v0.2.4
   Compiling zstd v0.13.3
   Compiling tinystr v0.8.3
   Compiling potential_utf v0.1.5
   Compiling icu_collections v2.2.0
   Compiling icu_locale_core v2.2.0
   Compiling icu_provider v2.2.0
   Compiling icu_properties v2.2.0
   Compiling icu_normalizer v2.2.0
   Compiling serde_yaml v0.9.34+deprecated
   Compiling serde_spanned v0.6.9
   Compiling toml_datetime v0.6.11
   Compiling fluent-uri v0.4.1
   Compiling email_address v0.2.9
   Compiling toml_edit v0.22.27
   Compiling idna_adapter v1.2.2
   Compiling idna v1.1.0
   Compiling openwepp-management-schema v0.1.0 (/tmp/openwepp-clean-a8a96498ee909c4305fbc0a4db562b72e45efd2b/crates/openwepp-management-schema)
   Compiling openwepp-assurance v0.1.0 (/tmp/openwepp-clean-a8a96498ee909c4305fbc0a4db562b72e45efd2b/crates/openwepp-assurance)
   Compiling toml v0.8.23
   Compiling half v2.7.1
   Compiling referencing v0.42.2
   Compiling arrow-buffer v54.3.1
   Compiling jsonschema v0.42.2
   Compiling openwepp-input-contract v0.1.0 (/tmp/openwepp-clean-a8a96498ee909c4305fbc0a4db562b72e45efd2b/crates/openwepp-input-contract)
   Compiling arrow-data v54.3.1
   Compiling arrow-array v54.3.1
   Compiling openwepp-climate-runtime-adapter v0.1.0 (/tmp/openwepp-clean-a8a96498ee909c4305fbc0a4db562b72e45efd2b/crates/openwepp-climate-runtime-adapter)
   Compiling openwepp-landuse-migrate v0.1.0 (/tmp/openwepp-clean-a8a96498ee909c4305fbc0a4db562b72e45efd2b/crates/openwepp-landuse-migrate)
   Compiling arrow-select v54.3.1
   Compiling arrow-ipc v54.3.1
   Compiling openwepp-watershed-orchestrator v0.1.0 (/tmp/openwepp-clean-a8a96498ee909c4305fbc0a4db562b72e45efd2b/crates/openwepp-watershed-orchestrator)
   Compiling openwepp-hillslope-orchestrator v0.1.0 (/tmp/openwepp-clean-a8a96498ee909c4305fbc0a4db562b72e45efd2b/crates/openwepp-hillslope-orchestrator)
   Compiling arrow-cast v54.3.1
   Compiling parquet v54.3.1
   Compiling openwepp-watershed-output v0.1.0 (/tmp/openwepp-clean-a8a96498ee909c4305fbc0a4db562b72e45efd2b/crates/openwepp-watershed-output)
   Compiling openwepp-hillslope-output v0.1.0 (/tmp/openwepp-clean-a8a96498ee909c4305fbc0a4db562b72e45efd2b/crates/openwepp-hillslope-output)
   Compiling openwepp-runner v0.1.0 (/tmp/openwepp-clean-a8a96498ee909c4305fbc0a4db562b72e45efd2b/crates/openwepp-runner)
   Compiling openwepp v0.1.0 (/tmp/openwepp-clean-a8a96498ee909c4305fbc0a4db562b72e45efd2b)
    Finished `test` profile [unoptimized + debuginfo] target(s) in 52.23s
────────────
 Nextest run ID 1c8a6a58-d76d-4170-80a3-aa8359dc3723 with nextest profile: full
    Starting 2346 tests across 210 binaries (33 tests and 5 binaries skipped, including 28 tests and 5 binaries via profile.full.default-filter)
        SLOW [> 90.000s] (─────────) openwepp::assurance_v2_amendment_contract attribution_check_is_read_only_and_apply_is_layer_proportional
        SLOW [> 90.000s] (─────────) openwepp::assurance_v2_amendment_contract implementation_rebind_adopts_only_the_finite_contract_surface
        SLOW [>180.000s] (─────────) openwepp::assurance_v2_amendment_contract implementation_rebind_adopts_only_the_finite_contract_surface
        SLOW [> 90.000s] (─────────) openwepp::assurance_v2_amendment_contract manifest_adoption_accepts_complete_owned_internal_source_set
        SLOW [>180.000s] (─────────) openwepp::assurance_v2_amendment_contract manifest_adoption_accepts_complete_owned_internal_source_set
        SLOW [> 90.000s] (─────────) openwepp::assurance_v2_amendment_contract manifest_adoption_admits_new_declared_external_local_content
        SLOW [>180.000s] (─────────) openwepp::assurance_v2_amendment_contract manifest_adoption_admits_new_declared_external_local_content
        SLOW [> 90.000s] (─────────) openwepp::assurance_v2_amendment_contract new_report_admission_checks_applies_and_repeats_as_no_op
        SLOW [> 90.000s] (─────────) openwepp::assurance_v2_amendment_contract principal_and_lifecycle_checks_recalculate_identical_candidates
        SLOW [>180.000s] (─────────) openwepp::assurance_v2_amendment_contract new_report_admission_checks_applies_and_repeats_as_no_op
