    Finished `test` profile [unoptimized + debuginfo] target(s) in 0.29s
────────────
 Nextest run ID a7c15bce-46d4-44a0-87a3-3cf7ad9837af with nextest profile: quick
    Starting 2297 tests across 202 binaries (40 tests and 13 binaries skipped, including 35 tests and 13 binaries via profile.quick.default-filter)
        SLOW [> 60.000s] (─────────) openwepp::assurance_v2_amendment_contract attribution_check_is_read_only_and_apply_is_layer_proportional
        SLOW [> 60.000s] (─────────) openwepp::assurance_v2_amendment_contract implementation_rebind_adopts_only_the_finite_contract_surface
        SLOW [>120.000s] (─────────) openwepp::assurance_v2_amendment_contract implementation_rebind_adopts_only_the_finite_contract_surface
        SLOW [> 60.000s] (─────────) openwepp::assurance_v2_amendment_contract manifest_adoption_accepts_complete_owned_internal_source_set
        SLOW [>180.000s] (─────────) openwepp::assurance_v2_amendment_contract implementation_rebind_adopts_only_the_finite_contract_surface
        SLOW [>120.000s] (─────────) openwepp::assurance_v2_amendment_contract manifest_adoption_accepts_complete_owned_internal_source_set
        SLOW [>180.000s] (─────────) openwepp::assurance_v2_amendment_contract manifest_adoption_accepts_complete_owned_internal_source_set
        SLOW [> 60.000s] (─────────) openwepp::assurance_v2_amendment_contract manifest_adoption_admits_new_declared_external_local_content
        SLOW [>120.000s] (─────────) openwepp::assurance_v2_amendment_contract manifest_adoption_admits_new_declared_external_local_content
        SLOW [> 60.000s] (─────────) openwepp::assurance_v2_amendment_contract new_report_admission_checks_applies_and_repeats_as_no_op
        SLOW [>180.000s] (─────────) openwepp::assurance_v2_amendment_contract manifest_adoption_admits_new_declared_external_local_content
        SLOW [>120.000s] (─────────) openwepp::assurance_v2_amendment_contract new_report_admission_checks_applies_and_repeats_as_no_op
        SLOW [> 60.000s] (─────────) openwepp::assurance_v2_amendment_contract principal_and_lifecycle_checks_recalculate_identical_candidates
        SLOW [>180.000s] (─────────) openwepp::assurance_v2_amendment_contract new_report_admission_checks_applies_and_repeats_as_no_op
        SLOW [>120.000s] (─────────) openwepp::assurance_v2_amendment_contract principal_and_lifecycle_checks_recalculate_identical_candidates
        SLOW [>180.000s] (─────────) openwepp::assurance_v2_amendment_contract principal_and_lifecycle_checks_recalculate_identical_candidates
        SLOW [> 60.000s] (─────────) openwepp::assurance_v2_amendment_contract report_lead_can_return_pending_review_to_draft_without_erasing_history
        SLOW [>240.000s] (─────────) openwepp::assurance_v2_amendment_contract principal_and_lifecycle_checks_recalculate_identical_candidates
        SLOW [>120.000s] (─────────) openwepp::assurance_v2_amendment_contract report_lead_can_return_pending_review_to_draft_without_erasing_history
        SLOW [>300.000s] (─────────) openwepp::assurance_v2_amendment_contract principal_and_lifecycle_checks_recalculate_identical_candidates
        SLOW [>180.000s] (─────────) openwepp::assurance_v2_amendment_contract report_lead_can_return_pending_review_to_draft_without_erasing_history
        SLOW [> 60.000s] (─────────) openwepp::assurance_v2_amendment_contract report_source_adoption_is_read_only_deterministic_and_invalidates_review_authority
        SLOW [> 60.000s] (─────────) openwepp::assurance_v2_amendment_contract report_source_adoption_rejects_wrong_kind_and_assurance_internal_dependencies
        SLOW [>120.000s] (─────────) openwepp::assurance_v2_amendment_contract report_source_adoption_is_read_only_deterministic_and_invalidates_review_authority
        SLOW [>120.000s] (─────────) openwepp::assurance_v2_amendment_contract report_source_adoption_rejects_wrong_kind_and_assurance_internal_dependencies
        SLOW [>180.000s] (─────────) openwepp::assurance_v2_amendment_contract report_source_adoption_is_read_only_deterministic_and_invalidates_review_authority
        SLOW [> 60.000s] (─────────) openwepp::assurance_v2_amendment_contract report_source_adoption_rejects_wrong_path_second_drift_and_stale_generation
        SLOW [>240.000s] (─────────) openwepp::assurance_v2_amendment_contract report_source_adoption_is_read_only_deterministic_and_invalidates_review_authority
        SLOW [>120.000s] (─────────) openwepp::assurance_v2_amendment_contract report_source_adoption_rejects_wrong_path_second_drift_and_stale_generation
        SLOW [>300.000s] (─────────) openwepp::assurance_v2_amendment_contract report_source_adoption_is_read_only_deterministic_and_invalidates_review_authority
        SLOW [> 60.000s] (─────────) openwepp::assurance_v2_amendment_contract report_source_adoption_rolls_back_an_invalid_isolated_candidate
        SLOW [>360.000s] (─────────) openwepp::assurance_v2_amendment_contract report_source_adoption_is_read_only_deterministic_and_invalidates_review_authority
  Cancelling due to interrupt: 2 tests still running
      SIGINT [   2.458s] (  60/2297) openwepp::assurance_v2_amendment_contract role_assignment_is_typed_receipted_and_idempotent
      SIGINT [ 402.222s] (  61/2297) openwepp::assurance_v2_amendment_contract report_source_adoption_is_read_only_deterministic_and_invalidates_review_authority
────────────
     Summary [1177.525s] 61/2297 tests run: 59 passed (10 slow), 2 failed, 40 skipped
warning: 2236/2297 tests were not run due to interrupt
error: test run failed
