warning: Git tree '/workdir/openWEPP' is dirty
    Checking openwepp-land-surface-energy v0.1.0 (/workdir/openwepp-experiments/b01-wb14-cadence/current-context-capture-20260913/crates/openwepp-land-surface-energy)
    Checking openwepp-hillslope-orchestrator v0.1.0 (/workdir/openwepp-experiments/b01-wb14-cadence/current-context-capture-20260913/crates/openwepp-hillslope-orchestrator)
error[E0425]: cannot find function `canonical_parent_forcing_digest` in the crate root
    --> crates/openwepp-hillslope-orchestrator/src/snow_stage3_v11_current_context_capture.rs:1053:34
     |
1053 |     let forcing_receipt = crate::canonical_parent_forcing_digest(
     |                                  ^^^^^^^^^^^^^^^^^^^^^^^^^^^^^^^ not found in the crate root
     |
note: function `crate::snow_stage3_v11_attachment::canonical_parent_forcing_digest` exists but is inaccessible
    --> crates/openwepp-hillslope-orchestrator/src/snow_stage3_v11_forcing_digest.rs:1:1
     |
   1 | / fn canonical_parent_forcing_digest(
   2 | |     day_index: usize,
   3 | |     interval_index: usize,
   4 | |     accepted_gsi_receipt: Digest32,
...    |
  36 | |     Ok(digest_bytes(&bytes))
  37 | | }
     | |_^ not accessible

For more information about this error, try `rustc --explain E0425`.
error: could not compile `openwepp-hillslope-orchestrator` (lib) due to 1 previous error
warning: build failed, waiting for other jobs to finish...
error: could not compile `openwepp-hillslope-orchestrator` (lib test) due to 1 previous error
