warning: Git tree '/workdir/openWEPP' is dirty
warning: associated function `diagnostic_restore_native_lane_maps_v1` is never used
   --> crates/openwepp-hillslope-orchestrator/src/v9_real_consumer_shadow.rs:473:19
    |
454 | impl DirectV10RealConsumerShadow {
    | -------------------------------- associated function in this implementation
...
473 |     pub(crate) fn diagnostic_restore_native_lane_maps_v1(
    |                   ^^^^^^^^^^^^^^^^^^^^^^^^^^^^^^^^^^^^^^
    |
    = note: `#[warn(dead_code)]` (part of `#[warn(unused)]`) on by default

warning: function `restore_covered_interval` is never used
   --> crates/openwepp-hillslope-orchestrator/src/snow_stage3_v11_current_context_capture.rs:133:4
    |
133 | fn restore_covered_interval(
    |    ^^^^^^^^^^^^^^^^^^^^^^^^

warning: function `restore_destination_capability` is never used
   --> crates/openwepp-hillslope-orchestrator/src/snow_stage3_v11_current_context_capture.rs:149:4
    |
149 | fn restore_destination_capability(
    |    ^^^^^^^^^^^^^^^^^^^^^^^^^^^^^^

warning: function `provider_interval_for_destination` is never used
   --> crates/openwepp-hillslope-orchestrator/src/snow_stage3_v11_current_context_capture.rs:197:4
    |
197 | fn provider_interval_for_destination<'a>(
    |    ^^^^^^^^^^^^^^^^^^^^^^^^^^^^^^^^^

warning: function `restore_prepared_support` is never used
   --> crates/openwepp-hillslope-orchestrator/src/snow_stage3_v11_current_context_capture.rs:235:4
    |
235 | fn restore_prepared_support(
    |    ^^^^^^^^^^^^^^^^^^^^^^^^

warning: function `restore_support_forcing` is never used
   --> crates/openwepp-hillslope-orchestrator/src/snow_stage3_v11_current_context_capture.rs:353:4
    |
353 | fn restore_support_forcing(
    |    ^^^^^^^^^^^^^^^^^^^^^^^

warning: function `active_snow_restore` is never used
   --> crates/openwepp-hillslope-orchestrator/src/snow_stage3_v11_current_context_capture.rs:466:4
    |
466 | fn active_snow_restore(
    |    ^^^^^^^^^^^^^^^^^^^

warning: struct `PreparedDayCaptureV1` is never constructed
   --> crates/openwepp-hillslope-orchestrator/src/snow_stage3_v11_current_context_capture.rs:668:8
    |
668 | struct PreparedDayCaptureV1 {
    |        ^^^^^^^^^^^^^^^^^^^^

warning: function `capture_prepared_day` is never used
   --> crates/openwepp-hillslope-orchestrator/src/snow_stage3_v11_current_context_capture.rs:676:4
    |
676 | fn capture_prepared_day(
    |    ^^^^^^^^^^^^^^^^^^^^

warning: function `validate_prepared_day` is never used
   --> crates/openwepp-hillslope-orchestrator/src/snow_stage3_v11_current_context_capture.rs:693:4
    |
693 | fn validate_prepared_day(
    |    ^^^^^^^^^^^^^^^^^^^^^

warning: function `restore_provider_day` is never used
   --> crates/openwepp-hillslope-orchestrator/src/snow_stage3_v11_current_context_capture.rs:752:4
    |
752 | fn restore_provider_day(
    |    ^^^^^^^^^^^^^^^^^^^^

warning: function `restore_captured_prepared_support_from_provider` is never used
    --> crates/openwepp-hillslope-orchestrator/src/snow_stage3_v11_current_context_capture.rs:1252:15
     |
1252 | pub(crate) fn restore_captured_prepared_support_from_provider(
     |               ^^^^^^^^^^^^^^^^^^^^^^^^^^^^^^^^^^^^^^^^^^^^^^^

warning: struct `RestoredProviderBoundContextV1` is never constructed
    --> crates/openwepp-hillslope-orchestrator/src/snow_stage3_v11_current_context_capture.rs:1273:19
     |
1273 | pub(crate) struct RestoredProviderBoundContextV1 {
     |                   ^^^^^^^^^^^^^^^^^^^^^^^^^^^^^^

warning: function `restore_provider_bound_context_from_rows` is never used
    --> crates/openwepp-hillslope-orchestrator/src/snow_stage3_v11_current_context_capture.rs:1283:15
     |
1283 | pub(crate) fn restore_provider_bound_context_from_rows(
     |               ^^^^^^^^^^^^^^^^^^^^^^^^^^^^^^^^^^^^^^^^

warning: function `restore_provider_bound_context_from_file` is never used
    --> crates/openwepp-hillslope-orchestrator/src/snow_stage3_v11_current_context_capture.rs:1465:15
     |
1465 | pub(crate) fn restore_provider_bound_context_from_file(
     |               ^^^^^^^^^^^^^^^^^^^^^^^^^^^^^^^^^^^^^^^^

warning: `openwepp-hillslope-orchestrator` (lib test) generated 15 warnings
    Finished `test` profile [unoptimized + debuginfo] target(s) in 0.03s
────────────
 Nextest run ID 832dee33-8d02-463e-b50a-280f00291ab2 with nextest profile: default
    Starting 1 test across 1 binary (1467 tests skipped)
        FAIL [   0.074s] (1/1) openwepp-hillslope-orchestrator v9_real_consumer_shadow::tests::b01_current_context_importer_restores_fixture_without_physics
  stdout ───

    running 1 test
    test v9_real_consumer_shadow::tests::b01_current_context_importer_restores_fixture_without_physics ... FAILED

    failures:

    failures:
        v9_real_consumer_shadow::tests::b01_current_context_importer_restores_fixture_without_physics

    test result: FAILED. 0 passed; 1 failed; 0 ignored; 0 measured; 1467 filtered out; finished in 0.07s

  stderr ───

    thread 'v9_real_consumer_shadow::tests::b01_current_context_importer_restores_fixture_without_physics' (2509657) panicked at crates/openwepp-hillslope-orchestrator/src/v9_real_consumer_shadow_tests.rs:1093:10:
    capture row: "V9 real-consumer unsupported domain: V2 soil accessor on V1 resident"
    note: run with `RUST_BACKTRACE=1` environment variable to display a backtrace

  Cancelling due to test failure: 
────────────
     Summary [   0.078s] 1 test run: 0 passed, 1 failed, 1467 skipped
        FAIL [   0.074s] (1/1) openwepp-hillslope-orchestrator v9_real_consumer_shadow::tests::b01_current_context_importer_restores_fixture_without_physics
  stdout ───

    running 1 test
    test v9_real_consumer_shadow::tests::b01_current_context_importer_restores_fixture_without_physics ... FAILED

    failures:

    failures:
        v9_real_consumer_shadow::tests::b01_current_context_importer_restores_fixture_without_physics

    test result: FAILED. 0 passed; 1 failed; 0 ignored; 0 measured; 1467 filtered out; finished in 0.07s

  stderr ───

    thread 'v9_real_consumer_shadow::tests::b01_current_context_importer_restores_fixture_without_physics' (2509657) panicked at crates/openwepp-hillslope-orchestrator/src/v9_real_consumer_shadow_tests.rs:1093:10:
    capture row: "V9 real-consumer unsupported domain: V2 soil accessor on V1 resident"
    note: run with `RUST_BACKTRACE=1` environment variable to display a backtrace

error: test run failed
