    Finished `test` profile [unoptimized + debuginfo] target(s) in 0.10s
────────────
 Nextest run ID 29024159-9f78-4506-9918-09c7f007af0d with nextest profile: default
    Starting 1 test across 1 binary (2 tests skipped)
       START [         ] (1/1) openwepp-runner::mt3_hbp_hourly_consumer_contract wshedw11c_hourly_routing_sanity_matrix

running 1 test
W11C_RESULT ipeak=3 dtchr=3600 scenario=zero input_m3=0.000000000000000 input_peak_m3_s=0.000000000000000 outlet_m3=0.000000000000000 storage_m3=0.000000000000000 peak_m3_s=0.000000000000000 peak_ratio=0.000000000000000 water_residual_m3=0.000000000000000 input_sediment_kg=0.000000000000000 outlet_sediment_kg=0.000000000000000 sediment_residual_kg=0.000000000000000 channel_balance_m3=0.000000000000000
W11C_FINDING kind=negative_storage ipeak=3 dtchr=3600 scenario=early_spike storage_m3=-65.192020902048171
W11C_FINDING kind=terminal_outflow_exceeds_input ipeak=3 dtchr=3600 scenario=early_spike input_m3=7200.000000000000000 outlet_m3=7265.192020902045442
W11C_RESULT ipeak=3 dtchr=3600 scenario=early_spike input_m3=7200.000000000000000 input_peak_m3_s=2.000000000000000 outlet_m3=7265.192020902045442 storage_m3=-65.192020902048171 peak_m3_s=0.999951839538760 peak_ratio=0.499975919769380 water_residual_m3=0.000000000002728 input_sediment_kg=240.000000000000000 outlet_sediment_kg=239.999999999999972 sediment_residual_kg=0.000000000000028 channel_balance_m3=-0.000000000001819
W11C_FINDING kind=negative_storage ipeak=3 dtchr=3600 scenario=early_spread storage_m3=-19.866609066649289
W11C_FINDING kind=terminal_outflow_exceeds_input ipeak=3 dtchr=3600 scenario=early_spread input_m3=7200.000000000000000 outlet_m3=7219.866609066648380
W11C_RESULT ipeak=3 dtchr=3600 scenario=early_spread input_m3=7200.000000000000000 input_peak_m3_s=0.500000000000000 outlet_m3=7219.866609066648380 storage_m3=-19.866609066649289 peak_m3_s=0.499996248292094 peak_ratio=0.999992496584188 water_residual_m3=0.000000000000909 input_sediment_kg=240.000000000000000 outlet_sediment_kg=239.999999999999943 sediment_residual_kg=0.000000000000057 channel_balance_m3=-0.000000000000909
W11C_RESULT ipeak=3 dtchr=3600 scenario=uniform input_m3=7200.000000000000000 input_peak_m3_s=0.083333333333333 outlet_m3=7199.999999999995453 storage_m3=0.000000000009095 peak_m3_s=0.083333333333333 peak_ratio=1.000000000000000 water_residual_m3=-0.000000000004547 input_sediment_kg=240.000000000000000 outlet_sediment_kg=240.000000000000000 sediment_residual_kg=0.000000000000000 channel_balance_m3=0.000000000000000
W11C_RESULT ipeak=3 dtchr=3600 scenario=late_spike input_m3=7200.000000000000000 input_peak_m3_s=2.000000000000000 outlet_m3=3572.784836197489312 storage_m3=3627.215163802510688 peak_m3_s=0.992440232277080 peak_ratio=0.496220116138540 water_residual_m3=0.000000000000000 input_sediment_kg=240.000000000000000 outlet_sediment_kg=239.999999999999972 sediment_residual_kg=0.000000000000028 channel_balance_m3=0.000000000000000
W11C_RESULT ipeak=3 dtchr=600 scenario=zero input_m3=0.000000000000000 input_peak_m3_s=0.000000000000000 outlet_m3=0.000000000000000 storage_m3=0.000000000000000 peak_m3_s=0.000000000000000 peak_ratio=0.000000000000000 water_residual_m3=0.000000000000000 input_sediment_kg=0.000000000000000 outlet_sediment_kg=0.000000000000000 sediment_residual_kg=0.000000000000000 channel_balance_m3=0.000000000000000
W11C_FINDING kind=negative_storage ipeak=3 dtchr=600 scenario=early_spike storage_m3=-61.723299937076263
W11C_FINDING kind=terminal_outflow_exceeds_input ipeak=3 dtchr=600 scenario=early_spike input_m3=7200.000000000000000 outlet_m3=7261.723299937076263
W11C_RESULT ipeak=3 dtchr=600 scenario=early_spike input_m3=7200.000000000000000 input_peak_m3_s=2.000000000000000 outlet_m3=7261.723299937076263 storage_m3=-61.723299937076263 peak_m3_s=1.999993816881156 peak_ratio=0.999996908440578 water_residual_m3=0.000000000000000 input_sediment_kg=240.000000000000000 outlet_sediment_kg=240.000000000000000 sediment_residual_kg=0.000000000000000 channel_balance_m3=-0.000000000000909
W11C_FINDING kind=negative_storage ipeak=3 dtchr=600 scenario=early_spread storage_m3=-22.526676872477765
W11C_FINDING kind=terminal_outflow_exceeds_input ipeak=3 dtchr=600 scenario=early_spread input_m3=7200.000000000000000 outlet_m3=7222.526676872483222
W11C_RESULT ipeak=3 dtchr=600 scenario=early_spread input_m3=7200.000000000000000 input_peak_m3_s=0.500000000000000 outlet_m3=7222.526676872483222 storage_m3=-22.526676872477765 peak_m3_s=0.500000000000000 peak_ratio=1.000000000000000 water_residual_m3=-0.000000000005457 input_sediment_kg=240.000000000000000 outlet_sediment_kg=240.000000000000000 sediment_residual_kg=0.000000000000000 channel_balance_m3=0.000000000001819
W11C_RESULT ipeak=3 dtchr=600 scenario=uniform input_m3=7200.000000000000000 input_peak_m3_s=0.083333333333333 outlet_m3=7200.000000000010004 storage_m3=-0.000000000020918 peak_m3_s=0.083333333333333 peak_ratio=1.000000000000000 water_residual_m3=0.000000000010914 input_sediment_kg=240.000000000000000 outlet_sediment_kg=239.999999999999517 sediment_residual_kg=0.000000000000483 channel_balance_m3=0.000000000000909
W11C_RESULT ipeak=3 dtchr=600 scenario=late_spike input_m3=7200.000000000000000 input_peak_m3_s=2.000000000000000 outlet_m3=6490.734901977742084 storage_m3=709.265098022257916 peak_m3_s=1.999993816881156 peak_ratio=0.999996908440578 water_residual_m3=0.000000000000000 input_sediment_kg=240.000000000000000 outlet_sediment_kg=240.000000000000000 sediment_residual_kg=0.000000000000000 channel_balance_m3=0.000000000000909
W11C_RESULT ipeak=4 dtchr=3600 scenario=zero input_m3=0.000000000000000 input_peak_m3_s=0.000000000000000 outlet_m3=0.000000000000000 storage_m3=0.000000000000000 peak_m3_s=0.000000000000000 peak_ratio=0.000000000000000 water_residual_m3=0.000000000000000 input_sediment_kg=0.000000000000000 outlet_sediment_kg=0.000000000000000 sediment_residual_kg=0.000000000000000 channel_balance_m3=0.000000000000000
W11C_FINDING kind=negative_storage ipeak=4 dtchr=3600 scenario=early_spike storage_m3=-210.400475079700300
W11C_FINDING kind=terminal_outflow_exceeds_input ipeak=4 dtchr=3600 scenario=early_spike input_m3=7200.000000000000000 outlet_m3=7410.400475079700300
W11C_RESULT ipeak=4 dtchr=3600 scenario=early_spike input_m3=7200.000000000000000 input_peak_m3_s=2.000000000000000 outlet_m3=7410.400475079700300 storage_m3=-210.400475079700300 peak_m3_s=1.939039141608328 peak_ratio=0.969519570804164 water_residual_m3=0.000000000000000 input_sediment_kg=240.000000000000000 outlet_sediment_kg=239.999999999999972 sediment_residual_kg=0.000000000000028 channel_balance_m3=0.000000000000909
W11C_FINDING kind=negative_storage ipeak=4 dtchr=3600 scenario=early_spread storage_m3=-7.734081977162532
W11C_FINDING kind=terminal_outflow_exceeds_input ipeak=4 dtchr=3600 scenario=early_spread input_m3=7200.000000000000000 outlet_m3=7207.734081977162532
W11C_RESULT ipeak=4 dtchr=3600 scenario=early_spread input_m3=7200.000000000000000 input_peak_m3_s=0.500000000000000 outlet_m3=7207.734081977162532 storage_m3=-7.734081977162532 peak_m3_s=0.519820779861539 peak_ratio=1.039641559723077 water_residual_m3=0.000000000000000 input_sediment_kg=240.000000000000000 outlet_sediment_kg=239.999999999999972 sediment_residual_kg=0.000000000000028 channel_balance_m3=-0.000000000000909
W11C_RESULT ipeak=4 dtchr=3600 scenario=uniform input_m3=7200.000000000000000 input_peak_m3_s=0.083333333333333 outlet_m3=7199.999999999997272 storage_m3=0.000000000005457 peak_m3_s=0.083333333333333 peak_ratio=1.000000000000000 water_residual_m3=-0.000000000002728 input_sediment_kg=240.000000000000000 outlet_sediment_kg=240.000000000000000 sediment_residual_kg=0.000000000000000 channel_balance_m3=0.000000000000000
W11C_RESULT ipeak=4 dtchr=3600 scenario=late_spike input_m3=7200.000000000000000 input_peak_m3_s=2.000000000000000 outlet_m3=6980.540909789981924 storage_m3=219.459090210018076 peak_m3_s=1.939039141608328 peak_ratio=0.969519570804164 water_residual_m3=0.000000000000000 input_sediment_kg=240.000000000000000 outlet_sediment_kg=239.999999999999972 sediment_residual_kg=0.000000000000028 channel_balance_m3=-0.000000000000909
W11C_RESULT ipeak=4 dtchr=600 scenario=zero input_m3=0.000000000000000 input_peak_m3_s=0.000000000000000 outlet_m3=0.000000000000000 storage_m3=0.000000000000000 peak_m3_s=0.000000000000000 peak_ratio=0.000000000000000 water_residual_m3=0.000000000000000 input_sediment_kg=0.000000000000000 outlet_sediment_kg=0.000000000000000 sediment_residual_kg=0.000000000000000 channel_balance_m3=0.000000000000000
W11C_FINDING kind=negative_storage ipeak=4 dtchr=600 scenario=early_spike storage_m3=-71.305388204850715
W11C_FINDING kind=terminal_outflow_exceeds_input ipeak=4 dtchr=600 scenario=early_spike input_m3=7200.000000000000000 outlet_m3=7271.305388204850715
W11C_RESULT ipeak=4 dtchr=600 scenario=early_spike input_m3=7200.000000000000000 input_peak_m3_s=2.000000000000000 outlet_m3=7271.305388204850715 storage_m3=-71.305388204850715 peak_m3_s=2.253661580358761 peak_ratio=1.126830790179381 water_residual_m3=0.000000000000000 input_sediment_kg=240.000000000000000 outlet_sediment_kg=240.000000000000000 sediment_residual_kg=0.000000000000000 channel_balance_m3=0.000000000000909
W11C_FINDING kind=negative_storage ipeak=4 dtchr=600 scenario=early_spread storage_m3=-27.628852791553072
W11C_FINDING kind=terminal_outflow_exceeds_input ipeak=4 dtchr=600 scenario=early_spread input_m3=7200.000000000000000 outlet_m3=7227.628852791553982
W11C_RESULT ipeak=4 dtchr=600 scenario=early_spread input_m3=7200.000000000000000 input_peak_m3_s=0.500000000000000 outlet_m3=7227.628852791553982 storage_m3=-27.628852791553072 peak_m3_s=0.576216646806713 peak_ratio=1.152433293613425 water_residual_m3=-0.000000000000909 input_sediment_kg=240.000000000000000 outlet_sediment_kg=240.000000000000000 sediment_residual_kg=0.000000000000000 channel_balance_m3=0.000000000000000
W11C_RESULT ipeak=4 dtchr=600 scenario=uniform input_m3=7200.000000000000000 input_peak_m3_s=0.083333333333333 outlet_m3=7200.000000000010004 storage_m3=-0.000000000020009 peak_m3_s=0.083333333333333 peak_ratio=1.000000000000000 water_residual_m3=0.000000000010004 input_sediment_kg=240.000000000000000 outlet_sediment_kg=239.999999999999517 sediment_residual_kg=0.000000000000483 channel_balance_m3=0.000000000000000
W11C_RESULT ipeak=4 dtchr=600 scenario=late_spike input_m3=7200.000000000000000 input_peak_m3_s=2.000000000000000 outlet_m3=7109.736034479605223 storage_m3=90.263965520394777 peak_m3_s=2.253661580358761 peak_ratio=1.126830790179381 water_residual_m3=0.000000000000000 input_sediment_kg=240.000000000000000 outlet_sediment_kg=240.000000000000000 sediment_residual_kg=0.000000000000000 channel_balance_m3=0.000000000000000
W11C_RESULT ipeak=5 dtchr=3600 scenario=zero input_m3=0.000000000000000 input_peak_m3_s=0.000000000000000 outlet_m3=0.000000000000000 storage_m3=0.000000000000000 peak_m3_s=0.000000000000000 peak_ratio=0.000000000000000 water_residual_m3=0.000000000000000 input_sediment_kg=0.000000000000000 outlet_sediment_kg=0.000000000000000 sediment_residual_kg=0.000000000000000 channel_balance_m3=0.000000000000000
W11C_RESULT ipeak=5 dtchr=3600 scenario=early_spike input_m3=7200.000000000000000 input_peak_m3_s=2.000000000000000 outlet_m3=7178.763627533261570 storage_m3=21.236372466739340 peak_m3_s=1.185838944220455 peak_ratio=0.592919472110228 water_residual_m3=-0.000000000000909 input_sediment_kg=240.000000000000000 outlet_sediment_kg=239.999999999999972 sediment_residual_kg=0.000000000000028 channel_balance_m3=0.000000000000000
W11C_RESULT ipeak=5 dtchr=3600 scenario=early_spread input_m3=7200.000000000000000 input_peak_m3_s=0.500000000000000 outlet_m3=7136.576166915648173 storage_m3=63.423833084352736 peak_m3_s=0.774940044072039 peak_ratio=1.549880088144078 water_residual_m3=-0.000000000000909 input_sediment_kg=240.000000000000000 outlet_sediment_kg=239.999999999999972 sediment_residual_kg=0.000000000000028 channel_balance_m3=0.000000000000000
W11C_RESULT ipeak=5 dtchr=3600 scenario=uniform input_m3=7200.000000000000000 input_peak_m3_s=0.083333333333333 outlet_m3=7199.999999999997272 storage_m3=0.000000000006366 peak_m3_s=0.083333333333333 peak_ratio=1.000000000000000 water_residual_m3=-0.000000000003638 input_sediment_kg=240.000000000000000 outlet_sediment_kg=240.000000000000000 sediment_residual_kg=0.000000000000000 channel_balance_m3=0.000000000000909
W11C_RESULT ipeak=5 dtchr=3600 scenario=late_spike input_m3=7200.000000000000000 input_peak_m3_s=2.000000000000000 outlet_m3=2886.234632349858657 storage_m3=4313.765367650141343 peak_m3_s=0.801731842319405 peak_ratio=0.400865921159703 water_residual_m3=0.000000000000000 input_sediment_kg=240.000000000000000 outlet_sediment_kg=239.999999999999972 sediment_residual_kg=0.000000000000028 channel_balance_m3=0.000000000000000
W11C_RESULT ipeak=5 dtchr=600 scenario=zero input_m3=0.000000000000000 input_peak_m3_s=0.000000000000000 outlet_m3=0.000000000000000 storage_m3=0.000000000000000 peak_m3_s=0.000000000000000 peak_ratio=0.000000000000000 water_residual_m3=0.000000000000000 input_sediment_kg=0.000000000000000 outlet_sediment_kg=0.000000000000000 sediment_residual_kg=0.000000000000000 channel_balance_m3=0.000000000000000
W11C_RESULT ipeak=5 dtchr=600 scenario=early_spike input_m3=7200.000000000000000 input_peak_m3_s=2.000000000000000 outlet_m3=6838.490641514640629 storage_m3=361.509358485359371 peak_m3_s=3.071519111681464 peak_ratio=1.535759555840732 water_residual_m3=0.000000000000000 input_sediment_kg=240.000000000000000 outlet_sediment_kg=240.000000000000000 sediment_residual_kg=0.000000000000000 channel_balance_m3=0.000000000000909
W11C_RESULT ipeak=5 dtchr=600 scenario=early_spread input_m3=7200.000000000000000 input_peak_m3_s=0.500000000000000 outlet_m3=7071.631219659228918 storage_m3=128.368780340770172 peak_m3_s=0.709448469694108 peak_ratio=1.418896939388216 water_residual_m3=0.000000000000909 input_sediment_kg=240.000000000000000 outlet_sediment_kg=240.000000000000000 sediment_residual_kg=0.000000000000000 channel_balance_m3=0.000000000000000
W11C_RESULT ipeak=5 dtchr=600 scenario=uniform input_m3=7200.000000000000000 input_peak_m3_s=0.083333333333333 outlet_m3=7200.000000000010004 storage_m3=-0.000000000020009 peak_m3_s=0.083333333333333 peak_ratio=1.000000000000000 water_residual_m3=0.000000000010004 input_sediment_kg=240.000000000000000 outlet_sediment_kg=239.999999999999517 sediment_residual_kg=0.000000000000483 channel_balance_m3=0.000000000000000
W11C_RESULT ipeak=5 dtchr=600 scenario=late_spike input_m3=7200.000000000000000 input_peak_m3_s=2.000000000000000 outlet_m3=6442.591248945082953 storage_m3=757.408751054917047 peak_m3_s=3.071519111681464 peak_ratio=1.535759555840732 water_residual_m3=0.000000000000000 input_sediment_kg=240.000000000000000 outlet_sediment_kg=240.000000000000000 sediment_residual_kg=0.000000000000000 channel_balance_m3=0.000000000000909
W11C_FINDING kind=legacy_event_publication_uses_first_channel scenario=zero element_id=1
W11C_RESULT ipeak=2 dtchr=3600 scenario=zero input_m3=0.000000000000000 input_peak_m3_s=0.000000000000000 outlet_m3=0.000000000000000 storage_m3=0.000000000000000 peak_m3_s=0.000000000000000 peak_ratio=0.000000000000000 water_residual_m3=0.000000000000000 input_sediment_kg=0.000000000000000 outlet_sediment_kg=-0.000000000000000 sediment_residual_kg=0.000000000000000 channel_balance_m3=0.000000000000000
W11C_FINDING kind=legacy_event_publication_uses_first_channel scenario=early_spike element_id=1
W11C_FINDING kind=terminal_outflow_exceeds_input ipeak=2 dtchr=3600 scenario=early_spike input_m3=7200.000000000000000 outlet_m3=14400.000000000000000
W11C_FINDING kind=legacy_event_volume_is_serial_throughflow_sum scenario=early_spike input_m3=7200.000000000000000 published_m3=14400.000000000000000 ratio=2.000000000000000
W11C_FINDING kind=sediment_publication_delta ipeak=2 dtchr=3600 scenario=early_spike input_kg=240.000000000000000 outlet_kg=0.133333333333333 input_minus_output_kg=239.866666666666674
W11C_RESULT ipeak=2 dtchr=3600 scenario=early_spike input_m3=7200.000000000000000 input_peak_m3_s=2.000000000000000 outlet_m3=14400.000000000000000 storage_m3=0.000000000000000 peak_m3_s=1.977120256042170 peak_ratio=0.988560128021085 water_residual_m3=-7200.000000000000000 input_sediment_kg=240.000000000000000 outlet_sediment_kg=0.133333333333333 sediment_residual_kg=239.866666666666674 channel_balance_m3=0.000000000000000
W11C_FINDING kind=legacy_event_publication_uses_first_channel scenario=early_spread element_id=1
W11C_FINDING kind=terminal_outflow_exceeds_input ipeak=2 dtchr=3600 scenario=early_spread input_m3=7200.000000000000000 outlet_m3=14400.000000000000000
W11C_FINDING kind=legacy_event_volume_is_serial_throughflow_sum scenario=early_spread input_m3=7200.000000000000000 published_m3=14400.000000000000000 ratio=2.000000000000000
W11C_FINDING kind=sediment_publication_delta ipeak=2 dtchr=3600 scenario=early_spread input_kg=240.000000000000000 outlet_kg=0.033333333333333 input_minus_output_kg=239.966666666666669
W11C_RESULT ipeak=2 dtchr=3600 scenario=early_spread input_m3=7200.000000000000000 input_peak_m3_s=0.500000000000000 outlet_m3=14400.000000000000000 storage_m3=0.000000000000000 peak_m3_s=0.494280064010542 peak_ratio=0.988560128021085 water_residual_m3=-7200.000000000000000 input_sediment_kg=240.000000000000000 outlet_sediment_kg=0.033333333333333 sediment_residual_kg=239.966666666666669 channel_balance_m3=0.000000000000000
W11C_FINDING kind=legacy_event_publication_uses_first_channel scenario=uniform element_id=1
W11C_FINDING kind=terminal_outflow_exceeds_input ipeak=2 dtchr=3600 scenario=uniform input_m3=7200.000000000000000 outlet_m3=14400.000000000000000
W11C_FINDING kind=legacy_event_volume_is_serial_throughflow_sum scenario=uniform input_m3=7200.000000000000000 published_m3=14400.000000000000000 ratio=2.000000000000000
W11C_FINDING kind=sediment_publication_delta ipeak=2 dtchr=3600 scenario=uniform input_kg=240.000000000000000 outlet_kg=0.005555555555556 input_minus_output_kg=239.994444444444440
W11C_RESULT ipeak=2 dtchr=3600 scenario=uniform input_m3=7200.000000000000000 input_peak_m3_s=0.083333333333333 outlet_m3=14400.000000000000000 storage_m3=0.000000000000000 peak_m3_s=0.082380010668424 peak_ratio=0.988560128021085 water_residual_m3=-7200.000000000000000 input_sediment_kg=240.000000000000000 outlet_sediment_kg=0.005555555555556 sediment_residual_kg=239.994444444444440 channel_balance_m3=0.000000000000000
W11C_FINDING kind=legacy_event_publication_uses_first_channel scenario=late_spike element_id=1
W11C_FINDING kind=terminal_outflow_exceeds_input ipeak=2 dtchr=3600 scenario=late_spike input_m3=7200.000000000000000 outlet_m3=14400.000000000000000
W11C_FINDING kind=legacy_event_volume_is_serial_throughflow_sum scenario=late_spike input_m3=7200.000000000000000 published_m3=14400.000000000000000 ratio=2.000000000000000
W11C_FINDING kind=sediment_publication_delta ipeak=2 dtchr=3600 scenario=late_spike input_kg=240.000000000000000 outlet_kg=0.133333333333333 input_minus_output_kg=239.866666666666674
W11C_RESULT ipeak=2 dtchr=3600 scenario=late_spike input_m3=7200.000000000000000 input_peak_m3_s=2.000000000000000 outlet_m3=14400.000000000000000 storage_m3=0.000000000000000 peak_m3_s=1.977120256042170 peak_ratio=0.988560128021085 water_residual_m3=-7200.000000000000000 input_sediment_kg=240.000000000000000 outlet_sediment_kg=0.133333333333333 sediment_residual_kg=239.866666666666674 channel_balance_m3=0.000000000000000
W11C_TIMESTEP ipeak=3 scenario=early_spike peak_dt3600=0.999951839538760 peak_dt600=1.999993816881156 peak_delta=1.000041977342396 storage_dt3600=-65.192020902048171 storage_dt600=-61.723299937076263 storage_delta=3.468720964971908
W11C_TIMESTEP ipeak=3 scenario=early_spread peak_dt3600=0.499996248292094 peak_dt600=0.500000000000000 peak_delta=0.000003751707906 storage_dt3600=-19.866609066649289 storage_dt600=-22.526676872477765 storage_delta=-2.660067805828476
W11C_TIMESTEP ipeak=3 scenario=uniform peak_dt3600=0.083333333333333 peak_dt600=0.083333333333333 peak_delta=0.000000000000000 storage_dt3600=0.000000000009095 storage_dt600=-0.000000000020918 storage_delta=-0.000000000030013
W11C_TIMESTEP ipeak=3 scenario=late_spike peak_dt3600=0.992440232277080 peak_dt600=1.999993816881156 peak_delta=1.007553584604076 storage_dt3600=3627.215163802510688 storage_dt600=709.265098022257916 storage_delta=-2917.950065780252771
W11C_TIMESTEP ipeak=4 scenario=early_spike peak_dt3600=1.939039141608328 peak_dt600=2.253661580358761 peak_delta=0.314622438750433 storage_dt3600=-210.400475079700300 storage_dt600=-71.305388204850715 storage_delta=139.095086874849585
W11C_TIMESTEP ipeak=4 scenario=early_spread peak_dt3600=0.519820779861539 peak_dt600=0.576216646806713 peak_delta=0.056395866945174 storage_dt3600=-7.734081977162532 storage_dt600=-27.628852791553072 storage_delta=-19.894770814390540
W11C_TIMESTEP ipeak=4 scenario=uniform peak_dt3600=0.083333333333333 peak_dt600=0.083333333333333 peak_delta=0.000000000000000 storage_dt3600=0.000000000005457 storage_dt600=-0.000000000020009 storage_delta=-0.000000000025466
W11C_TIMESTEP ipeak=4 scenario=late_spike peak_dt3600=1.939039141608328 peak_dt600=2.253661580358761 peak_delta=0.314622438750433 storage_dt3600=219.459090210018076 storage_dt600=90.263965520394777 storage_delta=-129.195124689623299
W11C_TIMESTEP ipeak=5 scenario=early_spike peak_dt3600=1.185838944220455 peak_dt600=3.071519111681464 peak_delta=1.885680167461008 storage_dt3600=21.236372466739340 storage_dt600=361.509358485359371 storage_delta=340.272986018620031
W11C_TIMESTEP ipeak=5 scenario=early_spread peak_dt3600=0.774940044072039 peak_dt600=0.709448469694108 peak_delta=-0.065491574377931 storage_dt3600=63.423833084352736 storage_dt600=128.368780340770172 storage_delta=64.944947256417436
W11C_TIMESTEP ipeak=5 scenario=uniform peak_dt3600=0.083333333333333 peak_dt600=0.083333333333333 peak_delta=0.000000000000000 storage_dt3600=0.000000000006366 storage_dt600=-0.000000000020009 storage_delta=-0.000000000026375
W11C_TIMESTEP ipeak=5 scenario=late_spike peak_dt3600=0.801731842319405 peak_dt600=3.071519111681464 peak_delta=2.269787269362058 storage_dt3600=4313.765367650141343 storage_dt600=757.408751054917047 storage_delta=-3556.356616595224295
test wshedw11c_hourly_routing_sanity_matrix ... ok

test result: ok. 1 passed; 0 failed; 0 ignored; 0 measured; 2 filtered out; finished in 2.83s

        PASS [   2.836s] (1/1) openwepp-runner::mt3_hbp_hourly_consumer_contract wshedw11c_hourly_routing_sanity_matrix
────────────
     Summary [   2.836s] 1 test run: 1 passed, 2 skipped
