laned_active_profile {"solver_runs":11590,"solver_steps":10479200,"solver_steps_homogeneous":3139424,"solver_steps_source_free":5817107,"alpha_evaluations":173774272,"solver_cfl_ns":24814032450,"solver_step_ns":10505431789,"solver_sample_ns":624365012}
	Command being timed: "target/release/openwepp-cli-hill --run-dir /home/workdir/openWEPP/docs/work-packages/20260708-laned-router-tier2-dx-target-mesh-policy-rescope-001/artifacts/mesh-ladder-runs/h2637/dx5/run_dir --run-file p2637.plain.run.toml --output-dir /home/workdir/openWEPP/docs/work-packages/20260708-laned-router-tier2-dx-target-mesh-policy-rescope-001/artifacts/mesh-ladder-runs/h2637/dx5/run_dir/output"
	User time (seconds): 39.94
	System time (seconds): 0.06
	Percent of CPU this job got: 99%
	Elapsed (wall clock) time (h:mm:ss or m:ss): 0:40.00
	Average shared text size (kbytes): 0
	Average unshared data size (kbytes): 0
	Average stack size (kbytes): 0
	Average total size (kbytes): 0
	Maximum resident set size (kbytes): 36764
	Average resident set size (kbytes): 0
	Major (requiring I/O) page faults: 0
	Minor (reclaiming a frame) page faults: 15156
	Voluntary context switches: 5
	Involuntary context switches: 164
	Swaps: 0
	File system inputs: 0
	File system outputs: 16496
	Socket messages sent: 0
	Socket messages received: 0
	Signals delivered: 0
	Page size (bytes): 4096
	Exit status: 0
