warning: Git tree '/workdir/openWEPP' is dirty
openWEPP Nix shell
  target:  /workdir/.cache/openwepp/targets/current-context-capture-20260913-e61beb50c546
  scratch: /tmp/openwepp-roger-current-context-capture-20260913-e61beb50c546
  cache:   /workdir/.cache/openwepp
   Compiling openwepp-hillslope-orchestrator v0.1.0 (/workdir/openwepp-experiments/b01-wb14-cadence/current-context-capture-20260913/crates/openwepp-hillslope-orchestrator)
error[E0433]: cannot find `SealedStage3TileBoundaryForcingV1` in `crate`
  --> crates/openwepp-hillslope-orchestrator/src/snow_stage3_v11_current_context_capture.rs:88:222
   |
88 | ...ity { crate::SealedStage3TileBoundaryForcingV1::V11CanopyCovered(value) => DestinationCapabilityCaptureV1::Covered { destination,...
   |                 ^^^^^^^^^^^^^^^^^^^^^^^^^^^^^^^^^ could not find `SealedStage3TileBoundaryForcingV1` in the crate root
   |
help: consider importing this enum
   |
 3 + use crate::snow_stage3_open_boundary::SealedStage3TileBoundaryForcingV1;
   |
help: if you import `SealedStage3TileBoundaryForcingV1`, refer to it directly
   |
88 -         destination_capabilities: capabilities.iter().map(|((ofe, tile), capability)| { let destination=DestinationCaptureV1 { ofe_id:ofe.as_str().to_owned(), tile_id:tile.as_str().to_owned() }; match capability { crate::SealedStage3TileBoundaryForcingV1::V11CanopyCovered(value) => DestinationCapabilityCaptureV1::Covered { destination, rho_air_kg_m3:value.rho_air_kg_m3, cp_air_j_kg_k:value.cp_air_j_kg_k, effective_canopy_cover:value.effective_canopy_cover }, crate::SealedStage3TileBoundaryForcingV1::OpenSnow(_) => DestinationCapabilityCaptureV1::Open { destination } } }).collect(),
88 +         destination_capabilities: capabilities.iter().map(|((ofe, tile), capability)| { let destination=DestinationCaptureV1 { ofe_id:ofe.as_str().to_owned(), tile_id:tile.as_str().to_owned() }; match capability { SealedStage3TileBoundaryForcingV1::V11CanopyCovered(value) => DestinationCapabilityCaptureV1::Covered { destination, rho_air_kg_m3:value.rho_air_kg_m3, cp_air_j_kg_k:value.cp_air_j_kg_k, effective_canopy_cover:value.effective_canopy_cover }, crate::SealedStage3TileBoundaryForcingV1::OpenSnow(_) => DestinationCapabilityCaptureV1::Open { destination } } }).collect(),
   |

error[E0433]: cannot find `SealedStage3TileBoundaryForcingV1` in `crate`
  --> crates/openwepp-hillslope-orchestrator/src/snow_stage3_v11_current_context_capture.rs:88:471
   |
88 | ...er }, crate::SealedStage3TileBoundaryForcingV1::OpenSnow(_) => DestinationCapabilityCaptureV1::Open { destination } } }).collect(),
   |                 ^^^^^^^^^^^^^^^^^^^^^^^^^^^^^^^^^ could not find `SealedStage3TileBoundaryForcingV1` in the crate root
   |
help: consider importing this enum
   |
 3 + use crate::snow_stage3_open_boundary::SealedStage3TileBoundaryForcingV1;
   |
help: if you import `SealedStage3TileBoundaryForcingV1`, refer to it directly
   |
88 -         destination_capabilities: capabilities.iter().map(|((ofe, tile), capability)| { let destination=DestinationCaptureV1 { ofe_id:ofe.as_str().to_owned(), tile_id:tile.as_str().to_owned() }; match capability { crate::SealedStage3TileBoundaryForcingV1::V11CanopyCovered(value) => DestinationCapabilityCaptureV1::Covered { destination, rho_air_kg_m3:value.rho_air_kg_m3, cp_air_j_kg_k:value.cp_air_j_kg_k, effective_canopy_cover:value.effective_canopy_cover }, crate::SealedStage3TileBoundaryForcingV1::OpenSnow(_) => DestinationCapabilityCaptureV1::Open { destination } } }).collect(),
88 +         destination_capabilities: capabilities.iter().map(|((ofe, tile), capability)| { let destination=DestinationCaptureV1 { ofe_id:ofe.as_str().to_owned(), tile_id:tile.as_str().to_owned() }; match capability { crate::SealedStage3TileBoundaryForcingV1::V11CanopyCovered(value) => DestinationCapabilityCaptureV1::Covered { destination, rho_air_kg_m3:value.rho_air_kg_m3, cp_air_j_kg_k:value.cp_air_j_kg_k, effective_canopy_cover:value.effective_canopy_cover }, SealedStage3TileBoundaryForcingV1::OpenSnow(_) => DestinationCapabilityCaptureV1::Open { destination } } }).collect(),
   |

error[E0425]: cannot find type `DirectSnowStage3V11PreparedSupportRestartV2` in the crate root
   --> crates/openwepp-hillslope-orchestrator/src/snow_stage3_v11_current_context_capture.rs:362:26
    |
362 |     supports: Vec<crate::DirectSnowStage3V11PreparedSupportRestartV2>,
    |                          ^^^^^^^^^^^^^^^^^^^^^^^^^^^^^^^^^^^^^^^^^^^
    |
   ::: crates/openwepp-hillslope-orchestrator/src/snow_stage3_v11_attachment.rs:804:1
    |
804 | pub struct DirectSnowStage3V11PreparedSupport {
    | --------------------------------------------- similarly named struct `DirectSnowStage3V11PreparedSupport` defined here
    |
help: a struct with a similar name exists
    |
362 -     supports: Vec<crate::DirectSnowStage3V11PreparedSupportRestartV2>,
362 +     supports: Vec<crate::DirectSnowStage3V11PreparedSupport>,
    |
help: consider importing this struct
    |
  3 + use crate::snow_stage3_v11_attachment::DirectSnowStage3V11PreparedSupportRestartV2;
    |
help: if you import `DirectSnowStage3V11PreparedSupportRestartV2`, refer to it directly
    |
362 -     supports: Vec<crate::DirectSnowStage3V11PreparedSupportRestartV2>,
362 +     supports: Vec<DirectSnowStage3V11PreparedSupportRestartV2>,
    |

error[E0277]: the trait bound `SnowFreeHalfHourProviderCursor: serde::Deserialize<'de>` is not satisfied
    --> crates/openwepp-hillslope-orchestrator/src/snow_stage3_v11_current_context_capture.rs:334:23
     |
 334 |     beginning_cursor: crate::runtime_inputs::SnowFreeHalfHourProviderCursor,
     |                       ^^^^^^^^^^^^^^^^^^^^^^^^^^^^^^^^^^^^^^^^^^^^^^^^^^^^^ unsatisfied trait bound
     |
help: the trait `Deserialize<'_>` is not implemented for `SnowFreeHalfHourProviderCursor`
    --> crates/openwepp-hillslope-orchestrator/src/runtime_inputs/09_snow_free_half_hour_forcing.rs:392:1
     |
 392 | pub struct SnowFreeHalfHourProviderCursor {
     | ^^^^^^^^^^^^^^^^^^^^^^^^^^^^^^^^^^^^^^^^^
     = note: for local types consider adding `#[derive(serde::Deserialize)]` to your `SnowFreeHalfHourProviderCursor` type
     = note: for types from other crates check whether the crate offers a `serde` feature flag
     = help: the following other types implement trait `Deserialize<'de>`:
               &'a Path
               &'a [u8]
               &'a str
               ()
               (T,)
               (T0, T1)
               (T0, T1, T2)
               (T0, T1, T2, T3)
             and 661 others
note: required by a bound in `next_element`
    --> /workdir/.cache/openwepp/cargo-home/registry/src/index.crates.io-1949cf8c6b5b557f/serde_core-1.0.228/src/de/mod.rs:1771:12
     |
1769 |     fn next_element<T>(&mut self) -> Result<Option<T>, Self::Error>
     |        ------------ required by a bound in this associated function
1770 |     where
1771 |         T: Deserialize<'de>,
     |            ^^^^^^^^^^^^^^^^ required by this bound in `SeqAccess::next_element`
     = note: the full name for the type has been written to '/tmp/openwepp-b01-wb14-cadence-targets/current-context-capture-20260913/debug/deps/openwepp_hillslope_orchestrator-6acf9a74daf335ab.long-type-5396229375346031504.txt'
     = note: consider using `--verbose` to print the full type name to the console

error[E0277]: the trait bound `SnowFreeHalfHourProviderCursor: serde::Deserialize<'de>` is not satisfied
    --> crates/openwepp-hillslope-orchestrator/src/snow_stage3_v11_current_context_capture.rs:335:20
     |
 335 |     ending_cursor: crate::runtime_inputs::SnowFreeHalfHourProviderCursor,
     |                    ^^^^^^^^^^^^^^^^^^^^^^^^^^^^^^^^^^^^^^^^^^^^^^^^^^^^^ unsatisfied trait bound
     |
help: the trait `Deserialize<'_>` is not implemented for `SnowFreeHalfHourProviderCursor`
    --> crates/openwepp-hillslope-orchestrator/src/runtime_inputs/09_snow_free_half_hour_forcing.rs:392:1
     |
 392 | pub struct SnowFreeHalfHourProviderCursor {
     | ^^^^^^^^^^^^^^^^^^^^^^^^^^^^^^^^^^^^^^^^^
     = note: for local types consider adding `#[derive(serde::Deserialize)]` to your `SnowFreeHalfHourProviderCursor` type
     = note: for types from other crates check whether the crate offers a `serde` feature flag
     = help: the following other types implement trait `Deserialize<'de>`:
               &'a Path
               &'a [u8]
               &'a str
               ()
               (T,)
               (T0, T1)
               (T0, T1, T2)
               (T0, T1, T2, T3)
             and 661 others
note: required by a bound in `next_element`
    --> /workdir/.cache/openwepp/cargo-home/registry/src/index.crates.io-1949cf8c6b5b557f/serde_core-1.0.228/src/de/mod.rs:1771:12
     |
1769 |     fn next_element<T>(&mut self) -> Result<Option<T>, Self::Error>
     |        ------------ required by a bound in this associated function
1770 |     where
1771 |         T: Deserialize<'de>,
     |            ^^^^^^^^^^^^^^^^ required by this bound in `SeqAccess::next_element`
     = note: the full name for the type has been written to '/tmp/openwepp-b01-wb14-cadence-targets/current-context-capture-20260913/debug/deps/openwepp_hillslope_orchestrator-6acf9a74daf335ab.long-type-5396229375346031504.txt'
     = note: consider using `--verbose` to print the full type name to the console

error[E0277]: the trait bound `SnowFreeHalfHourProviderCursor: serde::Deserialize<'de>` is not satisfied
    --> crates/openwepp-hillslope-orchestrator/src/snow_stage3_v11_current_context_capture.rs:334:23
     |
 334 |     beginning_cursor: crate::runtime_inputs::SnowFreeHalfHourProviderCursor,
     |                       ^^^^^^^^^^^^^^^^^^^^^^^^^^^^^^^^^^^^^^^^^^^^^^^^^^^^^ unsatisfied trait bound
     |
help: the trait `Deserialize<'_>` is not implemented for `SnowFreeHalfHourProviderCursor`
    --> crates/openwepp-hillslope-orchestrator/src/runtime_inputs/09_snow_free_half_hour_forcing.rs:392:1
     |
 392 | pub struct SnowFreeHalfHourProviderCursor {
     | ^^^^^^^^^^^^^^^^^^^^^^^^^^^^^^^^^^^^^^^^^
     = note: for local types consider adding `#[derive(serde::Deserialize)]` to your `SnowFreeHalfHourProviderCursor` type
     = note: for types from other crates check whether the crate offers a `serde` feature flag
     = help: the following other types implement trait `Deserialize<'de>`:
               &'a Path
               &'a [u8]
               &'a str
               ()
               (T,)
               (T0, T1)
               (T0, T1, T2)
               (T0, T1, T2, T3)
             and 661 others
note: required by a bound in `next_value`
    --> /workdir/.cache/openwepp/cargo-home/registry/src/index.crates.io-1949cf8c6b5b557f/serde_core-1.0.228/src/de/mod.rs:1916:12
     |
1914 |     fn next_value<V>(&mut self) -> Result<V, Self::Error>
     |        ---------- required by a bound in this associated function
1915 |     where
1916 |         V: Deserialize<'de>,
     |            ^^^^^^^^^^^^^^^^ required by this bound in `MapAccess::next_value`
     = note: the full name for the type has been written to '/tmp/openwepp-b01-wb14-cadence-targets/current-context-capture-20260913/debug/deps/openwepp_hillslope_orchestrator-6acf9a74daf335ab.long-type-5396229375346031504.txt'
     = note: consider using `--verbose` to print the full type name to the console

error[E0277]: the trait bound `SnowFreeHalfHourProviderCursor: serde::Deserialize<'de>` is not satisfied
    --> crates/openwepp-hillslope-orchestrator/src/snow_stage3_v11_current_context_capture.rs:335:20
     |
 335 |     ending_cursor: crate::runtime_inputs::SnowFreeHalfHourProviderCursor,
     |                    ^^^^^^^^^^^^^^^^^^^^^^^^^^^^^^^^^^^^^^^^^^^^^^^^^^^^^ unsatisfied trait bound
     |
help: the trait `Deserialize<'_>` is not implemented for `SnowFreeHalfHourProviderCursor`
    --> crates/openwepp-hillslope-orchestrator/src/runtime_inputs/09_snow_free_half_hour_forcing.rs:392:1
     |
 392 | pub struct SnowFreeHalfHourProviderCursor {
     | ^^^^^^^^^^^^^^^^^^^^^^^^^^^^^^^^^^^^^^^^^
     = note: for local types consider adding `#[derive(serde::Deserialize)]` to your `SnowFreeHalfHourProviderCursor` type
     = note: for types from other crates check whether the crate offers a `serde` feature flag
     = help: the following other types implement trait `Deserialize<'de>`:
               &'a Path
               &'a [u8]
               &'a str
               ()
               (T,)
               (T0, T1)
               (T0, T1, T2)
               (T0, T1, T2, T3)
             and 661 others
note: required by a bound in `next_value`
    --> /workdir/.cache/openwepp/cargo-home/registry/src/index.crates.io-1949cf8c6b5b557f/serde_core-1.0.228/src/de/mod.rs:1916:12
     |
1914 |     fn next_value<V>(&mut self) -> Result<V, Self::Error>
     |        ---------- required by a bound in this associated function
1915 |     where
1916 |         V: Deserialize<'de>,
     |            ^^^^^^^^^^^^^^^^ required by this bound in `MapAccess::next_value`
     = note: the full name for the type has been written to '/tmp/openwepp-b01-wb14-cadence-targets/current-context-capture-20260913/debug/deps/openwepp_hillslope_orchestrator-6acf9a74daf335ab.long-type-5396229375346031504.txt'
     = note: consider using `--verbose` to print the full type name to the console

error[E0277]: the trait bound `SnowFreeHalfHourProviderCursor: serde::Deserialize<'de>` is not satisfied
   --> crates/openwepp-hillslope-orchestrator/src/snow_stage3_v11_current_context_capture.rs:329:24
    |
329 | #[derive(Clone, Debug, Deserialize, Serialize)]
    |                        ^^^^^^^^^^^ unsatisfied trait bound
    |
help: the trait `Deserialize<'_>` is not implemented for `SnowFreeHalfHourProviderCursor`
   --> crates/openwepp-hillslope-orchestrator/src/runtime_inputs/09_snow_free_half_hour_forcing.rs:392:1
    |
392 | pub struct SnowFreeHalfHourProviderCursor {
    | ^^^^^^^^^^^^^^^^^^^^^^^^^^^^^^^^^^^^^^^^^
    = note: for local types consider adding `#[derive(serde::Deserialize)]` to your `SnowFreeHalfHourProviderCursor` type
    = note: for types from other crates check whether the crate offers a `serde` feature flag
    = help: the following other types implement trait `Deserialize<'de>`:
              &'a Path
              &'a [u8]
              &'a str
              ()
              (T,)
              (T0, T1)
              (T0, T1, T2)
              (T0, T1, T2, T3)
            and 661 others
note: required by a bound in `coupled_time_reference::_::_serde::__private228::de::missing_field`
   --> /workdir/.cache/openwepp/cargo-home/registry/src/index.crates.io-1949cf8c6b5b557f/serde-1.0.228/src/private/de.rs:26:8
    |
 24 | pub fn missing_field<'de, V, E>(field: &'static str) -> Result<V, E>
    |        ------------- required by a bound in this function
 25 | where
 26 |     V: Deserialize<'de>,
    |        ^^^^^^^^^^^^^^^^ required by this bound in `missing_field`
    = note: the full name for the type has been written to '/tmp/openwepp-b01-wb14-cadence-targets/current-context-capture-20260913/debug/deps/openwepp_hillslope_orchestrator-6acf9a74daf335ab.long-type-5396229375346031504.txt'
    = note: consider using `--verbose` to print the full type name to the console
    = note: this error originates in the derive macro `Deserialize` (in Nightly builds, run with -Z macro-backtrace for more info)

Some errors have detailed explanations: E0277, E0425, E0433.
For more information about an error, try `rustc --explain E0277`.
error: could not compile `openwepp-hillslope-orchestrator` (lib test) due to 8 previous errors
