	Command being timed: "env -u OPENWEPP_LANED_ACTIVE -u OPENWEPP_LANED_ACTIVE_IMPLICIT -u OPENWEPP_LANED_SHADOW -u OPENWEPP_LANED_SHADOW_PROFILE target/release/openwepp-cli-hill --run-dir docs/work-packages/20260707-laned-router-d16-hybrid-default-promotion-001/artifacts/h2637-prechange-default-off --run-file p2637.run.toml --output-dir docs/work-packages/20260707-laned-router-d16-hybrid-default-promotion-001/artifacts/h2637-prechange-default-off/output"
	User time (seconds): 2.29
	System time (seconds): 0.01
	Percent of CPU this job got: 100%
	Elapsed (wall clock) time (h:mm:ss or m:ss): 0:02.31
	Average shared text size (kbytes): 0
	Average unshared data size (kbytes): 0
	Average stack size (kbytes): 0
	Average total size (kbytes): 0
	Maximum resident set size (kbytes): 21120
	Average resident set size (kbytes): 0
	Major (requiring I/O) page faults: 0
	Minor (reclaiming a frame) page faults: 4186
	Voluntary context switches: 4
	Involuntary context switches: 7
	Swaps: 0
	File system inputs: 0
	File system outputs: 104
	Socket messages sent: 0
	Socket messages received: 0
	Signals delivered: 0
	Page size (bytes): 4096
	Exit status: 0
