laned_active_profile {"solver_runs":11590,"solver_steps":10479200,"solver_steps_homogeneous":3139424,"solver_steps_source_free":5817107,"solver_steps_implicit":0,"implicit_equilibrium_map_evaluations":0,"implicit_branch_evaluations":0,"alpha_evaluations":173774272,"solver_cfl_ns":24706796108,"solver_step_ns":10546757177,"solver_sample_ns":634749785}
	Command being timed: "env -u OPENWEPP_LANED_SHADOW -u OPENWEPP_LANED_ACTIVE_IMPLICIT OPENWEPP_LANED_ACTIVE=1 OPENWEPP_LANED_SHADOW_PROFILE=1 target/release/openwepp-cli-hill --run-dir docs/work-packages/20260707-laned-router-d16-hybrid-default-promotion-001/artifacts/h2637-prechange-active-plain --run-file p2637.run.toml --output-dir docs/work-packages/20260707-laned-router-d16-hybrid-default-promotion-001/artifacts/h2637-prechange-active-plain/output"
	User time (seconds): 39.73
	System time (seconds): 0.01
	Percent of CPU this job got: 99%
	Elapsed (wall clock) time (h:mm:ss or m:ss): 0:39.75
	Average shared text size (kbytes): 0
	Average unshared data size (kbytes): 0
	Average stack size (kbytes): 0
	Average total size (kbytes): 0
	Maximum resident set size (kbytes): 21120
	Average resident set size (kbytes): 0
	Major (requiring I/O) page faults: 0
	Minor (reclaiming a frame) page faults: 4316
	Voluntary context switches: 5
	Involuntary context switches: 200
	Swaps: 0
	File system inputs: 0
	File system outputs: 104
	Socket messages sent: 0
	Socket messages received: 0
	Signals delivered: 0
	Page size (bytes): 4096
	Exit status: 0
