warning: Git tree '/workdir/openWEPP' is dirty
openWEPP Nix shell
  target:  /workdir/.cache/openwepp/targets/child4-20260818T050830Z
  scratch: /tmp/openwepp-roger-child4-20260818T050830Z
  cache:   /workdir/.cache/openwepp
   Compiling openwepp-land-surface-energy v0.1.0 (/workdir/openWEPP/crates/openwepp-land-surface-energy)
error[E0284]: type annotations needed for `[f64; _]`
    --> crates/openwepp-land-surface-energy/src/solver.rs:1501:9
     |
1501 |       let energy_residuals = std::array::from_fn(|index| {
     |  _________^^^^^^^^^^^^^^^^___-
1502 | |         if component_areas[index].to_bits() == 0.0_f64.to_bits() {
1503 | |             component_temperatures[index] - canopy_air_temperature_k
1504 | |         } else {
...    |
1507 | |     });
     | |______- type must be known at this point
     |
note: required by a const generic parameter in `std::array::from_fn`
    --> /rustc/59807616e1fa2540724bfbac14d7976d7e4a3860/library/core/src/array/mod.rs:109:0
help: consider giving `energy_residuals` an explicit type, where the value of const parameter `N` is specified
     |
1501 |     let energy_residuals: [_; N] = std::array::from_fn(|index| {
     |                         ++++++++

error[E0284]: type annotations needed for `[f64; _]`
    --> crates/openwepp-land-surface-energy/src/solver.rs:1501:9
     |
1501 |     let energy_residuals = std::array::from_fn(|index| {
     |         ^^^^^^^^^^^^^^^^
...
1527 |         energy_residuals[0],
     |         ------------------- type must be known at this point
     |
     = note: required for `[f64; _]` to implement `std::ops::Index<usize>`
help: consider giving `energy_residuals` an explicit type, where the value of const parameter `N` is specified
     |
1501 |     let energy_residuals: [_; N] = std::array::from_fn(|index| {
     |                         ++++++++

error[E0284]: type annotations needed for `[f64; _]`
    --> crates/openwepp-land-surface-energy/src/solver.rs:1501:9
     |
1501 |     let energy_residuals = std::array::from_fn(|index| {
     |         ^^^^^^^^^^^^^^^^
...
1528 |         energy_residuals[1],
     |         ------------------- type must be known at this point
     |
     = note: required for `[f64; _]` to implement `std::ops::Index<usize>`
help: consider giving `energy_residuals` an explicit type, where the value of const parameter `N` is specified
     |
1501 |     let energy_residuals: [_; N] = std::array::from_fn(|index| {
     |                         ++++++++

error[E0284]: type annotations needed for `[f64; _]`
    --> crates/openwepp-land-surface-energy/src/solver.rs:1501:9
     |
1501 |     let energy_residuals = std::array::from_fn(|index| {
     |         ^^^^^^^^^^^^^^^^
...
1529 |         energy_residuals[2],
     |         ------------------- type must be known at this point
     |
     = note: required for `[f64; _]` to implement `std::ops::Index<usize>`
help: consider giving `energy_residuals` an explicit type, where the value of const parameter `N` is specified
     |
1501 |     let energy_residuals: [_; N] = std::array::from_fn(|index| {
     |                         ++++++++

error[E0284]: type annotations needed for `[f64; _]`
    --> crates/openwepp-land-surface-energy/src/solver.rs:1501:9
     |
1501 |     let energy_residuals = std::array::from_fn(|index| {
     |         ^^^^^^^^^^^^^^^^
...
1530 |         energy_residuals[3],
     |         ------------------- type must be known at this point
     |
     = note: required for `[f64; _]` to implement `std::ops::Index<usize>`
help: consider giving `energy_residuals` an explicit type, where the value of const parameter `N` is specified
     |
1501 |     let energy_residuals: [_; N] = std::array::from_fn(|index| {
     |                         ++++++++

For more information about this error, try `rustc --explain E0284`.
error: could not compile `openwepp-land-surface-energy` (lib test) due to 5 previous errors
