warning: Git tree '/workdir/openWEPP' is dirty
openWEPP Nix shell
  target:  /workdir/.cache/openwepp/targets/child4-20260818T050830Z
  scratch: /tmp/openwepp-roger-child4-20260818T050830Z
  cache:   /workdir/.cache/openwepp
   Compiling openwepp-hillslope-orchestrator v0.1.0 (/workdir/openWEPP/crates/openwepp-hillslope-orchestrator)
error[E0425]: cannot find function `exact_common` in this scope
   --> crates/openwepp-hillslope-orchestrator/src/v9_real_consumer_shadow.rs:468:27
    |
468 |     let precipitation_m = exact_common(
    |                           ^^^^^^^^^^^^ not found in this scope

error[E0425]: cannot find function `exact_common` in this scope
   --> crates/openwepp-hillslope-orchestrator/src/v9_real_consumer_shadow.rs:474:35
    |
474 |     let effective_temperature_c = exact_common(
    |                                   ^^^^^^^^^^^^ not found in this scope

error[E0061]: this method takes 4 arguments but 2 arguments were supplied
   --> crates/openwepp-hillslope-orchestrator/src/v9_real_consumer_shadow.rs:848:14
    |
848 |             .execute_day(&production, &day_input(&fixture))
    |              ^^^^^^^^^^^----------------------------------- two arguments of type `&[direct_runtime::DirectDayFrame]` and `&[direct_runtime::DirectPublicationDayInput]` are missing
    |
note: method defined here
   --> crates/openwepp-hillslope-orchestrator/src/v9_real_consumer_shadow.rs:205:12
    |
205 |     pub fn execute_day(
    |            ^^^^^^^^^^^
...
208 |         projected_day_frames: &[DirectDayFrame],
    |         ---------------------------------------
209 |         projected_day_inputs: &[DirectPublicationDayInput],
    |         --------------------------------------------------
help: provide the arguments
    |
848 |             .execute_day(&production, /* &[direct_runtime::DirectDayFrame] */, /* &[direct_runtime::DirectPublicationDayInput] */, &day_input(&fixture))
    |                                       ++++++++++++++++++++++++++++++++++++++++++++++++++++++++++++++++++++++++++++++++++++++++++++

error[E0061]: this method takes 4 arguments but 2 arguments were supplied
   --> crates/openwepp-hillslope-orchestrator/src/v9_real_consumer_shadow.rs:871:20
    |
871 |             shadow.execute_day(&production, &input),
    |                    ^^^^^^^^^^^--------------------- two arguments of type `&[direct_runtime::DirectDayFrame]` and `&[direct_runtime::DirectPublicationDayInput]` are missing
    |
note: method defined here
   --> crates/openwepp-hillslope-orchestrator/src/v9_real_consumer_shadow.rs:205:12
    |
205 |     pub fn execute_day(
    |            ^^^^^^^^^^^
...
208 |         projected_day_frames: &[DirectDayFrame],
    |         ---------------------------------------
209 |         projected_day_inputs: &[DirectPublicationDayInput],
    |         --------------------------------------------------
help: provide the arguments
    |
871 |             shadow.execute_day(&production, /* &[direct_runtime::DirectDayFrame] */, /* &[direct_runtime::DirectPublicationDayInput] */, &input),
    |                                             ++++++++++++++++++++++++++++++++++++++++++++++++++++++++++++++++++++++++++++++++++++++++++++

error[E0593]: closure is expected to take 4 arguments, but it takes 2 arguments
   --> crates/openwepp-hillslope-orchestrator/src/v9_real_consumer_shadow.rs:942:14
    |
942 |             .run_publication_stream_with_v9_real_consumer_shadow(
    |              ^^^^^^^^^^^^^^^^^^^^^^^^^^^^^^^^^^^^^^^^^^^^^^^^^^^ expected closure that takes 4 arguments
...
946 |                 |_, _| Ok(shadow_input.clone()),
    |                 ------ takes 2 arguments

error[E0593]: closure is expected to take 4 arguments, but it takes 2 arguments
   --> crates/openwepp-hillslope-orchestrator/src/v9_real_consumer_shadow.rs:975:14
    |
975 |             .run_publication_stream_with_v9_real_consumer_shadow(
    |              ^^^^^^^^^^^^^^^^^^^^^^^^^^^^^^^^^^^^^^^^^^^^^^^^^^^ expected closure that takes 4 arguments
...
983 |                 |_, _| Ok(day_input(&fixture)),
    |                 ------ takes 2 arguments

Some errors have detailed explanations: E0061, E0425, E0593.
For more information about an error, try `rustc --explain E0061`.
error: could not compile `openwepp-hillslope-orchestrator` (lib test) due to 6 previous errors
