warning: Git tree '/workdir/openWEPP' is dirty
openWEPP Nix shell
  target:  /workdir/.cache/openwepp/targets/child4-20260818T050830Z
  scratch: /tmp/openwepp-roger-child4-20260818T050830Z
  cache:   /workdir/.cache/openwepp
   Compiling openwepp-hillslope-orchestrator v0.1.0 (/workdir/openWEPP/crates/openwepp-hillslope-orchestrator)
error[E0425]: cannot find function `validate_repository_day_projection` in this scope
   --> crates/openwepp-hillslope-orchestrator/src/v9_real_consumer_shadow.rs:225:9
    |
225 |         validate_repository_day_projection(
    |         ^^^^^^^^^^^^^^^^^^^^^^^^^^^^^^^^^^ not found in this scope

error[E0061]: this method takes 4 arguments but 2 arguments were supplied
   --> crates/openwepp-hillslope-orchestrator/src/v9_real_consumer_shadow.rs:783:14
    |
783 |             .execute_day(&production, &day_input(&fixture))
    |              ^^^^^^^^^^^----------------------------------- two arguments of type `&[direct_runtime::DirectDayFrame]` and `&[direct_runtime::DirectPublicationDayInput]` are missing
    |
note: method defined here
   --> crates/openwepp-hillslope-orchestrator/src/v9_real_consumer_shadow.rs:205:12
    |
205 |     pub fn execute_day(
    |            ^^^^^^^^^^^
...
208 |         projected_day_frames: &[DirectDayFrame],
    |         ---------------------------------------
209 |         projected_day_inputs: &[DirectPublicationDayInput],
    |         --------------------------------------------------
help: provide the arguments
    |
783 |             .execute_day(&production, /* &[direct_runtime::DirectDayFrame] */, /* &[direct_runtime::DirectPublicationDayInput] */, &day_input(&fixture))
    |                                       ++++++++++++++++++++++++++++++++++++++++++++++++++++++++++++++++++++++++++++++++++++++++++++

error[E0061]: this method takes 4 arguments but 2 arguments were supplied
   --> crates/openwepp-hillslope-orchestrator/src/v9_real_consumer_shadow.rs:806:20
    |
806 |             shadow.execute_day(&production, &input),
    |                    ^^^^^^^^^^^--------------------- two arguments of type `&[direct_runtime::DirectDayFrame]` and `&[direct_runtime::DirectPublicationDayInput]` are missing
    |
note: method defined here
   --> crates/openwepp-hillslope-orchestrator/src/v9_real_consumer_shadow.rs:205:12
    |
205 |     pub fn execute_day(
    |            ^^^^^^^^^^^
...
208 |         projected_day_frames: &[DirectDayFrame],
    |         ---------------------------------------
209 |         projected_day_inputs: &[DirectPublicationDayInput],
    |         --------------------------------------------------
help: provide the arguments
    |
806 |             shadow.execute_day(&production, /* &[direct_runtime::DirectDayFrame] */, /* &[direct_runtime::DirectPublicationDayInput] */, &input),
    |                                             ++++++++++++++++++++++++++++++++++++++++++++++++++++++++++++++++++++++++++++++++++++++++++++

error[E0593]: closure is expected to take 4 arguments, but it takes 2 arguments
   --> crates/openwepp-hillslope-orchestrator/src/v9_real_consumer_shadow.rs:877:14
    |
877 |             .run_publication_stream_with_v9_real_consumer_shadow(
    |              ^^^^^^^^^^^^^^^^^^^^^^^^^^^^^^^^^^^^^^^^^^^^^^^^^^^ expected closure that takes 4 arguments
...
881 |                 |_, _| Ok(shadow_input.clone()),
    |                 ------ takes 2 arguments

error[E0593]: closure is expected to take 4 arguments, but it takes 2 arguments
   --> crates/openwepp-hillslope-orchestrator/src/v9_real_consumer_shadow.rs:910:14
    |
910 |             .run_publication_stream_with_v9_real_consumer_shadow(
    |              ^^^^^^^^^^^^^^^^^^^^^^^^^^^^^^^^^^^^^^^^^^^^^^^^^^^ expected closure that takes 4 arguments
...
918 |                 |_, _| Ok(day_input(&fixture)),
    |                 ------ takes 2 arguments

error[E0061]: this method takes 4 arguments but 2 arguments were supplied
   --> crates/openwepp-hillslope-orchestrator/src/direct_runtime/03_executor.rs:360:22
    |
360 |                     .execute_day(production, &input)
    |                      ^^^^^^^^^^^-------------------- two arguments of type `&[direct_runtime::DirectDayFrame]` and `&[direct_runtime::DirectPublicationDayInput]` are missing
    |
note: method defined here
   --> crates/openwepp-hillslope-orchestrator/src/v9_real_consumer_shadow.rs:205:12
    |
205 |     pub fn execute_day(
    |            ^^^^^^^^^^^
...
208 |         projected_day_frames: &[DirectDayFrame],
    |         ---------------------------------------
209 |         projected_day_inputs: &[DirectPublicationDayInput],
    |         --------------------------------------------------
help: provide the arguments
    |
360 |                     .execute_day(production, /* &[direct_runtime::DirectDayFrame] */, /* &[direct_runtime::DirectPublicationDayInput] */, &input)
    |                                              ++++++++++++++++++++++++++++++++++++++++++++++++++++++++++++++++++++++++++++++++++++++++++++

Some errors have detailed explanations: E0061, E0425, E0593.
For more information about an error, try `rustc --explain E0061`.
error: could not compile `openwepp-hillslope-orchestrator` (lib test) due to 6 previous errors
