/usr/bin/time: cannot run OPENWEPP_LANED_ACTIVE=1: No such file or directory
Command exited with non-zero status 127
	Command being timed: "OPENWEPP_LANED_ACTIVE=1 OPENWEPP_LANED_ACTIVE_IMPLICIT=1 OPENWEPP_LANED_SHADOW_PROFILE=1 target/release/openwepp-cli-hill --run-dir /home/workdir/openWEPP/docs/work-packages/20260707-laned-router-gap-ofehyb-002-solve-cost-ratification-001/artifacts/h2637-scratch --run-file p2637.run.toml --output-dir /home/workdir/openWEPP/docs/work-packages/20260707-laned-router-gap-ofehyb-002-solve-cost-ratification-001/artifacts/h2637-scratch/output"
	User time (seconds): 0.00
	System time (seconds): 0.00
	Percent of CPU this job got: 75%
	Elapsed (wall clock) time (h:mm:ss or m:ss): 0:00.00
	Average shared text size (kbytes): 0
	Average unshared data size (kbytes): 0
	Average stack size (kbytes): 0
	Average total size (kbytes): 0
	Maximum resident set size (kbytes): 768
	Average resident set size (kbytes): 0
	Major (requiring I/O) page faults: 0
	Minor (reclaiming a frame) page faults: 30
	Voluntary context switches: 1
	Involuntary context switches: 0
	Swaps: 0
	File system inputs: 0
	File system outputs: 8
	Socket messages sent: 0
	Socket messages received: 0
	Signals delivered: 0
	Page size (bytes): 4096
	Exit status: 127
