laned_active_profile {"solver_runs":17898,"solver_steps":7381405,"solver_steps_homogeneous":381501,"solver_steps_source_free":1739149,"solver_steps_implicit":980804,"implicit_equilibrium_map_evaluations":0,"implicit_branch_evaluations":20110873,"alpha_evaluations":119746445,"solver_cfl_ns":19703608907,"solver_step_ns":7435376724,"solver_sample_ns":387673599}
	Command being timed: "target/release/openwepp-cli-hill --run-dir /home/workdir/openWEPP/docs/work-packages/20260707-laned-router-gap-ofehyb-002-solve-cost-ratification-001/artifacts/h2637-scratch-after-effective --run-file p2637.run.toml --output-dir /home/workdir/openWEPP/docs/work-packages/20260707-laned-router-gap-ofehyb-002-solve-cost-ratification-001/artifacts/h2637-scratch-after-effective/output"
	User time (seconds): 33.37
	System time (seconds): 0.05
	Percent of CPU this job got: 99%
	Elapsed (wall clock) time (h:mm:ss or m:ss): 0:33.43
	Average shared text size (kbytes): 0
	Average unshared data size (kbytes): 0
	Average stack size (kbytes): 0
	Average total size (kbytes): 0
	Maximum resident set size (kbytes): 21120
	Average resident set size (kbytes): 0
	Major (requiring I/O) page faults: 0
	Minor (reclaiming a frame) page faults: 6763
	Voluntary context switches: 9
	Involuntary context switches: 154
	Swaps: 0
	File system inputs: 0
	File system outputs: 120
	Socket messages sent: 0
	Socket messages received: 0
	Signals delivered: 0
	Page size (bytes): 4096
	Exit status: 0
