laned_active_profile {"solver_runs":11590,"solver_steps":10479200,"solver_steps_homogeneous":3139424,"solver_steps_source_free":5817107,"alpha_evaluations":173774272,"solver_cfl_ns":24763413217,"solver_step_ns":10526085362,"solver_sample_ns":622652970}
	Command being timed: "target/release/openwepp-cli-hill --run-dir /home/workdir/openWEPP/docs/work-packages/20260707-laned-router-hybrid-abandonment-removal-001/artifacts/plain-identity-runs/h2637 --run-file p2637.post.plain.run.toml --output-dir /home/workdir/openWEPP/docs/work-packages/20260707-laned-router-hybrid-abandonment-removal-001/artifacts/plain-identity-runs/h2637/output-post"
	User time (seconds): 39.86
	System time (seconds): 0.03
	Percent of CPU this job got: 99%
	Elapsed (wall clock) time (h:mm:ss or m:ss): 0:39.91
	Average shared text size (kbytes): 0
	Average unshared data size (kbytes): 0
	Average stack size (kbytes): 0
	Average total size (kbytes): 0
	Maximum resident set size (kbytes): 28004
	Average resident set size (kbytes): 0
	Major (requiring I/O) page faults: 0
	Minor (reclaiming a frame) page faults: 9566
	Voluntary context switches: 24
	Involuntary context switches: 186
	Swaps: 0
	File system inputs: 0
	File system outputs: 1648
	Socket messages sent: 0
	Socket messages received: 0
	Signals delivered: 0
	Page size (bytes): 4096
	Exit status: 0
