{
  "case": 2,
  "ko": null,
  "ks_mm_h": 10.0,
  "window_s": [
    0.0,
    12600.0
  ],
  "NS_trace": 0.9612086844726946,
  "ref_peak_m2s": 0.000106098,
  "ref_t_peak_s": 10620.0,
  "openwepp_peak_m2s": 9.78732014e-05,
  "openwepp_t_peak_s": 10800.0,
  "peak_ratio": 0.9224792305227243,
  "ref_rise_10_90_s": 3021.0359544268576,
  "openwepp_rise_10_90_s": 2780.935052925562,
  "provenance": {
    "fig4_sha256": "2bf68787de6a715049ee635c154c640214936fd1181d08c8f7da7a34892d2fe8",
    "sheet": "Enhanced_WEPP",
    "t_col": 16,
    "q_col": 17
  }
}
