{
  "case": 1,
  "ko": null,
  "ks_mm_h": null,
  "window_s": [
    60.0,
    15001.14
  ],
  "NS_trace": 0.8684830870337179,
  "ref_peak_m2s": 9.45054e-05,
  "ref_t_peak_s": 15001.14,
  "openwepp_peak_m2s": 0.000100748958,
  "openwepp_t_peak_s": 18000.0,
  "peak_ratio": 1.066065621647017,
  "ref_rise_10_90_s": 3579.9143817557074,
  "openwepp_rise_10_90_s": 4999.709694917,
  "provenance": {
    "fig4_sha256": "2bf68787de6a715049ee635c154c640214936fd1181d08c8f7da7a34892d2fe8",
    "sheet": "Enhanced_WEPP",
    "t_col": 10,
    "q_col": 11
  }
}
