warning: Git tree '/workdir/openWEPP' is dirty
   Compiling openwepp-land-surface-energy v0.1.0 (/home/roger/openwepp-experiments/cold-canopy-m1-20260920/crates/openwepp-land-surface-energy)
warning: method `inspect_bvls05_assembly_for_test` is never used
   --> crates/openwepp-land-surface-energy/src/m1_trust_region_controller.rs:395:19
    |
288 | impl<P: Clone, Phase: Clone + PartialEq> FoundationState<P, Phase> {
    | ------------------------------------------------------------------ method in this implementation
...
395 |     pub(crate) fn inspect_bvls05_assembly_for_test(
    |                   ^^^^^^^^^^^^^^^^^^^^^^^^^^^^^^^^
    |
    = note: `#[warn(dead_code)]` (part of `#[warn(unused)]`) on by default

warning: function `m1_trust_region_physical_adapter_bvls05_assembly_for_test` is never used
    --> crates/openwepp-land-surface-energy/src/solver_covered_evaluation/m1_coupled.rs:2738:15
     |
2738 | pub(crate) fn m1_trust_region_physical_adapter_bvls05_assembly_for_test(
     |               ^^^^^^^^^^^^^^^^^^^^^^^^^^^^^^^^^^^^^^^^^^^^^^^^^^^^^^^^^

warning: struct `M1TrustRegionBvls05AssemblyInspection` is never constructed
    --> crates/openwepp-land-surface-energy/src/m1_trust_region_stage1.rs:4919:19
     |
4919 | pub(crate) struct M1TrustRegionBvls05AssemblyInspection {
     |                   ^^^^^^^^^^^^^^^^^^^^^^^^^^^^^^^^^^^^^

warning: function `inspect_bvls05_assembly_with_certificate` is never used
    --> crates/openwepp-land-surface-energy/src/m1_trust_region_stage1.rs:5055:15
     |
5055 | pub(crate) fn inspect_bvls05_assembly_with_certificate(
     |               ^^^^^^^^^^^^^^^^^^^^^^^^^^^^^^^^^^^^^^^^

warning: `openwepp-land-surface-energy` (lib test) generated 4 warnings
    Finished `test` profile [unoptimized + debuginfo] target(s) in 9.47s
