warning: Git tree '/workdir/openWEPP' is dirty
   Compiling openwepp-land-surface-energy v0.1.0 (/home/roger/openwepp-experiments/cold-canopy-m1-20260920/crates/openwepp-land-surface-energy)
error[E0603]: function `m1_physical_budget_json` is private
    --> crates/openwepp-land-surface-energy/src/solver_covered_evaluation/m1_coupled.rs:2894:56
     |
2894 |             "budget_snapshot":crate::m1_coupled_tests::m1_physical_budget_json(observation.budget_snapshot),
     |                                                        ^^^^^^^^^^^^^^^^^^^^^^^ private function
     |
note: the function `m1_physical_budget_json` is defined here
    --> crates/openwepp-land-surface-energy/src/m1_coupled_tests.rs:5418:1
     |
5418 | fn m1_physical_budget_json(snapshot: Option<crate::M1PhysicalBudgetSnapshot>) -> serde_json::Value {
     | ^^^^^^^^^^^^^^^^^^^^^^^^^^^^^^^^^^^^^^^^^^^^^^^^^^^^^^^^^^^^^^^^^^^^^^^^^^^^^^^^^^^^^^^^^^^^^^^^^^

warning: unused variable: `iteration`
    --> crates/openwepp-land-surface-energy/src/solver_covered_evaluation/m1_coupled.rs:3942:5
     |
3942 |     iteration: u32,
     |     ^^^^^^^^^ help: if this is intentional, prefix it with an underscore: `_iteration`
     |
     = note: `#[warn(unused_variables)]` (part of `#[warn(unused)]`) on by default

warning: unused variable: `corrected_assembly`
    --> crates/openwepp-land-surface-energy/src/solver_covered_evaluation/m1_coupled.rs:3943:5
     |
3943 |     corrected_assembly: bool,
     |     ^^^^^^^^^^^^^^^^^^ help: if this is intentional, prefix it with an underscore: `_corrected_assembly`

warning: unused variable: `error`
    --> crates/openwepp-land-surface-energy/src/solver_covered_evaluation/m1_coupled.rs:5688:21
     |
5688 |                 Err(error) => {
     |                     ^^^^^ help: if this is intentional, prefix it with an underscore: `_error`

warning: unused variable: `error`
    --> crates/openwepp-land-surface-energy/src/solver_covered_evaluation/m1_coupled.rs:5737:21
     |
5737 |                 Err(error) => {
     |                     ^^^^^ help: if this is intentional, prefix it with an underscore: `_error`

warning: field `linear_dimension` is never read
    --> crates/openwepp-land-surface-energy/src/solver_covered_evaluation/m1_coupled.rs:3749:5
     |
3729 | pub struct M1PhaseJoinControllerReport {
     |            --------------------------- field in this struct
...
3749 |     linear_dimension: usize,
     |     ^^^^^^^^^^^^^^^^
     |
     = note: `M1PhaseJoinControllerReport` has a derived impl for the trait `Clone`, but this is intentionally ignored during dead code analysis
     = note: `#[warn(dead_code)]` (part of `#[warn(unused)]`) on by default

warning: `openwepp-land-surface-energy` (lib) generated 5 warnings (run `cargo fix --lib -p openwepp-land-surface-energy` to apply 4 suggestions)
error[E0308]: `?` operator has incompatible types
    --> crates/openwepp-land-surface-energy/src/m1_trust_region_stage1.rs:5813:9
     |
5813 |         refinement_required_observation_live_state_bits(trace, state)?,
     |         ^^^^^^^^^^^^^^^^^^^^^^^^^^^^^^^^^^^^^^^^^^^^^^^^^^^^^^^^^^^^^^ expected `(Vec<u64>, Vec<u64>)`, found `([u64; 21], [u64; 21])`
     |
     = note: `?` operator cannot convert from `([u64; 21], [u64; 21])` to `(Vec<u64>, Vec<u64>)`
     = note: expected tuple `(Vec<u64>, Vec<u64>)`
                found tuple `([u64; 21], [u64; 21])`

error[E0308]: mismatched types
    --> crates/openwepp-land-surface-energy/src/m1_trust_region_stage1.rs:5850:9
     |
5850 |         live_state_bits_entry,
     |         ^^^^^^^^^^^^^^^^^^^^^ expected `[u64; 21]`, found `Vec<u64>`
     |
     = note: expected array `[u64; 21]`
               found struct `Vec<u64>`

error[E0308]: mismatched types
    --> crates/openwepp-land-surface-energy/src/m1_trust_region_stage1.rs:5851:9
     |
5851 |         live_state_bits_exit,
     |         ^^^^^^^^^^^^^^^^^^^^ expected `[u64; 21]`, found `Vec<u64>`
     |
     = note: expected array `[u64; 21]`
               found struct `Vec<u64>`

error[E0308]: mismatched types
     --> crates/openwepp-land-surface-energy/src/m1_trust_region_stage1.rs:12287:9
      |
12238 |     ) -> super::M1TrustRegionBvls05Certificate {
      |          ------------------------------------- expected `M1TrustRegionBvls05Certificate` because of return type
...
12287 |         certificate
      |         ^^^^^^^^^^^ expected `M1TrustRegionBvls05Certificate`, found `Bvls05CertificateObservation`

Some errors have detailed explanations: E0308, E0603.
For more information about an error, try `rustc --explain E0308`.
error: could not compile `openwepp-land-surface-energy` (lib test) due to 5 previous errors
error: command `/nix/store/rai05nypxnmj22l65nwsk5xjsaq8s4vc-cargo-1.95.0/bin/cargo test --no-run --message-format json-render-diagnostics --package openwepp-land-surface-energy --features m1-trust-region-controller-stage,m1-trust-region-analytic-stage,m1-trust-region-physical-stage` exited with code 101
