warning: Git tree '/workdir/openWEPP' is dirty
    Checking openwepp-land-surface-energy v0.1.0 (/home/roger/openwepp-experiments/cold-canopy-m1-20260920/crates/openwepp-land-surface-energy)
error: binding's name is too similar to existing binding
   --> crates/openwepp-land-surface-energy/src/m1_liquid_routing.rs:267:9
    |
267 |     let captured =
    |         ^^^^^^^^
    |
note: existing binding defined here
   --> crates/openwepp-land-surface-energy/src/m1_liquid_routing.rs:265:5
    |
265 |     captures: &mut Vec<M1LiquidCapture>,
    |     ^^^^^^^^
    = help: for further information visit https://rust-lang.github.io/rust-clippy/master/index.html#similar_names
    = note: `-D clippy::similar-names` implied by `-D warnings`
    = help: to override `-D warnings` add `#[allow(clippy::similar_names)]`

error[E0425]: cannot find type `M1TrustRegionBvls05AssemblyInspection` in module `super::m1_trust_region_stage1`
    --> crates/openwepp-land-surface-energy/src/m1_trust_region_controller.rs:1192:56
     |
1192 |     pub(crate) natural: super::m1_trust_region_stage1::M1TrustRegionBvls05AssemblyInspection,
     |                                                        ^^^^^^^^^^^^^^^^^^^^^^^^^^^^^^^^^^^^^ not found in `super::m1_trust_region_stage1`
     |
note: found an item that was configured out
    --> crates/openwepp-land-surface-energy/src/m1_trust_region_stage1.rs:4960:19
     |
4958 | #[cfg(all(test, feature = "m1-trust-region-physical-stage"))]
     |                 ------------------------------------------ the item is gated behind the `m1-trust-region-physical-stage` feature
4959 | #[derive(Clone, Debug)]
4960 | pub(crate) struct M1TrustRegionBvls05AssemblyInspection {
     |                   ^^^^^^^^^^^^^^^^^^^^^^^^^^^^^^^^^^^^^

error[E0425]: cannot find type `M1TrustRegionBvls05AssemblyInspection` in module `super::m1_trust_region_stage1`
    --> crates/openwepp-land-surface-energy/src/m1_trust_region_controller.rs:1193:57
     |
1193 |     pub(crate) selected: super::m1_trust_region_stage1::M1TrustRegionBvls05AssemblyInspection,
     |                                                         ^^^^^^^^^^^^^^^^^^^^^^^^^^^^^^^^^^^^^ not found in `super::m1_trust_region_stage1`
     |
note: found an item that was configured out
    --> crates/openwepp-land-surface-energy/src/m1_trust_region_stage1.rs:4960:19
     |
4958 | #[cfg(all(test, feature = "m1-trust-region-physical-stage"))]
     |                 ------------------------------------------ the item is gated behind the `m1-trust-region-physical-stage` feature
4959 | #[derive(Clone, Debug)]
4960 | pub(crate) struct M1TrustRegionBvls05AssemblyInspection {
     |                   ^^^^^^^^^^^^^^^^^^^^^^^^^^^^^^^^^^^^^

error[E0425]: cannot find type `M1TrustRegionBvls05AssemblyInspection` in module `super::m1_trust_region_stage1`
    --> crates/openwepp-land-surface-energy/src/m1_trust_region_controller.rs:1194:54
     |
1194 |     pub(crate) retry: super::m1_trust_region_stage1::M1TrustRegionBvls05AssemblyInspection,
     |                                                      ^^^^^^^^^^^^^^^^^^^^^^^^^^^^^^^^^^^^^ not found in `super::m1_trust_region_stage1`
     |
note: found an item that was configured out
    --> crates/openwepp-land-surface-energy/src/m1_trust_region_stage1.rs:4960:19
     |
4958 | #[cfg(all(test, feature = "m1-trust-region-physical-stage"))]
     |                 ------------------------------------------ the item is gated behind the `m1-trust-region-physical-stage` feature
4959 | #[derive(Clone, Debug)]
4960 | pub(crate) struct M1TrustRegionBvls05AssemblyInspection {
     |                   ^^^^^^^^^^^^^^^^^^^^^^^^^^^^^^^^^^^^^

error[E0425]: cannot find type `M1TrustRegionBvls05AssemblyInspection` in module `super::m1_trust_region_stage1`
    --> crates/openwepp-land-surface-energy/src/m1_trust_region_controller.rs:1195:57
     |
1195 |     pub(crate) new_base: super::m1_trust_region_stage1::M1TrustRegionBvls05AssemblyInspection,
     |                                                         ^^^^^^^^^^^^^^^^^^^^^^^^^^^^^^^^^^^^^ not found in `super::m1_trust_region_stage1`
     |
note: found an item that was configured out
    --> crates/openwepp-land-surface-energy/src/m1_trust_region_stage1.rs:4960:19
     |
4958 | #[cfg(all(test, feature = "m1-trust-region-physical-stage"))]
     |                 ------------------------------------------ the item is gated behind the `m1-trust-region-physical-stage` feature
4959 | #[derive(Clone, Debug)]
4960 | pub(crate) struct M1TrustRegionBvls05AssemblyInspection {
     |                   ^^^^^^^^^^^^^^^^^^^^^^^^^^^^^^^^^^^^^

error[E0425]: cannot find type `RefinementScratchGlobalSnapshot` in this scope
    --> crates/openwepp-land-surface-energy/src/m1_trust_region_stage1.rs:1155:28
     |
1155 |     owner_snapshot_before: RefinementScratchGlobalSnapshot,
     |                            ^^^^^^^^^^^^^^^^^^^^^^^^^^^^^^^ not found in this scope

error: long literal lacking separators
   --> crates/openwepp-land-surface-energy/src/litter_phase_tests.rs:229:65
    |
229 |         post_vapor_ice.min(2.0 * (920.0 * 2106.0 * 0.04 * 5.0 / 333700.0_f64).min(post_vapor_ice));
    |                                                                 ^^^^^^^^^^^^ help: consider: `333_700.0_f64`
    |
    = help: for further information visit https://rust-lang.github.io/rust-clippy/master/index.html#unreadable_literal
    = note: `-D clippy::unreadable-literal` implied by `-D warnings`
    = help: to override `-D warnings` add `#[allow(clippy::unreadable_literal)]`

error: long literal lacking separators
   --> crates/openwepp-land-surface-energy/src/litter_phase_tests.rs:232:62
    |
232 |     assert!((candidate.receipt.transfer.fusion_energy_j_m2 + 333700.0 * melted).abs() < 1e-8);
    |                                                              ^^^^^^^^ help: consider: `333_700.0`
    |
    = help: for further information visit https://rust-lang.github.io/rust-clippy/master/index.html#unreadable_literal

error: long literal lacking separators
   --> crates/openwepp-land-surface-energy/src/solver_litter_open.rs:311:77
    |
311 |                 * crate::physics::saturation_specific_humidity(temperature, 101325.0).unwrap()
    |                                                                             ^^^^^^^^ help: consider: `101_325.0`
    |
    = help: for further information visit https://rust-lang.github.io/rust-clippy/master/index.html#unreadable_literal

error: long literal lacking separators
   --> crates/openwepp-land-surface-energy/src/solver_litter_open.rs:334:30
    |
334 |             air_pressure_pa: 101325.0,
    |                              ^^^^^^^^ help: consider: `101_325.0`
    |
    = help: for further information visit https://rust-lang.github.io/rust-clippy/master/index.html#unreadable_literal

error: long literal lacking separators
   --> crates/openwepp-land-surface-energy/src/solver_litter_open.rs:336:49
    |
336 |             atmospheric_downward_longwave_w_m2: 5.670374419e-8 * temperature.powi(4),
    |                                                 ^^^^^^^^^^^^^^ help: consider: `5.670_374_419e-8`
    |
    = help: for further information visit https://rust-lang.github.io/rust-clippy/master/index.html#unreadable_literal

error: long literal lacking separators
   --> crates/openwepp-land-surface-energy/src/solver_litter_open.rs:345:39
    |
345 |                 heat_capacity_j_m2_k: 120000.0,
    |                                       ^^^^^^^^ help: consider: `120_000.0`
    |
    = help: for further information visit https://rust-lang.github.io/rust-clippy/master/index.html#unreadable_literal

error: long literal lacking separators
   --> crates/openwepp-land-surface-energy/src/solver_litter_open.rs:522:70
    |
522 |         let radiation = problem.atmospheric_downward_longwave_w_m2 - 5.670374419e-8 * t.powi(4);
    |                                                                      ^^^^^^^^^^^^^^ help: consider: `5.670_374_419e-8`
    |
    = help: for further information visit https://rust-lang.github.io/rust-clippy/master/index.html#unreadable_literal

error: long literal lacking separators
   --> crates/openwepp-land-surface-energy/src/solver_litter_open.rs:531:48
    |
531 |         let ql = ml * (4218.0 * (t - 273.15) + 2501000.0 - 2369.0 * (t - 273.15));
    |                                                ^^^^^^^^^ help: consider: `2_501_000.0`
    |
    = help: for further information visit https://rust-lang.github.io/rust-clippy/master/index.html#unreadable_literal

error: long literal lacking separators
   --> crates/openwepp-land-surface-energy/src/solver_litter_open.rs:532:48
    |
532 |         let qi = mi * (2106.0 * (t - 273.15) + 2501000.0 - 2369.0 * (t - 273.15) + 333700.0);
    |                                                ^^^^^^^^^ help: consider: `2_501_000.0`
    |
    = help: for further information visit https://rust-lang.github.io/rust-clippy/master/index.html#unreadable_literal

error: long literal lacking separators
   --> crates/openwepp-land-surface-energy/src/solver_litter_open.rs:532:84
    |
532 |         let qi = mi * (2106.0 * (t - 273.15) + 2501000.0 - 2369.0 * (t - 273.15) + 333700.0);
    |                                                                                    ^^^^^^^^ help: consider: `333_700.0`
    |
    = help: for further information visit https://rust-lang.github.io/rust-clippy/master/index.html#unreadable_literal

error: long literal lacking separators
   --> crates/openwepp-land-surface-energy/src/solver_litter_open.rs:548:27
    |
548 |         let soil_energy = 120000.0 * (soil_t - problem.soil_nodes[0].beginning_temperature_k);
    |                           ^^^^^^^^ help: consider: `120_000.0`
    |
    = help: for further information visit https://rust-lang.github.io/rust-clippy/master/index.html#unreadable_literal

error: 5 bindings with single-character names in scope
   --> crates/openwepp-land-surface-energy/src/transaction_v3_tests.rs:641:13
    |
641 |     let mut c = column();
    |             ^
642 |     c.top_rain_kg_m2_tile = 2.0;
643 |     let o = &mut c.occupancies[0];
    |         ^
...
653 |     let f = transparent_test_forcing(&c, vec![(2.0, 280.0)]);
    |         ^
...
657 |     let mut x = initial_trial();
    |             ^
658 |     x[8] = 300.0;
659 |     let r = crate::evaluate_covered_occupancy_block(
    |         ^
    |
    = help: for further information visit https://rust-lang.github.io/rust-clippy/master/index.html#many_single_char_names
    = note: `-D clippy::many-single-char-names` implied by `-D warnings`
    = help: to override `-D warnings` add `#[allow(clippy::many_single_char_names)]`

error: 5 bindings with single-character names in scope
   --> crates/openwepp-land-surface-energy/src/transaction_v3_tests.rs:726:13
    |
726 |     let mut c = column();
    |             ^
...
729 |     let mut o = c.occupancies[0].clone();
    |             ^
...
846 |     let mut x = initial_trial()[..10].to_vec();
    |             ^
...
861 |         let l = &o.liquid;
    |             ^
862 |         let m = l.stemflow_kg_m2_tile
    |             ^
    |
    = help: for further information visit https://rust-lang.github.io/rust-clippy/master/index.html#many_single_char_names

error: 6 bindings with single-character names in scope
   --> crates/openwepp-land-surface-energy/src/transaction_v3_tests.rs:726:13
    |
726 |     let mut c = column();
    |             ^
...
729 |     let mut o = c.occupancies[0].clone();
    |             ^
...
846 |     let mut x = initial_trial()[..10].to_vec();
    |             ^
...
879 |     let n = 64.0 * (2.0 + 4.0 * 2.0 + 8.0);
    |         ^
...
886 |     let p = crate::evaluate_covered_column(&c, &perturbed, None, None).unwrap();
    |         ^
...
898 |         let crate::CoveredColumnSolveOutcome::Accepted(a) = ordinary else {
    |                                                        ^
    |
    = help: for further information visit https://rust-lang.github.io/rust-clippy/master/index.html#many_single_char_names

error: 5 bindings with single-character names in scope
   --> crates/openwepp-land-surface-energy/src/transaction_v3_tests.rs:726:13
    |
726 |     let mut c = column();
    |             ^
...
729 |     let mut o = c.occupancies[0].clone();
    |             ^
...
846 |     let mut x = initial_trial()[..10].to_vec();
    |             ^
...
879 |     let n = 64.0 * (2.0 + 4.0 * 2.0 + 8.0);
    |         ^
...
886 |     let p = crate::evaluate_covered_column(&c, &perturbed, None, None).unwrap();
    |         ^
    |
    = help: for further information visit https://rust-lang.github.io/rust-clippy/master/index.html#many_single_char_names

error: long literal lacking separators
   --> crates/openwepp-land-surface-energy/src/transaction_v3_tests.rs:937:29
    |
937 |     c.top_rain_kg_m2_tile = 9.400473273461845e-8;
    |                             ^^^^^^^^^^^^^^^^^^^^ help: consider: `9.400_473_273_461_845e-8`
    |
    = help: for further information visit https://rust-lang.github.io/rust-clippy/master/index.html#unreadable_literal

error: long literal lacking separators
   --> crates/openwepp-land-surface-energy/src/transaction_v3_tests.rs:946:71
    |
946 |     let f = transparent_test_forcing(&c, vec![(c.top_rain_kg_m2_tile, 265.28179297231515)]);
    |                                                                       ^^^^^^^^^^^^^^^^^^ help: consider: `265.281_792_972_315_15`
    |
    = help: for further information visit https://rust-lang.github.io/rust-clippy/master/index.html#unreadable_literal

error: long literal lacking separators
   --> crates/openwepp-land-surface-energy/src/transaction_v3_tests.rs:967:54
    |
967 |         assert_eq!(ledger.wet_surface_temperature_k, 265.28179297231515);
    |                                                      ^^^^^^^^^^^^^^^^^^ help: consider: `265.281_792_972_315_15`
    |
    = help: for further information visit https://rust-lang.github.io/rust-clippy/master/index.html#unreadable_literal

error: long literal lacking separators
   --> crates/openwepp-land-surface-energy/src/transaction_v3_tests.rs:977:71
    |
977 |             crate::covered_liquid::finalize_covered_liquid(prep, 0.0, 265.28179297231515, pass)
    |                                                                       ^^^^^^^^^^^^^^^^^^ help: consider: `265.281_792_972_315_15`
    |
    = help: for further information visit https://rust-lang.github.io/rust-clippy/master/index.html#unreadable_literal

error: long literal lacking separators
   --> crates/openwepp-land-surface-energy/src/transaction_v3_tests.rs:997:53
    |
997 |     let f = transparent_test_forcing(&c, vec![(2.0, 265.28179297231515)]);
    |                                                     ^^^^^^^^^^^^^^^^^^ help: consider: `265.281_792_972_315_15`
    |
    = help: for further information visit https://rust-lang.github.io/rust-clippy/master/index.html#unreadable_literal

error: long literal lacking separators
    --> crates/openwepp-land-surface-energy/src/m1_coupled_tests.rs:3107:32
     |
3107 |     for canopy_temperature in [266.85496453757526, 273.15, 280.0] {
     |                                ^^^^^^^^^^^^^^^^^^ help: consider: `266.854_964_537_575_26`
     |
     = help: for further information visit https://rust-lang.github.io/rust-clippy/master/index.html#unreadable_literal

error: long literal lacking separators
   --> crates/openwepp-land-surface-energy/src/transaction_v3_open.rs:254:75
    |
254 |                 0.3 * crate::physics::saturation_specific_humidity(285.0, 101325.0).unwrap();
    |                                                                           ^^^^^^^^ help: consider: `101_325.0`
    |
    = help: for further information visit https://rust-lang.github.io/rust-clippy/master/index.html#unreadable_literal

error: long literal lacking separators
   --> crates/openwepp-land-surface-energy/src/transaction_v3_open.rs:289:51
    |
289 |                         enthalpy_j_m2_ofe_ground: 120000.0 * (285.0 - 273.15),
    |                                                   ^^^^^^^^ help: consider: `120_000.0`
    |
    = help: for further information visit https://rust-lang.github.io/rust-clippy/master/index.html#unreadable_literal

error: long literal lacking separators
   --> crates/openwepp-land-surface-energy/src/transaction_v3_open.rs:343:30
    |
343 |         problem.interval_s = 59.999999999;
    |                              ^^^^^^^^^^^^ help: consider: `59.999_999_999`
    |
    = help: for further information visit https://rust-lang.github.io/rust-clippy/master/index.html#unreadable_literal

error[E0599]: no method named `inspect_bvls05_assembly_for_test` found for struct `m1_trust_region_controller::FoundationState<P, Phase>` in the current scope
    --> crates/openwepp-land-surface-energy/src/m1_trust_region_controller.rs:1230:10
     |
 146 |   pub(crate) struct FoundationState<P, Phase> {
     |   ------------------------------------------- method `inspect_bvls05_assembly_for_test` not found for this struct
...
1229 |       let natural = state
     |  ___________________-
1230 | |         .inspect_bvls05_assembly_for_test()
     | |         -^^^^^^^^^^^^^^^^^^^^^^^^^^^^^^^^ method not found in `m1_trust_region_controller::FoundationState<P, Phase>`
     | |_________|
     |

error[E0599]: no method named `inspect_bvls05_assembly_for_test` found for struct `m1_trust_region_controller::FoundationState<P, Phase>` in the current scope
    --> crates/openwepp-land-surface-energy/src/m1_trust_region_controller.rs:1241:10
     |
 146 |   pub(crate) struct FoundationState<P, Phase> {
     |   ------------------------------------------- method `inspect_bvls05_assembly_for_test` not found for this struct
...
1240 |       let selected = state
     |  ____________________-
1241 | |         .inspect_bvls05_assembly_for_test()
     | |         -^^^^^^^^^^^^^^^^^^^^^^^^^^^^^^^^ method not found in `m1_trust_region_controller::FoundationState<P, Phase>`
     | |_________|
     |

error[E0599]: no method named `inspect_bvls05_assembly_for_test` found for struct `m1_trust_region_controller::FoundationState<P, Phase>` in the current scope
    --> crates/openwepp-land-surface-energy/src/m1_trust_region_controller.rs:1245:10
     |
 146 |   pub(crate) struct FoundationState<P, Phase> {
     |   ------------------------------------------- method `inspect_bvls05_assembly_for_test` not found for this struct
...
1244 |       let retry = state
     |  _________________-
1245 | |         .inspect_bvls05_assembly_for_test()
     | |         -^^^^^^^^^^^^^^^^^^^^^^^^^^^^^^^^ method not found in `m1_trust_region_controller::FoundationState<P, Phase>`
     | |_________|
     |

error[E0599]: no method named `inspect_bvls05_assembly_for_test` found for struct `m1_trust_region_controller::FoundationState<P, Phase>` in the current scope
    --> crates/openwepp-land-surface-energy/src/m1_trust_region_controller.rs:1250:10
     |
 146 |   pub(crate) struct FoundationState<P, Phase> {
     |   ------------------------------------------- method `inspect_bvls05_assembly_for_test` not found for this struct
...
1249 |       let new_base = state
     |  ____________________-
1250 | |         .inspect_bvls05_assembly_for_test()
     | |         -^^^^^^^^^^^^^^^^^^^^^^^^^^^^^^^^ method not found in `m1_trust_region_controller::FoundationState<P, Phase>`
     | |_________|
     |

error: unused variable: `iteration`
    --> crates/openwepp-land-surface-energy/src/solver_covered_evaluation/m1_coupled.rs:3942:5
     |
3942 |     iteration: u32,
     |     ^^^^^^^^^ help: if this is intentional, prefix it with an underscore: `_iteration`
     |
     = note: `-D unused-variables` implied by `-D warnings`
     = help: to override `-D warnings` add `#[allow(unused_variables)]`

error: unused variable: `corrected_assembly`
    --> crates/openwepp-land-surface-energy/src/solver_covered_evaluation/m1_coupled.rs:3943:5
     |
3943 |     corrected_assembly: bool,
     |     ^^^^^^^^^^^^^^^^^^ help: if this is intentional, prefix it with an underscore: `_corrected_assembly`

error: unused variable: `error`
    --> crates/openwepp-land-surface-energy/src/solver_covered_evaluation/m1_coupled.rs:5688:21
     |
5688 |                 Err(error) => {
     |                     ^^^^^ help: if this is intentional, prefix it with an underscore: `_error`

error: unused variable: `error`
    --> crates/openwepp-land-surface-energy/src/solver_covered_evaluation/m1_coupled.rs:5737:21
     |
5737 |                 Err(error) => {
     |                     ^^^^^ help: if this is intentional, prefix it with an underscore: `_error`

error[E0063]: missing field `owner_snapshot_before` in initializer of `m1_trust_region_stage1::M1TrustRegionBvls04PoisonObservation`
    --> crates/openwepp-land-surface-energy/src/m1_trust_region_stage1.rs:1206:26
     |
1206 |             Err(Box::new(M1TrustRegionBvls04PoisonObservation {
     |                          ^^^^^^^^^^^^^^^^^^^^^^^^^^^^^^^^^^^^ missing `owner_snapshot_before`

error[E0308]: `?` operator has incompatible types
    --> crates/openwepp-land-surface-energy/src/m1_trust_region_stage1.rs:5813:9
     |
5813 |         refinement_required_observation_live_state_bits(trace, state)?,
     |         ^^^^^^^^^^^^^^^^^^^^^^^^^^^^^^^^^^^^^^^^^^^^^^^^^^^^^^^^^^^^^^ expected `(Vec<u64>, Vec<u64>)`, found `([u64; 21], [u64; 21])`
     |
     = note: `?` operator cannot convert from `([u64; 21], [u64; 21])` to `(std::vec::Vec<u64>, std::vec::Vec<u64>)`
     = note: expected tuple `(std::vec::Vec<u64>, std::vec::Vec<u64>)`
                found tuple `([u64; 21], [u64; 21])`

error[E0308]: mismatched types
    --> crates/openwepp-land-surface-energy/src/m1_trust_region_stage1.rs:5850:9
     |
5850 |         live_state_bits_entry,
     |         ^^^^^^^^^^^^^^^^^^^^^ expected `[u64; 21]`, found `Vec<u64>`
     |
     = note: expected array `[u64; 21]`
               found struct `std::vec::Vec<u64>`

error[E0308]: mismatched types
    --> crates/openwepp-land-surface-energy/src/m1_trust_region_stage1.rs:5851:9
     |
5851 |         live_state_bits_exit,
     |         ^^^^^^^^^^^^^^^^^^^^ expected `[u64; 21]`, found `Vec<u64>`
     |
     = note: expected array `[u64; 21]`
               found struct `std::vec::Vec<u64>`

error[E0308]: mismatched types
     --> crates/openwepp-land-surface-energy/src/m1_trust_region_stage1.rs:12287:9
      |
12238 |     ) -> super::M1TrustRegionBvls05Certificate {
      |          ------------------------------------- expected `m1_trust_region_stage1::M1TrustRegionBvls05Certificate` because of return type
...
12287 |         certificate
      |         ^^^^^^^^^^^ expected `M1TrustRegionBvls05Certificate`, found `Bvls05CertificateObservation`

error: field `linear_dimension` is never read
    --> crates/openwepp-land-surface-energy/src/solver_covered_evaluation/m1_coupled.rs:3749:5
     |
3729 | pub struct M1PhaseJoinControllerReport {
     |            --------------------------- field in this struct
...
3749 |     linear_dimension: usize,
     |     ^^^^^^^^^^^^^^^^
     |
     = note: `M1PhaseJoinControllerReport` has a derived impl for the trait `Clone`, but this is intentionally ignored during dead code analysis
     = note: `-D dead-code` implied by `-D warnings`
     = help: to override `-D warnings` add `#[expect(dead_code)]` or `#[allow(dead_code)]`

error: redundant closure
   --> crates/openwepp-land-surface-energy/src/covered_liquid.rs:217:65
    |
217 |     let temperature = proof.map_or(numerical_wet_temperature_k, |p| p.release_temperature_k());
    |                                                                 ^^^^^^^^^^^^^^^^^^^^^^^^^^^^^ help: replace the closure with the method itself: `super::transparent_canopy::TransparentCanopyPassageProofV1::release_temperature_k`
    |
    = help: for further information visit https://rust-lang.github.io/rust-clippy/master/index.html#redundant_closure_for_method_calls
    = note: `-D clippy::redundant-closure-for-method-calls` implied by `-D warnings`
    = help: to override `-D warnings` add `#[allow(clippy::redundant_closure_for_method_calls)]`

error: docs for function returning `Result` missing `# Errors` section
  --> crates/openwepp-land-surface-energy/src/m1_liquid_routing.rs:31:5
   |
31 | /     pub fn new(
32 | |         upper: M1RoutingOccupancyInput,
33 | |         lower: M1RoutingOccupancyInput,
34 | |         tile_fraction: f64,
35 | |     ) -> Result<Self, LandSurfaceEnergyError> {
   | |_____________________________________________^
   |
   = help: for further information visit https://rust-lang.github.io/rust-clippy/master/index.html#missing_errors_doc
   = note: `-D clippy::missing-errors-doc` implied by `-D warnings`
   = help: to override `-D warnings` add `#[allow(clippy::missing_errors_doc)]`

error: docs for function returning `Result` missing `# Errors` section
   --> crates/openwepp-land-surface-energy/src/m1_liquid_routing.rs:132:1
    |
132 | / pub fn m1_liquid_interception_fraction(
133 | |     plant_area_m2_m2_tile: f64,
134 | |     interception_fraction: f64,
135 | | ) -> Result<f64, LandSurfaceEnergyError> {
    | |________________________________________^
    |
    = help: for further information visit https://rust-lang.github.io/rust-clippy/master/index.html#missing_errors_doc

error: docs for function returning `Result` missing `# Errors` section
   --> crates/openwepp-land-surface-energy/src/m1_liquid_routing.rs:318:1
    |
318 | / pub fn route_m1_column_liquid(
319 | |     input: &M1ColumnLiquidRoutingInput,
320 | | ) -> Result<M1ColumnLiquidRouting, LandSurfaceEnergyError> {
    | |__________________________________________________________^
    |
    = help: for further information visit https://rust-lang.github.io/rust-clippy/master/index.html#missing_errors_doc

error: this function has too many lines (114/100)
   --> crates/openwepp-land-surface-energy/src/m1_liquid_routing.rs:318:1
    |
318 | / pub fn route_m1_column_liquid(
319 | |     input: &M1ColumnLiquidRoutingInput,
320 | | ) -> Result<M1ColumnLiquidRouting, LandSurfaceEnergyError> {
    | |__________________________________________________________^
    |
    = help: for further information visit https://rust-lang.github.io/rust-clippy/master/index.html#too_many_lines
    = note: `-D clippy::too-many-lines` implied by `-D warnings`
    = help: to override `-D warnings` add `#[allow(clippy::too_many_lines)]`

error: unused variable: `current_max`
   --> crates/openwepp-land-surface-energy/src/m1_trust_region_controller.rs:613:9
    |
613 |         current_max: f64,
    |         ^^^^^^^^^^^ help: if this is intentional, prefix it with an underscore: `_current_max`
    |
    = note: `-D unused-variables` implied by `-D warnings`
    = help: to override `-D warnings` add `#[allow(unused_variables)]`

error: the `Err`-variant returned from this function is very large
   --> crates/openwepp-land-surface-energy/src/solver_covered_evaluation/m1_hydraulics.rs:21:6
    |
 21 | ) -> Result<M1FullSupplyHydraulics, M1CoupledError> {
    |      ^^^^^^^^^^^^^^^^^^^^^^^^^^^^^^^^^^^^^^^^^^^^^^
    |
   ::: crates/openwepp-land-surface-energy/src/solver_covered_evaluation.rs:784:5
    |
784 |     Numerical(crate::numerics::NumericalFailure),
    |     -------------------------------------------- the largest variant contains at least 248 bytes
    |
    = help: try reducing the size of `solver::M1CoupledError`, for example by boxing large elements or replacing it with `Box<solver::M1CoupledError>`
    = help: for further information visit https://rust-lang.github.io/rust-clippy/master/index.html#result_large_err
    = note: `-D clippy::result-large-err` implied by `-D warnings`
    = help: to override `-D warnings` add `#[allow(clippy::result_large_err)]`

error: usage of wildcard import
 --> crates/openwepp-land-surface-energy/src/solver_covered_evaluation/m1_coupled.rs:3:5
  |
3 | use super::*;
  |     ^^^^^^^^ help: try: `super::{Digest, CoveredColumnInputs, M1CoupledError, LandSurfaceEnergyError, CoveredColumnAuthority, validate_covered_shortwave_inputs, M1ZeroParLeafState, m1_zero_par_leaf_state, inactive_component_temperature_anchor_k, StepNorms, solve_m1_full_supply_hydraulics, NormalizedResidual, ResidualUnit}`
  |
  = help: for further information visit https://rust-lang.github.io/rust-clippy/master/index.html#wildcard_imports
  = note: `-D clippy::wildcard-imports` implied by `-D warnings`
  = help: to override `-D warnings` add `#[allow(clippy::wildcard_imports)]`

error: the `Err`-variant returned from this function is very large
   --> crates/openwepp-land-surface-energy/src/solver_covered_evaluation/m1_coupled.rs:658:10
    |
658 |     ) -> Result<Self, M1CoupledError> {
    |          ^^^^^^^^^^^^^^^^^^^^^^^^^^^^
    |
   ::: crates/openwepp-land-surface-energy/src/solver_covered_evaluation.rs:784:5
    |
784 |     Numerical(crate::numerics::NumericalFailure),
    |     -------------------------------------------- the largest variant contains at least 248 bytes
    |
    = help: try reducing the size of `solver::M1CoupledError`, for example by boxing large elements or replacing it with `Box<solver::M1CoupledError>`
    = help: for further information visit https://rust-lang.github.io/rust-clippy/master/index.html#result_large_err

error: this function has a `#[must_use]` attribute with no message, but returns a type already marked as `#[must_use]`
   --> crates/openwepp-land-surface-energy/src/solver_covered_evaluation/m1_coupled.rs:747:5
    |
747 |     pub fn jacobian(&self) -> Result<&[Vec<f64>], M1CoupledError> {
    |     ^^^^^^^^^^^^^^^^^^^^^^^^^^^^^^^^^^^^^^^^^^^^^^^^^^^^^^^^^^^^^
    |
    = help: either add some descriptive message or remove the attribute
    = help: for further information visit https://rust-lang.github.io/rust-clippy/master/index.html#double_must_use
    = note: `-D clippy::double-must-use` implied by `-D warnings`
    = help: to override `-D warnings` add `#[allow(clippy::double_must_use)]`

error: the `Err`-variant returned from this function is very large
   --> crates/openwepp-land-surface-energy/src/solver_covered_evaluation/m1_coupled.rs:747:31
    |
747 |     pub fn jacobian(&self) -> Result<&[Vec<f64>], M1CoupledError> {
    |                               ^^^^^^^^^^^^^^^^^^^^^^^^^^^^^^^^^^^
    |
   ::: crates/openwepp-land-surface-energy/src/solver_covered_evaluation.rs:784:5
    |
784 |     Numerical(crate::numerics::NumericalFailure),
    |     -------------------------------------------- the largest variant contains at least 248 bytes
    |
    = help: try reducing the size of `solver::M1CoupledError`, for example by boxing large elements or replacing it with `Box<solver::M1CoupledError>`
    = help: for further information visit https://rust-lang.github.io/rust-clippy/master/index.html#result_large_err

error: this function has a `#[must_use]` attribute with no message, but returns a type already marked as `#[must_use]`
   --> crates/openwepp-land-surface-energy/src/solver_covered_evaluation/m1_coupled.rs:753:5
    |
753 |     pub fn jacobian_column(&self, index: usize) -> Result<Vec<f64>, M1CoupledError> {
    |     ^^^^^^^^^^^^^^^^^^^^^^^^^^^^^^^^^^^^^^^^^^^^^^^^^^^^^^^^^^^^^^^^^^^^^^^^^^^^^^^
    |
    = help: either add some descriptive message or remove the attribute
    = help: for further information visit https://rust-lang.github.io/rust-clippy/master/index.html#double_must_use

error: the `Err`-variant returned from this function is very large
   --> crates/openwepp-land-surface-energy/src/solver_covered_evaluation/m1_coupled.rs:753:52
    |
753 |     pub fn jacobian_column(&self, index: usize) -> Result<Vec<f64>, M1CoupledError> {
    |                                                    ^^^^^^^^^^^^^^^^^^^^^^^^^^^^^^^^
    |
   ::: crates/openwepp-land-surface-energy/src/solver_covered_evaluation.rs:784:5
    |
784 |     Numerical(crate::numerics::NumericalFailure),
    |     -------------------------------------------- the largest variant contains at least 248 bytes
    |
    = help: try reducing the size of `solver::M1CoupledError`, for example by boxing large elements or replacing it with `Box<solver::M1CoupledError>`
    = help: for further information visit https://rust-lang.github.io/rust-clippy/master/index.html#result_large_err

error: the `Err`-variant returned from this function is very large
   --> crates/openwepp-land-surface-energy/src/solver_covered_evaluation/m1_coupled.rs:777:42
    |
777 |     pub fn occupancy(&self, id: &str) -> Result<&M1OccupancyEvaluation, M1CoupledError> {
    |                                          ^^^^^^^^^^^^^^^^^^^^^^^^^^^^^^^^^^^^^^^^^^^^^^
    |
   ::: crates/openwepp-land-surface-energy/src/solver_covered_evaluation.rs:784:5
    |
784 |     Numerical(crate::numerics::NumericalFailure),
    |     -------------------------------------------- the largest variant contains at least 248 bytes
    |
    = help: try reducing the size of `solver::M1CoupledError`, for example by boxing large elements or replacing it with `Box<solver::M1CoupledError>`
    = help: for further information visit https://rust-lang.github.io/rust-clippy/master/index.html#result_large_err

error: the `Err`-variant returned from this function is very large
   --> crates/openwepp-land-surface-energy/src/solver_covered_evaluation/m1_coupled.rs:800:6
    |
800 | ) -> Result<(), M1CoupledError> {
    |      ^^^^^^^^^^^^^^^^^^^^^^^^^^
    |
   ::: crates/openwepp-land-surface-energy/src/solver_covered_evaluation.rs:784:5
    |
784 |     Numerical(crate::numerics::NumericalFailure),
    |     -------------------------------------------- the largest variant contains at least 248 bytes
    |
    = help: try reducing the size of `solver::M1CoupledError`, for example by boxing large elements or replacing it with `Box<solver::M1CoupledError>`
    = help: for further information visit https://rust-lang.github.io/rust-clippy/master/index.html#result_large_err

error: the use of negated comparison operators on partially ordered types produces code that is hard to read and refactor, please consider using the `partial_cmp` method instead, to make it clear that the two values could be incomparable
   --> crates/openwepp-land-surface-energy/src/solver_covered_evaluation/m1_coupled.rs:879:12
    |
879 |         if !(trial.coordinates[base + 3] > 0.0)
    |            ^^^^^^^^^^^^^^^^^^^^^^^^^^^^^^^^^^^^
    |
    = help: for further information visit https://rust-lang.github.io/rust-clippy/master/index.html#neg_cmp_op_on_partial_ord
    = note: `-D clippy::neg-cmp-op-on-partial-ord` implied by `-D warnings`
    = help: to override `-D warnings` add `#[allow(clippy::neg_cmp_op_on_partial_ord)]`

error: the `Err`-variant returned from this function is very large
   --> crates/openwepp-land-surface-energy/src/solver_covered_evaluation/m1_coupled.rs:958:6
    |
958 | ) -> Result<(), M1CoupledError> {
    |      ^^^^^^^^^^^^^^^^^^^^^^^^^^
    |
   ::: crates/openwepp-land-surface-energy/src/solver_covered_evaluation.rs:784:5
    |
784 |     Numerical(crate::numerics::NumericalFailure),
    |     -------------------------------------------- the largest variant contains at least 248 bytes
    |
    = help: try reducing the size of `solver::M1CoupledError`, for example by boxing large elements or replacing it with `Box<solver::M1CoupledError>`
    = help: for further information visit https://rust-lang.github.io/rust-clippy/master/index.html#result_large_err

error: unnecessary closure used to substitute value for `Option::None`
   --> crates/openwepp-land-surface-energy/src/solver_covered_evaluation/m1_coupled.rs:994:20
    |
994 |       let boundary = input
    |  ____________________^
995 | |         .column
996 | |         .stage3_lower_boundary
997 | |         .as_ref()
998 | |         .ok_or_else(|| LandSurfaceEnergyError::UnsupportedDomain("m1_diagnostic_envelope"))?;
    | |___________________________________________________________________________________________^
    |
    = help: for further information visit https://rust-lang.github.io/rust-clippy/master/index.html#unnecessary_lazy_evaluations
    = note: `-D clippy::unnecessary-lazy-evaluations` implied by `-D warnings`
    = help: to override `-D warnings` add `#[allow(clippy::unnecessary_lazy_evaluations)]`
help: use `ok_or` instead
    |
998 -         .ok_or_else(|| LandSurfaceEnergyError::UnsupportedDomain("m1_diagnostic_envelope"))?;
998 +         .ok_or(LandSurfaceEnergyError::UnsupportedDomain("m1_diagnostic_envelope"))?;
    |

error: unnecessary closure used to substitute value for `Option::None`
    --> crates/openwepp-land-surface-energy/src/solver_covered_evaluation/m1_coupled.rs:1000:19
     |
1000 |       let optical = input
     |  ___________________^
1001 | |         .column
1002 | |         .stage3_optical
1003 | |         .as_ref()
1004 | |         .ok_or_else(|| LandSurfaceEnergyError::UnsupportedDomain("m1_diagnostic_envelope"))?;
     | |___________________________________________________________________________________________^
     |
     = help: for further information visit https://rust-lang.github.io/rust-clippy/master/index.html#unnecessary_lazy_evaluations
help: use `ok_or` instead
     |
1004 -         .ok_or_else(|| LandSurfaceEnergyError::UnsupportedDomain("m1_diagnostic_envelope"))?;
1004 +         .ok_or(LandSurfaceEnergyError::UnsupportedDomain("m1_diagnostic_envelope"))?;
     |

error: casting `f64` to `u128` may truncate the value
    --> crates/openwepp-land-surface-energy/src/solver_covered_evaluation/m1_coupled.rs:1044:27
     |
1044 |             requested_ns: (input.column.interval_s * 1_000_000_000.0) as u128,
     |                           ^^^^^^^^^^^^^^^^^^^^^^^^^^^^^^^^^^^^^^^^^^^^^^^^^^^
     |
     = help: if this is intentional allow the lint with `#[allow(clippy::cast_possible_truncation)]` ...
     = help: for further information visit https://rust-lang.github.io/rust-clippy/master/index.html#cast_possible_truncation
     = note: `-D clippy::cast-possible-truncation` implied by `-D warnings`
     = help: to override `-D warnings` add `#[allow(clippy::cast_possible_truncation)]`

error: casting `f64` to `u128` may lose the sign of the value
    --> crates/openwepp-land-surface-energy/src/solver_covered_evaluation/m1_coupled.rs:1044:27
     |
1044 |             requested_ns: (input.column.interval_s * 1_000_000_000.0) as u128,
     |                           ^^^^^^^^^^^^^^^^^^^^^^^^^^^^^^^^^^^^^^^^^^^^^^^^^^^
     |
     = help: for further information visit https://rust-lang.github.io/rust-clippy/master/index.html#cast_sign_loss
     = note: `-D clippy::cast-sign-loss` implied by `-D warnings`
     = help: to override `-D warnings` add `#[allow(clippy::cast_sign_loss)]`

error: the `Err`-variant returned from this function is very large
    --> crates/openwepp-land-surface-energy/src/solver_covered_evaluation/m1_coupled.rs:1162:6
     |
1162 | ) -> Result<(Option<f64>, f64, f64), M1CoupledError> {
     |      ^^^^^^^^^^^^^^^^^^^^^^^^^^^^^^^^^^^^^^^^^^^^^^^
     |
    ::: crates/openwepp-land-surface-energy/src/solver_covered_evaluation.rs:784:5
     |
 784 |     Numerical(crate::numerics::NumericalFailure),
     |     -------------------------------------------- the largest variant contains at least 248 bytes
     |
     = help: try reducing the size of `solver::M1CoupledError`, for example by boxing large elements or replacing it with `Box<solver::M1CoupledError>`
     = help: for further information visit https://rust-lang.github.io/rust-clippy/master/index.html#result_large_err

error: the `Err`-variant returned from this function is very large
    --> crates/openwepp-land-surface-energy/src/solver_covered_evaluation/m1_coupled.rs:1185:6
     |
1185 | ) -> Result<Core, M1CoupledError> {
     |      ^^^^^^^^^^^^^^^^^^^^^^^^^^^^
     |
    ::: crates/openwepp-land-surface-energy/src/solver_covered_evaluation.rs:784:5
     |
 784 |     Numerical(crate::numerics::NumericalFailure),
     |     -------------------------------------------- the largest variant contains at least 248 bytes
     |
     = help: try reducing the size of `solver::M1CoupledError`, for example by boxing large elements or replacing it with `Box<solver::M1CoupledError>`
     = help: for further information visit https://rust-lang.github.io/rust-clippy/master/index.html#result_large_err

error: unnecessary closure used to substitute value for `Option::None`
    --> crates/openwepp-land-surface-energy/src/solver_covered_evaluation/m1_coupled.rs:1197:20
     |
1197 |       let boundary = column
     |  ____________________^
1198 | |         .stage3_lower_boundary
1199 | |         .as_ref()
1200 | |         .ok_or_else(|| LandSurfaceEnergyError::UnsupportedDomain("m1_diagnostic_envelope"))?;
     | |___________________________________________________________________________________________^
     |
     = help: for further information visit https://rust-lang.github.io/rust-clippy/master/index.html#unnecessary_lazy_evaluations
help: use `ok_or` instead
     |
1200 -         .ok_or_else(|| LandSurfaceEnergyError::UnsupportedDomain("m1_diagnostic_envelope"))?;
1200 +         .ok_or(LandSurfaceEnergyError::UnsupportedDomain("m1_diagnostic_envelope"))?;
     |

error: the `Err`-variant returned from this function is very large
    --> crates/openwepp-land-surface-energy/src/solver_covered_evaluation/m1_coupled.rs:1995:6
     |
1995 | ) -> Result<(), M1CoupledError> {
     |      ^^^^^^^^^^^^^^^^^^^^^^^^^^
     |
    ::: crates/openwepp-land-surface-energy/src/solver_covered_evaluation.rs:784:5
     |
 784 |     Numerical(crate::numerics::NumericalFailure),
     |     -------------------------------------------- the largest variant contains at least 248 bytes
     |
     = help: try reducing the size of `solver::M1CoupledError`, for example by boxing large elements or replacing it with `Box<solver::M1CoupledError>`
     = help: for further information visit https://rust-lang.github.io/rust-clippy/master/index.html#result_large_err

error: the `Err`-variant returned from this function is very large
    --> crates/openwepp-land-surface-energy/src/solver_covered_evaluation/m1_coupled.rs:2082:6
     |
2082 | ) -> Result<(Core, Vec<Vec<f64>>, Vec<Vec<f64>>), M1CoupledError> {
     |      ^^^^^^^^^^^^^^^^^^^^^^^^^^^^^^^^^^^^^^^^^^^^^^^^^^^^^^^^^^^^
     |
    ::: crates/openwepp-land-surface-energy/src/solver_covered_evaluation.rs:784:5
     |
 784 |     Numerical(crate::numerics::NumericalFailure),
     |     -------------------------------------------- the largest variant contains at least 248 bytes
     |
     = help: try reducing the size of `solver::M1CoupledError`, for example by boxing large elements or replacing it with `Box<solver::M1CoupledError>`
     = help: for further information visit https://rust-lang.github.io/rust-clippy/master/index.html#result_large_err

error: very complex type used. Consider factoring parts into `type` definitions
    --> crates/openwepp-land-surface-energy/src/solver_covered_evaluation/m1_coupled.rs:2082:6
     |
2082 | ) -> Result<(Core, Vec<Vec<f64>>, Vec<Vec<f64>>), M1CoupledError> {
     |      ^^^^^^^^^^^^^^^^^^^^^^^^^^^^^^^^^^^^^^^^^^^^^^^^^^^^^^^^^^^^
     |
     = help: for further information visit https://rust-lang.github.io/rust-clippy/master/index.html#type_complexity
     = note: `-D clippy::type-complexity` implied by `-D warnings`
     = help: to override `-D warnings` add `#[allow(clippy::type_complexity)]`

error: these match arms have identical bodies
    --> crates/openwepp-land-surface-energy/src/solver_covered_evaluation/m1_coupled.rs:2108:13
     |
2108 |             3 | 9 => 1.0e-8,
     |             ^^^^^^^^^^^^^^^
...
2111 |             13 => 1.0e-8,
     |             ^^^^^^^^^^^^
     |
     = help: if this is unintentional make the arms return different values
     = help: for further information visit https://rust-lang.github.io/rust-clippy/master/index.html#match_same_arms
     = note: `-D clippy::match-same-arms` implied by `-D warnings`
     = help: to override `-D warnings` add `#[allow(clippy::match_same_arms)]`
help: otherwise merge the patterns into a single arm
     |
2108 ~             4 | 10 => 1.0e-3,
2109 |             5 | 11 => 1.0e-10,
2110 ~             3 | 9 | 13 => 1.0e-8,
     |

error: the `Err`-variant returned from this closure is very large
    --> crates/openwepp-land-surface-energy/src/solver_covered_evaluation/m1_coupled.rs:2168:23
     |
2168 |                 .then(|| core(input, &high_trial))
     |                       ^^^^^^^^^^^^^^^^^^^^^^^^^^^
     |
    ::: crates/openwepp-land-surface-energy/src/solver_covered_evaluation.rs:784:5
     |
 784 |     Numerical(crate::numerics::NumericalFailure),
     |     -------------------------------------------- the largest variant contains at least 248 bytes
     |
     = help: try reducing the size of `solver::M1CoupledError`, for example by boxing large elements or replacing it with `Box<solver::M1CoupledError>`
     = help: for further information visit https://rust-lang.github.io/rust-clippy/master/index.html#result_large_err

error: the `Err`-variant returned from this closure is very large
    --> crates/openwepp-land-surface-energy/src/solver_covered_evaluation/m1_coupled.rs:2177:23
     |
2177 |                 .then(|| core(input, &low_trial))
     |                       ^^^^^^^^^^^^^^^^^^^^^^^^^^
     |
    ::: crates/openwepp-land-surface-energy/src/solver_covered_evaluation.rs:784:5
     |
 784 |     Numerical(crate::numerics::NumericalFailure),
     |     -------------------------------------------- the largest variant contains at least 248 bytes
     |
     = help: try reducing the size of `solver::M1CoupledError`, for example by boxing large elements or replacing it with `Box<solver::M1CoupledError>`
     = help: for further information visit https://rust-lang.github.io/rust-clippy/master/index.html#result_large_err

error: the `Err`-variant returned from this function is very large
    --> crates/openwepp-land-surface-energy/src/solver_covered_evaluation/m1_coupled.rs:2292:6
     |
2292 | ) -> Result<M1CoupledEvaluation, M1CoupledError> {
     |      ^^^^^^^^^^^^^^^^^^^^^^^^^^^^^^^^^^^^^^^^^^^
     |
    ::: crates/openwepp-land-surface-energy/src/solver_covered_evaluation.rs:784:5
     |
 784 |     Numerical(crate::numerics::NumericalFailure),
     |     -------------------------------------------- the largest variant contains at least 248 bytes
     |
     = help: try reducing the size of `solver::M1CoupledError`, for example by boxing large elements or replacing it with `Box<solver::M1CoupledError>`
     = help: for further information visit https://rust-lang.github.io/rust-clippy/master/index.html#result_large_err

error: the `Err`-variant returned from this function is very large
    --> crates/openwepp-land-surface-energy/src/solver_covered_evaluation/m1_coupled.rs:2440:6
     |
2440 | ) -> Result<M1CoupledEvaluation, M1CoupledError> {
     |      ^^^^^^^^^^^^^^^^^^^^^^^^^^^^^^^^^^^^^^^^^^^
     |
    ::: crates/openwepp-land-surface-energy/src/solver_covered_evaluation.rs:784:5
     |
 784 |     Numerical(crate::numerics::NumericalFailure),
     |     -------------------------------------------- the largest variant contains at least 248 bytes
     |
     = help: try reducing the size of `solver::M1CoupledError`, for example by boxing large elements or replacing it with `Box<solver::M1CoupledError>`
     = help: for further information visit https://rust-lang.github.io/rust-clippy/master/index.html#result_large_err

error: the `Err`-variant returned from this function is very large
    --> crates/openwepp-land-surface-energy/src/solver_covered_evaluation/m1_coupled.rs:3723:6
     |
3723 | ) -> Result<Vec<f64>, M1CoupledError> {
     |      ^^^^^^^^^^^^^^^^^^^^^^^^^^^^^^^^
     |
    ::: crates/openwepp-land-surface-energy/src/solver_covered_evaluation.rs:784:5
     |
 784 |     Numerical(crate::numerics::NumericalFailure),
     |     -------------------------------------------- the largest variant contains at least 248 bytes
     |
     = help: try reducing the size of `solver::M1CoupledError`, for example by boxing large elements or replacing it with `Box<solver::M1CoupledError>`
     = help: for further information visit https://rust-lang.github.io/rust-clippy/master/index.html#result_large_err

error: very complex type used. Consider factoring parts into `type` definitions
    --> crates/openwepp-land-surface-energy/src/solver_covered_evaluation/m1_coupled.rs:3945:6
     |
3945 | ) -> Result<(Vec<f64>, f64, f64, [bool; 2], usize), M1DrainageLinearFailure> {
     |      ^^^^^^^^^^^^^^^^^^^^^^^^^^^^^^^^^^^^^^^^^^^^^^^^^^^^^^^^^^^^^^^^^^^^^^^
     |
     = help: for further information visit https://rust-lang.github.io/rust-clippy/master/index.html#type_complexity

error: the `Err`-variant returned from this function is very large
    --> crates/openwepp-land-surface-energy/src/solver_covered_evaluation/m1_coupled.rs:4170:6
     |
4170 | ) -> Result<([f64; 21], f64, f64, [bool; 2], usize), M1CoupledError> {
     |      ^^^^^^^^^^^^^^^^^^^^^^^^^^^^^^^^^^^^^^^^^^^^^^^^^^^^^^^^^^^^^^^
     |
    ::: crates/openwepp-land-surface-energy/src/solver_covered_evaluation.rs:784:5
     |
 784 |     Numerical(crate::numerics::NumericalFailure),
     |     -------------------------------------------- the largest variant contains at least 248 bytes
     |
     = help: try reducing the size of `solver::M1CoupledError`, for example by boxing large elements or replacing it with `Box<solver::M1CoupledError>`
     = help: for further information visit https://rust-lang.github.io/rust-clippy/master/index.html#result_large_err

error: very complex type used. Consider factoring parts into `type` definitions
    --> crates/openwepp-land-surface-energy/src/solver_covered_evaluation/m1_coupled.rs:4170:6
     |
4170 | ) -> Result<([f64; 21], f64, f64, [bool; 2], usize), M1CoupledError> {
     |      ^^^^^^^^^^^^^^^^^^^^^^^^^^^^^^^^^^^^^^^^^^^^^^^^^^^^^^^^^^^^^^^
     |
     = help: for further information visit https://rust-lang.github.io/rust-clippy/master/index.html#type_complexity

error: this function has too many arguments (11/7)
    --> crates/openwepp-land-surface-energy/src/solver_covered_evaluation/m1_coupled.rs:4158:1
     |
4158 | / fn solve_selected_drainage_system(
4159 | |     matrix: &[Vec<f64>],
4160 | |     rhs: &[f64],
4161 | |     raw: &[Vec<f64>],
...    |
4169 | |     activity: &mut M1PhaseJoinActivity,
4170 | | ) -> Result<([f64; 21], f64, f64, [bool; 2], usize), M1CoupledError> {
     | |____________________________________________________________________^
     |
     = help: for further information visit https://rust-lang.github.io/rust-clippy/master/index.html#too_many_arguments
     = note: `-D clippy::too-many-arguments` implied by `-D warnings`
     = help: to override `-D warnings` add `#[allow(clippy::too_many_arguments)]`

error: the `Err`-variant returned from this function is very large
    --> crates/openwepp-land-surface-energy/src/solver_covered_evaluation/m1_coupled.rs:4312:6
     |
4312 | ) -> Result<M1PhaseJoinControllerReport, M1PhaseJoinControllerError> {
     |      ^^^^^^^^^^^^^^^^^^^^^^^^^^^^^^^^^^^^^^^^^^^^^^^^^^^^^^^^^^^^^^^ the `Err`-variant is at least 288 bytes
     |
     = help: try reducing the size of `solver::m1_coupled::M1PhaseJoinControllerError`, for example by boxing large elements or replacing it with `Box<solver::m1_coupled::M1PhaseJoinControllerError>`
     = help: for further information visit https://rust-lang.github.io/rust-clippy/master/index.html#result_large_err

error: this function has too many arguments (9/7)
    --> crates/openwepp-land-surface-energy/src/solver_covered_evaluation/m1_coupled.rs:5305:1
     |
5305 | / fn m1_failure(
5306 | |     kind: crate::numerics::NumericalFailureKind,
5307 | |     iterations: u32,
5308 | |     input: &M1CoupledColumnInput,
...    |
5314 | |     matrix_norm: Option<f64>,
5315 | | ) -> M1CoupledError {
     | |___________________^
     |
     = help: for further information visit https://rust-lang.github.io/rust-clippy/master/index.html#too_many_arguments

error: the `Err`-variant returned from this function is very large
    --> crates/openwepp-land-surface-energy/src/solver_covered_evaluation/m1_coupled.rs:5374:6
     |
5374 | ) -> Result<Vec<f64>, M1CoupledError> {
     |      ^^^^^^^^^^^^^^^^^^^^^^^^^^^^^^^^
     |
    ::: crates/openwepp-land-surface-energy/src/solver_covered_evaluation.rs:784:5
     |
 784 |     Numerical(crate::numerics::NumericalFailure),
     |     -------------------------------------------- the largest variant contains at least 248 bytes
     |
     = help: try reducing the size of `solver::M1CoupledError`, for example by boxing large elements or replacing it with `Box<solver::M1CoupledError>`
     = help: for further information visit https://rust-lang.github.io/rust-clippy/master/index.html#result_large_err

error: the `Err`-variant returned from this function is very large
    --> crates/openwepp-land-surface-energy/src/solver_covered_evaluation/m1_coupled.rs:5403:6
     |
5403 | ) -> Result<M1CoupledEvaluation, M1CoupledError> {
     |      ^^^^^^^^^^^^^^^^^^^^^^^^^^^^^^^^^^^^^^^^^^^
     |
    ::: crates/openwepp-land-surface-energy/src/solver_covered_evaluation.rs:784:5
     |
 784 |     Numerical(crate::numerics::NumericalFailure),
     |     -------------------------------------------- the largest variant contains at least 248 bytes
     |
     = help: try reducing the size of `solver::M1CoupledError`, for example by boxing large elements or replacing it with `Box<solver::M1CoupledError>`
     = help: for further information visit https://rust-lang.github.io/rust-clippy/master/index.html#result_large_err

error: the `Err`-variant returned from this function is very large
    --> crates/openwepp-land-surface-energy/src/solver_covered_evaluation/m1_coupled.rs:5436:6
     |
5436 | ) -> Result<M1CoupledEvaluation, M1CoupledError> {
     |      ^^^^^^^^^^^^^^^^^^^^^^^^^^^^^^^^^^^^^^^^^^^
     |
    ::: crates/openwepp-land-surface-energy/src/solver_covered_evaluation.rs:784:5
     |
 784 |     Numerical(crate::numerics::NumericalFailure),
     |     -------------------------------------------- the largest variant contains at least 248 bytes
     |
     = help: try reducing the size of `solver::M1CoupledError`, for example by boxing large elements or replacing it with `Box<solver::M1CoupledError>`
     = help: for further information visit https://rust-lang.github.io/rust-clippy/master/index.html#result_large_err

error: unnecessary closure used to substitute value for `Option::None`
    --> crates/openwepp-land-surface-energy/src/solver_covered_evaluation/m1_coupled.rs:5470:20
     |
5470 |       let boundary = input
     |  ____________________^
5471 | |         .column
5472 | |         .stage3_lower_boundary
5473 | |         .as_ref()
5474 | |         .ok_or_else(|| LandSurfaceEnergyError::UnsupportedDomain("m1_diagnostic_envelope"))?;
     | |___________________________________________________________________________________________^
     |
     = help: for further information visit https://rust-lang.github.io/rust-clippy/master/index.html#unnecessary_lazy_evaluations
help: use `ok_or` instead
     |
5474 -         .ok_or_else(|| LandSurfaceEnergyError::UnsupportedDomain("m1_diagnostic_envelope"))?;
5474 +         .ok_or(LandSurfaceEnergyError::UnsupportedDomain("m1_diagnostic_envelope"))?;
     |

error: casting `u32` to `i32` may wrap around the value
    --> crates/openwepp-land-surface-energy/src/solver_covered_evaluation/m1_coupled.rs:5591:39
     |
5591 |             let factor = 0.5_f64.powi(exponent as i32);
     |                                       ^^^^^^^^^^^^^^^
     |
     = help: for further information visit https://rust-lang.github.io/rust-clippy/master/index.html#cast_possible_wrap
     = note: `-D clippy::cast-possible-wrap` implied by `-D warnings`
     = help: to override `-D warnings` add `#[allow(clippy::cast_possible_wrap)]`

error: the `Err`-variant returned from this function is very large
   --> crates/openwepp-land-surface-energy/src/solver_covered_evaluation.rs:853:6
    |
784 |     Numerical(crate::numerics::NumericalFailure),
    |     -------------------------------------------- the largest variant contains at least 248 bytes
...
853 | ) -> Result<M1ZeroParLeafState, M1CoupledError> {
    |      ^^^^^^^^^^^^^^^^^^^^^^^^^^^^^^^^^^^^^^^^^^
    |
    = help: try reducing the size of `solver::M1CoupledError`, for example by boxing large elements or replacing it with `Box<solver::M1CoupledError>`
    = help: for further information visit https://rust-lang.github.io/rust-clippy/master/index.html#result_large_err

error: casting `u128` to `f64` may cause a loss of precision (`u128` is 128 bits wide, but `f64`'s mantissa is only 52 bits wide)
    --> crates/openwepp-land-surface-energy/src/solver_covered_evaluation.rs:2367:29
     |
2367 |                         || ((exchange.end_ns - exchange.start_ns) as f64 / 1e9).to_bits()
     |                             ^^^^^^^^^^^^^^^^^^^^^^^^^^^^^^^^^^^^^^^^^^^^
     |
     = help: for further information visit https://rust-lang.github.io/rust-clippy/master/index.html#cast_precision_loss
     = note: `-D clippy::cast-precision-loss` implied by `-D warnings`
     = help: to override `-D warnings` add `#[allow(clippy::cast_precision_loss)]`

error: this argument (360 byte) is passed by value, but might be more efficient if passed by reference (limit: 256 byte)
   --> crates/openwepp-land-surface-energy/src/solver_litter_open.rs:164:16
    |
164 |         vapor: V3OpenVapor,
    |                ^^^^^^^^^^^ help: consider passing by reference instead: `&V3OpenVapor`
    |
    = help: for further information visit https://rust-lang.github.io/rust-clippy/master/index.html#large_types_passed_by_value
    = note: `-D clippy::large-types-passed-by-value` implied by `-D warnings`
    = help: to override `-D warnings` add `#[allow(clippy::large_types_passed_by_value)]`

error: adding items after statements is confusing, since items exist from the start of the scope
   --> crates/openwepp-land-surface-energy/src/solver_litter_open.rs:217:5
    |
217 | /     struct Detail {
218 | |         natural: Option<V3PhaseFreeOpenEvaluation>,
219 | |         branches: PhaseBranches,
220 | |     }
    | |_____^
    |
    = help: for further information visit https://rust-lang.github.io/rust-clippy/master/index.html#items_after_statements
    = note: `-D clippy::items-after-statements` implied by `-D warnings`
    = help: to override `-D warnings` add `#[allow(clippy::items_after_statements)]`

error: strict comparison of `f32` or `f64`
    --> crates/openwepp-land-surface-energy/src/transaction.rs:2211:12
     |
2211 |         && ground_vapor != boundary.vapor_to_canopy_air_kg_m2_s
     |            ^^^^^^^^^^^^^^^^^^^^^^^^^^^^^^^^^^^^^^^^^^^^^^^^^^^^ help: consider comparing them within some margin of error: `(ground_vapor - boundary.vapor_to_canopy_air_kg_m2_s).abs() > error_margin`
     |
     = help: for further information visit https://rust-lang.github.io/rust-clippy/master/index.html#float_cmp
     = note: `-D clippy::float-cmp` implied by `-D warnings`
     = help: to override `-D warnings` add `#[allow(clippy::float_cmp)]`

error: strict comparison of `f32` or `f64`
    --> crates/openwepp-land-surface-energy/src/transaction.rs:2219:12
     |
2219 |         && ground_sensible != boundary.sensible_to_canopy_air_w_m2
     |            ^^^^^^^^^^^^^^^^^^^^^^^^^^^^^^^^^^^^^^^^^^^^^^^^^^^^^^^ help: consider comparing them within some margin of error: `(ground_sensible - boundary.sensible_to_canopy_air_w_m2).abs() > error_margin`
     |
     = help: for further information visit https://rust-lang.github.io/rust-clippy/master/index.html#float_cmp

error: this method could have a `#[must_use]` attribute
    --> crates/openwepp-land-surface-energy/src/transaction.rs:2999:12
     |
2999 |     pub fn accuracy_observation_beginning(&self) -> &OpenSurfaceProblem {
     |            ^^^^^^^^^^^^^^^^^^^^^^^^^^^^^^
     |
     = help: for further information visit https://rust-lang.github.io/rust-clippy/master/index.html#must_use_candidate
     = note: `-D clippy::must-use-candidate` implied by `-D warnings`
     = help: to override `-D warnings` add `#[allow(clippy::must_use_candidate)]`
help: add the attribute
     |
2999 ~     #[must_use] 
3000 ~     pub fn accuracy_observation_beginning(&self) -> &OpenSurfaceProblem {
     |

error: this method could have a `#[must_use]` attribute
    --> crates/openwepp-land-surface-energy/src/transaction.rs:3006:12
     |
3006 |     pub fn accuracy_observation_beginning(&self) -> &CoveredColumnInputs {
     |            ^^^^^^^^^^^^^^^^^^^^^^^^^^^^^^
     |
     = help: for further information visit https://rust-lang.github.io/rust-clippy/master/index.html#must_use_candidate
help: add the attribute
     |
3006 ~     #[must_use] 
3007 ~     pub fn accuracy_observation_beginning(&self) -> &CoveredColumnInputs {
     |

error: usage of wildcard import
 --> crates/openwepp-land-surface-energy/src/transaction_v3_open.rs:4:5
  |
4 | use crate::*;
  |     ^^^^^^^^ help: try: `crate::{RuntimeTileIdentity, OpenSurfaceProblem, V3LitterResidualContext, V3PhaseFreeOpenEvaluation, PotentialWaterRequestBatch, V3PhaseSpecificVaporAuthorization, WaterProtocol, SoilThermalTileCandidate, OwnerRollbackHash, NormalizedSolveOutcome, LandSurfaceEnergyError, SurfaceClass, SurfaceClassKind, WaterSourceType, LitterPhaseConfiguration, BeginningLitterPhaseState, solve_v3_phase_free_open_surface, WaterAmount, Sha256Digest, WaterAuthorization, SoilThermalFinalizationBeginning, validate_ground_heat_join}`
  |
  = help: for further information visit https://rust-lang.github.io/rust-clippy/master/index.html#wildcard_imports

error: this method could have a `#[must_use]` attribute
  --> crates/openwepp-land-surface-energy/src/transaction_v3_open.rs:15:12
   |
15 |     pub fn identity(&self) -> &RuntimeTileIdentity {
   |            ^^^^^^^^
   |
   = help: for further information visit https://rust-lang.github.io/rust-clippy/master/index.html#must_use_candidate
help: add the attribute
   |
15 ~     #[must_use] 
16 ~     pub fn identity(&self) -> &RuntimeTileIdentity {
   |

error: this method could have a `#[must_use]` attribute
  --> crates/openwepp-land-surface-energy/src/transaction_v3_open.rs:18:12
   |
18 |     pub fn accepted(&self) -> &V3PhaseFreeOpenEvaluation {
   |            ^^^^^^^^
   |
   = help: for further information visit https://rust-lang.github.io/rust-clippy/master/index.html#must_use_candidate
help: add the attribute
   |
18 ~     #[must_use] 
19 ~     pub fn accepted(&self) -> &V3PhaseFreeOpenEvaluation {
   |

error: this method could have a `#[must_use]` attribute
  --> crates/openwepp-land-surface-energy/src/transaction_v3_open.rs:21:12
   |
21 |     pub fn request_batch(&self) -> &PotentialWaterRequestBatch {
   |            ^^^^^^^^^^^^^
   |
   = help: for further information visit https://rust-lang.github.io/rust-clippy/master/index.html#must_use_candidate
help: add the attribute
   |
21 ~     #[must_use] 
22 ~     pub fn request_batch(&self) -> &PotentialWaterRequestBatch {
   |

error: this method could have a `#[must_use]` attribute
   --> crates/openwepp-land-surface-energy/src/transaction_v3_open.rs:359:12
    |
359 |     pub fn accuracy_observation_beginning(&self) -> &OpenSurfaceProblem {
    |            ^^^^^^^^^^^^^^^^^^^^^^^^^^^^^^
    |
    = help: for further information visit https://rust-lang.github.io/rust-clippy/master/index.html#must_use_candidate
help: add the attribute
    |
359 ~     #[must_use] 
360 ~     pub fn accuracy_observation_beginning(&self) -> &OpenSurfaceProblem {
    |

error: docs for function returning `Result` missing `# Errors` section
  --> crates/openwepp-land-surface-energy/src/transparent_canopy.rs:45:5
   |
45 | /     pub fn try_new(
46 | |         forcing: &LandSurfaceForcing,
47 | |         ofe_id: &OfeId,
48 | |         tile_id: &TileId,
49 | |         tile_fraction: f64,
50 | |     ) -> Result<Self, LandSurfaceEnergyError> {
   | |_____________________________________________^
   |
   = help: for further information visit https://rust-lang.github.io/rust-clippy/master/index.html#missing_errors_doc

error: docs for function returning `Result` missing `# Errors` section
   --> crates/openwepp-land-surface-energy/src/transparent_canopy.rs:109:5
    |
109 | /     pub fn validate_against_actual_forcing(
110 | |         &self,
111 | |         forcing: &LandSurfaceForcing,
112 | |         ofe: &OfeId,
113 | |         tile: &TileId,
114 | |         fraction: f64,
115 | |     ) -> Result<(), LandSurfaceEnergyError> {
    | |___________________________________________^
    |
    = help: for further information visit https://rust-lang.github.io/rust-clippy/master/index.html#missing_errors_doc

error: assigning the result of `Clone::clone()` may be inefficient
   --> crates/openwepp-land-surface-energy/src/transparent_canopy.rs:117:9
    |
117 |         expected.configuration_sha256 = self.configuration_sha256.clone();
    |         ^^^^^^^^^^^^^^^^^^^^^^^^^^^^^^^^^^^^^^^^^^^^^^^^^^^^^^^^^^^^^^^^^ help: use `clone_from()`: `expected.configuration_sha256.clone_from(&self.configuration_sha256)`
    |
    = help: for further information visit https://rust-lang.github.io/rust-clippy/master/index.html#assigning_clones
    = note: `-D clippy::assigning-clones` implied by `-D warnings`
    = help: to override `-D warnings` add `#[allow(clippy::assigning_clones)]`

error: this method could have a `#[must_use]` attribute
   --> crates/openwepp-land-surface-energy/src/transparent_canopy.rs:136:12
    |
136 |     pub fn is_wholly_transparent_canopy(&self) -> bool {
    |            ^^^^^^^^^^^^^^^^^^^^^^^^^^^^
    |
    = help: for further information visit https://rust-lang.github.io/rust-clippy/master/index.html#must_use_candidate
help: add the attribute
    |
136 ~     #[must_use] 
137 ~     pub fn is_wholly_transparent_canopy(&self) -> bool {
    |

error: docs for function returning `Result` missing `# Errors` section
   --> crates/openwepp-land-surface-energy/src/transparent_canopy.rs:151:5
    |
151 | /     pub fn bind_transparent_liquid(
152 | |         &mut self,
153 | |         forcing: &LandSurfaceForcing,
154 | |         identity: &RuntimeTileIdentity,
155 | |     ) -> Result<(), LandSurfaceEnergyError> {
    | |___________________________________________^
    |
    = help: for further information visit https://rust-lang.github.io/rust-clippy/master/index.html#missing_errors_doc

error: docs for function returning `Result` missing `# Errors` section
   --> crates/openwepp-land-surface-energy/src/transparent_canopy.rs:171:5
    |
171 | /     pub fn validate_transparent_liquid(
172 | |         &self,
173 | |         identity: Option<&RuntimeTileIdentity>,
174 | |     ) -> Result<(), LandSurfaceEnergyError> {
    | |___________________________________________^
    |
    = help: for further information visit https://rust-lang.github.io/rust-clippy/master/index.html#missing_errors_doc

error: unused `self` argument
   --> crates/openwepp-land-surface-energy/src/transparent_canopy.rs:212:47
    |
212 |     pub(crate) fn inactive_component_anchor_k(&self, component: usize, canopy: f64) -> f64 {
    |                                               ^^^^^
    |
    = help: consider refactoring to an associated function
    = help: for further information visit https://rust-lang.github.io/rust-clippy/master/index.html#unused_self
    = note: `-D clippy::unused-self` implied by `-D warnings`
    = help: to override `-D warnings` add `#[allow(clippy::unused_self)]`

error: this `if` statement can be collapsed
   --> crates/openwepp-land-surface-energy/src/transparent_canopy.rs:333:9
    |
333 | /         if l.transparent_passage.is_some() {
334 | |             if l.stemflow_kg_m2_tile.to_bits()
335 | |                 != product(occupancy.stemflow_fraction, l.incident_rain_kg_m2_tile)?.to_bits()
336 | |                 || l.throughfall_kg_m2_tile.to_bits()
...   |
347 | |         }
    | |_________^
    |
    = help: for further information visit https://rust-lang.github.io/rust-clippy/master/index.html#collapsible_if
    = note: `-D clippy::collapsible-if` implied by `-D warnings`
    = help: to override `-D warnings` add `#[allow(clippy::collapsible_if)]`
help: collapse nested if block
    |
333 ~         if l.transparent_passage.is_some()
334 ~             && (l.stemflow_kg_m2_tile.to_bits()
335 |                 != product(occupancy.stemflow_fraction, l.incident_rain_kg_m2_tile)?.to_bits()
...
340 |                     )?
341 ~                     .to_bits())
342 |             {
...
345 |                 ));
346 ~             }
    |

error: docs for function returning `Result` missing `# Errors` section
   --> crates/openwepp-land-surface-energy/src/transparent_canopy.rs:355:5
    |
355 | /     pub fn rebind_transparent_liquid_native_configuration(
356 | |         &mut self,
357 | |         forcing: &LandSurfaceForcing,
358 | |         predecessor: &RuntimeTileIdentity,
359 | |         native: &RuntimeTileIdentity,
360 | |     ) -> Result<(), LandSurfaceEnergyError> {
    | |___________________________________________^
    |
    = help: for further information visit https://rust-lang.github.io/rust-clippy/master/index.html#missing_errors_doc

error: could not compile `openwepp-land-surface-energy` (lib) due to 71 previous errors
warning: build failed, waiting for other jobs to finish...
error: unused variable: `solution`
    --> crates/openwepp-land-surface-energy/src/m1_trust_region_stage1.rs:4133:5
     |
4133 |     solution: &FaceSolution,
     |     ^^^^^^^^ help: if this is intentional, prefix it with an underscore: `_solution`

error: variable does not need to be mutable
    --> crates/openwepp-land-surface-energy/src/m1_trust_region_stage1.rs:6463:13
     |
6463 |         Err(mut refusal) => {
     |             ----^^^^^^^
     |             |
     |             help: remove this `mut`
     |
     = note: `-D unused-mut` implied by `-D warnings`
     = help: to override `-D warnings` add `#[allow(unused_mut)]`

error: unused variable: `solution`
    --> crates/openwepp-land-surface-energy/src/m1_trust_region_stage1.rs:9230:5
     |
9230 |     solution: &FaceSolution,
     |     ^^^^^^^^ help: if this is intentional, prefix it with an underscore: `_solution`

error: unused variable: `prepared`
    --> crates/openwepp-land-surface-energy/src/m1_trust_region_stage1.rs:9231:5
     |
9231 |     prepared: &PreparedSubproblem,
     |     ^^^^^^^^ help: if this is intentional, prefix it with an underscore: `_prepared`

error: unused variable: `bvls05_reused`
    --> crates/openwepp-land-surface-energy/src/m1_trust_region_stage1.rs:9328:9
     |
9328 |     let bvls05_reused = certificate_cache.is_some();
     |         ^^^^^^^^^^^^^ help: if this is intentional, prefix it with an underscore: `_bvls05_reused`

Some errors have detailed explanations: E0063, E0308, E0425, E0599.
For more information about an error, try `rustc --explain E0063`.
error: could not compile `openwepp-land-surface-energy` (lib test) due to 45 previous errors
