warning: Git tree '/workdir/openWEPP' is dirty
   Compiling openwepp-land-surface-energy v0.1.0 (/home/roger/openwepp-experiments/cold-canopy-m1-20260920/crates/openwepp-land-surface-energy)
error[E0425]: cannot find type `M1TrustRegionSubproblemInput` in this scope
     --> crates/openwepp-land-surface-energy/src/m1_trust_region_stage1.rs:11715:39
      |
11715 |     fn bvls05_captured_g4_input() -> (M1TrustRegionSubproblemInput, Vec<Vec<f64>>) {
      |                                       ^^^^^^^^^^^^^^^^^^^^^^^^^^^^ not found in this scope
      |
help: consider importing this struct
      |
11141 +     use crate::M1TrustRegionSubproblemInput;
      |

error[E0422]: cannot find struct, variant or union type `M1TrustRegionSubproblemInput` in this scope
     --> crates/openwepp-land-surface-energy/src/m1_trust_region_stage1.rs:11764:13
      |
11764 |             M1TrustRegionSubproblemInput {
      |             ^^^^^^^^^^^^^^^^^^^^^^^^^^^^ not found in this scope
      |
help: consider importing this struct
      |
11141 +     use crate::M1TrustRegionSubproblemInput;
      |

error[E0422]: cannot find struct, variant or union type `M1TrustRegionTestWorkState` in this scope
     --> crates/openwepp-land-surface-energy/src/m1_trust_region_stage1.rs:11777:28
      |
11777 |                 test_work: M1TrustRegionTestWorkState {
      |                            ^^^^^^^^^^^^^^^^^^^^^^^^^^ not found in this scope
      |
help: consider importing this struct
      |
11141 +     use crate::M1TrustRegionTestWorkState;
      |

error[E0433]: cannot find type `M1TrustRegionTestWorkState` in this scope
     --> crates/openwepp-land-surface-energy/src/m1_trust_region_stage1.rs:11779:23
      |
11779 |                     ..M1TrustRegionTestWorkState::default()
      |                       ^^^^^^^^^^^^^^^^^^^^^^^^^^ use of undeclared type `M1TrustRegionTestWorkState`
      |
help: consider importing this struct
      |
11141 +     use crate::M1TrustRegionTestWorkState;
      |

error[E0425]: cannot find type `M1TrustRegionSubproblemInput` in this scope
     --> crates/openwepp-land-surface-energy/src/m1_trust_region_stage1.rs:11786:35
      |
11786 |     fn bvls05_diagonal_input() -> M1TrustRegionSubproblemInput {
      |                                   ^^^^^^^^^^^^^^^^^^^^^^^^^^^^ not found in this scope
      |
help: consider importing this struct
      |
11141 +     use crate::M1TrustRegionSubproblemInput;
      |

error[E0422]: cannot find struct, variant or union type `M1TrustRegionSubproblemInput` in this scope
     --> crates/openwepp-land-surface-energy/src/m1_trust_region_stage1.rs:11793:9
      |
11793 |         M1TrustRegionSubproblemInput {
      |         ^^^^^^^^^^^^^^^^^^^^^^^^^^^^ not found in this scope
      |
help: consider importing this struct
      |
11141 +     use crate::M1TrustRegionSubproblemInput;
      |

error[E0422]: cannot find struct, variant or union type `M1TrustRegionTestWorkState` in this scope
     --> crates/openwepp-land-surface-energy/src/m1_trust_region_stage1.rs:11802:24
      |
11802 |             test_work: M1TrustRegionTestWorkState {
      |                        ^^^^^^^^^^^^^^^^^^^^^^^^^^ not found in this scope
      |
help: consider importing this struct
      |
11141 +     use crate::M1TrustRegionTestWorkState;
      |

error[E0433]: cannot find type `M1TrustRegionTestWorkState` in this scope
     --> crates/openwepp-land-surface-energy/src/m1_trust_region_stage1.rs:11804:19
      |
11804 |                 ..M1TrustRegionTestWorkState::default()
      |                   ^^^^^^^^^^^^^^^^^^^^^^^^^^ use of undeclared type `M1TrustRegionTestWorkState`
      |
help: consider importing this struct
      |
11141 +     use crate::M1TrustRegionTestWorkState;
      |

error[E0425]: cannot find type `M1TrustRegionSubproblemInput` in this scope
     --> crates/openwepp-land-surface-energy/src/m1_trust_region_stage1.rs:11819:29
      |
11819 |     fn bvls05_roles(input: &M1TrustRegionSubproblemInput) -> [super::Bvls05RoleInput; 6] {
      |                             ^^^^^^^^^^^^^^^^^^^^^^^^^^^^ not found in this scope
      |
help: consider importing this struct
      |
11141 +     use crate::M1TrustRegionSubproblemInput;
      |

error[E0433]: cannot find type `M1TrustRegionRefusalKind` in this scope
     --> crates/openwepp-land-surface-energy/src/m1_trust_region_stage1.rs:11977:13
      |
11977 |             M1TrustRegionRefusalKind::SvdNonFinite
      |             ^^^^^^^^^^^^^^^^^^^^^^^^ use of undeclared type `M1TrustRegionRefusalKind`
      |
help: consider importing this enum
      |
11141 +     use crate::M1TrustRegionRefusalKind;
      |

error[E0433]: cannot find type `M1TrustRegionRefusalKind` in this scope
     --> crates/openwepp-land-surface-energy/src/m1_trust_region_stage1.rs:11986:13
      |
11986 |             M1TrustRegionRefusalKind::SvdNonFinite
      |             ^^^^^^^^^^^^^^^^^^^^^^^^ use of undeclared type `M1TrustRegionRefusalKind`
      |
help: consider importing this enum
      |
11141 +     use crate::M1TrustRegionRefusalKind;
      |

warning: unused imports: `M1TrustRegionRefusalKind`, `M1TrustRegionSubproblemInput`, and `M1TrustRegionTestWorkState`
   --> crates/openwepp-land-surface-energy/src/m1_trust_region_stage1.rs:265:40
    |
265 |         M1TrustRegionRefinementReason, M1TrustRegionRefusalKind, M1TrustRegionSubproblemInput,
    |                                        ^^^^^^^^^^^^^^^^^^^^^^^^  ^^^^^^^^^^^^^^^^^^^^^^^^^^^^
266 |         M1TrustRegionTestWorkState,
    |         ^^^^^^^^^^^^^^^^^^^^^^^^^^
    |
    = note: `#[warn(unused_imports)]` (part of `#[warn(unused)]`) on by default

error[E0689]: can't call method `to_bits` on ambiguous numeric type `{float}`
     --> crates/openwepp-land-surface-energy/src/m1_trust_region_stage1.rs:12038:57
      |
12038 |         assert_eq!(scattered[1].to_bits(), held_step[1].to_bits());
      |                                                         ^^^^^^^

error[E0689]: can't call method `to_bits` on ambiguous numeric type `{float}`
     --> crates/openwepp-land-surface-energy/src/m1_trust_region_stage1.rs:12039:57
      |
12039 |         assert_eq!(scattered[2].to_bits(), held_step[2].to_bits());
      |                                                         ^^^^^^^

Some errors have detailed explanations: E0422, E0425, E0433, E0689.
For more information about an error, try `rustc --explain E0422`.
warning: `openwepp-land-surface-energy` (lib test) generated 1 warning
error: could not compile `openwepp-land-surface-energy` (lib test) due to 13 previous errors; 1 warning emitted
error: command `/nix/store/rai05nypxnmj22l65nwsk5xjsaq8s4vc-cargo-1.95.0/bin/cargo test --no-run --message-format json-render-diagnostics --package openwepp-land-surface-energy --lib --features m1-trust-region-controller-stage,m1-trust-region-analytic-stage,m1-trust-region-physical-stage` exited with code 101
