patching file Cargo.lock
patching file crates/openwepp-hillslope-orchestrator/src/canonical_owner_bytes.rs
patching file crates/openwepp-hillslope-orchestrator/src/land_surface_energy_shadow/m1_coupled_expected_red.rs
patching file crates/openwepp-hillslope-orchestrator/src/land_surface_energy_shadow/m1_fixed_sequence_provider.rs
patching file crates/openwepp-hillslope-orchestrator/src/land_surface_energy_shadow/m1_fixed_sequence_provider_controls.rs
patching file crates/openwepp-hillslope-orchestrator/src/land_surface_energy_shadow/m1_provider_parent_controls.rs
patching file crates/openwepp-hillslope-orchestrator/src/land_surface_energy_shadow/m1_receiver.rs
patching file crates/openwepp-hillslope-orchestrator/src/land_surface_energy_shadow/mod.rs
patching file crates/openwepp-hillslope-orchestrator/src/land_surface_energy_shadow/multi_tile_runtime.rs
patching file crates/openwepp-hillslope-orchestrator/src/land_surface_energy_shadow/v8_input_projection.rs
patching file crates/openwepp-hillslope-orchestrator/src/v9_real_consumer_shadow.rs
patching file crates/openwepp-hillslope-orchestrator/src/v9_real_consumer_shadow_soil_thermal.rs
patching file crates/openwepp-hillslope-orchestrator/src/vegetation_real_hydrology_shadow.rs
patching file crates/openwepp-land-surface-energy/Cargo.toml
patching file crates/openwepp-land-surface-energy/src/covered_natural_limit_diagnostic_parity_tests.rs
patching file crates/openwepp-land-surface-energy/src/covered_oracle_conformance_tests.rs
patching file crates/openwepp-land-surface-energy/src/diagnostics.rs
patching file crates/openwepp-land-surface-energy/src/error.rs
patching file crates/openwepp-land-surface-energy/src/lib.rs
patching file crates/openwepp-land-surface-energy/src/m1_coupled_tests.rs
patching file crates/openwepp-land-surface-energy/src/m1_liquid_routing.rs
patching file crates/openwepp-land-surface-energy/src/m1_trust_region_controller.rs
patching file crates/openwepp-land-surface-energy/src/m1_trust_region_controller_interface.rs
patching file crates/openwepp-land-surface-energy/src/m1_trust_region_stage1.rs
patching file crates/openwepp-land-surface-energy/src/m1_trust_region_stage2_controls.rs
patching file crates/openwepp-land-surface-energy/src/m1_zero_par_tests.rs
patching file crates/openwepp-land-surface-energy/src/numerics.rs
patching file crates/openwepp-land-surface-energy/src/solver_covered_evaluation.rs
patching file crates/openwepp-land-surface-energy/src/solver_covered_evaluation/m1_coupled.rs
patching file crates/openwepp-land-surface-energy/src/solver_covered_evaluation/m1_hydraulics.rs
patching file crates/openwepp-land-surface-energy/src/state.rs
patching file crates/openwepp-land-surface-energy/src/transaction.rs
patching file crates/openwepp-land-surface-energy/src/transaction_tests.rs
patching file crates/openwepp-vegetation/src/cold_canopy_m1.rs
patching file crates/openwepp-vegetation/src/cold_canopy_m1_owner.rs
patching file crates/openwepp-vegetation/src/energy.rs
patching file crates/openwepp-vegetation/src/lib.rs
patching file crates/openwepp-vegetation/src/v11.rs
patching file crates/openwepp-vegetation/src/v11_tests.rs
patching file crates/openwepp-vegetation/src/v8_state.rs
patching file crates/openwepp-vegetation/tests/cold_canopy_m1_expected_red.rs
