warning: Git tree '/workdir/openWEPP' is dirty
   Compiling crc32fast v1.5.0
   Compiling hashbrown v0.17.1
   Compiling equivalent v1.0.2
   Compiling ryu v1.0.23
   Compiling indexmap v2.14.0
   Compiling adler2 v2.0.1
   Compiling unsafe-libyaml v0.2.11
   Compiling simd-adler32 v0.3.9
   Compiling miniz_oxide v0.8.9
   Compiling serde_yaml v0.9.34+deprecated
   Compiling flate2 v1.1.9
   Compiling openwepp-management-schema v0.1.0 (/home/roger/openwepp-experiments/cold-canopy-m1-20260920/crates/openwepp-management-schema)
   Compiling libm v0.2.16
   Compiling openwepp-input-contract v0.1.0 (/home/roger/openwepp-experiments/cold-canopy-m1-20260920/crates/openwepp-input-contract)
   Compiling openwepp-climate-runtime-adapter v0.1.0 (/home/roger/openwepp-experiments/cold-canopy-m1-20260920/crates/openwepp-climate-runtime-adapter)
   Compiling openwepp-land-surface-energy v0.1.0 (/home/roger/openwepp-experiments/cold-canopy-m1-20260920/crates/openwepp-land-surface-energy)
   Compiling openwepp-topology v0.1.0 (/home/roger/openwepp-experiments/cold-canopy-m1-20260920/crates/openwepp-topology)
   Compiling openwepp-meteorology v0.1.0 (/home/roger/openwepp-experiments/cold-canopy-m1-20260920/crates/openwepp-meteorology)
   Compiling openwepp-plant-phenology v0.1.0 (/home/roger/openwepp-experiments/cold-canopy-m1-20260920/crates/openwepp-plant-phenology)
   Compiling openwepp-hillslope-orchestrator v0.1.0 (/home/roger/openwepp-experiments/cold-canopy-m1-20260920/crates/openwepp-hillslope-orchestrator)
error[E0432]: unresolved imports `openwepp_land_surface_energy::M1CoupledDiagnosticRequest`, `openwepp_land_surface_energy::M1CoupledEvaluation`, `openwepp_land_surface_energy::M1PhaseReservoirInput`, `openwepp_land_surface_energy::evaluate_m1_coupled_diagnostic`
 --> crates/openwepp-hillslope-orchestrator/src/land_surface_energy_shadow/m1_coupled_expected_red.rs:8:5
  |
8 |     M1CoupledDiagnosticRequest, M1CoupledEvaluation, M1PhaseReservoirInput,
  |     ^^^^^^^^^^^^^^^^^^^^^^^^^^  ^^^^^^^^^^^^^^^^^^^  ^^^^^^^^^^^^^^^^^^^^^ no `M1PhaseReservoirInput` in the root
  |     |                           |
  |     |                           no `M1CoupledEvaluation` in the root
  |     no `M1CoupledDiagnosticRequest` in the root
9 |     evaluate_m1_coupled_diagnostic,
  |     ^^^^^^^^^^^^^^^^^^^^^^^^^^^^^^ no `evaluate_m1_coupled_diagnostic` in the root

warning: unused import: `DirectRunConstructorInputs`
   --> crates/openwepp-hillslope-orchestrator/src/v9_real_consumer_shadow.rs:109:13
    |
109 | use crate::{DirectRunConstructorInputs, vegetation_real_hydrology_shadow::RealHydrologyOfeLaneId};
    |             ^^^^^^^^^^^^^^^^^^^^^^^^^^
    |
    = note: `#[warn(unused_imports)]` (part of `#[warn(unused)]`) on by default

warning: unused import: `v11_covered::physical_outcome_ledger::TerminalSnowSoilHeatReceiptV1`
   --> crates/openwepp-hillslope-orchestrator/src/v9_real_consumer_shadow.rs:131:16
    |
131 | pub(crate) use v11_covered::physical_outcome_ledger::TerminalSnowSoilHeatReceiptV1;
    |                ^^^^^^^^^^^^^^^^^^^^^^^^^^^^^^^^^^^^^^^^^^^^^^^^^^^^^^^^^^^^^^^^^^^

For more information about this error, try `rustc --explain E0432`.
warning: `openwepp-hillslope-orchestrator` (lib test) generated 2 warnings
error: could not compile `openwepp-hillslope-orchestrator` (lib test) due to 1 previous error; 2 warnings emitted
error: command `/nix/store/rai05nypxnmj22l65nwsk5xjsaq8s4vc-cargo-1.95.0/bin/cargo test --no-run --message-format json-render-diagnostics --package openwepp-hillslope-orchestrator --lib` exited with code 101
