warning: Git tree '/workdir/openWEPP' is dirty
   Compiling openwepp-hillslope-orchestrator v0.1.0 (/home/roger/openwepp-experiments/cold-canopy-m1-20260920/crates/openwepp-hillslope-orchestrator)
error[E0432]: unresolved imports `openwepp_land_surface_energy::M1CoupledColumnInput`, `openwepp_land_surface_energy::M1CoupledColumnTrial`, `openwepp_land_surface_energy::M1CoupledEvaluation`, `openwepp_land_surface_energy::M1PhaseReservoirInput`, `openwepp_land_surface_energy::M1SupportConditions`, `openwepp_land_surface_energy::evaluate_m1_coupled_column`, `openwepp_land_surface_energy::solve_m1_coupled_column`
  --> crates/openwepp-hillslope-orchestrator/src/land_surface_energy_shadow/m1_coupled_expected_red.rs:12:49
   |
12 |     BandDirectionalFluxes, CoveredColumnInputs, M1CoupledColumnInput, M1CoupledColumnTrial,
   |                                                 ^^^^^^^^^^^^^^^^^^^^  ^^^^^^^^^^^^^^^^^^^^ no `M1CoupledColumnTrial` in the root
   |                                                 |
   |                                                 no `M1CoupledColumnInput` in the root
13 |     M1CoupledEvaluation, M1PhaseReservoirInput, M1SupportConditions, evaluate_m1_coupled_column,
   |     ^^^^^^^^^^^^^^^^^^^  ^^^^^^^^^^^^^^^^^^^^^  ^^^^^^^^^^^^^^^^^^^  ^^^^^^^^^^^^^^^^^^^^^^^^^^ no `evaluate_m1_coupled_column` in the root
   |     |                    |                      |
   |     |                    |                      no `M1SupportConditions` in the root
   |     |                    no `M1PhaseReservoirInput` in the root
   |     no `M1CoupledEvaluation` in the root
14 |     solve_m1_coupled_column,
   |     ^^^^^^^^^^^^^^^^^^^^^^^ no `solve_m1_coupled_column` in the root
   |
help: a similar name exists in the module
   |
12 -     BandDirectionalFluxes, CoveredColumnInputs, M1CoupledColumnInput, M1CoupledColumnTrial,
12 +     BandDirectionalFluxes, CoveredColumnInputs, CoveredColumnInputs, M1CoupledColumnTrial,
   |
help: a similar name exists in the module
   |
13 -     M1CoupledEvaluation, M1PhaseReservoirInput, M1SupportConditions, evaluate_m1_coupled_column,
13 +     M1CoupledEvaluation, M1PhaseReservoirInput, M1SupportConditions, evaluate_covered_column,
   |
help: a similar name exists in the module
   |
14 -     solve_m1_coupled_column,
14 +     solve_covered_column,
   |

error[E0432]: unresolved imports `super::M1PrescribedRoutingControl`, `super::M1ReceiverFailureInjection`, `super::execute_m1_cold_canopy_receiver_diagnostic`
 --> crates/openwepp-hillslope-orchestrator/src/land_surface_energy_shadow/m1_coupled_expected_red.rs:7:44
  |
7 |     LandSurfaceEnergyRealHydrologyAdapter, M1PrescribedRoutingControl, M1ReceiverFailureInjection,
  |                                            ^^^^^^^^^^^^^^^^^^^^^^^^^^  ^^^^^^^^^^^^^^^^^^^^^^^^^^ no `M1ReceiverFailureInjection` in `land_surface_energy_shadow`
  |                                            |
  |                                            no `M1PrescribedRoutingControl` in `land_surface_energy_shadow`
8 |     V8RollbackSnapshot, endpoint_fixture, execute_m1_cold_canopy_receiver_diagnostic,
  |                                           ^^^^^^^^^^^^^^^^^^^^^^^^^^^^^^^^^^^^^^^^^^ no `execute_m1_cold_canopy_receiver_diagnostic` in `land_surface_energy_shadow`

error[E0425]: cannot find type `M1ColumnLiquidRoutingInput` in this scope
   --> crates/openwepp-hillslope-orchestrator/src/land_surface_energy_shadow/m1_coupled_expected_red.rs:444:34
    |
444 | fn prescribed_routing_input() -> M1ColumnLiquidRoutingInput {
    |                                  ^^^^^^^^^^^^^^^^^^^^^^^^^^ not found in this scope

error[E0422]: cannot find struct, variant or union type `M1RoutingOccupancyInput` in this scope
   --> crates/openwepp-hillslope-orchestrator/src/land_surface_energy_shadow/m1_coupled_expected_red.rs:451:9
    |
451 |         M1RoutingOccupancyInput {
    |         ^^^^^^^^^^^^^^^^^^^^^^^ not found in this scope

error[E0422]: cannot find struct, variant or union type `M1RoutingOccupancyInput` in this scope
   --> crates/openwepp-hillslope-orchestrator/src/land_surface_energy_shadow/m1_coupled_expected_red.rs:463:9
    |
463 |         M1RoutingOccupancyInput {
    |         ^^^^^^^^^^^^^^^^^^^^^^^ not found in this scope

warning: unused import: `DirectRunConstructorInputs`
   --> crates/openwepp-hillslope-orchestrator/src/v9_real_consumer_shadow.rs:109:13
    |
109 | use crate::{DirectRunConstructorInputs, vegetation_real_hydrology_shadow::RealHydrologyOfeLaneId};
    |             ^^^^^^^^^^^^^^^^^^^^^^^^^^
    |
    = note: `#[warn(unused_imports)]` (part of `#[warn(unused)]`) on by default

warning: unused import: `v11_covered::physical_outcome_ledger::TerminalSnowSoilHeatReceiptV1`
   --> crates/openwepp-hillslope-orchestrator/src/v9_real_consumer_shadow.rs:131:16
    |
131 | pub(crate) use v11_covered::physical_outcome_ledger::TerminalSnowSoilHeatReceiptV1;
    |                ^^^^^^^^^^^^^^^^^^^^^^^^^^^^^^^^^^^^^^^^^^^^^^^^^^^^^^^^^^^^^^^^^^^

error[E0433]: cannot find type `M1ColumnLiquidRoutingInput` in this scope
   --> crates/openwepp-hillslope-orchestrator/src/land_surface_energy_shadow/m1_coupled_expected_red.rs:450:5
    |
450 |     M1ColumnLiquidRoutingInput::new(
    |     ^^^^^^^^^^^^^^^^^^^^^^^^^^ use of undeclared type `M1ColumnLiquidRoutingInput`

error[E0425]: cannot find function `route_m1_column_liquid` in this scope
   --> crates/openwepp-hillslope-orchestrator/src/land_surface_energy_shadow/m1_coupled_expected_red.rs:611:18
    |
611 |     let routed = route_m1_column_liquid(&prescribed_routing_input()).expect("shared geometry");
    |                  ^^^^^^^^^^^^^^^^^^^^^^ not found in this scope

Some errors have detailed explanations: E0422, E0425, E0432, E0433.
For more information about an error, try `rustc --explain E0422`.
warning: `openwepp-hillslope-orchestrator` (lib test) generated 2 warnings
error: could not compile `openwepp-hillslope-orchestrator` (lib test) due to 7 previous errors; 2 warnings emitted
error: command `/nix/store/rai05nypxnmj22l65nwsk5xjsaq8s4vc-cargo-1.95.0/bin/cargo test --no-run --message-format json-render-diagnostics --package openwepp-hillslope-orchestrator --lib` exited with code 101
