warning: Git tree '/workdir/openWEPP' is dirty
    Finished `test` profile [unoptimized + debuginfo] target(s) in 0.03s
────────────
 Nextest run ID 77ecb9b4-e101-44d1-8cf4-ebb3181ea386 with nextest profile: default
    Starting 31 tests across 1 binary (327 tests skipped)
  stdout ───

    running 1 test
    test m1_trust_region_stage1::finite_precision_controls::expected_red_nonfinite_kkt_operand_has_typed_optimality_refusal ... ok

    test result: ok. 1 passed; 0 failed; 0 ignored; 0 measured; 357 filtered out; finished in 0.00s


  stdout ───

    running 1 test
    test m1_trust_region_stage1::finite_precision_controls::expected_red_overflow_kkt_operand_has_typed_optimality_refusal ... ok

    test result: ok. 1 passed; 0 failed; 0 ignored; 0 measured; 357 filtered out; finished in 0.00s


  stdout ───

    running 1 test
    test m1_trust_region_stage1::finite_precision_controls::expected_red_cbar_overflow_has_typed_02_transition_metadata ... ok

    test result: ok. 1 passed; 0 failed; 0 ignored; 0 measured; 357 filtered out; finished in 0.00s


  stdout ───

    running 1 test
    test m1_trust_region_stage1::finite_precision_controls::expected_red_cancellation_band_is_stable_under_coordinate_permutation ... ok

    test result: ok. 1 passed; 0 failed; 0 ignored; 0 measured; 357 filtered out; finished in 0.00s


  stdout ───

    running 1 test
    test m1_trust_region_stage1::finite_precision_controls::expected_red_negative_lambda_has_typed_optimality_refusal ... ok

    test result: ok. 1 passed; 0 failed; 0 ignored; 0 measured; 357 filtered out; finished in 0.00s


  stdout ───

    running 1 test
    test m1_trust_region_stage1::finite_precision_controls::expected_red_cancellation_band_must_not_release_on_sign_alone ... ok

    test result: ok. 1 passed; 0 failed; 0 ignored; 0 measured; 357 filtered out; finished in 0.00s


  stdout ───

    running 1 test
    test m1_trust_region_stage1::finite_precision_controls::expected_red_cancellation_band_is_stable_at_diagonal_scale ... ok

    test result: ok. 1 passed; 0 failed; 0 ignored; 0 measured; 357 filtered out; finished in 0.00s


        FAIL [   0.008s] ( 8/31) openwepp-land-surface-energy m1_trust_region_stage1::finite_precision_controls::expected_red_free_stationarity_capture_retains_real_face_metadata
  stdout ───

    running 1 test
    test m1_trust_region_stage1::finite_precision_controls::expected_red_free_stationarity_capture_retains_real_face_metadata ... FAILED

    failures:

    failures:
        m1_trust_region_stage1::finite_precision_controls::expected_red_free_stationarity_capture_retains_real_face_metadata

    test result: FAILED. 0 passed; 1 failed; 0 ignored; 0 measured; 357 filtered out; finished in 0.00s

  stderr ───

    thread 'm1_trust_region_stage1::finite_precision_controls::expected_red_free_stationarity_capture_retains_real_face_metadata' (387553) panicked at crates/openwepp-land-surface-energy/src/m1_trust_region_stage1.rs:4112:58:
    shared free-stationarity capture
    note: run with `RUST_BACKTRACE=1` environment variable to display a backtrace

        FAIL [   0.008s] ( 9/31) openwepp-land-surface-energy m1_trust_region_stage1::finite_precision_controls::expected_red_nonfinite_transition_capture_records_typed_refusal_without_mutation
  stdout ───

    running 1 test
    test m1_trust_region_stage1::finite_precision_controls::expected_red_nonfinite_transition_capture_records_typed_refusal_without_mutation ... FAILED

    failures:

    failures:
        m1_trust_region_stage1::finite_precision_controls::expected_red_nonfinite_transition_capture_records_typed_refusal_without_mutation

    test result: FAILED. 0 passed; 1 failed; 0 ignored; 0 measured; 357 filtered out; finished in 0.00s

  stderr ───

    thread 'm1_trust_region_stage1::finite_precision_controls::expected_red_nonfinite_transition_capture_records_typed_refusal_without_mutation' (387571) panicked at crates/openwepp-land-surface-energy/src/m1_trust_region_stage1.rs:4012:14:
    expected-red: nonfinite transition capture
    note: run with `RUST_BACKTRACE=1` environment variable to display a backtrace

        FAIL [   0.007s] (10/31) openwepp-land-surface-energy m1_trust_region_stage1::finite_precision_controls::expected_red_release_ranking_uses_observed_ratio_not_multiplier_magnitude
  stdout ───

    running 1 test
    test m1_trust_region_stage1::finite_precision_controls::expected_red_release_ranking_uses_observed_ratio_not_multiplier_magnitude ... FAILED

    failures:

    failures:
        m1_trust_region_stage1::finite_precision_controls::expected_red_release_ranking_uses_observed_ratio_not_multiplier_magnitude

    test result: FAILED. 0 passed; 1 failed; 0 ignored; 0 measured; 357 filtered out; finished in 0.00s

  stderr ───

    thread 'm1_trust_region_stage1::finite_precision_controls::expected_red_release_ranking_uses_observed_ratio_not_multiplier_magnitude' (387559) panicked at crates/openwepp-land-surface-energy/src/m1_trust_region_stage1.rs:3434:9:
    assertion `left == right` failed
      left: Some(Return)
     right: Some(ReleaseLower)
    note: run with `RUST_BACKTRACE=1` environment variable to display a backtrace

        FAIL [   0.008s] (11/31) openwepp-land-surface-energy m1_trust_region_stage1::finite_precision_controls::expected_red_enclosure_transition_capture_records_typed_refusal_without_fake_arrays
  stdout ───

    running 1 test
    test m1_trust_region_stage1::finite_precision_controls::expected_red_enclosure_transition_capture_records_typed_refusal_without_fake_arrays ... FAILED

    failures:

    failures:
        m1_trust_region_stage1::finite_precision_controls::expected_red_enclosure_transition_capture_records_typed_refusal_without_fake_arrays

    test result: FAILED. 0 passed; 1 failed; 0 ignored; 0 measured; 357 filtered out; finished in 0.00s

  stderr ───

    thread 'm1_trust_region_stage1::finite_precision_controls::expected_red_enclosure_transition_capture_records_typed_refusal_without_fake_arrays' (387560) panicked at crates/openwepp-land-surface-energy/src/m1_trust_region_stage1.rs:4059:14:
    expected-red: enclosure transition capture
    note: run with `RUST_BACKTRACE=1` environment variable to display a backtrace

  stdout ───

    running 1 test
    test m1_trust_region_stage1::finite_precision_controls::expected_red_nonzero_enclosure_records_exact_scalar_arithmetic ... ok

    test result: ok. 1 passed; 0 failed; 0 ignored; 0 measured; 357 filtered out; finished in 0.00s


  stdout ───

    running 1 test
    test m1_trust_region_stage1::finite_precision_controls::expected_red_physical_distinct_bounds_that_collapse_when_scaled_are_free ... ok

    test result: ok. 1 passed; 0 failed; 0 ignored; 0 measured; 357 filtered out; finished in 0.00s


  stdout ───

    running 1 test
    test m1_trust_region_stage1::finite_precision_controls::expected_red_subnormal_kkt_intermediate_must_refuse ... ok

    test result: ok. 1 passed; 0 failed; 0 ignored; 0 measured; 357 filtered out; finished in 0.00s


  stdout ───

    running 1 test
    test m1_trust_region_stage1::finite_precision_controls::expected_red_subnormal_kkt_operand_must_refuse ... ok

    test result: ok. 1 passed; 0 failed; 0 ignored; 0 measured; 357 filtered out; finished in 0.00s


        FAIL [   0.011s] (16/31) openwepp-land-surface-energy m1_trust_region_stage1::finite_precision_controls::expected_red_capture_retains_ordered_return_records_across_real_subproblems
  stdout ───

    running 1 test
    test m1_trust_region_stage1::finite_precision_controls::expected_red_capture_retains_ordered_return_records_across_real_subproblems ... FAILED

    failures:

    failures:
        m1_trust_region_stage1::finite_precision_controls::expected_red_capture_retains_ordered_return_records_across_real_subproblems

    test result: FAILED. 0 passed; 1 failed; 0 ignored; 0 measured; 357 filtered out; finished in 0.00s

  stderr ───

    thread 'm1_trust_region_stage1::finite_precision_controls::expected_red_capture_retains_ordered_return_records_across_real_subproblems' (387572) panicked at crates/openwepp-land-surface-energy/src/m1_trust_region_stage1.rs:3978:13:
    assertion `left == right` failed
      left: 1
     right: 0
    note: run with `RUST_BACKTRACE=1` environment variable to display a backtrace

  stdout ───

    running 1 test
    test m1_trust_region_stage1::finite_precision_controls::expected_red_free_stationarity_must_refuse_from_shared_transition ... ok

    test result: ok. 1 passed; 0 failed; 0 ignored; 0 measured; 357 filtered out; finished in 0.00s


  stdout ───

    running 1 test
    test m1_trust_region_stage1::finite_precision_controls::expected_red_cancellation_band_is_stable_at_unit_scale ... ok

    test result: ok. 1 passed; 0 failed; 0 ignored; 0 measured; 357 filtered out; finished in 0.00s


  stdout ───

    running 1 test
    test m1_trust_region_stage1::finite_precision_controls::expected_red_tau_subnormal_has_typed_optimality_refusal ... ok

    test result: ok. 1 passed; 0 failed; 0 ignored; 0 measured; 357 filtered out; finished in 0.00s


  stdout ───

    running 1 test
    test m1_trust_region_stage1::finite_precision_controls::expected_red_upward_normal_operands_underflow_with_stable_reason ... ok

    test result: ok. 1 passed; 0 failed; 0 ignored; 0 measured; 357 filtered out; finished in 0.00s


  stdout ───

    running 1 test
    test m1_trust_region_stage1::finite_precision_controls::expected_red_underflow_to_zero_kkt_product_must_refuse ... ok

    test result: ok. 1 passed; 0 failed; 0 ignored; 0 measured; 357 filtered out; finished in 0.00s


  stdout ───

    running 1 test
    test m1_trust_region_stage1::finite_precision_controls::shared_normal_nonfinite_and_overflow_kkt_operands_are_real_operations ... ok

    test result: ok. 1 passed; 0 failed; 0 ignored; 0 measured; 357 filtered out; finished in 0.00s


  stdout ───

    running 1 test
    test m1_trust_region_stage1::finite_precision_controls::expected_red_upper_cancellation_band_must_not_release_on_sign_alone ... ok

    test result: ok. 1 passed; 0 failed; 0 ignored; 0 measured; 357 filtered out; finished in 0.00s


  stdout ───

    running 1 test
    test m1_trust_region_stage1::finite_precision_controls::expected_red_successful_return_capture_has_complete_02_operands ... ok

    test result: ok. 1 passed; 0 failed; 0 ignored; 0 measured; 357 filtered out; finished in 0.00s


  stdout ───

    running 1 test
    test m1_trust_region_stage1::finite_precision_controls::zero_scale_is_rejected_by_shared_preparation_before_kkt_transition ... ok

    test result: ok. 1 passed; 0 failed; 0 ignored; 0 measured; 357 filtered out; finished in 0.00s


        FAIL [   0.006s] (26/31) openwepp-land-surface-energy m1_trust_region_stage1::finite_precision_controls::resolvable_upper_violation_releases_through_shared_transition
  stdout ───

    running 1 test
    test m1_trust_region_stage1::finite_precision_controls::resolvable_upper_violation_releases_through_shared_transition ... FAILED

    failures:

    failures:
        m1_trust_region_stage1::finite_precision_controls::resolvable_upper_violation_releases_through_shared_transition

    test result: FAILED. 0 passed; 1 failed; 0 ignored; 0 measured; 357 filtered out; finished in 0.00s

  stderr ───

    thread 'm1_trust_region_stage1::finite_precision_controls::resolvable_upper_violation_releases_through_shared_transition' (387590) panicked at crates/openwepp-land-surface-energy/src/m1_trust_region_stage1.rs:3391:9:
    assertion `left == right` failed
      left: Some(Return)
     right: Some(ReleaseUpper)
    note: run with `RUST_BACKTRACE=1` environment variable to display a backtrace

  stdout ───

    running 1 test
    test m1_trust_region_stage1::finite_precision_controls::expected_red_zero_cbar_with_zero_h_is_an_explicit_02_observation ... ok

    test result: ok. 1 passed; 0 failed; 0 ignored; 0 measured; 357 filtered out; finished in 0.00s


  stdout ───

    running 1 test
    test m1_trust_region_stage1::finite_precision_controls::shared_signed_zero_crossing_precedes_genuine_descent_release ... ok

    test result: ok. 1 passed; 0 failed; 0 ignored; 0 measured; 357 filtered out; finished in 0.00s


  stdout ───

    running 1 test
    test m1_trust_region_stage1::finite_precision_controls::expected_red_zero_identity_enclosure_records_no_scalar_arithmetic ... ok

    test result: ok. 1 passed; 0 failed; 0 ignored; 0 measured; 357 filtered out; finished in 0.00s


  stdout ───

    running 1 test
    test m1_trust_region_stage1::finite_precision_controls::fixed_finite_bound_uses_shared_prepare_and_full_solve_metadata ... ok

    test result: ok. 1 passed; 0 failed; 0 ignored; 0 measured; 357 filtered out; finished in 0.00s


        FAIL [   0.014s] (31/31) openwepp-land-surface-energy m1_trust_region_stage1::finite_precision_controls::retained_capture_uses_shared_ordered_kkt_operation_before_policy_change
  stdout ───

    running 1 test
    test m1_trust_region_stage1::finite_precision_controls::retained_capture_uses_shared_ordered_kkt_operation_before_policy_change ... FAILED

    failures:

    failures:
        m1_trust_region_stage1::finite_precision_controls::retained_capture_uses_shared_ordered_kkt_operation_before_policy_change

    test result: FAILED. 0 passed; 1 failed; 0 ignored; 0 measured; 357 filtered out; finished in 0.01s

  stderr ───

    thread 'm1_trust_region_stage1::finite_precision_controls::retained_capture_uses_shared_ordered_kkt_operation_before_policy_change' (387591) panicked at crates/openwepp-land-surface-energy/src/m1_trust_region_stage1.rs:3283:10:
    shared retained transition: M1TrustRegionSubproblemRefusal { kind: TrustRegionOptimalityIndeterminate, optimality_reason: Some("optimality_free_stationarity"), optimality_coordinate: Some(11), optimality_radius: Some(1.0), optimality_lambda: Some(0.0), attempted_subproblems: 1, completed_jacobi_sweeps: 0, completed_face_pivots: 0, entered_svd_factorizations: 1, raw_residual_max: 4.547473508864641e-6, budget_refusal: None }
    note: run with `RUST_BACKTRACE=1` environment variable to display a backtrace

────────────
     Summary [   0.024s] 31 tests run: 24 passed, 7 failed, 327 skipped
        FAIL [   0.008s] ( 8/31) openwepp-land-surface-energy m1_trust_region_stage1::finite_precision_controls::expected_red_free_stationarity_capture_retains_real_face_metadata
        FAIL [   0.008s] ( 9/31) openwepp-land-surface-energy m1_trust_region_stage1::finite_precision_controls::expected_red_nonfinite_transition_capture_records_typed_refusal_without_mutation
        FAIL [   0.007s] (10/31) openwepp-land-surface-energy m1_trust_region_stage1::finite_precision_controls::expected_red_release_ranking_uses_observed_ratio_not_multiplier_magnitude
        FAIL [   0.008s] (11/31) openwepp-land-surface-energy m1_trust_region_stage1::finite_precision_controls::expected_red_enclosure_transition_capture_records_typed_refusal_without_fake_arrays
        FAIL [   0.011s] (16/31) openwepp-land-surface-energy m1_trust_region_stage1::finite_precision_controls::expected_red_capture_retains_ordered_return_records_across_real_subproblems
        FAIL [   0.006s] (26/31) openwepp-land-surface-energy m1_trust_region_stage1::finite_precision_controls::resolvable_upper_violation_releases_through_shared_transition
        FAIL [   0.014s] (31/31) openwepp-land-surface-energy m1_trust_region_stage1::finite_precision_controls::retained_capture_uses_shared_ordered_kkt_operation_before_policy_change
error: test run failed
