warning: Git tree '/workdir/openWEPP' is dirty
warning: variants `ReleaseUpper`, `RetainLower`, and `RetainUpper` are never constructed
   --> crates/openwepp-land-surface-energy/src/lib.rs:348:5
    |
346 | pub(crate) enum M1TrustRegionOptimalityClass {
    |                 ---------------------------- variants in this enum
347 |     ReleaseLower,
348 |     ReleaseUpper,
    |     ^^^^^^^^^^^^
349 |     RetainLower,
    |     ^^^^^^^^^^^
350 |     RetainUpper,
    |     ^^^^^^^^^^^
    |
    = note: `M1TrustRegionOptimalityClass` has derived impls for the traits `Debug` and `Clone`, but these are intentionally ignored during dead code analysis
    = note: `#[warn(dead_code)]` (part of `#[warn(unused)]`) on by default

warning: `openwepp-land-surface-energy` (lib test) generated 1 warning
    Finished `test` profile [unoptimized + debuginfo] target(s) in 0.03s
────────────
 Nextest run ID 7f410a2e-eb4b-4aed-83e4-ebff043dc8cc with nextest profile: default
    Starting 17 tests across 1 binary (327 tests skipped)
  stdout ───

    running 1 test
    test m1_trust_region_stage1::finite_precision_controls::shared_normal_nonfinite_and_overflow_kkt_operands_are_real_operations ... ok

    test result: ok. 1 passed; 0 failed; 0 ignored; 0 measured; 343 filtered out; finished in 0.00s


  stdout ───

    running 1 test
    test m1_trust_region_stage1::finite_precision_controls::shared_signed_zero_crossing_precedes_genuine_descent_release ... ok

    test result: ok. 1 passed; 0 failed; 0 ignored; 0 measured; 343 filtered out; finished in 0.00s


  stdout ───

    running 1 test
    test m1_trust_region_stage1::finite_precision_controls::resolvable_upper_violation_releases_through_shared_transition ... ok

    test result: ok. 1 passed; 0 failed; 0 ignored; 0 measured; 343 filtered out; finished in 0.00s


        FAIL [   0.007s] ( 4/17) openwepp-land-surface-energy m1_trust_region_stage1::finite_precision_controls::expected_red_upper_cancellation_band_must_not_release_on_sign_alone
  stdout ───

    running 1 test
    test m1_trust_region_stage1::finite_precision_controls::expected_red_upper_cancellation_band_must_not_release_on_sign_alone ... FAILED

    failures:

    failures:
        m1_trust_region_stage1::finite_precision_controls::expected_red_upper_cancellation_band_must_not_release_on_sign_alone

    test result: FAILED. 0 passed; 1 failed; 0 ignored; 0 measured; 343 filtered out; finished in 0.00s

  stderr ───

    thread 'm1_trust_region_stage1::finite_precision_controls::expected_red_upper_cancellation_band_must_not_release_on_sign_alone' (337279) panicked at crates/openwepp-land-surface-energy/src/m1_trust_region_stage1.rs:2676:9:
    assertion `left == right` failed: expected-red: uncertainty-band upper multiplier is retained
      left: Some(ReleaseUpper)
     right: Some(Return)
    note: run with `RUST_BACKTRACE=1` environment variable to display a backtrace

        FAIL [   0.007s] ( 5/17) openwepp-land-surface-energy m1_trust_region_stage1::finite_precision_controls::fixed_finite_bound_uses_shared_prepare_and_full_solve_metadata
  stdout ───

    running 1 test
    test m1_trust_region_stage1::finite_precision_controls::fixed_finite_bound_uses_shared_prepare_and_full_solve_metadata ... FAILED

    failures:

    failures:
        m1_trust_region_stage1::finite_precision_controls::fixed_finite_bound_uses_shared_prepare_and_full_solve_metadata

    test result: FAILED. 0 passed; 1 failed; 0 ignored; 0 measured; 343 filtered out; finished in 0.00s

  stderr ───

    thread 'm1_trust_region_stage1::finite_precision_controls::fixed_finite_bound_uses_shared_prepare_and_full_solve_metadata' (337266) panicked at crates/openwepp-land-surface-energy/src/m1_trust_region_stage1.rs:2946:14:
    expected-red: fixed coordinate has an explicit 02 observation
    note: run with `RUST_BACKTRACE=1` environment variable to display a backtrace

        FAIL [   0.007s] ( 6/17) openwepp-land-surface-energy m1_trust_region_stage1::finite_precision_controls::expected_red_free_stationarity_must_refuse_from_shared_transition
  stdout ───

    running 1 test
    test m1_trust_region_stage1::finite_precision_controls::expected_red_free_stationarity_must_refuse_from_shared_transition ... FAILED

    failures:

    failures:
        m1_trust_region_stage1::finite_precision_controls::expected_red_free_stationarity_must_refuse_from_shared_transition

    test result: FAILED. 0 passed; 1 failed; 0 ignored; 0 measured; 343 filtered out; finished in 0.00s

  stderr ───

    thread 'm1_trust_region_stage1::finite_precision_controls::expected_red_free_stationarity_must_refuse_from_shared_transition' (337270) panicked at crates/openwepp-land-surface-energy/src/m1_trust_region_stage1.rs:2732:10:
    expected-red: materially nonstationary free coordinate must refuse: M1TrustRegionKktTransitionObservation { action: Some(Return), optimality: None }
    note: run with `RUST_BACKTRACE=1` environment variable to display a backtrace

        FAIL [   0.007s] ( 7/17) openwepp-land-surface-energy m1_trust_region_stage1::finite_precision_controls::expected_red_subnormal_kkt_operand_must_refuse
  stdout ───

    running 1 test
    test m1_trust_region_stage1::finite_precision_controls::expected_red_subnormal_kkt_operand_must_refuse ... FAILED

    failures:

    failures:
        m1_trust_region_stage1::finite_precision_controls::expected_red_subnormal_kkt_operand_must_refuse

    test result: FAILED. 0 passed; 1 failed; 0 ignored; 0 measured; 343 filtered out; finished in 0.00s

  stderr ───

    thread 'm1_trust_region_stage1::finite_precision_controls::expected_red_subnormal_kkt_operand_must_refuse' (337267) panicked at crates/openwepp-land-surface-energy/src/m1_trust_region_stage1.rs:2794:10:
    expected-red: nonzero subnormal KKT operand must refuse: M1TrustRegionKktTransitionObservation { action: Some(Return), optimality: None }
    note: run with `RUST_BACKTRACE=1` environment variable to display a backtrace

        FAIL [   0.007s] ( 8/17) openwepp-land-surface-energy m1_trust_region_stage1::finite_precision_controls::expected_red_cancellation_band_is_stable_at_unit_scale
  stdout ───

    running 1 test
    test m1_trust_region_stage1::finite_precision_controls::expected_red_cancellation_band_is_stable_at_unit_scale ... FAILED

    failures:

    failures:
        m1_trust_region_stage1::finite_precision_controls::expected_red_cancellation_band_is_stable_at_unit_scale

    test result: FAILED. 0 passed; 1 failed; 0 ignored; 0 measured; 343 filtered out; finished in 0.00s

  stderr ───

    thread 'm1_trust_region_stage1::finite_precision_controls::expected_red_cancellation_band_is_stable_at_unit_scale' (337278) panicked at crates/openwepp-land-surface-energy/src/m1_trust_region_stage1.rs:2999:9:
    assertion `left == right` failed: expected-red: cancellation band remains unresolved
      left: Some(ReleaseLower)
     right: Some(Return)
    note: run with `RUST_BACKTRACE=1` environment variable to display a backtrace

        FAIL [   0.007s] ( 9/17) openwepp-land-surface-energy m1_trust_region_stage1::finite_precision_controls::expected_red_cancellation_band_is_stable_at_diagonal_scale
  stdout ───

    running 1 test
    test m1_trust_region_stage1::finite_precision_controls::expected_red_cancellation_band_is_stable_at_diagonal_scale ... FAILED

    failures:

    failures:
        m1_trust_region_stage1::finite_precision_controls::expected_red_cancellation_band_is_stable_at_diagonal_scale

    test result: FAILED. 0 passed; 1 failed; 0 ignored; 0 measured; 343 filtered out; finished in 0.00s

  stderr ───

    thread 'm1_trust_region_stage1::finite_precision_controls::expected_red_cancellation_band_is_stable_at_diagonal_scale' (337276) panicked at crates/openwepp-land-surface-energy/src/m1_trust_region_stage1.rs:2999:9:
    assertion `left == right` failed: expected-red: cancellation band remains unresolved
      left: Some(ReleaseLower)
     right: Some(Return)
    note: run with `RUST_BACKTRACE=1` environment variable to display a backtrace

        FAIL [   0.007s] (10/17) openwepp-land-surface-energy m1_trust_region_stage1::finite_precision_controls::expected_red_zero_cbar_with_zero_h_is_an_explicit_02_observation
  stdout ───

    running 1 test
    test m1_trust_region_stage1::finite_precision_controls::expected_red_zero_cbar_with_zero_h_is_an_explicit_02_observation ... FAILED

    failures:

    failures:
        m1_trust_region_stage1::finite_precision_controls::expected_red_zero_cbar_with_zero_h_is_an_explicit_02_observation

    test result: FAILED. 0 passed; 1 failed; 0 ignored; 0 measured; 343 filtered out; finished in 0.00s

  stderr ───

    thread 'm1_trust_region_stage1::finite_precision_controls::expected_red_zero_cbar_with_zero_h_is_an_explicit_02_observation' (337273) panicked at crates/openwepp-land-surface-energy/src/m1_trust_region_stage1.rs:2876:14:
    expected-red: zero-Cbar 02 observation
    note: run with `RUST_BACKTRACE=1` environment variable to display a backtrace

        FAIL [   0.007s] (11/17) openwepp-land-surface-energy m1_trust_region_stage1::finite_precision_controls::expected_red_cancellation_band_must_not_release_on_sign_alone
  stdout ───

    running 1 test
    test m1_trust_region_stage1::finite_precision_controls::expected_red_cancellation_band_must_not_release_on_sign_alone ... FAILED

    failures:

    failures:
        m1_trust_region_stage1::finite_precision_controls::expected_red_cancellation_band_must_not_release_on_sign_alone

    test result: FAILED. 0 passed; 1 failed; 0 ignored; 0 measured; 343 filtered out; finished in 0.00s

  stderr ───

    thread 'm1_trust_region_stage1::finite_precision_controls::expected_red_cancellation_band_must_not_release_on_sign_alone' (337268) panicked at crates/openwepp-land-surface-energy/src/m1_trust_region_stage1.rs:2649:9:
    assertion `left == right` failed: expected-red: reviewed 02 uncertainty-band decision replaces sign-only release
      left: Some(ReleaseLower)
     right: Some(Return)
    note: run with `RUST_BACKTRACE=1` environment variable to display a backtrace

        FAIL [   0.007s] (12/17) openwepp-land-surface-energy m1_trust_region_stage1::finite_precision_controls::expected_red_subnormal_kkt_intermediate_must_refuse
  stdout ───

    running 1 test
    test m1_trust_region_stage1::finite_precision_controls::expected_red_subnormal_kkt_intermediate_must_refuse ... FAILED

    failures:

    failures:
        m1_trust_region_stage1::finite_precision_controls::expected_red_subnormal_kkt_intermediate_must_refuse

    test result: FAILED. 0 passed; 1 failed; 0 ignored; 0 measured; 343 filtered out; finished in 0.00s

  stderr ───

    thread 'm1_trust_region_stage1::finite_precision_controls::expected_red_subnormal_kkt_intermediate_must_refuse' (337280) panicked at crates/openwepp-land-surface-energy/src/m1_trust_region_stage1.rs:2850:10:
    expected-red: nonzero subnormal KKT intermediate must refuse: M1TrustRegionKktTransitionObservation { action: Some(Return), optimality: None }
    note: run with `RUST_BACKTRACE=1` environment variable to display a backtrace

        FAIL [   0.007s] (13/17) openwepp-land-surface-energy m1_trust_region_stage1::finite_precision_controls::expected_red_cancellation_band_is_stable_under_coordinate_permutation
  stdout ───

    running 1 test
    test m1_trust_region_stage1::finite_precision_controls::expected_red_cancellation_band_is_stable_under_coordinate_permutation ... FAILED

    failures:

    failures:
        m1_trust_region_stage1::finite_precision_controls::expected_red_cancellation_band_is_stable_under_coordinate_permutation

    test result: FAILED. 0 passed; 1 failed; 0 ignored; 0 measured; 343 filtered out; finished in 0.00s

  stderr ───

    thread 'm1_trust_region_stage1::finite_precision_controls::expected_red_cancellation_band_is_stable_under_coordinate_permutation' (337277) panicked at crates/openwepp-land-surface-energy/src/m1_trust_region_stage1.rs:2999:9:
    assertion `left == right` failed: expected-red: cancellation band remains unresolved
      left: Some(ReleaseLower)
     right: Some(Return)
    note: run with `RUST_BACKTRACE=1` environment variable to display a backtrace

        FAIL [   0.007s] (14/17) openwepp-land-surface-energy m1_trust_region_stage1::finite_precision_controls::expected_red_underflow_to_zero_kkt_product_must_refuse
  stdout ───

    running 1 test
    test m1_trust_region_stage1::finite_precision_controls::expected_red_underflow_to_zero_kkt_product_must_refuse ... FAILED

    failures:

    failures:
        m1_trust_region_stage1::finite_precision_controls::expected_red_underflow_to_zero_kkt_product_must_refuse

    test result: FAILED. 0 passed; 1 failed; 0 ignored; 0 measured; 343 filtered out; finished in 0.00s

  stderr ───

    thread 'm1_trust_region_stage1::finite_precision_controls::expected_red_underflow_to_zero_kkt_product_must_refuse' (337275) panicked at crates/openwepp-land-surface-energy/src/m1_trust_region_stage1.rs:2821:10:
    expected-red: nonzero normal operands whose KKT product underflows must refuse: M1TrustRegionKktTransitionObservation { action: Some(Return), optimality: None }
    note: run with `RUST_BACKTRACE=1` environment variable to display a backtrace

        FAIL [   0.007s] (15/17) openwepp-land-surface-energy m1_trust_region_stage1::finite_precision_controls::expected_red_cbar_overflow_has_typed_02_transition_metadata
  stdout ───

    running 1 test
    test m1_trust_region_stage1::finite_precision_controls::expected_red_cbar_overflow_has_typed_02_transition_metadata ... FAILED

    failures:

    failures:
        m1_trust_region_stage1::finite_precision_controls::expected_red_cbar_overflow_has_typed_02_transition_metadata

    test result: FAILED. 0 passed; 1 failed; 0 ignored; 0 measured; 343 filtered out; finished in 0.00s

  stderr ───

    thread 'm1_trust_region_stage1::finite_precision_controls::expected_red_cbar_overflow_has_typed_02_transition_metadata' (337274) panicked at crates/openwepp-land-surface-energy/src/m1_trust_region_stage1.rs:2908:10:
    expected-red: 02 upward-enclosure transition refusal: M1TrustRegionKktTransitionObservation { action: Some(Return), optimality: None }
    note: run with `RUST_BACKTRACE=1` environment variable to display a backtrace

  stdout ───

    running 1 test
    test m1_trust_region_stage1::finite_precision_controls::zero_scale_is_rejected_by_shared_preparation_before_kkt_transition ... ok

    test result: ok. 1 passed; 0 failed; 0 ignored; 0 measured; 343 filtered out; finished in 0.00s


        FAIL [   0.015s] (17/17) openwepp-land-surface-energy m1_trust_region_stage1::finite_precision_controls::retained_capture_uses_shared_ordered_kkt_operation_before_policy_change
  stdout ───

    running 1 test
    test m1_trust_region_stage1::finite_precision_controls::retained_capture_uses_shared_ordered_kkt_operation_before_policy_change ... FAILED

    failures:

    failures:
        m1_trust_region_stage1::finite_precision_controls::retained_capture_uses_shared_ordered_kkt_operation_before_policy_change

    test result: FAILED. 0 passed; 1 failed; 0 ignored; 0 measured; 343 filtered out; finished in 0.01s

  stderr ───

    thread 'm1_trust_region_stage1::finite_precision_controls::retained_capture_uses_shared_ordered_kkt_operation_before_policy_change' (337281) panicked at crates/openwepp-land-surface-energy/src/m1_trust_region_stage1.rs:2599:14:
    expected-red: 02 retained all-coordinate observation
    note: run with `RUST_BACKTRACE=1` environment variable to display a backtrace

────────────
     Summary [   0.016s] 17 tests run: 4 passed, 13 failed, 327 skipped
        FAIL [   0.007s] ( 4/17) openwepp-land-surface-energy m1_trust_region_stage1::finite_precision_controls::expected_red_upper_cancellation_band_must_not_release_on_sign_alone
        FAIL [   0.007s] ( 5/17) openwepp-land-surface-energy m1_trust_region_stage1::finite_precision_controls::fixed_finite_bound_uses_shared_prepare_and_full_solve_metadata
        FAIL [   0.007s] ( 6/17) openwepp-land-surface-energy m1_trust_region_stage1::finite_precision_controls::expected_red_free_stationarity_must_refuse_from_shared_transition
        FAIL [   0.007s] ( 7/17) openwepp-land-surface-energy m1_trust_region_stage1::finite_precision_controls::expected_red_subnormal_kkt_operand_must_refuse
        FAIL [   0.007s] ( 8/17) openwepp-land-surface-energy m1_trust_region_stage1::finite_precision_controls::expected_red_cancellation_band_is_stable_at_unit_scale
        FAIL [   0.007s] ( 9/17) openwepp-land-surface-energy m1_trust_region_stage1::finite_precision_controls::expected_red_cancellation_band_is_stable_at_diagonal_scale
        FAIL [   0.007s] (10/17) openwepp-land-surface-energy m1_trust_region_stage1::finite_precision_controls::expected_red_zero_cbar_with_zero_h_is_an_explicit_02_observation
        FAIL [   0.007s] (11/17) openwepp-land-surface-energy m1_trust_region_stage1::finite_precision_controls::expected_red_cancellation_band_must_not_release_on_sign_alone
        FAIL [   0.007s] (12/17) openwepp-land-surface-energy m1_trust_region_stage1::finite_precision_controls::expected_red_subnormal_kkt_intermediate_must_refuse
        FAIL [   0.007s] (13/17) openwepp-land-surface-energy m1_trust_region_stage1::finite_precision_controls::expected_red_cancellation_band_is_stable_under_coordinate_permutation
        FAIL [   0.007s] (14/17) openwepp-land-surface-energy m1_trust_region_stage1::finite_precision_controls::expected_red_underflow_to_zero_kkt_product_must_refuse
        FAIL [   0.007s] (15/17) openwepp-land-surface-energy m1_trust_region_stage1::finite_precision_controls::expected_red_cbar_overflow_has_typed_02_transition_metadata
        FAIL [   0.015s] (17/17) openwepp-land-surface-energy m1_trust_region_stage1::finite_precision_controls::retained_capture_uses_shared_ordered_kkt_operation_before_policy_change
error: test run failed
