warning: Git tree '/workdir/openWEPP' is dirty
   Compiling openwepp-land-surface-energy v0.1.0 (/home/roger/openwepp-experiments/cold-canopy-m1-20260920/crates/openwepp-land-surface-energy)
    Finished `test` profile [unoptimized + debuginfo] target(s) in 4.43s
────────────
 Nextest run ID 722c5843-6b8b-4690-98b2-3263d11ee73b with nextest profile: default
    Starting 31 tests across 1 binary (327 tests skipped)
  stdout ───

    running 1 test
    test m1_trust_region_stage1::finite_precision_controls::expected_red_enclosure_transition_capture_records_typed_refusal_without_fake_arrays ... ok

    test result: ok. 1 passed; 0 failed; 0 ignored; 0 measured; 357 filtered out; finished in 0.00s


  stdout ───

    running 1 test
    test m1_trust_region_stage1::finite_precision_controls::expected_red_cancellation_band_is_stable_under_coordinate_permutation ... ok

    test result: ok. 1 passed; 0 failed; 0 ignored; 0 measured; 357 filtered out; finished in 0.00s


  stdout ───

    running 1 test
    test m1_trust_region_stage1::finite_precision_controls::expected_red_cancellation_band_must_not_release_on_sign_alone ... ok

    test result: ok. 1 passed; 0 failed; 0 ignored; 0 measured; 357 filtered out; finished in 0.00s


  stdout ───

    running 1 test
    test m1_trust_region_stage1::finite_precision_controls::expected_red_overflow_kkt_operand_has_typed_optimality_refusal ... ok

    test result: ok. 1 passed; 0 failed; 0 ignored; 0 measured; 357 filtered out; finished in 0.00s


  stdout ───

    running 1 test
    test m1_trust_region_stage1::finite_precision_controls::expected_red_physical_distinct_bounds_that_collapse_when_scaled_are_free ... ok

    test result: ok. 1 passed; 0 failed; 0 ignored; 0 measured; 357 filtered out; finished in 0.00s


  stdout ───

    running 1 test
    test m1_trust_region_stage1::finite_precision_controls::expected_red_negative_lambda_has_typed_optimality_refusal ... ok

    test result: ok. 1 passed; 0 failed; 0 ignored; 0 measured; 357 filtered out; finished in 0.00s


  stdout ───

    running 1 test
    test m1_trust_region_stage1::finite_precision_controls::expected_red_cbar_overflow_has_typed_02_transition_metadata ... ok

    test result: ok. 1 passed; 0 failed; 0 ignored; 0 measured; 357 filtered out; finished in 0.00s


  stdout ───

    running 1 test
    test m1_trust_region_stage1::finite_precision_controls::expected_red_cancellation_band_is_stable_at_diagonal_scale ... ok

    test result: ok. 1 passed; 0 failed; 0 ignored; 0 measured; 357 filtered out; finished in 0.00s


  stdout ───

    running 1 test
    test m1_trust_region_stage1::finite_precision_controls::expected_red_free_stationarity_must_refuse_from_shared_transition ... ok

    test result: ok. 1 passed; 0 failed; 0 ignored; 0 measured; 357 filtered out; finished in 0.00s


  stdout ───

    running 1 test
    test m1_trust_region_stage1::finite_precision_controls::expected_red_nonfinite_kkt_operand_has_typed_optimality_refusal ... ok

    test result: ok. 1 passed; 0 failed; 0 ignored; 0 measured; 357 filtered out; finished in 0.00s


  stdout ───

    running 1 test
    test m1_trust_region_stage1::finite_precision_controls::expected_red_subnormal_kkt_operand_must_refuse ... ok

    test result: ok. 1 passed; 0 failed; 0 ignored; 0 measured; 357 filtered out; finished in 0.00s


  stdout ───

    running 1 test
    test m1_trust_region_stage1::finite_precision_controls::expected_red_nonzero_enclosure_records_exact_scalar_arithmetic ... ok

    test result: ok. 1 passed; 0 failed; 0 ignored; 0 measured; 357 filtered out; finished in 0.00s


  stdout ───

    running 1 test
    test m1_trust_region_stage1::finite_precision_controls::expected_red_release_ranking_uses_observed_ratio_not_multiplier_magnitude ... ok

    test result: ok. 1 passed; 0 failed; 0 ignored; 0 measured; 357 filtered out; finished in 0.00s


  stdout ───

    running 1 test
    test m1_trust_region_stage1::finite_precision_controls::expected_red_capture_retains_ordered_return_records_across_real_subproblems ... ok

    test result: ok. 1 passed; 0 failed; 0 ignored; 0 measured; 357 filtered out; finished in 0.00s


  stdout ───

    running 1 test
    test m1_trust_region_stage1::finite_precision_controls::expected_red_nonfinite_transition_capture_records_typed_refusal_without_mutation ... ok

    test result: ok. 1 passed; 0 failed; 0 ignored; 0 measured; 357 filtered out; finished in 0.00s


  stdout ───

    running 1 test
    test m1_trust_region_stage1::finite_precision_controls::expected_red_cancellation_band_is_stable_at_unit_scale ... ok

    test result: ok. 1 passed; 0 failed; 0 ignored; 0 measured; 357 filtered out; finished in 0.00s


  stdout ───

    running 1 test
    test m1_trust_region_stage1::finite_precision_controls::expected_red_free_stationarity_capture_retains_real_face_metadata ... ok

    test result: ok. 1 passed; 0 failed; 0 ignored; 0 measured; 357 filtered out; finished in 0.00s


  stdout ───

    running 1 test
    test m1_trust_region_stage1::finite_precision_controls::expected_red_subnormal_kkt_intermediate_must_refuse ... ok

    test result: ok. 1 passed; 0 failed; 0 ignored; 0 measured; 357 filtered out; finished in 0.00s


  stdout ───

    running 1 test
    test m1_trust_region_stage1::finite_precision_controls::expected_red_successful_return_capture_has_complete_02_operands ... ok

    test result: ok. 1 passed; 0 failed; 0 ignored; 0 measured; 357 filtered out; finished in 0.00s


  stdout ───

    running 1 test
    test m1_trust_region_stage1::finite_precision_controls::expected_red_tau_subnormal_has_typed_optimality_refusal ... ok

    test result: ok. 1 passed; 0 failed; 0 ignored; 0 measured; 357 filtered out; finished in 0.00s


  stdout ───

    running 1 test
    test m1_trust_region_stage1::finite_precision_controls::expected_red_upward_normal_operands_underflow_with_stable_reason ... ok

    test result: ok. 1 passed; 0 failed; 0 ignored; 0 measured; 357 filtered out; finished in 0.00s


  stdout ───

    running 1 test
    test m1_trust_region_stage1::finite_precision_controls::expected_red_underflow_to_zero_kkt_product_must_refuse ... ok

    test result: ok. 1 passed; 0 failed; 0 ignored; 0 measured; 357 filtered out; finished in 0.00s


  stdout ───

    running 1 test
    test m1_trust_region_stage1::finite_precision_controls::expected_red_zero_cbar_with_zero_h_is_an_explicit_02_observation ... ok

    test result: ok. 1 passed; 0 failed; 0 ignored; 0 measured; 357 filtered out; finished in 0.00s


  stdout ───

    running 1 test
    test m1_trust_region_stage1::finite_precision_controls::expected_red_zero_identity_enclosure_records_no_scalar_arithmetic ... ok

    test result: ok. 1 passed; 0 failed; 0 ignored; 0 measured; 357 filtered out; finished in 0.00s


  stdout ───

    running 1 test
    test m1_trust_region_stage1::finite_precision_controls::expected_red_upper_cancellation_band_must_not_release_on_sign_alone ... ok

    test result: ok. 1 passed; 0 failed; 0 ignored; 0 measured; 357 filtered out; finished in 0.00s


  stdout ───

    running 1 test
    test m1_trust_region_stage1::finite_precision_controls::zero_scale_is_rejected_by_shared_preparation_before_kkt_transition ... ok

    test result: ok. 1 passed; 0 failed; 0 ignored; 0 measured; 357 filtered out; finished in 0.00s


  stdout ───

    running 1 test
    test m1_trust_region_stage1::finite_precision_controls::resolvable_upper_violation_releases_through_shared_transition ... ok

    test result: ok. 1 passed; 0 failed; 0 ignored; 0 measured; 357 filtered out; finished in 0.00s


  stdout ───

    running 1 test
    test m1_trust_region_stage1::finite_precision_controls::shared_normal_nonfinite_and_overflow_kkt_operands_are_real_operations ... ok

    test result: ok. 1 passed; 0 failed; 0 ignored; 0 measured; 357 filtered out; finished in 0.00s


  stdout ───

    running 1 test
    test m1_trust_region_stage1::finite_precision_controls::fixed_finite_bound_uses_shared_prepare_and_full_solve_metadata ... ok

    test result: ok. 1 passed; 0 failed; 0 ignored; 0 measured; 357 filtered out; finished in 0.00s


  stdout ───

    running 1 test
    test m1_trust_region_stage1::finite_precision_controls::shared_signed_zero_crossing_precedes_genuine_descent_release ... ok

    test result: ok. 1 passed; 0 failed; 0 ignored; 0 measured; 357 filtered out; finished in 0.00s


  stdout ───

    running 1 test
    test m1_trust_region_stage1::finite_precision_controls::retained_capture_uses_shared_ordered_kkt_operation_before_policy_change ... ok

    test result: ok. 1 passed; 0 failed; 0 ignored; 0 measured; 357 filtered out; finished in 0.01s


────────────
     Summary [   0.022s] 31 tests run: 31 passed, 327 skipped
