{
  "capture_path": "/workdir/openWEPP/docs/work-packages/20260920-cold-canopy-m1-001/artifacts/g4-rank-capture.json",
  "capture_sha256": "edfc1df63996608ef015e36822e7e94b3971b7e2c3d956d77bf1f671ec0a4291",
  "claims_excluded": [
    "No reference direction is supplied to the runtime.",
    "Exact rank of this stored binary64 matrix is not asserted as exact rank of every admissible physical derivative.",
    "A left-null residual projection is not proof that the nonlinear model has no root."
  ],
  "column_nonzero_counts": [
    1,
    0,
    0,
    10,
    7,
    2,
    1,
    4,
    3,
    7,
    5,
    3,
    8,
    6,
    5,
    1,
    1,
    1,
    1,
    1,
    1
  ],
  "evidence_class": "independent-offline-calculation-on-captured-binary64-operands",
  "exact_left_null_certificates": [
    {
      "kind": "exact-proportional",
      "product_exactly_zero": true,
      "terms": [
        {
          "coefficient": "6494723797355925/137438953472",
          "index": 1,
          "name": "upper_shade_energy"
        },
        {
          "coefficient": "5458378660577111/8589934592",
          "index": 2,
          "name": "upper_stem_energy"
        }
      ],
      "weighted_residual_projection": "0"
    },
    {
      "kind": "exact-proportional",
      "product_exactly_zero": true,
      "terms": [
        {
          "coefficient": "-5368709119999999/536870912",
          "index": 1,
          "name": "upper_shade_energy"
        },
        {
          "coefficient": "5458378660577111/8589934592",
          "index": 5,
          "name": "upper_capacity_drainage_closure"
        }
      ],
      "weighted_residual_projection": "0"
    }
  ],
  "exact_proportional_column_groups": [
    [
      1,
      2
    ]
  ],
  "exact_proportional_row_groups": [
    [
      1,
      2,
      5
    ]
  ],
  "exact_rank_if_bounds_meet": 19,
  "exact_rank_lower_bound_from_nonzero_modular_minor": 19,
  "exact_rank_upper_bound_from_independent_left_relations": 19,
  "exact_right_null_certificates": [
    {
      "kind": "zero-vector",
      "product_exactly_zero": true,
      "terms": [
        {
          "coefficient": "1",
          "index": 1,
          "name": "upper_shade_temperature_k"
        }
      ]
    },
    {
      "kind": "zero-vector",
      "product_exactly_zero": true,
      "terms": [
        {
          "coefficient": "1",
          "index": 2,
          "name": "upper_stem_temperature_k"
        }
      ]
    }
  ],
  "f64_weighting_reconstruction": {
    "exact_bit_match": true,
    "runtime_operation_order": "weight=1/normalizer; weighted_jacobian=weight*J; A=weighted_jacobian*scale",
    "weighted_matrix_bit_mismatches": [],
    "weighted_residual_bit_mismatches": []
  },
  "free_ids": [
    0,
    1,
    2,
    3,
    4,
    5,
    6,
    7,
    8,
    9,
    10,
    11,
    12,
    13,
    14,
    15,
    16,
    17,
    18,
    19,
    20
  ],
  "high_precision_svd": [
    {
      "dps": 80,
      "runtime_jacobi_comparison": [
        {
          "absolute_difference": "0.000010752672738492498315950013134422843004515745917919478576115403594446501479088745",
          "descending_index": 0,
          "direct_svd": "42191528160.859905934338980257501684049986865577156995484254082080521423884596406",
          "relative_to_direct": "0.00000000000000025485383457780278682391094778684000594795516168622558223298781710240585812355895",
          "runtime_jacobi": "42191528160.859916687011718750000000000000000000000000000000000000000000000000000"
        },
        {
          "absolute_difference": "0.0000044378628438923741425731181612634034235569559370743020491783689063913764305824191",
          "descending_index": 1,
          "direct_svd": "6011390409.5977538552890115763758574268818387365965764430440629256979508216310936",
          "relative_to_direct": "0.00000000000000073824232690109529459617196300968353156968769856648602323947351139423078705841330",
          "runtime_jacobi": "6011390409.5977582931518554687500000000000000000000000000000000000000000000000000"
        },
        {
          "absolute_difference": "0.0",
          "descending_index": 2,
          "direct_svd": "999999999.74897933006286621093750000000000000000000000000000000000000000000000000",
          "relative_to_direct": "0.0",
          "runtime_jacobi": "999999999.74897933006286621093750000000000000000000000000000000000000000000000000"
        },
        {
          "absolute_difference": "0.0",
          "descending_index": 3,
          "direct_svd": "999999999.74897933006286621093750000000000000000000000000000000000000000000000000",
          "relative_to_direct": "0.0",
          "runtime_jacobi": "999999999.74897933006286621093750000000000000000000000000000000000000000000000000"
        },
        {
          "absolute_difference": "0.0",
          "descending_index": 4,
          "direct_svd": "999999999.74897933006286621093750000000000000000000000000000000000000000000000000",
          "relative_to_direct": "0.0",
          "runtime_jacobi": "999999999.74897933006286621093750000000000000000000000000000000000000000000000000"
        },
        {
          "absolute_difference": "0.0",
          "descending_index": 5,
          "direct_svd": "999999999.74897933006286621093750000000000000000000000000000000000000000000000000",
          "relative_to_direct": "0.0",
          "runtime_jacobi": "999999999.74897933006286621093750000000000000000000000000000000000000000000000000"
        },
        {
          "absolute_difference": "0.0",
          "descending_index": 6,
          "direct_svd": "999999999.74897933006286621093750000000000000000000000000000000000000000000000000",
          "relative_to_direct": "0.0",
          "runtime_jacobi": "999999999.74897933006286621093750000000000000000000000000000000000000000000000000"
        },
        {
          "absolute_difference": "0.0",
          "descending_index": 7,
          "direct_svd": "999999999.74897933006286621093750000000000000000000000000000000000000000000000000",
          "relative_to_direct": "0.0",
          "runtime_jacobi": "999999999.74897933006286621093750000000000000000000000000000000000000000000000000"
        },
        {
          "absolute_difference": "0.00000012264313808435887263499334345343863466259710545713276051907471990978506053574507",
          "descending_index": 8,
          "direct_svd": "999953839.32893919601378330235987736500665654656136533740289454286723948092528009",
          "relative_to_direct": "0.00000000000000012264879963525483808949806758801816065864137142642694617721036179592202036628464",
          "runtime_jacobi": "999953839.32893931865692138671875000000000000000000000000000000000000000000000000"
        },
        {
          "absolute_difference": "0.000000039331705777192697456631347427965045904438448153140601108403401532159837786905315",
          "descending_index": 9,
          "direct_svd": "96641575.387224564544947354341134956631347427965045904438448153140601108403401532",
          "relative_to_direct": "0.00000000000000040698535407352343905136084381452412041300952683438878748323317521558682120899196",
          "runtime_jacobi": "96641575.387224525213241577148437500000000000000000000000000000000000000000000000"
        },
        {
          "absolute_difference": "0.000000026239485325458201380727449946565594075959679681975005233407914656481824699825967",
          "descending_index": 10,
          "direct_svd": "56536025.114318203018575129864064244272550053434405924040320318024994766592085344",
          "relative_to_direct": "0.00000000000000046411974086258923615286879619549765877882664441369761710671328832393001104989012",
          "runtime_jacobi": "56536025.114318229258060455322265625000000000000000000000000000000000000000000000"
        },
        {
          "absolute_difference": "0.0000000045501997322597812623418952204372136294209815958730075439159955650354304371823030",
          "descending_index": 11,
          "direct_svd": "31950215.622273790756482854410140612658104779562786370579018404126992456084004435",
          "relative_to_direct": "0.00000000000000014241530592637542444681707926471857836041310459371953717101586041597547078834936",
          "runtime_jacobi": "31950215.622273795306682586669921875000000000000000000000000000000000000000000000"
        },
        {
          "absolute_difference": "0.000000011973265959008222461245977180840489555612979344759884611523466303784280931208146",
          "descending_index": 12,
          "direct_svd": "18954208.670874579943533586279863476254022819159510444387020655240115388476533696",
          "relative_to_direct": "0.00000000000000063169432008029883520637964190251752532200441870764874624110445369815013277470977",
          "runtime_jacobi": "18954208.670874591916799545288085937500000000000000000000000000000000000000000000"
        },
        {
          "absolute_difference": "0.000000020345925205359379848556164499554951075644772129848327082985056848878851813178827",
          "descending_index": 13,
          "direct_svd": "15054098.488228712374092227807124057693835500445048924355227870151672917014943151",
          "relative_to_direct": "0.0000000000000013515206653701992406245402036278198146847340705448799145118142688229539102631463",
          "runtime_jacobi": "15054098.488228732720017433166503906250000000000000000000000000000000000000000000"
        },
        {
          "absolute_difference": "0.0000000064996396055321761306569181079000709708470468919433520176616697225683960604705880",
          "descending_index": 14,
          "direct_svd": "5050070.3944216463518653860192366775319181079000709708470468919433520176616697226",
          "relative_to_direct": "0.0000000000000012870394069579182701598836267118530685570824475922540063144624842917706381765623",
          "runtime_jacobi": "5050070.3944216398522257804870605468750000000000000000000000000000000000000000000"
        },
        {
          "absolute_difference": "1.2159725325572978032543983422822962596131328513126284190113374485997377258852697e-74",
          "descending_index": 15,
          "direct_svd": "999900.00999900011811405420303344726562500000000000000000000000000000000000000001",
          "relative_to_direct": "1.2160941298105535109919650179409215952596945490015374118135785085814452293841738e-80",
          "runtime_jacobi": "999900.00999900011811405420303344726562500000000000000000000000000000000000000000"
        },
        {
          "absolute_difference": "0.0",
          "descending_index": 16,
          "direct_svd": "999900.00999900011811405420303344726562500000000000000000000000000000000000000000",
          "relative_to_direct": "0.0",
          "runtime_jacobi": "999900.00999900011811405420303344726562500000000000000000000000000000000000000000"
        },
        {
          "absolute_difference": "0.00000000064814873066642986615914041589096637101504252822269478769673373297736378355816422",
          "descending_index": 17,
          "direct_svd": "595616.54449119809637255993583904584664041589096637101504252822269478769673373298",
          "relative_to_direct": "0.0000000000000010881979969513893851480813961863864446322791494837395829376914323224378553736426",
          "runtime_jacobi": "595616.54449119744822382926940917968750000000000000000000000000000000000000000000"
        },
        {
          "absolute_difference": "0.00000000028606492479131689045721332949123013294570964092367606774064304387080798785202212",
          "descending_index": 18,
          "direct_svd": "573552.72286743059024203021810522053533832949123013294570964092367606774064304387",
          "relative_to_direct": "0.00000000000000049875959678328849258012656810424684429558199995849349765525142087098111088011889",
          "runtime_jacobi": "573552.72286743030417710542678833007812500000000000000000000000000000000000000000"
        },
        {
          "absolute_difference": "2.2463179915421290998209106459613677094370586451374921669757414857733361230778897e-73",
          "descending_index": 19,
          "direct_svd": "2.2463179915421290998209106459613677094370586451374921669757414857733361230778897e-73",
          "relative_to_direct": "1.0000000000000000000000000000000000000000000000000000000000000000000000000000000",
          "runtime_jacobi": "0.0"
        },
        {
          "absolute_difference": "0.0",
          "descending_index": 20,
          "direct_svd": "0.0",
          "relative_to_direct": null,
          "runtime_jacobi": "0.0"
        }
      ],
      "sigma_max": "42191528160.859905934338980257501684049986865577156995484254082080521423884596406",
      "sigma_min": "0.0",
      "sigma_min_over_max": "0.0",
      "singular_values_descending": [
        "42191528160.859905934338980257501684049986865577156995484254082080521423884596406",
        "6011390409.5977538552890115763758574268818387365965764430440629256979508216310936",
        "999999999.74897933006286621093750000000000000000000000000000000000000000000000000",
        "999999999.74897933006286621093750000000000000000000000000000000000000000000000000",
        "999999999.74897933006286621093750000000000000000000000000000000000000000000000000",
        "999999999.74897933006286621093750000000000000000000000000000000000000000000000000",
        "999999999.74897933006286621093750000000000000000000000000000000000000000000000000",
        "999999999.74897933006286621093750000000000000000000000000000000000000000000000000",
        "999953839.32893919601378330235987736500665654656136533740289454286723948092528009",
        "96641575.387224564544947354341134956631347427965045904438448153140601108403401532",
        "56536025.114318203018575129864064244272550053434405924040320318024994766592085344",
        "31950215.622273790756482854410140612658104779562786370579018404126992456084004435",
        "18954208.670874579943533586279863476254022819159510444387020655240115388476533696",
        "15054098.488228712374092227807124057693835500445048924355227870151672917014943151",
        "5050070.3944216463518653860192366775319181079000709708470468919433520176616697226",
        "999900.00999900011811405420303344726562500000000000000000000000000000000000000001",
        "999900.00999900011811405420303344726562500000000000000000000000000000000000000000",
        "595616.54449119809637255993583904584664041589096637101504252822269478769673373298",
        "573552.72286743059024203021810522053533832949123013294570964092367606774064304387",
        "2.2463179915421290998209106459613677094370586451374921669757414857733361230778897e-73",
        "0.0"
      ],
      "smallest_modes": [
        {
          "a_times_right_norm": "573552.72286743059024203021810522053533832949123013294570964092367606774064304336",
          "descending_singular_index": 18,
          "dominant_left_equations": [
            {
              "coefficient": "0.80066008444548014008416256677551341414819802833521",
              "index": 5,
              "name": "upper_capacity_drainage_closure"
            },
            {
              "coefficient": "-0.57889467715657906909766896006330449599683831431171",
              "index": 11,
              "name": "lower_capacity_drainage_closure"
            },
            {
              "coefficient": "0.14398395865328714635779452031845615640888274165477",
              "index": 3,
              "name": "upper_reservoir_mass_closure"
            },
            {
              "coefficient": "0.050877057007899010625161826307496155798363853679155",
              "index": 1,
              "name": "upper_shade_energy"
            },
            {
              "coefficient": "-0.019926068294408962785107542926270793862632640491625",
              "index": 13,
              "name": "canopy_air_vapor_closure"
            },
            {
              "coefficient": "0.0090461608546855670918921621802681494707124257764262",
              "index": 9,
              "name": "lower_reservoir_mass_closure"
            },
            {
              "coefficient": "-0.0037835460563954732235576027315649329976345267727816",
              "index": 2,
              "name": "upper_stem_energy"
            },
            {
              "coefficient": "-0.0033233207896972540603327571252357414689318991364688",
              "index": 8,
              "name": "lower_stem_energy"
            }
          ],
          "dominant_right_coordinates": [
            {
              "coefficient": "0.80325062615094430239115784782042395317976886727234",
              "index": 5,
              "name": "upper_drainage_kg_m2_s"
            },
            {
              "coefficient": "-0.55337769722769682797182504193402899951515654432332",
              "index": 11,
              "name": "lower_drainage_kg_m2_s"
            },
            {
              "coefficient": "-0.19427345647141280504851121831037105855277351703509",
              "index": 10,
              "name": "lower_reservoir_enthalpy_j_m2"
            },
            {
              "coefficient": "0.061152515411569180326211176692903174762766685770017",
              "index": 9,
              "name": "lower_reservoir_mass_kg_m2"
            },
            {
              "coefficient": "-0.045922077152497213011252359558626777611793599866621",
              "index": 3,
              "name": "upper_reservoir_mass_kg_m2"
            },
            {
              "coefficient": "0.038084248002375854246328746211354285529650139114219",
              "index": 8,
              "name": "lower_stem_temperature_k"
            },
            {
              "coefficient": "0.036520239697589965450046457559584776093313881448689",
              "index": 4,
              "name": "upper_reservoir_enthalpy_j_m2"
            },
            {
              "coefficient": "0.035312492887401421844942762615476548046616782906637",
              "index": 12,
              "name": "canopy_air_temperature_k"
            }
          ],
          "left_weighted_residual_projection": "-225304522.07814946692902986054363375935292064259519311400567567973519594577220892",
          "singular_value": "573552.72286743059024203021810522053533832949123013294570964092367606774064304387"
        },
        {
          "a_times_right_norm": "5.2238794176263101404065849819929528057231004210058931384587316971943589114038951e-71",
          "descending_singular_index": 19,
          "dominant_left_equations": [
            {
              "coefficient": "0.99998883485353281573767582988618135427114776810576",
              "index": 2,
              "name": "upper_stem_energy"
            },
            {
              "coefficient": "0.0047254807452652784003732185935850492448216464663794",
              "index": 5,
              "name": "upper_capacity_drainage_closure"
            },
            {
              "coefficient": "-1.6061389301907787588514824093924907768904863263150e-78",
              "index": 11,
              "name": "lower_capacity_drainage_closure"
            },
            {
              "coefficient": "1.5095959809374558219569401682511659763644478319305e-78",
              "index": 6,
              "name": "lower_sun_energy"
            },
            {
              "coefficient": "2.9296706313546550424117669621053301162158359381047e-79",
              "index": 9,
              "name": "lower_reservoir_mass_closure"
            },
            {
              "coefficient": "1.8791467833808407647401333246388808881243006164072e-79",
              "index": 3,
              "name": "upper_reservoir_mass_closure"
            },
            {
              "coefficient": "-6.6461145549139614967875639302127670611496510449236e-80",
              "index": 13,
              "name": "canopy_air_vapor_closure"
            },
            {
              "coefficient": "-4.4507841941576365237796636072705611498175493211187e-80",
              "index": 12,
              "name": "canopy_air_heat_closure"
            }
          ],
          "dominant_right_coordinates": [
            {
              "coefficient": "1.0000000000000000000000000000000000000000000000000",
              "index": 2,
              "name": "upper_stem_temperature_k"
            },
            {
              "coefficient": "4.6269611248189524219056359215149456762301322114771e-77",
              "index": 11,
              "name": "lower_drainage_kg_m2_s"
            },
            {
              "coefficient": "8.5745552755115350420888103197446640929222905698574e-78",
              "index": 10,
              "name": "lower_reservoir_enthalpy_j_m2"
            },
            {
              "coefficient": "-2.6908727735356614184814216066823171041553323902681e-78",
              "index": 9,
              "name": "lower_reservoir_mass_kg_m2"
            },
            {
              "coefficient": "-1.6638997631142090434938788319786334285495940918012e-78",
              "index": 8,
              "name": "lower_stem_temperature_k"
            },
            {
              "coefficient": "-1.5415291072738316725845031911005238003380704810404e-78",
              "index": 12,
              "name": "canopy_air_temperature_k"
            },
            {
              "coefficient": "-1.4504765069820573218909253880802537657366302960692e-78",
              "index": 4,
              "name": "upper_reservoir_enthalpy_j_m2"
            },
            {
              "coefficient": "-1.2338583285459842068050517319638814510747413079062e-78",
              "index": 7,
              "name": "lower_shade_temperature_k"
            }
          ],
          "left_weighted_residual_projection": "3.1879609441559437267495435158232096274817189245663021224810346695424472171428964e-70",
          "singular_value": "2.2463179915421290998209106459613677094370586451374921669757414857733361230778897e-73"
        },
        {
          "a_times_right_norm": "0.0",
          "descending_singular_index": 20,
          "dominant_left_equations": [
            {
              "coefficient": "0.99798722529368419468936088368619619195578564283843",
              "index": 1,
              "name": "upper_shade_energy"
            },
            {
              "coefficient": "-0.063414575216450119204820127153966546276793810958338",
              "index": 5,
              "name": "upper_capacity_drainage_closure"
            },
            {
              "coefficient": "0.00029966769998827361593567053395050875721406682511388",
              "index": 2,
              "name": "upper_stem_energy"
            },
            {
              "coefficient": "9.1437631841954490095148026167874149231907688396467e-81",
              "index": 6,
              "name": "lower_sun_energy"
            },
            {
              "coefficient": "-2.0466688975724882978520473841723435339186917214989e-81",
              "index": 11,
              "name": "lower_capacity_drainage_closure"
            },
            {
              "coefficient": "8.5500931561063960330287995601364753768585184844307e-82",
              "index": 3,
              "name": "upper_reservoir_mass_closure"
            },
            {
              "coefficient": "8.1569484452107753244059370878875751318810534939139e-82",
              "index": 13,
              "name": "canopy_air_vapor_closure"
            },
            {
              "coefficient": "3.3006300124843672299010653178555890656997198886738e-82",
              "index": 7,
              "name": "lower_shade_energy"
            }
          ],
          "dominant_right_coordinates": [
            {
              "coefficient": "1.0000000000000000000000000000000000000000000000000",
              "index": 1,
              "name": "upper_shade_temperature_k"
            },
            {
              "coefficient": "0.0",
              "index": 0,
              "name": "upper_sun_temperature_k"
            },
            {
              "coefficient": "0.0",
              "index": 2,
              "name": "upper_stem_temperature_k"
            },
            {
              "coefficient": "0.0",
              "index": 3,
              "name": "upper_reservoir_mass_kg_m2"
            },
            {
              "coefficient": "0.0",
              "index": 4,
              "name": "upper_reservoir_enthalpy_j_m2"
            },
            {
              "coefficient": "0.0",
              "index": 5,
              "name": "upper_drainage_kg_m2_s"
            },
            {
              "coefficient": "0.0",
              "index": 6,
              "name": "lower_sun_temperature_k"
            },
            {
              "coefficient": "0.0",
              "index": 7,
              "name": "lower_shade_temperature_k"
            }
          ],
          "left_weighted_residual_projection": "1.7279767882443403845406525414652355300348765703263689886330270351778292026239255e-72",
          "singular_value": "0.0"
        }
      ]
    },
    {
      "dps": 160,
      "runtime_jacobi_comparison": [
        {
          "absolute_difference": "0.0000107526727384924983159500131344228430045157459179194785761154035944800189425946812561800918",
          "descending_index": 0,
          "direct_svd": "42191528160.8599059343389802575016840499868655771569954842540820805214238845964055199810574",
          "relative_to_direct": "0.000000000000000254853834577802786823910947786840005947955161686225582232987817103200270295077054707911386",
          "runtime_jacobi": "42191528160.8599166870117187500000000000000000000000000000000000000000000000000000000000000"
        },
        {
          "absolute_difference": "0.00000443786284389237414257311816126340342355695593707430204917836890634491514756684684523405115",
          "descending_index": 1,
          "direct_svd": "6011390409.59775385528901157637585742688183873659657644304406292569795082163109365508485243",
          "relative_to_direct": "0.000000000000000738242326901095294596171963009683531569687698566486023239473511386501912397171464965419826",
          "runtime_jacobi": "6011390409.59775829315185546875000000000000000000000000000000000000000000000000000000000000"
        },
        {
          "absolute_difference": "0.0",
          "descending_index": 2,
          "direct_svd": "999999999.748979330062866210937500000000000000000000000000000000000000000000000000000000000",
          "relative_to_direct": "0.0",
          "runtime_jacobi": "999999999.748979330062866210937500000000000000000000000000000000000000000000000000000000000"
        },
        {
          "absolute_difference": "0.0",
          "descending_index": 3,
          "direct_svd": "999999999.748979330062866210937500000000000000000000000000000000000000000000000000000000000",
          "relative_to_direct": "0.0",
          "runtime_jacobi": "999999999.748979330062866210937500000000000000000000000000000000000000000000000000000000000"
        },
        {
          "absolute_difference": "0.0",
          "descending_index": 4,
          "direct_svd": "999999999.748979330062866210937500000000000000000000000000000000000000000000000000000000000",
          "relative_to_direct": "0.0",
          "runtime_jacobi": "999999999.748979330062866210937500000000000000000000000000000000000000000000000000000000000"
        },
        {
          "absolute_difference": "0.0",
          "descending_index": 5,
          "direct_svd": "999999999.748979330062866210937500000000000000000000000000000000000000000000000000000000000",
          "relative_to_direct": "0.0",
          "runtime_jacobi": "999999999.748979330062866210937500000000000000000000000000000000000000000000000000000000000"
        },
        {
          "absolute_difference": "0.0",
          "descending_index": 6,
          "direct_svd": "999999999.748979330062866210937500000000000000000000000000000000000000000000000000000000000",
          "relative_to_direct": "0.0",
          "runtime_jacobi": "999999999.748979330062866210937500000000000000000000000000000000000000000000000000000000000"
        },
        {
          "absolute_difference": "0.0",
          "descending_index": 7,
          "direct_svd": "999999999.748979330062866210937500000000000000000000000000000000000000000000000000000000000",
          "relative_to_direct": "0.0",
          "runtime_jacobi": "999999999.748979330062866210937500000000000000000000000000000000000000000000000000000000000"
        },
        {
          "absolute_difference": "0.000000122643138084358872634993343453438634662597105457132760519074719909678057686867798712809977",
          "descending_index": 8,
          "direct_svd": "999953839.328939196013783302359877365006656546561365337402894542867239480925280090321942313",
          "relative_to_direct": "0.000000000000000122648799635254838089498067588018160658641371426426946177210361795815012577856046720252533",
          "runtime_jacobi": "999953839.328939318656921386718750000000000000000000000000000000000000000000000000000000000"
        },
        {
          "absolute_difference": "0.0000000393317057771926974566313474279650459044384481531406011084034015328299853718014395172105377",
          "descending_index": 9,
          "direct_svd": "96641575.3872245645449473543411349566313474279650459044384481531406011084034015328299853718",
          "relative_to_direct": "0.000000000000000406985354073523439051360843814524120413009526834388787483233175222521182349225539964433417",
          "runtime_jacobi": "96641575.3872245252132415771484375000000000000000000000000000000000000000000000000000000000"
        },
        {
          "absolute_difference": "0.0000000262394853254582013807274499465655940759596796819750052334079146567797694125531825156094652",
          "descending_index": 10,
          "direct_svd": "56536025.1143182030185751298640642442725500534344059240403203180249947665920853432202305874",
          "relative_to_direct": "0.000000000000000464119740862589236152868796195497658778826644413697617106713288329200008580221606940404146",
          "runtime_jacobi": "56536025.1143182292580604553222656250000000000000000000000000000000000000000000000000000000"
        },
        {
          "absolute_difference": "0.00000000455019973225978126234189522043721362942098159587300754391599556501530945520150924623757452",
          "descending_index": 11,
          "direct_svd": "31950215.6222737907564828544101406126581047795627863705790184041269924560840044349846905448",
          "relative_to_direct": "0.000000000000000142415305926375424446817079264718578360413104593719537171015860415345710344204924002317383",
          "runtime_jacobi": "31950215.6222737953066825866699218750000000000000000000000000000000000000000000000000000000"
        },
        {
          "absolute_difference": "0.0000000119732659590082224612459771808404895556129793447598846115234663039449067378432472889265714",
          "descending_index": 12,
          "direct_svd": "18954208.6708745799435335862798634762540228191595104443870206552401153884765336960550932622",
          "relative_to_direct": "0.000000000000000631694320080298835206379641902517525322004418707648746241104453706624546527573126403810395",
          "runtime_jacobi": "18954208.6708745919167995452880859375000000000000000000000000000000000000000000000000000000"
        },
        {
          "absolute_difference": "0.0000000203459252053593798485561644995549510756447721298483270829850568490024615159833483523861055",
          "descending_index": 13,
          "direct_svd": "15054098.4882287123740922278071240576938355004450489243552278701516729170149431509975384840",
          "relative_to_direct": "0.00000000000000135152066537019924062454020362781981468473407054487991451181426883116494348450961225353948",
          "runtime_jacobi": "15054098.4882287327200174331665039062500000000000000000000000000000000000000000000000000000"
        },
        {
          "absolute_difference": "0.00000000649963960553217613065691810790007097084704689194335201766166972260207469709737248466550468",
          "descending_index": 14,
          "direct_svd": "5050070.39442164635186538601923667753191810790007097084704689194335201766166972260207469710",
          "relative_to_direct": "0.00000000000000128703940695791827015988362671185306855708244759225400631446248429843958217068681177583848",
          "runtime_jacobi": "5050070.39442163985222578048706054687500000000000000000000000000000000000000000000000000000"
        },
        {
          "absolute_difference": "2.33073147850006460727842666108216682418014735456262715445984947912696199533441197029255465e-154",
          "descending_index": 15,
          "direct_svd": "999900.009999000118114054203033447265625000000000000000000000000000000000000000000000000000",
          "relative_to_direct": "2.33096455164791457148840430250852399658074298443012815398093717625673229527203935305830472e-160",
          "runtime_jacobi": "999900.009999000118114054203033447265625000000000000000000000000000000000000000000000000000"
        },
        {
          "absolute_difference": "0.0",
          "descending_index": 16,
          "direct_svd": "999900.009999000118114054203033447265625000000000000000000000000000000000000000000000000000",
          "relative_to_direct": "0.0",
          "runtime_jacobi": "999900.009999000118114054203033447265625000000000000000000000000000000000000000000000000000"
        },
        {
          "absolute_difference": "0.000000000648148730666429866159140415890966371015042528222694787696733733109665345744705585393707988",
          "descending_index": 17,
          "direct_svd": "595616.544491198096372559935839045846640415890966371015042528222694787696733733109665345745",
          "relative_to_direct": "0.00000000000000108819799695138938514808139618638644463227914948373958293769143254456325368600653527976159",
          "runtime_jacobi": "595616.544491197448223829269409179687500000000000000000000000000000000000000000000000000000"
        },
        {
          "absolute_difference": "0.000000000286064924791316890457213329491230132945709640923676067740643043361267299148946924023236032",
          "descending_index": 18,
          "direct_svd": "573552.722867430590242030218105220535338329491230132945709640923676067740643043361267299149",
          "relative_to_direct": "0.000000000000000498759596783288492580126568104246844295581999958493497655251419982587300881855174248548662",
          "runtime_jacobi": "573552.722867430304177105426788330078125000000000000000000000000000000000000000000000000000"
        },
        {
          "absolute_difference": "1.05809978364605117456090998321233311141933600382523535503720947714385800196575711639401352e-152",
          "descending_index": 19,
          "direct_svd": "1.05809978364605117456090998321233311141933600382523535503720947714385800196575711639401352e-152",
          "relative_to_direct": "1.00000000000000000000000000000000000000000000000000000000000000000000000000000000000000000",
          "runtime_jacobi": "0.0"
        },
        {
          "absolute_difference": "0.0",
          "descending_index": 20,
          "direct_svd": "0.0",
          "relative_to_direct": null,
          "runtime_jacobi": "0.0"
        }
      ],
      "sigma_max": "42191528160.8599059343389802575016840499868655771569954842540820805214238845964055199810574",
      "sigma_min": "0.0",
      "sigma_min_over_max": "0.0",
      "singular_values_descending": [
        "42191528160.8599059343389802575016840499868655771569954842540820805214238845964055199810574",
        "6011390409.59775385528901157637585742688183873659657644304406292569795082163109365508485243",
        "999999999.748979330062866210937500000000000000000000000000000000000000000000000000000000000",
        "999999999.748979330062866210937500000000000000000000000000000000000000000000000000000000000",
        "999999999.748979330062866210937500000000000000000000000000000000000000000000000000000000000",
        "999999999.748979330062866210937500000000000000000000000000000000000000000000000000000000000",
        "999999999.748979330062866210937500000000000000000000000000000000000000000000000000000000000",
        "999999999.748979330062866210937500000000000000000000000000000000000000000000000000000000000",
        "999953839.328939196013783302359877365006656546561365337402894542867239480925280090321942313",
        "96641575.3872245645449473543411349566313474279650459044384481531406011084034015328299853718",
        "56536025.1143182030185751298640642442725500534344059240403203180249947665920853432202305874",
        "31950215.6222737907564828544101406126581047795627863705790184041269924560840044349846905448",
        "18954208.6708745799435335862798634762540228191595104443870206552401153884765336960550932622",
        "15054098.4882287123740922278071240576938355004450489243552278701516729170149431509975384840",
        "5050070.39442164635186538601923667753191810790007097084704689194335201766166972260207469710",
        "999900.009999000118114054203033447265625000000000000000000000000000000000000000000000000000",
        "999900.009999000118114054203033447265625000000000000000000000000000000000000000000000000000",
        "595616.544491198096372559935839045846640415890966371015042528222694787696733733109665345745",
        "573552.722867430590242030218105220535338329491230132945709640923676067740643043361267299149",
        "1.05809978364605117456090998321233311141933600382523535503720947714385800196575711639401352e-152",
        "0.0"
      ],
      "smallest_modes": [
        {
          "a_times_right_norm": "573552.722867430590242030218105220535338329491230132945709640923676067740643043361267299149",
          "descending_singular_index": 18,
          "dominant_left_equations": [
            {
              "coefficient": "0.80066008444548014008416256677551341414819802833521",
              "index": 5,
              "name": "upper_capacity_drainage_closure"
            },
            {
              "coefficient": "-0.57889467715657906909766896006330449599683831431171",
              "index": 11,
              "name": "lower_capacity_drainage_closure"
            },
            {
              "coefficient": "0.14398395865328714635779452031845615640888274165477",
              "index": 3,
              "name": "upper_reservoir_mass_closure"
            },
            {
              "coefficient": "0.050877057007899010625161826307496155798363853679155",
              "index": 1,
              "name": "upper_shade_energy"
            },
            {
              "coefficient": "-0.019926068294408962785107542926270793862632640491625",
              "index": 13,
              "name": "canopy_air_vapor_closure"
            },
            {
              "coefficient": "0.0090461608546855670918921621802681494707124257764262",
              "index": 9,
              "name": "lower_reservoir_mass_closure"
            },
            {
              "coefficient": "-0.0037835460563954732235576027315649329976345267727816",
              "index": 2,
              "name": "upper_stem_energy"
            },
            {
              "coefficient": "-0.0033233207896972540603327571252357414689318991364688",
              "index": 8,
              "name": "lower_stem_energy"
            }
          ],
          "dominant_right_coordinates": [
            {
              "coefficient": "0.80325062615094430239115784782042395317976886727234",
              "index": 5,
              "name": "upper_drainage_kg_m2_s"
            },
            {
              "coefficient": "-0.55337769722769682797182504193402899951515654432332",
              "index": 11,
              "name": "lower_drainage_kg_m2_s"
            },
            {
              "coefficient": "-0.19427345647141280504851121831037105855277351703509",
              "index": 10,
              "name": "lower_reservoir_enthalpy_j_m2"
            },
            {
              "coefficient": "0.061152515411569180326211176692903174762766685770017",
              "index": 9,
              "name": "lower_reservoir_mass_kg_m2"
            },
            {
              "coefficient": "-0.045922077152497213011252359558626777611793599866621",
              "index": 3,
              "name": "upper_reservoir_mass_kg_m2"
            },
            {
              "coefficient": "0.038084248002375854246328746211354285529650139114219",
              "index": 8,
              "name": "lower_stem_temperature_k"
            },
            {
              "coefficient": "0.036520239697589965450046457559584776093313881448689",
              "index": 4,
              "name": "upper_reservoir_enthalpy_j_m2"
            },
            {
              "coefficient": "0.035312492887401421844942762615476548046616782906637",
              "index": 12,
              "name": "canopy_air_temperature_k"
            }
          ],
          "left_weighted_residual_projection": "225304522.078149466929029860543633759352920642595193114005675679735195945772209515356486474",
          "singular_value": "573552.722867430590242030218105220535338329491230132945709640923676067740643043361267299149"
        },
        {
          "a_times_right_norm": "4.52079665647343676705965392007622017882303129402023918731632500732535487147966948559521414e-151",
          "descending_singular_index": 19,
          "dominant_left_equations": [
            {
              "coefficient": "0.99998883485353281573767582988618135427114776810576",
              "index": 2,
              "name": "upper_stem_energy"
            },
            {
              "coefficient": "0.0047254807452652784003732185935850492448216464663794",
              "index": 5,
              "name": "upper_capacity_drainage_closure"
            },
            {
              "coefficient": "8.6041905918457570409108490190918961373174744101938e-159",
              "index": 11,
              "name": "lower_capacity_drainage_closure"
            },
            {
              "coefficient": "-1.5302652072040937343432718085339866942197303859798e-159",
              "index": 9,
              "name": "lower_reservoir_mass_closure"
            },
            {
              "coefficient": "-8.4020280730535928874134567059427171663293428423374e-160",
              "index": 3,
              "name": "upper_reservoir_mass_closure"
            },
            {
              "coefficient": "-4.0596604723017297974940432967825901520016405623380e-160",
              "index": 13,
              "name": "canopy_air_vapor_closure"
            },
            {
              "coefficient": "3.7358192830090748074991034390921361863196292934660e-161",
              "index": 8,
              "name": "lower_stem_energy"
            },
            {
              "coefficient": "-3.4360889347059429759727244634437307698547821376035e-161",
              "index": 6,
              "name": "lower_sun_energy"
            }
          ],
          "dominant_right_coordinates": [
            {
              "coefficient": "1.0000000000000000000000000000000000000000000000000",
              "index": 2,
              "name": "upper_stem_temperature_k"
            },
            {
              "coefficient": "2.4928974524881071313124341557354626122135046892014e-158",
              "index": 5,
              "name": "upper_drainage_kg_m2_s"
            },
            {
              "coefficient": "1.5228718777166997768101330784638734653754861186795e-158",
              "index": 11,
              "name": "lower_drainage_kg_m2_s"
            },
            {
              "coefficient": "1.0547591999255983208832632809444347754906069636503e-160",
              "index": 12,
              "name": "canopy_air_temperature_k"
            },
            {
              "coefficient": "-8.6756905465211784362850373497895147611000439112221e-161",
              "index": 10,
              "name": "lower_reservoir_enthalpy_j_m2"
            },
            {
              "coefficient": "7.6684769749286287932267029515820661915579388967757e-161",
              "index": 7,
              "name": "lower_shade_temperature_k"
            },
            {
              "coefficient": "7.4394242975582014480877327272564136204957091854505e-161",
              "index": 8,
              "name": "lower_stem_temperature_k"
            },
            {
              "coefficient": "6.2403181059428705938978212995244050001466749082199e-161",
              "index": 4,
              "name": "upper_reservoir_enthalpy_j_m2"
            }
          ],
          "left_weighted_residual_projection": "-1.23056431902957668405649854279994334424301804383115788860306113410605214290073922534038790e-150",
          "singular_value": "1.05809978364605117456090998321233311141933600382523535503720947714385800196575711639401352e-152"
        },
        {
          "a_times_right_norm": "0.0",
          "descending_singular_index": 20,
          "dominant_left_equations": [
            {
              "coefficient": "0.99798722529368419468936088368619619195578564283843",
              "index": 1,
              "name": "upper_shade_energy"
            },
            {
              "coefficient": "-0.063414575216450119204820127153966546276793810958338",
              "index": 5,
              "name": "upper_capacity_drainage_closure"
            },
            {
              "coefficient": "0.00029966769998827361593567053395050875721406682511388",
              "index": 2,
              "name": "upper_stem_energy"
            },
            {
              "coefficient": "1.1811890938150135713624332933582244357261467542513e-160",
              "index": 6,
              "name": "lower_sun_energy"
            },
            {
              "coefficient": "-5.3011792243654999495405499837624244899210564264952e-161",
              "index": 3,
              "name": "upper_reservoir_mass_closure"
            },
            {
              "coefficient": "-2.0803632670961897071596645861688523407040659567461e-161",
              "index": 11,
              "name": "lower_capacity_drainage_closure"
            },
            {
              "coefficient": "4.4970707414508879651586342929834305476352761330224e-162",
              "index": 9,
              "name": "lower_reservoir_mass_closure"
            },
            {
              "coefficient": "-3.5565632322464629374507112739141765271368583765310e-162",
              "index": 13,
              "name": "canopy_air_vapor_closure"
            }
          ],
          "dominant_right_coordinates": [
            {
              "coefficient": "1.0000000000000000000000000000000000000000000000000",
              "index": 1,
              "name": "upper_shade_temperature_k"
            },
            {
              "coefficient": "0.0",
              "index": 0,
              "name": "upper_sun_temperature_k"
            },
            {
              "coefficient": "0.0",
              "index": 2,
              "name": "upper_stem_temperature_k"
            },
            {
              "coefficient": "0.0",
              "index": 3,
              "name": "upper_reservoir_mass_kg_m2"
            },
            {
              "coefficient": "0.0",
              "index": 4,
              "name": "upper_reservoir_enthalpy_j_m2"
            },
            {
              "coefficient": "0.0",
              "index": 5,
              "name": "upper_drainage_kg_m2_s"
            },
            {
              "coefficient": "0.0",
              "index": 6,
              "name": "lower_sun_temperature_k"
            },
            {
              "coefficient": "0.0",
              "index": 7,
              "name": "lower_shade_temperature_k"
            }
          ],
          "left_weighted_residual_projection": "7.88367262817647650675766140141230641257249303821126391850834065234936749701563303484869327e-152",
          "singular_value": "0.0"
        }
      ]
    }
  ],
  "matrix_dimensions": [
    21,
    21
  ],
  "modular_rank_certificates": [
    {
      "pivot_column_names": [
        "upper_sun_temperature_k",
        "upper_reservoir_mass_kg_m2",
        "upper_reservoir_enthalpy_j_m2",
        "upper_drainage_kg_m2_s",
        "lower_sun_temperature_k",
        "lower_shade_temperature_k",
        "lower_stem_temperature_k",
        "lower_reservoir_mass_kg_m2",
        "lower_reservoir_enthalpy_j_m2",
        "lower_drainage_kg_m2_s",
        "canopy_air_temperature_k",
        "canopy_air_specific_humidity_kg_kg",
        "snow_surface_temperature_k",
        "soil_node_0_temperature_k",
        "soil_node_1_temperature_k",
        "soil_node_2_temperature_k",
        "soil_node_3_temperature_k",
        "soil_node_4_temperature_k",
        "soil_node_5_temperature_k"
      ],
      "pivot_columns": [
        0,
        3,
        4,
        5,
        6,
        7,
        8,
        9,
        10,
        11,
        12,
        13,
        14,
        15,
        16,
        17,
        18,
        19,
        20
      ],
      "pivot_minor_determinant_residue": 1900897407323277908,
      "pivot_row_names": [
        "upper_sun_energy",
        "upper_shade_energy",
        "upper_reservoir_mass_closure",
        "upper_reservoir_enthalpy_closure",
        "lower_sun_energy",
        "lower_shade_energy",
        "lower_stem_energy",
        "lower_reservoir_mass_closure",
        "lower_reservoir_enthalpy_closure",
        "lower_capacity_drainage_closure",
        "canopy_air_heat_closure",
        "canopy_air_vapor_closure",
        "snow_surface_temperature_anchor",
        "soil_node_0_temperature_anchor",
        "soil_node_1_temperature_anchor",
        "soil_node_2_temperature_anchor",
        "soil_node_3_temperature_anchor",
        "soil_node_4_temperature_anchor",
        "soil_node_5_temperature_anchor"
      ],
      "pivot_rows": [
        0,
        1,
        3,
        4,
        6,
        7,
        8,
        9,
        10,
        11,
        12,
        13,
        14,
        15,
        16,
        17,
        18,
        19,
        20
      ],
      "prime": 2305843009213693951,
      "rank_lower_bound": 19
    },
    {
      "pivot_column_names": [
        "upper_sun_temperature_k",
        "upper_reservoir_mass_kg_m2",
        "upper_reservoir_enthalpy_j_m2",
        "upper_drainage_kg_m2_s",
        "lower_sun_temperature_k",
        "lower_shade_temperature_k",
        "lower_stem_temperature_k",
        "lower_reservoir_mass_kg_m2",
        "lower_reservoir_enthalpy_j_m2",
        "lower_drainage_kg_m2_s",
        "canopy_air_temperature_k",
        "canopy_air_specific_humidity_kg_kg",
        "snow_surface_temperature_k",
        "soil_node_0_temperature_k",
        "soil_node_1_temperature_k",
        "soil_node_2_temperature_k",
        "soil_node_3_temperature_k",
        "soil_node_4_temperature_k",
        "soil_node_5_temperature_k"
      ],
      "pivot_columns": [
        0,
        3,
        4,
        5,
        6,
        7,
        8,
        9,
        10,
        11,
        12,
        13,
        14,
        15,
        16,
        17,
        18,
        19,
        20
      ],
      "pivot_minor_determinant_residue": 524383048,
      "pivot_row_names": [
        "upper_sun_energy",
        "upper_shade_energy",
        "upper_reservoir_mass_closure",
        "upper_reservoir_enthalpy_closure",
        "lower_sun_energy",
        "lower_shade_energy",
        "lower_stem_energy",
        "lower_reservoir_mass_closure",
        "lower_reservoir_enthalpy_closure",
        "lower_capacity_drainage_closure",
        "canopy_air_heat_closure",
        "canopy_air_vapor_closure",
        "snow_surface_temperature_anchor",
        "soil_node_0_temperature_anchor",
        "soil_node_1_temperature_anchor",
        "soil_node_2_temperature_anchor",
        "soil_node_3_temperature_anchor",
        "soil_node_4_temperature_anchor",
        "soil_node_5_temperature_anchor"
      ],
      "pivot_rows": [
        0,
        1,
        3,
        4,
        6,
        7,
        8,
        9,
        10,
        11,
        12,
        13,
        14,
        15,
        16,
        17,
        18,
        19,
        20
      ],
      "prime": 1000000007,
      "rank_lower_bound": 19
    },
    {
      "pivot_column_names": [
        "upper_sun_temperature_k",
        "upper_reservoir_mass_kg_m2",
        "upper_reservoir_enthalpy_j_m2",
        "upper_drainage_kg_m2_s",
        "lower_sun_temperature_k",
        "lower_shade_temperature_k",
        "lower_stem_temperature_k",
        "lower_reservoir_mass_kg_m2",
        "lower_reservoir_enthalpy_j_m2",
        "lower_drainage_kg_m2_s",
        "canopy_air_temperature_k",
        "canopy_air_specific_humidity_kg_kg",
        "snow_surface_temperature_k",
        "soil_node_0_temperature_k",
        "soil_node_1_temperature_k",
        "soil_node_2_temperature_k",
        "soil_node_3_temperature_k",
        "soil_node_4_temperature_k",
        "soil_node_5_temperature_k"
      ],
      "pivot_columns": [
        0,
        3,
        4,
        5,
        6,
        7,
        8,
        9,
        10,
        11,
        12,
        13,
        14,
        15,
        16,
        17,
        18,
        19,
        20
      ],
      "pivot_minor_determinant_residue": 445530187,
      "pivot_row_names": [
        "upper_sun_energy",
        "upper_shade_energy",
        "upper_reservoir_mass_closure",
        "upper_reservoir_enthalpy_closure",
        "lower_sun_energy",
        "lower_shade_energy",
        "lower_stem_energy",
        "lower_reservoir_mass_closure",
        "lower_reservoir_enthalpy_closure",
        "lower_capacity_drainage_closure",
        "canopy_air_heat_closure",
        "canopy_air_vapor_closure",
        "snow_surface_temperature_anchor",
        "soil_node_0_temperature_anchor",
        "soil_node_1_temperature_anchor",
        "soil_node_2_temperature_anchor",
        "soil_node_3_temperature_anchor",
        "soil_node_4_temperature_anchor",
        "soil_node_5_temperature_anchor"
      ],
      "pivot_rows": [
        0,
        1,
        3,
        4,
        6,
        7,
        8,
        9,
        10,
        11,
        12,
        13,
        14,
        15,
        16,
        17,
        18,
        19,
        20
      ],
      "prime": 1000000009,
      "rank_lower_bound": 19
    }
  ],
  "reviewer_script_sha256": "b1e1453a8472187abe9f60f4e0101b0528e05874978b21ae4af9aca0b7645251",
  "row_and_column_norms_80dps": {
    "column_l2": [
      "999900.00999900011811405420303344726562500000000000",
      "0.0",
      "0.0",
      "274413502.26526298758608283745747348553449824185015",
      "3761640888.7667861797905751000782828209484386196663",
      "3954068.4518656046107411361242618460539714759000770",
      "999900.00999900011811405420303344726562500000000000",
      "77554227.929885206322532823280343088907221416023220",
      "25722451.569015934645876602783789746578064420273895",
      "40260333942.905480704243299334252646024223472598971",
      "12600311801.242762278404780938844196797242246338881",
      "13099420.836068248732581924230190244162303062466585",
      "1832643335.6824197182531492728573433443256496041718",
      "4361047610.5891143895770653722659753667791078337420",
      "1002081171.5564945466926189990049013523255751684673",
      "999999999.74897933006286621093750000000000000000000",
      "999999999.74897933006286621093750000000000000000000",
      "999999999.74897933006286621093750000000000000000000",
      "999999999.74897933006286621093750000000000000000000",
      "999999999.74897933006286621093750000000000000000000",
      "999999999.74897933006286621093750000000000000000000"
    ],
    "row_l2": [
      "999900.00999900011811405420303344726562500000000000",
      "635438.90842435776721686124801635742187500000000000",
      "47255.335065390136151108890771865844726562500000000",
      "56817653.160804531093994136845398918770932839318235",
      "6187017217.9131900445269961928659644443542294402603",
      "9999999.9999999981373548507690429687500000000000000",
      "999900.00999900011811405420303344726562500000000000",
      "36914940.969648129297055734718560705618769489238694",
      "7054666.4453676007981375010062000304153216929331464",
      "86551850.749304793258421711403314553453249679397725",
      "42164277402.983219484710743818574140888581335169762",
      "600000.00000000000000000000000000000000000000000000",
      "383536922.65592875011157154540069623961429981953881",
      "105524578.08909034256634103361417103456391330518541",
      "999999999.74897933006286621093750000000000000000000",
      "999999999.74897933006286621093750000000000000000000",
      "999999999.74897933006286621093750000000000000000000",
      "999999999.74897933006286621093750000000000000000000",
      "999999999.74897933006286621093750000000000000000000",
      "999999999.74897933006286621093750000000000000000000",
      "999999999.74897933006286621093750000000000000000000"
    ]
  },
  "row_nonzero_counts": [
    1,
    1,
    1,
    5,
    9,
    1,
    1,
    7,
    6,
    6,
    8,
    1,
    7,
    7,
    1,
    1,
    1,
    1,
    1,
    1,
    1
  ],
  "runtime_rank_comparison": {
    "rank_max_exact_fraction": "5530127979100231/131072",
    "rank_threshold_exact_fraction": "5530127979100231/144115188075855872",
    "refusing_unsorted_indices": [
      1,
      2
    ],
    "rule": "sigma <= 2^-40 * sigma_max",
    "sigma_unsorted_exact_fractions": [
      "8589075684431557/8589934592",
      "0",
      "0",
      "7588136840994733/134217728",
      "4288285349931695/134217728",
      "1279076789773111/2147483648",
      "8589075684431557/8589934592",
      "8082107584713181/536870912",
      "5422471796634691/1073741824",
      "5530127979100231/131072",
      "5087981647685375/268435456",
      "4926780374494729/8589934592",
      "3242753169703499/33554432",
      "6303399710134379/1048576",
      "8388220776225455/8388608",
      "4194303998947143/4194304",
      "4194303998947143/4194304",
      "4194303998947143/4194304",
      "4194303998947143/4194304",
      "4194303998947143/4194304",
      "4194303998947143/4194304"
    ],
    "threshold_equals_exact_power_of_two_product": true
  },
  "schema": "g4-rank-correctness-reference-v1",
  "source_causal_observations": {
    "base_core_occupancies": [
      {
        "liquid_mass_equals_capacity": true,
        "occupancy": "upper",
        "structural_area_exact_fractions": [
          "0",
          "4503599627370497/4503599627370496",
          "6305039478318695/18014398509481984"
        ],
        "wet_fraction_exactly_one": true,
        "zero_structural_area_components": [
          "sun"
        ]
      },
      {
        "liquid_mass_equals_capacity": false,
        "occupancy": "lower",
        "structural_area_exact_fractions": [
          "0",
          "4503599627370497/4503599627370496",
          "6305039478318695/18014398509481984"
        ],
        "wet_fraction_exactly_one": false,
        "zero_structural_area_components": [
          "sun"
        ]
      }
    ],
    "interpretation_boundary": "Facts above describe the captured natural linearization only; they do not select a directional side or alter the runtime model.",
    "phase_capacity_events": [
      {
        "coordinates": [
          "4070b00000000000",
          "4070a00000000000",
          "4070c00000000000",
          "3fd3020c49ba5e37",
          "0000000000000000",
          "0000000000000000",
          "4070d00000000000",
          "4070b00000000000",
          "4070e00000000000",
          "3f978d4fdf3b645a",
          "c0beed4a3d70a3d7",
          "0000000000000000",
          "4070c00000000000",
          "3f589374bc6a7efa",
          "4070926666666666",
          "4072380000000000",
          "40721ccccccccccd",
          "4072500000000000",
          "4072500000000000",
          "4072500000000000",
          "4070e00000000000"
        ],
        "direction": [
          "0000000000000000",
          "0000000000000000",
          "0000000000000000",
          "0000000000000000",
          "0000000000000000",
          "0000000000000000",
          "0000000000000000",
          "0000000000000000",
          "0000000000000000",
          "0000000000000000",
          "0000000000000000",
          "0000000000000000",
          "0000000000000000",
          "0000000000000000",
          "0000000000000000",
          "0000000000000000",
          "0000000000000000",
          "0000000000000000",
          "0000000000000000",
          "0000000000000000",
          "0000000000000000"
        ],
        "natural_cache": true,
        "selections": [
          {
            "capacity": "Capacity",
            "capacity_value": "3fd3020c49ba5e37",
            "corrected": false,
            "drainage": "0000000000000000",
            "duration_s": "404e000000000000",
            "enthalpy": "0000000000000000",
            "mass": "3fd3020c49ba5e37",
            "phase": "Liquid"
          },
          {
            "capacity": "Drainage",
            "capacity_value": "3fd3020c49ba5e37",
            "corrected": false,
            "drainage": "0000000000000000",
            "duration_s": "404e000000000000",
            "enthalpy": "c0beed4a3d70a3d7",
            "mass": "3f978d4fdf3b645a",
            "phase": "Ice"
          }
        ]
      }
    ],
    "prepared_upper_m_h_d_exact_fractions": [
      "5350276357316151/18014398509481984",
      "0",
      "0"
    ],
    "tie_sensitive_row_support": [
      {
        "equation": "upper_sun_energy",
        "nonzero_columns": [
          0
        ],
        "nonzero_coordinate_names": [
          "upper_sun_temperature_k"
        ],
        "row": 0
      },
      {
        "equation": "upper_shade_energy",
        "nonzero_columns": [
          3
        ],
        "nonzero_coordinate_names": [
          "upper_reservoir_mass_kg_m2"
        ],
        "row": 1
      },
      {
        "equation": "upper_stem_energy",
        "nonzero_columns": [
          3
        ],
        "nonzero_coordinate_names": [
          "upper_reservoir_mass_kg_m2"
        ],
        "row": 2
      },
      {
        "equation": "upper_capacity_drainage_closure",
        "nonzero_columns": [
          3
        ],
        "nonzero_coordinate_names": [
          "upper_reservoir_mass_kg_m2"
        ],
        "row": 5
      },
      {
        "equation": "lower_sun_energy",
        "nonzero_columns": [
          6
        ],
        "nonzero_coordinate_names": [
          "lower_sun_temperature_k"
        ],
        "row": 6
      },
      {
        "equation": "lower_shade_energy",
        "nonzero_columns": [
          3,
          4,
          7,
          9,
          12,
          13,
          14
        ],
        "nonzero_coordinate_names": [
          "upper_reservoir_mass_kg_m2",
          "upper_reservoir_enthalpy_j_m2",
          "lower_shade_temperature_k",
          "lower_reservoir_mass_kg_m2",
          "canopy_air_temperature_k",
          "canopy_air_specific_humidity_kg_kg",
          "snow_surface_temperature_k"
        ],
        "row": 7
      },
      {
        "equation": "lower_stem_energy",
        "nonzero_columns": [
          3,
          4,
          8,
          9,
          12,
          14
        ],
        "nonzero_coordinate_names": [
          "upper_reservoir_mass_kg_m2",
          "upper_reservoir_enthalpy_j_m2",
          "lower_stem_temperature_k",
          "lower_reservoir_mass_kg_m2",
          "canopy_air_temperature_k",
          "snow_surface_temperature_k"
        ],
        "row": 8
      },
      {
        "equation": "lower_capacity_drainage_closure",
        "nonzero_columns": [
          11
        ],
        "nonzero_coordinate_names": [
          "lower_drainage_kg_m2_s"
        ],
        "row": 11
      }
    ]
  },
  "zero_columns": [
    1,
    2
  ],
  "zero_rows": []
}
