warning: Git tree '/workdir/openWEPP' is dirty
   Compiling openwepp-land-surface-energy v0.1.0 (/home/roger/openwepp-experiments/cold-canopy-m1-20260920/crates/openwepp-land-surface-energy)
error[E0609]: no field `leaf_area_m2_m2_tile` on type `solver::M1ZeroParLeafState`
    --> crates/openwepp-land-surface-energy/src/solver_covered_evaluation/m1_coupled.rs:3283:39
     |
3283 |                         occupancy.sun.leaf_area_m2_m2_tile,
     |                                       ^^^^^^^^^^^^^^^^^^^^ unknown field
     |
     = note: available fields are: `beta`, `internal_specific_humidity_kg_kg`, `conductance_m_s`, `ci_pa`, `gross_assimilation_umol_co2_m2_leaf_s` ... and 4 others

error[E0609]: no field `leaf_area_m2_m2_tile` on type `solver::M1ZeroParLeafState`
    --> crates/openwepp-land-surface-energy/src/solver_covered_evaluation/m1_coupled.rs:3284:41
     |
3284 |                         occupancy.shade.leaf_area_m2_m2_tile,
     |                                         ^^^^^^^^^^^^^^^^^^^^ unknown field
     |
     = note: available fields are: `beta`, `internal_specific_humidity_kg_kg`, `conductance_m_s`, `ci_pa`, `gross_assimilation_umol_co2_m2_leaf_s` ... and 4 others

error[E0609]: no field `stem_area_m2_m2_tile` on type `&CoreOccupancy`
    --> crates/openwepp-land-surface-energy/src/solver_covered_evaluation/m1_coupled.rs:3285:35
     |
3285 |                         occupancy.stem_area_m2_m2_tile,
     |                                   ^^^^^^^^^^^^^^^^^^^^ unknown field
     |
     = note: available fields are: `sun`, `shade`, `wet_temperature_k`, `wet_fraction`, `liquid_mass_kg_m2` ... and 10 others

error[E0609]: no field `radius` on type `&mut SubproblemState`
    --> crates/openwepp-land-surface-energy/src/m1_trust_region_stage1.rs:3711:32
     |
3711 |             radius: Some(state.radius),
     |                                ^^^^^^ unknown field
     |
     = note: available fields are: `p`, `lower_active`, `upper_active`, `free`, `initial_free` ... and 6 others

For more information about this error, try `rustc --explain E0609`.
error: could not compile `openwepp-land-surface-energy` (lib test) due to 4 previous errors
error: command `/nix/store/rai05nypxnmj22l65nwsk5xjsaq8s4vc-cargo-1.95.0/bin/cargo test --no-run --message-format json-render-diagnostics --package openwepp-land-surface-energy --lib --features m1-trust-region-controller-stage,m1-trust-region-analytic-stage,m1-trust-region-physical-stage` exited with code 101
