warning: Git tree '/workdir/openWEPP' is dirty
   Compiling openwepp-land-surface-energy v0.1.0 (/home/roger/openwepp-experiments/cold-canopy-m1-20260920/crates/openwepp-land-surface-energy)
error[E0609]: no field `entered_materializations` on type `FoundationState<P, Phase>`
    --> crates/openwepp-land-surface-energy/src/m1_trust_region_controller.rs:1145:49
     |
1145 |                 entered_materializations: state.entered_materializations,
     |                                                 ^^^^^^^^^^^^^^^^^^^^^^^^ unknown field
     |
     = note: available fields are: `current`, `radius`, `budget`, `raw_jacobian`, `natural_phase` ... and 10 others

error[E0616]: field `coordinates` of struct `m1_coupled::M1CoupledColumnTrial` is private
    --> crates/openwepp-land-surface-energy/src/m1_coupled_tests.rs:5597:27
     |
5597 |     assert_eq!(frozen_tie.coordinates[3].to_bits(), 0.018_f64.to_bits());
     |                           ^^^^^^^^^^^ private field

error[E0616]: field `coordinates` of struct `m1_coupled::M1CoupledColumnTrial` is private
    --> crates/openwepp-land-surface-energy/src/m1_coupled_tests.rs:5598:27
     |
5598 |     assert_eq!(frozen_tie.coordinates[4].to_bits(), 0.0_f64.to_bits());
     |                           ^^^^^^^^^^^ private field

error[E0616]: field `coordinates` of struct `m1_coupled::M1CoupledColumnTrial` is private
    --> crates/openwepp-land-surface-energy/src/m1_coupled_tests.rs:5599:27
     |
5599 |     assert_eq!(frozen_tie.coordinates[5].to_bits(), 0.0_f64.to_bits());
     |                           ^^^^^^^^^^^ private field

Some errors have detailed explanations: E0609, E0616.
For more information about an error, try `rustc --explain E0609`.
error: could not compile `openwepp-land-surface-energy` (lib test) due to 4 previous errors
error: command `/nix/store/rai05nypxnmj22l65nwsk5xjsaq8s4vc-cargo-1.95.0/bin/cargo test --no-run --message-format json-render-diagnostics --package openwepp-land-surface-energy --lib --features m1-trust-region-analytic-stage,m1-trust-region-physical-stage` exited with code 101
