warning: Git tree '/workdir/openWEPP' is dirty
   Compiling openwepp-land-surface-energy v0.1.0 (/home/roger/openwepp-experiments/cold-canopy-m1-20260920/crates/openwepp-land-surface-energy)
    Finished `test` profile [unoptimized + debuginfo] target(s) in 10.01s
────────────
 Nextest run ID 437e7ce5-7fce-4b83-bd41-f02a6de38c6f with nextest profile: default
    Starting 56 tests across 1 binary (336 tests skipped)
  stdout ───

    running 1 test
    test m1_coupled_tests::m1_trust_region_retained_seeded_caps_use_actual_shared_guards ... ok

    test result: ok. 1 passed; 0 failed; 0 ignored; 0 measured; 391 filtered out; finished in 0.00s


  stdout ───

    running 1 test
    test m1_coupled_tests::m1_trust_region_every_subproblem_refusal_has_an_input_derived_kind_and_count ... ok

    test result: ok. 1 passed; 0 failed; 0 ignored; 0 measured; 391 filtered out; finished in 0.00s


  stdout ───

    running 1 test
    test m1_coupled_tests::m1_trust_region_retained_controlled_assembly_interface_uses_real_operations ... ok

    test result: ok. 1 passed; 0 failed; 0 ignored; 0 measured; 391 filtered out; finished in 0.00s


  stdout ───

    running 1 test
    test m1_trust_region_stage2_controls::m1_stage2_exact_root_full_rank_admits_complete_no_update_witness ... ok

    test result: ok. 1 passed; 0 failed; 0 ignored; 0 measured; 391 filtered out; finished in 0.01s


  stdout ───

    running 1 test
    test m1_trust_region_stage2_controls::m1_stage2_current_hydraulics_complete_after_selected_probe_before_trial ... ok

    test result: ok. 1 passed; 0 failed; 0 ignored; 0 measured; 391 filtered out; finished in 0.03s


  stdout ───

    running 1 test
    test m1_trust_region_stage2_controls::m1_stage2_constrained_stationarity_is_nonterminal_rejection ... ok

    test result: ok. 1 passed; 0 failed; 0 ignored; 0 measured; 391 filtered out; finished in 0.03s


  stdout ───

    running 1 test
    test m1_trust_region_stage2_controls::m1_stage2_final_phase_disagreement_is_owning_and_precedes_trial ... ok

    test result: ok. 1 passed; 0 failed; 0 ignored; 0 measured; 391 filtered out; finished in 0.04s


  stdout ───

    running 1 test
    test m1_trust_region_stage2_controls::m1_stage2_finite_ci_operands_do_not_create_a_governed_threshold ... ok

    test result: ok. 1 passed; 0 failed; 0 ignored; 0 measured; 391 filtered out; finished in 0.04s


  stdout ───

    running 1 test
    test m1_trust_region_stage2_controls::m1_stage2_full_incomplete_evaluation_is_terminal_and_opens_no_witness ... ok

    test result: ok. 1 passed; 0 failed; 0 ignored; 0 measured; 391 filtered out; finished in 0.03s


  stdout ───

    running 1 test
    test m1_trust_region_stage2_controls::m1_stage2_changed_predictor_phase_reassembles_once_and_resolves_stage1 ... ok

    test result: ok. 1 passed; 0 failed; 0 ignored; 0 measured; 391 filtered out; finished in 0.05s


  stdout ───

    running 1 test
    test m1_trust_region_stage2_controls::m1_stage2_accepted_update_reassembles_natural_phase_at_new_base ... ok

    test result: ok. 1 passed; 0 failed; 0 ignored; 0 measured; 391 filtered out; finished in 0.05s


  stdout ───

    running 1 test
    test m1_trust_region_stage2_controls::m1_stage2_full_no_update_materializes_current_base ... ok

    test result: ok. 1 passed; 0 failed; 0 ignored; 0 measured; 391 filtered out; finished in 0.01s


  stdout ───

    running 1 test
    test m1_trust_region_stage2_controls::m1_stage2_initial_raw_and_normalizer_faults_fail_at_weighted_system_guard ... ok

    test result: ok. 1 passed; 0 failed; 0 ignored; 0 measured; 391 filtered out; finished in 0.00s


  stdout ───

    running 1 test
    test m1_trust_region_stage2_controls::m1_stage2_first_valid_radius_replacement_materializes_original_base ... ok

    test result: ok. 1 passed; 0 failed; 0 ignored; 0 measured; 391 filtered out; finished in 0.06s


  stdout ───

    running 1 test
    test m1_trust_region_stage2_controls::m1_stage2_first_domain_valid_replacement_terminal_error_cannot_open_third_witness ... ok

    test result: ok. 1 passed; 0 failed; 0 ignored; 0 measured; 391 filtered out; finished in 0.07s


  stdout ───

    running 1 test
    test m1_trust_region_stage2_controls::m1_stage2_full_mixed_wet_hydraulic_nan_precedes_incomplete_scope ... ok

    test result: ok. 1 passed; 0 failed; 0 ignored; 0 measured; 391 filtered out; finished in 0.03s


  stdout ───

    running 1 test
    test m1_trust_region_stage2_controls::m1_stage2_full_domain_invalid_opens_one_domain_valid_replacement_witness ... ok

    test result: ok. 1 passed; 0 failed; 0 ignored; 0 measured; 391 filtered out; finished in 0.06s


  stdout ───

    running 1 test
    test m1_trust_region_stage2_controls::m1_stage2_incomplete_full_governed_evaluation_is_terminal_and_opens_no_witness ... ok

    test result: ok. 1 passed; 0 failed; 0 ignored; 0 measured; 391 filtered out; finished in 0.03s


  stdout ───

    running 1 test
    test m1_trust_region_stage2_controls::m1_stage2_exhausted_witness_still_allows_ordinary_update_and_resets_at_new_base ... ok

    test result: ok. 1 passed; 0 failed; 0 ignored; 0 measured; 391 filtered out; finished in 0.10s


  stdout ───

    running 1 test
    test m1_trust_region_stage2_controls::m1_stage2_full_mixed_wet_presence_cannot_open_witness_then_complete_quarter_updates ... ok

    test result: ok. 1 passed; 0 failed; 0 ignored; 0 measured; 391 filtered out; finished in 0.08s


  stdout ───

    running 1 test
    test m1_trust_region_stage2_controls::m1_stage2_negative_humidity_excess_never_admits_or_materializes ... ok

    test result: ok. 1 passed; 0 failed; 0 ignored; 0 measured; 391 filtered out; finished in 0.01s


  stdout ───

    running 1 test
    test m1_trust_region_stage2_controls::m1_stage2_mixed_wet_presence_rejects_ordinary_nonroot_step_and_shrinks ... ok

    test result: ok. 1 passed; 0 failed; 0 ignored; 0 measured; 391 filtered out; finished in 0.03s


  stdout ───

    running 1 test
    test m1_trust_region_stage2_controls::m1_stage2_none_none_wet_operands_preserve_complete_governed_transition ... ok

    test result: ok. 1 passed; 0 failed; 0 ignored; 0 measured; 391 filtered out; finished in 0.03s


  stdout ───

    running 1 test
    test m1_trust_region_stage2_controls::m1_stage2_intervening_domain_invalid_does_not_consume_replacement_witness ... ok

    test result: ok. 1 passed; 0 failed; 0 ignored; 0 measured; 391 filtered out; finished in 0.10s


  stdout ───

    running 1 test
    test m1_trust_region_stage2_controls::m1_stage2_hydraulic_threshold_equality_admits_full_no_update ... ok

    test result: ok. 1 passed; 0 failed; 0 ignored; 0 measured; 391 filtered out; finished in 0.11s


  stdout ───

    running 1 test
    test m1_trust_region_stage2_controls::m1_stage2_domain_observer_error_restores_scope ... ok

    test result: ok. 1 passed; 0 failed; 0 ignored; 0 measured; 391 filtered out; finished in 0.17s

  stderr ───
    SHIFTED_DOMAIN_COST {"error_kind":"own","initialization_wall_ns":86231,"milestones":{"candidate_injected":false,"controller_returned":true,"initialization_completed":true,"stage1_model_completed":false,"stage1_model_entered":true,"transition_completed":false,"transition_disposition_merit_rejected_and_shrunk":false,"trial_domain_guard_entered":false,"trial_domain_guard_refused":false},"predictor_lifecycle":{"created_after_proposal_success":1,"discarded_on_replacement_or_early_error":1,"forwarded_existing_predictor":0},"proposal_entered":true,"result":"typed_error","timing":{"clock_query_and_start_sample_wall_ns":14243814,"cpu_after_error":null,"cpu_before_error":null,"cpu_clock":"/proc/self/stat process utime+stime; getconf CLK_TCK","cpu_delta_error":null,"cpu_delta_ticks":3,"cpu_interval":"brackets proposal wall; includes clock/sample overhead; process quantization is one tick","cpu_seconds":0.03,"cpu_status":"resolved","cpu_tick_resolution_s":0.01,"cpu_ticks_after":3,"cpu_ticks_before":0,"cpu_ticks_hz":100,"cpu_ticks_hz_error":null,"end_sample_wall_ns":53602,"excluded_from_proposal_wall":"initialization, getconf, proc samples, JSON serialization/emission, build","proposal_instrumentation":"existing opt-in face capture and counter hooks included; not separately estimated","proposal_wall_ns":33992436,"wall_clock":"std::time::Instant (Linux CLOCK_MONOTONIC)","wall_resolution":"host nominal 1 ns; not empirical accuracy"},"work":{"bvls04_dot2_free_gradients":21,"bvls04_dot2_residual_rows":21,"bvls04_factor_applications":2,"bvls04_ordered_norms":6,"bvls04_positive_entries":1,"completed_face_pivots":0,"coordinate_update_operations":42,"entered_svd_factorizations":1,"factor_application_operations":4620,"first_residual_operations":903,"refinement_attempted_entries":1,"refinement_denied_entries":0,"refinement_guard_events":99691,"refinement_scalar_operations":30732,"second_dot2_operations":22806,"stage1_calls":1,"total_jacobi_sweeps":1,"upward_enclosure_guard_events":59498,"upward_enclosure_operations":272,"whole_kkt_guard_events":5503,"whole_kkt_operations":1827},"work_categories_overlap":"refinement and whole-KKT/enclosure counters overlap and are not summed into a unique total"}
    SHIFTED_DOMAIN_COST {"error_kind":"own","initialization_wall_ns":25847,"milestones":{"candidate_injected":false,"controller_returned":true,"initialization_completed":true,"stage1_model_completed":false,"stage1_model_entered":true,"transition_completed":false,"transition_disposition_merit_rejected_and_shrunk":false,"trial_domain_guard_entered":false,"trial_domain_guard_refused":false},"predictor_lifecycle":{"created_after_proposal_success":2,"discarded_on_replacement_or_early_error":2,"forwarded_existing_predictor":0},"proposal_entered":true,"result":"typed_error","timing":{"clock_query_and_start_sample_wall_ns":2351837,"cpu_after_error":null,"cpu_before_error":null,"cpu_clock":"/proc/self/stat process utime+stime; getconf CLK_TCK","cpu_delta_error":null,"cpu_delta_ticks":4,"cpu_interval":"brackets proposal wall; includes clock/sample overhead; process quantization is one tick","cpu_seconds":0.04,"cpu_status":"resolved","cpu_tick_resolution_s":0.01,"cpu_ticks_after":7,"cpu_ticks_before":3,"cpu_ticks_hz":100,"cpu_ticks_hz_error":null,"end_sample_wall_ns":52928,"excluded_from_proposal_wall":"initialization, getconf, proc samples, JSON serialization/emission, build","proposal_instrumentation":"existing opt-in face capture and counter hooks included; not separately estimated","proposal_wall_ns":36404495,"wall_clock":"std::time::Instant (Linux CLOCK_MONOTONIC)","wall_resolution":"host nominal 1 ns; not empirical accuracy"},"work":{"bvls04_dot2_free_gradients":21,"bvls04_dot2_residual_rows":21,"bvls04_factor_applications":2,"bvls04_ordered_norms":6,"bvls04_positive_entries":1,"completed_face_pivots":0,"coordinate_update_operations":84,"entered_svd_factorizations":2,"factor_application_operations":46284,"first_residual_operations":1806,"refinement_attempted_entries":2,"refinement_denied_entries":0,"refinement_guard_events":220783,"refinement_scalar_operations":86964,"second_dot2_operations":34209,"stage1_calls":2,"total_jacobi_sweeps":2,"upward_enclosure_guard_events":118988,"upward_enclosure_operations":536,"whole_kkt_guard_events":11006,"whole_kkt_operations":3654},"work_categories_overlap":"refinement and whole-KKT/enclosure counters overlap and are not summed into a unique total"}
    SHIFTED_DOMAIN_COST {"error_kind":"own","initialization_wall_ns":27019,"milestones":{"candidate_injected":false,"controller_returned":true,"initialization_completed":true,"stage1_model_completed":false,"stage1_model_entered":true,"transition_completed":false,"transition_disposition_merit_rejected_and_shrunk":false,"trial_domain_guard_entered":false,"trial_domain_guard_refused":false},"predictor_lifecycle":{"created_after_proposal_success":2,"discarded_on_replacement_or_early_error":2,"forwarded_existing_predictor":0},"proposal_entered":true,"result":"typed_error","timing":{"clock_query_and_start_sample_wall_ns":2815757,"cpu_after_error":null,"cpu_before_error":null,"cpu_clock":"/proc/self/stat process utime+stime; getconf CLK_TCK","cpu_delta_error":null,"cpu_delta_ticks":3,"cpu_interval":"brackets proposal wall; includes clock/sample overhead; process quantization is one tick","cpu_seconds":0.03,"cpu_status":"resolved","cpu_tick_resolution_s":0.01,"cpu_ticks_after":10,"cpu_ticks_before":7,"cpu_ticks_hz":100,"cpu_ticks_hz_error":null,"end_sample_wall_ns":55613,"excluded_from_proposal_wall":"initialization, getconf, proc samples, JSON serialization/emission, build","proposal_instrumentation":"existing opt-in face capture and counter hooks included; not separately estimated","proposal_wall_ns":34566961,"wall_clock":"std::time::Instant (Linux CLOCK_MONOTONIC)","wall_resolution":"host nominal 1 ns; not empirical accuracy"},"work":{"bvls04_dot2_free_gradients":21,"bvls04_dot2_residual_rows":21,"bvls04_factor_applications":2,"bvls04_ordered_norms":6,"bvls04_positive_entries":1,"completed_face_pivots":0,"coordinate_update_operations":84,"entered_svd_factorizations":2,"factor_application_operations":46284,"first_residual_operations":1806,"refinement_attempted_entries":2,"refinement_denied_entries":0,"refinement_guard_events":220783,"refinement_scalar_operations":86964,"second_dot2_operations":34209,"stage1_calls":2,"total_jacobi_sweeps":2,"upward_enclosure_guard_events":118988,"upward_enclosure_operations":536,"whole_kkt_guard_events":11006,"whole_kkt_operations":3654},"work_categories_overlap":"refinement and whole-KKT/enclosure counters overlap and are not summed into a unique total"}
    SHIFTED_DOMAIN_COST {"error_kind":null,"initialization_wall_ns":26279,"milestones":{"candidate_injected":true,"controller_returned":true,"initialization_completed":true,"stage1_model_completed":true,"stage1_model_entered":true,"transition_completed":true,"transition_disposition_merit_rejected_and_shrunk":true,"trial_domain_guard_entered":true,"trial_domain_guard_refused":true},"predictor_lifecycle":{"created_after_proposal_success":2,"discarded_on_replacement_or_early_error":1,"forwarded_existing_predictor":1},"proposal_entered":true,"result":"returned_observation","timing":{"clock_query_and_start_sample_wall_ns":2636563,"cpu_after_error":null,"cpu_before_error":null,"cpu_clock":"/proc/self/stat process utime+stime; getconf CLK_TCK","cpu_delta_error":null,"cpu_delta_ticks":3,"cpu_interval":"brackets proposal wall; includes clock/sample overhead; process quantization is one tick","cpu_seconds":0.03,"cpu_status":"resolved","cpu_tick_resolution_s":0.01,"cpu_ticks_after":13,"cpu_ticks_before":10,"cpu_ticks_hz":100,"cpu_ticks_hz_error":null,"end_sample_wall_ns":67735,"excluded_from_proposal_wall":"initialization, getconf, proc samples, JSON serialization/emission, build","proposal_instrumentation":"existing opt-in face capture and counter hooks included; not separately estimated","proposal_wall_ns":35176733,"wall_clock":"std::time::Instant (Linux CLOCK_MONOTONIC)","wall_resolution":"host nominal 1 ns; not empirical accuracy"},"work":{"bvls04_dot2_free_gradients":21,"bvls04_dot2_residual_rows":21,"bvls04_factor_applications":2,"bvls04_ordered_norms":6,"bvls04_positive_entries":1,"completed_face_pivots":0,"coordinate_update_operations":84,"entered_svd_factorizations":2,"factor_application_operations":46284,"first_residual_operations":1806,"refinement_attempted_entries":2,"refinement_denied_entries":0,"refinement_guard_events":220783,"refinement_scalar_operations":86964,"second_dot2_operations":34209,"stage1_calls":2,"total_jacobi_sweeps":2,"upward_enclosure_guard_events":118988,"upward_enclosure_operations":536,"whole_kkt_guard_events":11006,"whole_kkt_operations":3654},"work_categories_overlap":"refinement and whole-KKT/enclosure counters overlap and are not summed into a unique total"}

  stdout ───

    running 1 test
    test m1_trust_region_stage2_controls::m1_stage2_full_no_update_candidate_governed_operands_fail_closed ... ok

    test result: ok. 1 passed; 0 failed; 0 ignored; 0 measured; 391 filtered out; finished in 0.15s


  stdout ───

    running 1 test
    test m1_trust_region_stage2_controls::m1_stage2_pending_base_hydraulic_error_masks_no_prediction_and_trial ... ok

    test result: ok. 1 passed; 0 failed; 0 ignored; 0 measured; 391 filtered out; finished in 0.04s


  stdout ───

    running 1 test
    test m1_trust_region_stage2_controls::m1_stage2_pending_candidate_hydraulics_fail_closed ... ok

    test result: ok. 1 passed; 0 failed; 0 ignored; 0 measured; 391 filtered out; finished in 0.04s


  stdout ───

    running 1 test
    test m1_trust_region_stage2_controls::m1_stage2_post_update_root_materializes_installed_base_before_reassembly ... ok

    test result: ok. 1 passed; 0 failed; 0 ignored; 0 measured; 391 filtered out; finished in 0.01s


  stdout ───

    running 1 test
    test m1_trust_region_stage2_controls::m1_stage2_pending_base_left_pending_fails_closed_before_trial ... ok

    test result: ok. 1 passed; 0 failed; 0 ignored; 0 measured; 391 filtered out; finished in 0.06s


  stdout ───

    running 1 test
    test m1_trust_region_stage2_controls::m1_stage2_pending_hydraulics_complete_once_per_base_and_reset_after_nonroot_update ... ok

    test result: ok. 1 passed; 0 failed; 0 ignored; 0 measured; 391 filtered out; finished in 0.06s


  stdout ───

    running 1 test
    test m1_trust_region_stage2_controls::m1_stage2_all_eight_hydraulic_operands_fail_closed_before_admission ... ok

    test result: ok. 1 passed; 0 failed; 0 ignored; 0 measured; 391 filtered out; finished in 0.27s


  stdout ───

    running 1 test
    test m1_trust_region_stage2_controls::m1_stage2_phase_selection_errors_retain_owning_error_and_chronology ... ok

    test result: ok. 1 passed; 0 failed; 0 ignored; 0 measured; 391 filtered out; finished in 0.07s


  stdout ───

    running 1 test
    test m1_trust_region_stage2_controls::m1_stage2_ordinary_four_radius_cases_use_actual_state ... ok

    test result: ok. 1 passed; 0 failed; 0 ignored; 0 measured; 391 filtered out; finished in 0.13s


  stdout ───

    running 1 test
    test m1_trust_region_stage2_controls::m1_stage2_seeded_work_guard_records_actual_pre_entry_refusal ... ok

    test result: ok. 1 passed; 0 failed; 0 ignored; 0 measured; 391 filtered out; finished in 0.00s


  stdout ───

    running 1 test
    test m1_trust_region_stage2_controls::m1_stage2_raw_jacobian_and_frozen_merit_are_actual ... ok

    test result: ok. 1 passed; 0 failed; 0 ignored; 0 measured; 391 filtered out; finished in 0.03s


  stdout ───

    running 1 test
    test m1_trust_region_stage2_controls::m1_stage2_selected_side_error_precedes_pending_current_hydraulics ... ok

    test result: ok. 1 passed; 0 failed; 0 ignored; 0 measured; 391 filtered out; finished in 0.04s


  stdout ───

    running 1 test
    test m1_trust_region_stage2_controls::m1_stage2_selected_side_owner_error_follows_final_phase_verification ... ok

    test result: ok. 1 passed; 0 failed; 0 ignored; 0 measured; 391 filtered out; finished in 0.04s


  stdout ───

    running 1 test
    test m1_trust_region_stage2_controls::m1_stage2_full_no_update_candidate_raw_and_normalizer_faults_fail_before_materialization ... ok

    test result: ok. 1 passed; 0 failed; 0 ignored; 0 measured; 391 filtered out; finished in 0.30s


  stdout ───

    running 1 test
    test m1_trust_region_stage2_controls::m1_stage2_selected_retry_phase_drift_is_terminal_without_third_assembly ... ok

    test result: ok. 1 passed; 0 failed; 0 ignored; 0 measured; 391 filtered out; finished in 0.07s


  stdout ───

    running 1 test
    test m1_trust_region_stage2_controls::m1_stage2_selected_retry_retains_selected_tangent_after_domain_refusal ... ok

    test result: ok. 1 passed; 0 failed; 0 ignored; 0 measured; 391 filtered out; finished in 0.07s


  stdout ───

    running 1 test
    test m1_trust_region_stage2_controls::m1_stage2_unchanged_predictor_phase_uses_one_assembly_and_final_probe ... ok

    test result: ok. 1 passed; 0 failed; 0 ignored; 0 measured; 391 filtered out; finished in 0.03s


  stdout ───

    running 1 test
    test m1_trust_region_stage2_controls::m1_stage2_first_two_governed_temperature_excesses_block_third_small_proposal ... ok

    test result: ok. 1 passed; 0 failed; 0 ignored; 0 measured; 391 filtered out; finished in 0.35s


  stdout ───

    running 1 test
    test m1_trust_region_stage2_controls::m1_trust_region_refinement_controller_accounting_observes_all_solves_and_errors ... ok

    test result: ok. 1 passed; 0 failed; 0 ignored; 0 measured; 391 filtered out; finished in 0.14s


  stdout ───

    running 1 test
    test m1_trust_region_stage2_controls::m1_stage2_finite_governed_threshold_operands_gate_full_no_update_admission ... ok

    test result: ok. 1 passed; 0 failed; 0 ignored; 0 measured; 391 filtered out; finished in 0.49s


  stdout ───

    running 1 test
    test m1_trust_region_stage2_controls::m1_stage2_mixed_replacement_is_consumed_and_three_excess_exhausts ... ok

    test result: ok. 1 passed; 0 failed; 0 ignored; 0 measured; 391 filtered out; finished in 0.41s


  stdout ───

    running 1 test
    test m1_trust_region_stage2_controls::m1_stage2_retained_radius_exhaustion_interface_uses_actual_trace ... ok

    test result: ok. 1 passed; 0 failed; 0 ignored; 0 measured; 391 filtered out; finished in 0.28s


  stdout ───

    running 1 test
    test m1_trust_region_stage2_controls::m1_stage2_post_update_candidate_faults_precede_installation ... ok

    test result: ok. 1 passed; 0 failed; 0 ignored; 0 measured; 391 filtered out; finished in 0.43s


  stdout ───

    running 1 test
    test m1_trust_region_stage2_controls::m1_stage2_stationarity_exhausts_after_eleven_proposals_and_twenty_two_faces ... ok

    test result: ok. 1 passed; 0 failed; 0 ignored; 0 measured; 391 filtered out; finished in 0.38s


  stdout ───

    running 1 test
    test m1_trust_region_stage2_controls::m1_stage2_long_progress_rejected_global_twenty_fifth_retries_per_base ... ok

    test result: ok. 1 passed; 0 failed; 0 ignored; 0 measured; 391 filtered out; finished in 0.75s


  stdout ───

    running 1 test
    test m1_trust_region_stage2_controls::m1_stage2_long_progress_fiftieth_root_materializer_error_precedes_cap ... ok

    test result: ok. 1 passed; 0 failed; 0 ignored; 0 measured; 391 filtered out; finished in 1.11s


  stdout ───

    running 1 test
    test m1_trust_region_stage2_controls::m1_stage2_long_progress_root_on_fiftieth_update_precedes_next_jacobian ... ok

    test result: ok. 1 passed; 0 failed; 0 ignored; 0 measured; 391 filtered out; finished in 1.13s


  stdout ───

    running 1 test
    test m1_trust_region_stage2_controls::m1_stage2_long_progress_work_cap_is_fifty_accepted_proposals ... ok

    test result: ok. 1 passed; 0 failed; 0 ignored; 0 measured; 391 filtered out; finished in 1.16s


  stdout ───

    running 1 test
    test m1_trust_region_stage2_controls::m1_stage2_retained_witness_interface_binds_three_real_paths ... ok

    test result: ok. 1 passed; 0 failed; 0 ignored; 0 measured; 391 filtered out; finished in 2.13s


  stdout ───

    running 1 test
    test m1_trust_region_stage2_controls::m1_stage2_exact_root_and_replacement_candidate_faults_fail_closed ... ok

    test result: ok. 1 passed; 0 failed; 0 ignored; 0 measured; 391 filtered out; finished in 3.48s


────────────
     Summary [   3.485s] 56 tests run: 56 passed, 336 skipped
