warning: Git tree '/workdir/openWEPP' is dirty
   Compiling openwepp-land-surface-energy v0.1.0 (/home/roger/openwepp-experiments/cold-canopy-m1-20260920/crates/openwepp-land-surface-energy)
warning: unused imports: `M1TrustRegionWitnessPath` and `M1_GOVERNED_STEP_NORMS`
   --> crates/openwepp-land-surface-energy/src/lib.rs:157:5
    |
157 |     M1_GOVERNED_STEP_NORMS, M1TrustRegionWitnessPath,
    |     ^^^^^^^^^^^^^^^^^^^^^^  ^^^^^^^^^^^^^^^^^^^^^^^^
    |
    = note: `#[warn(unused_imports)]` (part of `#[warn(unused)]`) on by default

warning: unused import: `m1_trust_region_stage2_controls::m1_trust_region_radius_exhaustion_for_test`
   --> crates/openwepp-land-surface-energy/src/lib.rs:176:16
    |
176 | pub(crate) use m1_trust_region_stage2_controls::m1_trust_region_radius_exhaustion_for_test;
    |                ^^^^^^^^^^^^^^^^^^^^^^^^^^^^^^^^^^^^^^^^^^^^^^^^^^^^^^^^^^^^^^^^^^^^^^^^^^^

warning: unused import: `m1_trust_region_stage2_controls::m1_trust_region_witness_thresholds_for_test`
   --> crates/openwepp-land-surface-energy/src/lib.rs:184:16
    |
184 | pub(crate) use m1_trust_region_stage2_controls::m1_trust_region_witness_thresholds_for_test;
    |                ^^^^^^^^^^^^^^^^^^^^^^^^^^^^^^^^^^^^^^^^^^^^^^^^^^^^^^^^^^^^^^^^^^^^^^^^^^^^

warning: field `entered_materializations` is never read
   --> crates/openwepp-land-surface-energy/src/m1_trust_region_controller.rs:220:16
    |
212 | pub(crate) struct M1TrustRegionTerminalOwnErrorObservation<E, Phase> {
    |                   ---------------------------------------- field in this struct
...
220 |     pub(crate) entered_materializations: u8,
    |                ^^^^^^^^^^^^^^^^^^^^^^^^
    |
    = note: `#[warn(dead_code)]` (part of `#[warn(unused)]`) on by default

warning: function `m1_trust_region_controller_natural_tangent_for_test` is never used
    --> crates/openwepp-land-surface-energy/src/m1_trust_region_controller.rs:1473:15
     |
1473 | pub(crate) fn m1_trust_region_controller_natural_tangent_for_test<E, P, Phase, V>(
     |               ^^^^^^^^^^^^^^^^^^^^^^^^^^^^^^^^^^^^^^^^^^^^^^^^^^^

warning: multiple fields are never read
    --> crates/openwepp-land-surface-energy/src/solver_covered_evaluation/m1_coupled.rs:2467:16
     |
2464 | pub(crate) struct M1TrustRegionTrialDomainPoisonObservation {
     |                   ----------------------------------------- fields in this struct
...
2467 |     pub(crate) base_raw_jacobian: [[f64; 21]; 21],
     |                ^^^^^^^^^^^^^^^^^
2468 |     pub(crate) retained_raw_jacobian: [[f64; 21]; 21],
     |                ^^^^^^^^^^^^^^^^^^^^^
2469 |     pub(crate) base_normalizers: [f64; 21],
     |                ^^^^^^^^^^^^^^^^
2470 |     pub(crate) retained_normalizers: [f64; 21],
     |                ^^^^^^^^^^^^^^^^^^^^
2471 |     pub(crate) base_selection: [M1PhaseJoinSelection; 2],
     |                ^^^^^^^^^^^^^^
2472 |     pub(crate) retained_selection: [M1PhaseJoinSelection; 2],
     |                ^^^^^^^^^^^^^^^^^^
...
2488 |     pub(crate) disposition:
     |                ^^^^^^^^^^^

warning: struct `M1TrustRegionNaturalTangentObservation` is never constructed
    --> crates/openwepp-land-surface-energy/src/solver_covered_evaluation/m1_coupled.rs:2518:19
     |
2518 | pub(crate) struct M1TrustRegionNaturalTangentObservation {
     |                   ^^^^^^^^^^^^^^^^^^^^^^^^^^^^^^^^^^^^^^

warning: function `m1_trust_region_natural_tangent_for_test` is never used
    --> crates/openwepp-land-surface-energy/src/solver_covered_evaluation/m1_coupled.rs:2852:15
     |
2852 | pub(crate) fn m1_trust_region_natural_tangent_for_test(
     |               ^^^^^^^^^^^^^^^^^^^^^^^^^^^^^^^^^^^^^^^^

warning: `openwepp-land-surface-energy` (lib test) generated 8 warnings (run `cargo fix --lib -p openwepp-land-surface-energy --tests` to apply 3 suggestions)
    Finished `test` profile [unoptimized + debuginfo] target(s) in 11.10s
────────────
 Nextest run ID 50fb1ffb-a72a-4721-9de0-365e66ebe412 with nextest profile: default
    Starting 3 tests across 1 binary (383 tests skipped)
  stdout ───

    running 1 test
    test m1_coupled_tests::m1_trust_region_retained_controlled_assembly_interface_uses_real_operations ... ok

    test result: ok. 1 passed; 0 failed; 0 ignored; 0 measured; 385 filtered out; finished in 0.00s


  stdout ───

    running 1 test
    test m1_trust_region_stage2_controls::m1_stage2_retained_radius_exhaustion_interface_uses_actual_trace ... ok

    test result: ok. 1 passed; 0 failed; 0 ignored; 0 measured; 385 filtered out; finished in 0.19s


  stdout ───

    running 1 test
    test m1_trust_region_stage2_controls::m1_stage2_retained_witness_interface_binds_three_real_paths ... ok

    test result: ok. 1 passed; 0 failed; 0 ignored; 0 measured; 385 filtered out; finished in 1.92s


────────────
     Summary [   1.930s] 3 tests run: 3 passed, 383 skipped
