warning: Git tree '/workdir/openWEPP' is dirty
   Compiling openwepp-land-surface-energy v0.1.0 (/home/roger/openwepp-experiments/cold-canopy-m1-20260920/crates/openwepp-land-surface-energy)
warning: unused imports: `M1TrustRegionWitnessPath` and `M1_GOVERNED_STEP_NORMS`
   --> crates/openwepp-land-surface-energy/src/lib.rs:155:5
    |
155 |     M1_GOVERNED_STEP_NORMS, M1TrustRegionWitnessPath,
    |     ^^^^^^^^^^^^^^^^^^^^^^  ^^^^^^^^^^^^^^^^^^^^^^^^
    |
    = note: `#[warn(unused_imports)]` (part of `#[warn(unused)]`) on by default

warning: unused import: `m1_trust_region_stage2_controls::m1_trust_region_witness_thresholds_for_test`
   --> crates/openwepp-land-surface-energy/src/lib.rs:174:16
    |
174 | pub(crate) use m1_trust_region_stage2_controls::m1_trust_region_witness_thresholds_for_test;
    |                ^^^^^^^^^^^^^^^^^^^^^^^^^^^^^^^^^^^^^^^^^^^^^^^^^^^^^^^^^^^^^^^^^^^^^^^^^^^^

error[E0277]: the trait bound `M1TrustRegionWorkObservation: serde::Serialize` is not satisfied
    --> crates/openwepp-land-surface-energy/src/solver_covered_evaluation/m1_coupled.rs:2765:9
     |
2765 | /         serde_json::json!({
2766 | |             "schema":"m1-shifted-face-attribution-v1",
2767 | |             "control":"retained-selected-side-own-mh-guard",
2768 | |             "fixture":"covered_input(ORIGINAL)+frozen H=+0.0 phase-join trial",
...    |
2781 | |             "protected_trial_unchanged":adapter.initial_trial == *trial
2782 | |         })
     | |          ^
     | |          |
     | |__________unsatisfied trait bound
     |            required by a bound introduced by this call
     |
help: the trait `Serialize` is not implemented for `M1TrustRegionWorkObservation`
    --> crates/openwepp-land-surface-energy/src/lib.rs:427:1
     |
 427 | pub(crate) struct M1TrustRegionWorkObservation {
     | ^^^^^^^^^^^^^^^^^^^^^^^^^^^^^^^^^^^^^^^^^^^^^^
     = note: for local types consider adding `#[derive(serde::Serialize)]` to your `M1TrustRegionWorkObservation` type
     = note: for types from other crates check whether the crate offers a `serde` feature flag
     = help: the following other types implement trait `Serialize`:
               &'a T
               &'a mut T
               ()
               (T,)
               (T0, T1)
               (T0, T1, T2)
               (T0, T1, T2, T3)
               (T0, T1, T2, T3, T4)
             and 448 others
     = note: required for `&M1TrustRegionWorkObservation` to implement `Serialize`
     = note: 2 redundant requirements hidden
     = note: required for `&std::option::Option<&M1TrustRegionWorkObservation>` to implement `Serialize`
note: required by a bound in `to_value`
    --> /workdir/.cache/openwepp/cargo-home/registry/src/index.crates.io-1949cf8c6b5b557f/serde_json-1.0.150/src/value/mod.rs:997:8
     |
 995 | pub fn to_value<T>(value: T) -> Result<Value, Error>
     |        -------- required by a bound in this function
 996 | where
 997 |     T: Serialize,
     |        ^^^^^^^^^ required by this bound in `to_value`
     = note: the full name for the type has been written to '/tmp/openwepp-cold-canopy-m1-interface-target/debug/deps/openwepp_land_surface_energy-1b46d3e792990fc1.long-type-16644944068362975394.txt'
     = note: consider using `--verbose` to print the full type name to the console
     = note: this error originates in the macro `$crate::json_internal` which comes from the expansion of the macro `serde_json::json` (in Nightly builds, run with -Z macro-backtrace for more info)

For more information about this error, try `rustc --explain E0277`.
warning: `openwepp-land-surface-energy` (lib test) generated 2 warnings
error: could not compile `openwepp-land-surface-energy` (lib test) due to 1 previous error; 2 warnings emitted
error: command `/nix/store/rai05nypxnmj22l65nwsk5xjsaq8s4vc-cargo-1.95.0/bin/cargo test --no-run --message-format json-render-diagnostics --package openwepp-land-surface-energy --lib --features m1-trust-region-analytic-stage,m1-trust-region-physical-stage` exited with code 101
