warning: Git tree '/workdir/openWEPP' is dirty
   Compiling openwepp-land-surface-energy v0.1.0 (/home/roger/openwepp-experiments/cold-canopy-m1-20260920/crates/openwepp-land-surface-energy)
warning: fields `capacity`, `current_drainage`, and `linear_dimension` are never read
    --> crates/openwepp-land-surface-energy/src/solver_covered_evaluation/m1_coupled.rs:1809:5
     |
1802 | pub struct M1PhaseJoinControllerReport {
     |            --------------------------- fields in this struct
...
1809 |     capacity: [openwepp_vegetation::cold_canopy_m1::M1CapacityBranch; 2],
     |     ^^^^^^^^
1810 |     current_drainage: [f64; 2],
     |     ^^^^^^^^^^^^^^^^
1811 |     eliminated_coordinates: [bool; 2],
1812 |     linear_dimension: usize,
     |     ^^^^^^^^^^^^^^^^
     |
     = note: `M1PhaseJoinControllerReport` has a derived impl for the trait `Clone`, but this is intentionally ignored during dead code analysis
     = note: `#[warn(dead_code)]` (part of `#[warn(unused)]`) on by default

warning: `openwepp-land-surface-energy` (lib) generated 1 warning
    Finished `test` profile [unoptimized + debuginfo] target(s) in 3.20s
────────────
 Nextest run ID fa467bac-a4aa-4bde-a650-8e6573b3f7f4 with nextest profile: default
    Starting 45 tests across 1 binary (174 tests skipped)
────────────
     Summary [   0.043s] 45 tests run: 45 passed, 174 skipped
