warning: Git tree '/workdir/openWEPP' is dirty
warning: variable does not need to be mutable
    --> crates/openwepp-land-surface-energy/src/solver_covered_evaluation/m1_coupled.rs:1751:9
     |
1751 |     let mut evaluation = M1CoupledEvaluation {
     |         ----^^^^^^^^^^
     |         |
     |         help: remove this `mut`
     |
     = note: `#[warn(unused_mut)]` (part of `#[warn(unused)]`) on by default

warning: fields `capacity`, `current_drainage`, and `linear_dimension` are never read
    --> crates/openwepp-land-surface-energy/src/solver_covered_evaluation/m1_coupled.rs:1807:5
     |
1800 | pub struct M1PhaseJoinControllerReport {
     |            --------------------------- fields in this struct
...
1807 |     capacity: [openwepp_vegetation::cold_canopy_m1::M1CapacityBranch; 2],
     |     ^^^^^^^^
1808 |     current_drainage: [f64; 2],
     |     ^^^^^^^^^^^^^^^^
1809 |     eliminated_coordinates: [bool; 2],
1810 |     linear_dimension: usize,
     |     ^^^^^^^^^^^^^^^^
     |
     = note: `M1PhaseJoinControllerReport` has a derived impl for the trait `Clone`, but this is intentionally ignored during dead code analysis
     = note: `#[warn(dead_code)]` (part of `#[warn(unused)]`) on by default

   Compiling openwepp-land-surface-energy v0.1.0 (/home/roger/openwepp-experiments/cold-canopy-m1-20260920/crates/openwepp-land-surface-energy)
warning: `openwepp-land-surface-energy` (lib) generated 2 warnings (run `cargo fix --lib -p openwepp-land-surface-energy` to apply 1 suggestion)
    Finished `test` profile [unoptimized + debuginfo] target(s) in 2.71s
────────────
 Nextest run ID e1550f4f-7467-479d-bc80-ef93a208fb2f with nextest profile: default
    Starting 45 tests across 1 binary (174 tests skipped)
────────────
     Summary [   0.045s] 45 tests run: 45 passed, 174 skipped
