openWEPP Nix shell
  target:  /workdir/.cache/openwepp/targets/cold-canopy-m1-20260920-addb8c0a2f84
  scratch: /tmp/openwepp-roger-cold-canopy-m1-20260920-addb8c0a2f84
  cache:   /workdir/.cache/openwepp

running 54 tests
test m1_coupled_tests::m1_expected_red_latent_heat_nonfinite_precedes_finite_domain ... ok
test m1_coupled_tests::m1_diagnostic_envelope_binds_actual_topology_and_rejects_structural_poison_first ... ok
test m1_coupled_tests::m1_combined_support_and_raw_domain_guards_preserve_precedence ... ok
test m1_coupled_tests::m1_frozen_radiation_columns_and_all_four_gas_rows_bind_physical_outputs ... ok
test m1_coupled_tests::m1_guard_expected_red_empty_positive_components_reject_external_supersaturation ... ok
test m1_coupled_tests::m1_inactive_sun_rows_freeze_current_anchor_in_newton_system ... ok
test m1_coupled_tests::m1_expected_red_controller_error_retains_actual_activity_through_source_conversion ... ok
test m1_coupled_tests::m1_actual_candidate_current_norms_use_rounded_primitives_and_derived_beta_ci ... ok
test m1_coupled_tests::m1_guard_expected_red_actual_materializer_rejects_published_and_accepted_state_poisons ... ok
test m1_coupled_tests::m1_full_witness_has_priority_without_halved_admission ... ok
test m1_coupled_tests::m1_phase_join_expected_red_rejects_nonfinite_and_final_set_mismatch_before_backtracking ... ok
test m1_coupled_tests::m1_phase_join_expected_red_selects_directional_phase_and_capacity_controls ... ok
test m1_coupled_tests::m1_positive_top_liquid_requires_explicit_finite_nonnegative_enthalpy ... ok
test m1_coupled_tests::m1_expected_red_nonfinite_current_residual_cannot_enable_no_update ... ok
test m1_coupled_tests::m1_prescribed_twenty_one_coordinate_physical_evaluator_has_all_fd_columns ... ok
test m1_coupled_tests::m1_structural_drainage_candidate_boundary_vectors_preserve_masked_current_expression ... ok
test m1_coupled_tests::m1_finite_unbounded_ci_remains_diagnostic_at_the_real_halved_seam ... ok
test m1_coupled_tests::m1_complete_success_observes_real_evaluator_hydraulic_trial_materialization_work ... ok
test m1_coupled_tests::m1_guard_accepted_output_has_no_diagnostic_jacobian ... ok
test m1_coupled_tests::m1_structural_drainage_empty_effective_set_nan_pivot_keeps_generic_singular_failure ... ok
test m1_coupled_tests::m1_structural_drainage_empty_effective_set_nan_rhs_keeps_nonfinite_result ... ok
test m1_coupled_tests::m1_structural_drainage_expected_red_affine_pivot_is_checked_before_lu ... ok
test m1_coupled_tests::m1_structural_drainage_expected_red_current_candidate_cancels_positive_drainage ... ok
test m1_coupled_tests::m1_phase_join_expected_red_fails_closed_without_mutation_or_backtracking ... ok
test m1_coupled_tests::m1_structural_drainage_current_lu_exposes_coupled_nonzero_columns_for_each_effective_set ... ok
test m1_coupled_tests::m1_structural_drainage_expected_red_current_lu_rejects_affine_zero_direction ... ok
test m1_coupled_tests::m1_structural_drainage_expected_red_valid_baseline_normalized_row_and_rhs_poison ... ok
test m1_coupled_tests::m1_structural_drainage_expected_red_valid_baseline_single_field_integrity_poison ... ok
test m1_coupled_tests::m1_structural_drainage_effective_set_keeps_capacity_rows_in_f_with_distinct_solution ... ok
test m1_coupled_tests::m1_structural_drainage_reduced_overflow_is_typed_not_integrity ... ok
test m1_coupled_tests::m1_full_governed_excess_enables_only_first_complete_halved_witness ... ok
test m1_coupled_tests::m1_structural_drainage_reduced_singular_is_numerical_not_integrity ... ok
test m1_coupled_tests::m1_structural_drainage_selected_finite_full_norm_overflow_is_nonfinite_result ... ok
test m1_coupled_tests::m1_structural_drainage_selected_infinite_normalized_diagonal_is_integrity_before_lu ... ok
test m1_coupled_tests::m1_structural_drainage_selected_nan_coupling_or_retained_rhs_is_nonfinite_result ... ok
test m1_coupled_tests::m1_structural_drainage_expected_red_reduced_norm_uses_f_not_full_a ... ok
test m1_zero_par_tests::m1_full_supply_hydraulics_rejects_nonfinite_and_invalid_branch_operands ... ok
test m1_zero_par_tests::m1_zero_par_leaf_rejects_every_nonfinite_gas_operand_with_saturation_code ... ok
test m1_zero_par_tests::m1_internal_liquid_zero_par_rows_match_frozen_gas_controls ... ok
test m1_zero_par_tests::m1_zero_par_leaf_rejects_vpd_area_humidity_and_pressure_domain_poison ... ok
test m1_coupled_tests::m1_structural_drainage_noneligible_capacity_branch_retains_solved_nonzero_release ... ok
test m1_coupled_tests::m1_structural_drainage_valid_affine_baseline_reaches_current_lu ... ok
test m1_coupled_tests::m1_guard_expected_red_accepted_materialization_does_not_rebuild_jacobian ... ok
test m1_coupled_tests::m1_structural_drainage_expected_red_selected_assembly_integrity_refuses_before_old_lu ... ok
test m1_coupled_tests::m1_phase_join_expected_red_binds_all_primal_rows_and_bounded_work ... ok
test m1_coupled_tests::m1_structural_drainage_current_phase_controller_retains_real_tie_work_controls ... ok
test m1_coupled_tests::m1_original_sixty_second_solve_has_original_geometry_active_cold_shade_and_real_closure ... ok
test m1_coupled_tests::m1_full_evaluation_failure_cannot_enable_halved_witness ... ok
test m1_coupled_tests::m1_first_domain_valid_halving_is_consumed_before_hydraulics ... ok
test m1_coupled_tests::m1_early_incomplete_first_witness_keeps_real_later_strict_decrease_installable ... ok
test m1_coupled_tests::m1_expected_red_first_domain_valid_halving_is_consumed_before_evaluation ... ok
test m1_coupled_tests::m1_no_update_records_exact_b1_and_b2_cumulative_backtracking ... ok
test m1_coupled_tests::m1_runtime_observation_is_current_solve_only_without_external_reset ... ok
test m1_coupled_tests::m1_first_halved_governed_and_ci_nonfinite_norms_refuse_no_update ... ok

test result: ok. 54 passed; 0 failed; 0 ignored; 0 measured; 174 filtered out; finished in 0.26s

