warning: Git tree '/workdir/openWEPP' is dirty
   Compiling openwepp-land-surface-energy v0.1.0 (/home/roger/openwepp-experiments/cold-canopy-m1-20260920/crates/openwepp-land-surface-energy)
warning: type `M1LoopActivityObservation` is more private than the item `m1_loop_activity_observation_for_test`
    --> crates/openwepp-land-surface-energy/src/solver_covered_evaluation/m1_coupled.rs:1117:1
     |
1117 | pub fn m1_loop_activity_observation_for_test() -> M1LoopActivityObservation {
     | ^^^^^^^^^^^^^^^^^^^^^^^^^^^^^^^^^^^^^^^^^^^^^^^^^^^^^^^^^^^^^^^^^^^^^^^^^^^ function `m1_loop_activity_observation_for_test` is reachable at visibility `pub`
     |
note: but type `M1LoopActivityObservation` is only usable at visibility `pub(self)`
    --> crates/openwepp-land-surface-energy/src/solver_covered_evaluation/m1_coupled.rs:1079:1
     |
1079 | struct M1LoopActivityObservation {
     | ^^^^^^^^^^^^^^^^^^^^^^^^^^^^^^^^
     = note: `#[warn(private_interfaces)]` on by default

warning: variable does not need to be mutable
    --> crates/openwepp-land-surface-energy/src/solver_covered_evaluation/m1_coupled.rs:1751:9
     |
1751 |     let mut evaluation = M1CoupledEvaluation {
     |         ----^^^^^^^^^^
     |         |
     |         help: remove this `mut`
     |
     = note: `#[warn(unused_mut)]` (part of `#[warn(unused)]`) on by default

warning: fields `capacity`, `current_drainage`, and `linear_dimension` are never read
    --> crates/openwepp-land-surface-energy/src/solver_covered_evaluation/m1_coupled.rs:1807:5
     |
1800 | pub struct M1PhaseJoinControllerReport {
     |            --------------------------- fields in this struct
...
1807 |     capacity: [openwepp_vegetation::cold_canopy_m1::M1CapacityBranch; 2],
     |     ^^^^^^^^
1808 |     current_drainage: [f64; 2],
     |     ^^^^^^^^^^^^^^^^
1809 |     eliminated_coordinates: [bool; 2],
1810 |     linear_dimension: usize,
     |     ^^^^^^^^^^^^^^^^
     |
     = note: `M1PhaseJoinControllerReport` has a derived impl for the trait `Clone`, but this is intentionally ignored during dead code analysis
     = note: `#[warn(dead_code)]` (part of `#[warn(unused)]`) on by default

warning: `openwepp-land-surface-energy` (lib) generated 2 warnings (run `cargo fix --lib -p openwepp-land-surface-energy` to apply 1 suggestion)
warning: `openwepp-land-surface-energy` (lib test) generated 1 warning
    Finished `test` profile [unoptimized + debuginfo] target(s) in 5.52s
────────────
 Nextest run ID 959ebdf9-8968-45c2-b4f9-62b6cb07f5d2 with nextest profile: default
    Starting 0 tests across 1 binary (219 tests skipped)
────────────
     Summary [   0.001s] 0 tests run: 0 passed, 219 skipped
error: no tests to run
(hint: use `--no-tests` to customize)
