warning: Git tree '/workdir/openWEPP' is dirty
    Checking openwepp-vegetation v0.1.0 (/home/roger/openwepp-experiments/cold-canopy-m1-20260920/crates/openwepp-vegetation)
    Checking openwepp-land-surface-energy v0.1.0 (/home/roger/openwepp-experiments/cold-canopy-m1-20260920/crates/openwepp-land-surface-energy)
warning: method `validates` is never used
  --> crates/openwepp-land-surface-energy/src/m1_coupled.rs:57:8
   |
56 | impl M1ColumnTopologyBinding {
   | ---------------------------- method in this implementation
57 |     fn validates(&self, column: &CoveredColumnInputs) -> bool {
   |        ^^^^^^^^^
   |
   = note: `#[warn(dead_code)]` (part of `#[warn(unused)]`) on by default

warning: method `validate` is never used
   --> crates/openwepp-land-surface-energy/src/m1_coupled.rs:142:8
    |
125 | impl M1CoupledColumnInput {
    | ------------------------- method in this implementation
...
142 |     fn validate(&self) -> Result<(), M1CoupledError> {
    |        ^^^^^^^^

warning: `openwepp-land-surface-energy` (lib) generated 2 warnings
    Finished `dev` profile [unoptimized + debuginfo] target(s) in 2.42s
