warning: Git tree '/workdir/openWEPP' is dirty
   Compiling openwepp-land-surface-energy v0.1.0 (/home/roger/openwepp-experiments/cold-canopy-m1-20260920/crates/openwepp-land-surface-energy)
error[E0277]: the trait bound `diagnostics::StepNorms: Eq` is not satisfied
    --> crates/openwepp-land-surface-energy/src/solver_covered_evaluation/m1_coupled.rs:1096:5
     |
1082 | #[derive(Clone, Debug, PartialEq, Eq)]
     |                                   -- in this derive macro expansion
...
1096 |     pub last_step_norms: Option<StepNorms>,
     |     ^^^^^^^^^^^^^^^^^^^^^^^^^^^^^^^^^^^^^^ unsatisfied trait bound
     |
help: the trait `Eq` is not implemented for `diagnostics::StepNorms`
    --> crates/openwepp-land-surface-energy/src/diagnostics.rs:117:1
     |
 117 | pub struct StepNorms {
     | ^^^^^^^^^^^^^^^^^^^^
help: the trait `Eq` is implemented for `std::option::Option<T>`
    --> /rustc/59807616e1fa2540724bfbac14d7976d7e4a3860/library/core/src/option.rs:595:15
     = note: required for `std::option::Option<diagnostics::StepNorms>` to implement `Eq`
note: required by a bound in `std::cmp::AssertParamIsEq`
    --> /rustc/59807616e1fa2540724bfbac14d7976d7e4a3860/library/core/src/cmp.rs:379:0

error[E0277]: the trait bound `f64: Eq` is not satisfied
    --> crates/openwepp-land-surface-energy/src/solver_covered_evaluation/m1_coupled.rs:1097:5
     |
1082 | #[derive(Clone, Debug, PartialEq, Eq)]
     |                                   -- in this derive macro expansion
...
1097 |     pub last_current_norm: Option<f64>,
     |     ^^^^^^^^^^^^^^^^^^^^^^^^^^^^^^^^^^ the trait `Eq` is not implemented for `f64`
     |
     = help: the following other types implement trait `Eq`:
               i128
               i16
               i32
               i64
               i8
               isize
               u128
               u16
             and 4 others
     = note: required for `std::option::Option<f64>` to implement `Eq`
note: required by a bound in `std::cmp::AssertParamIsEq`
    --> /rustc/59807616e1fa2540724bfbac14d7976d7e4a3860/library/core/src/cmp.rs:379:0

For more information about this error, try `rustc --explain E0277`.
error: could not compile `openwepp-land-surface-energy` (lib) due to 2 previous errors
warning: build failed, waiting for other jobs to finish...
error: could not compile `openwepp-land-surface-energy` (lib test) due to 2 previous errors
error: command `/nix/store/rai05nypxnmj22l65nwsk5xjsaq8s4vc-cargo-1.95.0/bin/cargo test --no-run --message-format json-render-diagnostics --package openwepp-land-surface-energy` exited with code 101
