warning: Git tree '/workdir/openWEPP' is dirty
warning: unused import: `std::collections::BTreeSet`
 --> crates/openwepp-land-surface-energy/src/m1_coupled_tests.rs:8:5
  |
8 | use std::collections::BTreeSet;
  |     ^^^^^^^^^^^^^^^^^^^^^^^^^^
  |
  = note: `#[warn(unused_imports)]` (part of `#[warn(unused)]`) on by default

warning: `openwepp-land-surface-energy` (lib test) generated 1 warning (run `cargo fix --lib -p openwepp-land-surface-energy --tests` to apply 1 suggestion)
    Finished `test` profile [unoptimized + debuginfo] target(s) in 0.03s
────────────
 Nextest run ID 24b210ef-ca71-41aa-a30d-5662df283ded with nextest profile: default
    Starting 1 test across 1 binary (181 tests skipped)
        FAIL [   0.008s] (1/1) openwepp-land-surface-energy m1_coupled_tests::m1_frozen_radiation_columns_and_all_four_gas_rows_bind_physical_outputs
  stdout ───

    running 1 test
    test m1_coupled_tests::m1_frozen_radiation_columns_and_all_four_gas_rows_bind_physical_outputs ... FAILED

    failures:

    failures:
        m1_coupled_tests::m1_frozen_radiation_columns_and_all_four_gas_rows_bind_physical_outputs

    test result: FAILED. 0 passed; 1 failed; 0 ignored; 0 measured; 181 filtered out; finished in 0.00s

  stderr ───

    thread 'm1_coupled_tests::m1_frozen_radiation_columns_and_all_four_gas_rows_bind_physical_outputs' (87624) panicked at crates/openwepp-land-surface-energy/src/m1_coupled_tests.rs:690:64:
    frozen gas row: Vegetation(M1Error { code: "VEG-E-140", stage: Condition })
    note: run with `RUST_BACKTRACE=1` environment variable to display a backtrace

  Cancelling due to test failure: 
────────────
     Summary [   0.010s] 1 test run: 0 passed, 1 failed, 181 skipped
        FAIL [   0.008s] (1/1) openwepp-land-surface-energy m1_coupled_tests::m1_frozen_radiation_columns_and_all_four_gas_rows_bind_physical_outputs
  stdout ───

    running 1 test
    test m1_coupled_tests::m1_frozen_radiation_columns_and_all_four_gas_rows_bind_physical_outputs ... FAILED

    failures:

    failures:
        m1_coupled_tests::m1_frozen_radiation_columns_and_all_four_gas_rows_bind_physical_outputs

    test result: FAILED. 0 passed; 1 failed; 0 ignored; 0 measured; 181 filtered out; finished in 0.00s

  stderr ───

    thread 'm1_coupled_tests::m1_frozen_radiation_columns_and_all_four_gas_rows_bind_physical_outputs' (87624) panicked at crates/openwepp-land-surface-energy/src/m1_coupled_tests.rs:690:64:
    frozen gas row: Vegetation(M1Error { code: "VEG-E-140", stage: Condition })
    note: run with `RUST_BACKTRACE=1` environment variable to display a backtrace

error: test run failed
