warning: Git tree '/workdir/openWEPP' is dirty
   Compiling openwepp-land-surface-energy v0.1.0 (/home/roger/openwepp-experiments/cold-canopy-m1-20260920/crates/openwepp-land-surface-energy)
    Finished `test` profile [unoptimized + debuginfo] target(s) in 5.68s
────────────
 Nextest run ID 307ea090-b4e1-464c-b1de-36cc356c3575 with nextest profile: default
    Starting 1 test across 1 binary (232 tests skipped)
        FAIL [   0.004s] (1/1) openwepp-land-surface-energy m1_liquid_routing::tests::routing_preserves_contributions_and_converts_area_once
  stdout ───

    running 1 test
    test m1_liquid_routing::tests::routing_preserves_contributions_and_converts_area_once ... FAILED

    failures:

    failures:
        m1_liquid_routing::tests::routing_preserves_contributions_and_converts_area_once

    test result: FAILED. 0 passed; 1 failed; 0 ignored; 0 measured; 232 filtered out; finished in 0.00s

  stderr ───

    thread 'm1_liquid_routing::tests::routing_preserves_contributions_and_converts_area_once' (2278992) panicked at crates/openwepp-land-surface-energy/src/m1_liquid_routing.rs:350:9:
    assertion failed: (routed.total_ofe_mass_kg_m2_ground() - 0.021_111_421_545_079_16).abs() <=
        1e-12
    note: run with `RUST_BACKTRACE=1` environment variable to display a backtrace

────────────
     Summary [   0.005s] 1 test run: 0 passed, 1 failed, 232 skipped
        FAIL [   0.004s] (1/1) openwepp-land-surface-energy m1_liquid_routing::tests::routing_preserves_contributions_and_converts_area_once
  stdout ───

    running 1 test
    test m1_liquid_routing::tests::routing_preserves_contributions_and_converts_area_once ... FAILED

    failures:

    failures:
        m1_liquid_routing::tests::routing_preserves_contributions_and_converts_area_once

    test result: FAILED. 0 passed; 1 failed; 0 ignored; 0 measured; 232 filtered out; finished in 0.00s

  stderr ───

    thread 'm1_liquid_routing::tests::routing_preserves_contributions_and_converts_area_once' (2278992) panicked at crates/openwepp-land-surface-energy/src/m1_liquid_routing.rs:350:9:
    assertion failed: (routed.total_ofe_mass_kg_m2_ground() - 0.021_111_421_545_079_16).abs() <=
        1e-12
    note: run with `RUST_BACKTRACE=1` environment variable to display a backtrace

error: test run failed
