warning: Git tree '/workdir/openWEPP' is dirty
   Compiling openwepp-hillslope-orchestrator v0.1.0 (/home/roger/openwepp-experiments/cold-canopy-m1-20260920/crates/openwepp-hillslope-orchestrator)
error[E0432]: unresolved imports `openwepp_land_surface_energy::NitrogenArbiter`, `openwepp_land_surface_energy::NitrogenAuthorization`, `openwepp_land_surface_energy::NitrogenRequest`, `openwepp_land_surface_energy::VegetationError`
 --> crates/openwepp-hillslope-orchestrator/src/land_surface_energy_shadow/m1_receiver.rs:7:56
  |
7 |     M1ColumnLiquidRouting, M1ColumnLiquidRoutingInput, NitrogenArbiter, NitrogenAuthorization,
  |                                                        ^^^^^^^^^^^^^^^  ^^^^^^^^^^^^^^^^^^^^^ no `NitrogenAuthorization` in the root
  |                                                        |
  |                                                        no `NitrogenArbiter` in the root
8 |     NitrogenRequest, VegetationError,
  |     ^^^^^^^^^^^^^^^  ^^^^^^^^^^^^^^^ no `VegetationError` in the root
  |     |
  |     no `NitrogenRequest` in the root
  |
help: a similar name exists in the module
  |
7 -     M1ColumnLiquidRouting, M1ColumnLiquidRoutingInput, NitrogenArbiter, NitrogenAuthorization,
7 +     M1ColumnLiquidRouting, M1ColumnLiquidRoutingInput, NitrogenArbiter, WaterAuthorization,
  |

error[E0432]: unresolved imports `super::DirectCanopyLiquidRelease`, `super::DirectIngressAmount`, `super::DirectOfeWb14Parameters`, `super::DirectOpenLiquidIngressParcel`, `super::DirectSurfaceLiquidParcelKind`, `super::DirectTileGroundIngress`, `super::execute_surface_liquid_ingress`
  --> crates/openwepp-hillslope-orchestrator/src/land_surface_energy_shadow/m1_receiver.rs:12:5
   |
12 |     DirectCanopyLiquidRelease, DirectIngressAmount, DirectOfeWb14Parameters,
   |     ^^^^^^^^^^^^^^^^^^^^^^^^^  ^^^^^^^^^^^^^^^^^^^  ^^^^^^^^^^^^^^^^^^^^^^^ no `DirectOfeWb14Parameters` in `land_surface_energy_shadow`
   |     |                          |
   |     |                          no `DirectIngressAmount` in `land_surface_energy_shadow`
   |     no `DirectCanopyLiquidRelease` in `land_surface_energy_shadow`
13 |     DirectOpenLiquidIngressParcel, DirectSurfaceLiquidIngressInput, DirectSurfaceLiquidParcelKind,
   |     ^^^^^^^^^^^^^^^^^^^^^^^^^^^^^                                   ^^^^^^^^^^^^^^^^^^^^^^^^^^^^^ no `DirectSurfaceLiquidParcelKind` in `land_surface_energy_shadow`
   |     |
   |     no `DirectOpenLiquidIngressParcel` in `land_surface_energy_shadow`
14 |     DirectTileGroundIngress, EndpointFixture, LandSurfaceEnergyRealHydrologyAdapter,
   |     ^^^^^^^^^^^^^^^^^^^^^^^ no `DirectTileGroundIngress` in `land_surface_energy_shadow`
15 |     UnifiedRealHydrologyCandidate, execute_surface_liquid_ingress, execute_v8_lse_runtime_shadow,
   |                                    ^^^^^^^^^^^^^^^^^^^^^^^^^^^^^^ no `execute_surface_liquid_ingress` in `land_surface_energy_shadow`
   |
   = help: consider importing this struct through its public re-export instead:
           crate::DirectCanopyLiquidRelease
   = help: consider importing this struct through its public re-export instead:
           crate::DirectIngressAmount
   = help: consider importing this struct through its public re-export instead:
           crate::DirectOfeWb14Parameters
   = help: consider importing this struct through its public re-export instead:
           crate::DirectOpenLiquidIngressParcel
   = help: consider importing this enum through its public re-export instead:
           crate::DirectSurfaceLiquidParcelKind
   = help: consider importing this enum through its public re-export instead:
           crate::DirectTileGroundIngress
help: a similar name exists in the module
   |
13 -     DirectOpenLiquidIngressParcel, DirectSurfaceLiquidIngressInput, DirectSurfaceLiquidParcelKind,
13 +     DirectOpenLiquidIngressParcel, DirectSurfaceLiquidIngressInput, DirectSurfaceLiquidParcelReceipt,
   |

warning: unused import: `DirectRunConstructorInputs`
   --> crates/openwepp-hillslope-orchestrator/src/v9_real_consumer_shadow.rs:109:13
    |
109 | use crate::{DirectRunConstructorInputs, vegetation_real_hydrology_shadow::RealHydrologyOfeLaneId};
    |             ^^^^^^^^^^^^^^^^^^^^^^^^^^
    |
    = note: `#[warn(unused_imports)]` (part of `#[warn(unused)]`) on by default

warning: unused import: `v11_covered::physical_outcome_ledger::TerminalSnowSoilHeatReceiptV1`
   --> crates/openwepp-hillslope-orchestrator/src/v9_real_consumer_shadow.rs:131:16
    |
131 | pub(crate) use v11_covered::physical_outcome_ledger::TerminalSnowSoilHeatReceiptV1;
    |                ^^^^^^^^^^^^^^^^^^^^^^^^^^^^^^^^^^^^^^^^^^^^^^^^^^^^^^^^^^^^^^^^^^^

For more information about this error, try `rustc --explain E0432`.
warning: `openwepp-hillslope-orchestrator` (lib test) generated 2 warnings
error: could not compile `openwepp-hillslope-orchestrator` (lib test) due to 2 previous errors; 2 warnings emitted
error: command `/nix/store/rai05nypxnmj22l65nwsk5xjsaq8s4vc-cargo-1.95.0/bin/cargo test --no-run --message-format json-render-diagnostics --package openwepp-hillslope-orchestrator --lib` exited with code 101
