warning: Git tree '/workdir/openWEPP' is dirty
   Compiling openwepp-hillslope-orchestrator v0.1.0 (/home/roger/openwepp-experiments/cold-canopy-m1-20260920/crates/openwepp-hillslope-orchestrator)
warning: unused import: `DirectRunConstructorInputs`
   --> crates/openwepp-hillslope-orchestrator/src/v9_real_consumer_shadow.rs:109:13
    |
109 | use crate::{DirectRunConstructorInputs, vegetation_real_hydrology_shadow::RealHydrologyOfeLaneId};
    |             ^^^^^^^^^^^^^^^^^^^^^^^^^^
    |
    = note: `#[warn(unused_imports)]` (part of `#[warn(unused)]`) on by default

warning: unused import: `v11_covered::physical_outcome_ledger::TerminalSnowSoilHeatReceiptV1`
   --> crates/openwepp-hillslope-orchestrator/src/v9_real_consumer_shadow.rs:131:16
    |
131 | pub(crate) use v11_covered::physical_outcome_ledger::TerminalSnowSoilHeatReceiptV1;
    |                ^^^^^^^^^^^^^^^^^^^^^^^^^^^^^^^^^^^^^^^^^^^^^^^^^^^^^^^^^^^^^^^^^^^

error[E0308]: mismatched types
   --> crates/openwepp-hillslope-orchestrator/src/land_surface_energy_shadow/m1_receiver.rs:252:43
    |
252 |             accepted_source_state_sha256: fixture.vegetation_state.state_sha256.clone(),
    |                                           ^^^^^^^^^^^^^^^^^^^^^^^^^^^^^^^^^^^^^^^^^^^^^ expected `Sha256Digest`, found `String`

error[E0277]: the `?` operator can only be used in a closure that returns `Result` or `Option` (or another type that implements `FromResidual`)
   --> crates/openwepp-hillslope-orchestrator/src/land_surface_energy_shadow/m1_receiver.rs:245:67
    |
242 |         .map(|(index, parcel)| DirectOpenLiquidIngressParcel {
    |              ----------------- this function should return `Result` or `Option` to accept `?`
...
245 |                 .map_err(|_| failure("receiver", "source_parcel"))?,
    |                                                                   ^ cannot use the `?` operator in a closure that returns `surface_liquid_ingress::DirectOpenLiquidIngressParcel`

error[E0277]: the `?` operator can only be used in a closure that returns `Result` or `Option` (or another type that implements `FromResidual`)
   --> crates/openwepp-hillslope-orchestrator/src/land_surface_energy_shadow/m1_receiver.rs:247:65
    |
242 |         .map(|(index, parcel)| DirectOpenLiquidIngressParcel {
    |              ----------------- this function should return `Result` or `Option` to accept `?`
...
247 |                 .map_err(|_| failure("receiver", "wrong_owner"))?,
    |                                                                 ^ cannot use the `?` operator in a closure that returns `surface_liquid_ingress::DirectOpenLiquidIngressParcel`

error[E0277]: a value of type `Result<Vec<_>, M1ReceiverDiagnosticError>` cannot be built from an iterator over elements of type `surface_liquid_ingress::DirectOpenLiquidIngressParcel`
   --> crates/openwepp-hillslope-orchestrator/src/land_surface_energy_shadow/m1_receiver.rs:261:20
    |
261 |         .collect::<Result<Vec<_>, M1ReceiverDiagnosticError>>()?;
    |          -------   ^^^^^^^^^^^^^^^^^^^^^^^^^^^^^^^^^^^^^^^^^ value of type `Result<Vec<_>, M1ReceiverDiagnosticError>` cannot be built from `std::iter::Iterator<Item=surface_liquid_ingress::DirectOpenLiquidIngressParcel>`
    |          |
    |          required by a bound introduced by this call
    |
help: the trait `FromIterator<surface_liquid_ingress::DirectOpenLiquidIngressParcel>` is not implemented for `Result<Vec<_>, M1ReceiverDiagnosticError>`
      but trait `FromIterator<Result<_, M1ReceiverDiagnosticError>>` is implemented for it
   --> /rustc/59807616e1fa2540724bfbac14d7976d7e4a3860/library/core/src/result.rs:2111:0
    = help: for that trait implementation, expected `Result<_, M1ReceiverDiagnosticError>`, found `surface_liquid_ingress::DirectOpenLiquidIngressParcel`
note: the method call chain might not have had the expected associated types
   --> crates/openwepp-hillslope-orchestrator/src/land_surface_energy_shadow/m1_receiver.rs:242:10
    |
188 |       let route = control
    |  _________________-
189 | |         .route()
190 | |         .map_err(|_| failure("preflight", "routing"))?;
    | |______________________________________________________- this expression has type `M1ColumnLiquidRouting`
...
240 |           .iter()
    |            ------ `Iterator::Item` is `&M1TerminalLiquidParcel` here
241 |           .enumerate()
    |            ----------- `Iterator::Item` changed to `(usize, &M1TerminalLiquidParcel)` here
242 |           .map(|(index, parcel)| DirectOpenLiquidIngressParcel {
    |  __________^
243 | |             kind: DirectSurfaceLiquidParcelKind::TerminalReceiver,
244 | |             parcel_id: openwepp_land_surface_energy::ParcelId::try_new(format!("m1-{index}"))
245 | |                 .map_err(|_| failure("receiver", "source_parcel"))?,
...   |
259 | |             },
260 | |         })
    | |__________^ `Iterator::Item` changed to `DirectOpenLiquidIngressParcel` here
note: required by a bound in `collect`
   --> /rustc/59807616e1fa2540724bfbac14d7976d7e4a3860/library/core/src/iter/traits/iterator.rs:2051:4

Some errors have detailed explanations: E0277, E0308.
For more information about an error, try `rustc --explain E0277`.
warning: `openwepp-hillslope-orchestrator` (lib test) generated 2 warnings
error: could not compile `openwepp-hillslope-orchestrator` (lib test) due to 4 previous errors; 2 warnings emitted
error: command `/nix/store/rai05nypxnmj22l65nwsk5xjsaq8s4vc-cargo-1.95.0/bin/cargo test --no-run --message-format json-render-diagnostics --package openwepp-hillslope-orchestrator --lib` exited with code 101
