warning: Git tree '/workdir/openWEPP' is dirty
   Compiling openwepp-land-surface-energy v0.1.0 (/home/roger/openwepp-experiments/cold-canopy-m1-20260920/crates/openwepp-land-surface-energy)
error[E0004]: non-exhaustive patterns: `diagnostics::ResidualUnit::KilogramsPerSquareMeter`, `diagnostics::ResidualUnit::JoulesPerSquareMeter` and `diagnostics::ResidualUnit::Kelvin` not covered
   --> crates/openwepp-land-surface-energy/src/covered_natural_limit_diagnostic_parity_tests.rs:296:26
    |
296 |         let unit = match actual.unit {
    |                          ^^^^^^^^^^^ patterns `diagnostics::ResidualUnit::KilogramsPerSquareMeter`, `diagnostics::ResidualUnit::JoulesPerSquareMeter` and `diagnostics::ResidualUnit::Kelvin` not covered
    |
note: `diagnostics::ResidualUnit` defined here
   --> crates/openwepp-land-surface-energy/src/diagnostics.rs:81:10
    |
 81 | pub enum ResidualUnit {
    |          ^^^^^^^^^^^^
...
 87 |     KilogramsPerSquareMeter,
    |     ----------------------- not covered
 88 |     #[serde(rename = "j_m-2")]
 89 |     JoulesPerSquareMeter,
    |     -------------------- not covered
 90 |     #[serde(rename = "k")]
 91 |     Kelvin,
    |     ------ not covered
    = note: the matched value is of type `diagnostics::ResidualUnit`
help: ensure that all possible cases are being handled by adding a match arm with a wildcard pattern, a match arm with multiple or-patterns as shown, or multiple match arms
    |
302 ~             crate::ResidualUnit::Dimensionless => "dimensionless",
303 ~             diagnostics::ResidualUnit::KilogramsPerSquareMeter | diagnostics::ResidualUnit::JoulesPerSquareMeter | diagnostics::ResidualUnit::Kelvin => todo!(),
    |

error[E0004]: non-exhaustive patterns: `diagnostics::ResidualUnit::KilogramsPerSquareMeter`, `diagnostics::ResidualUnit::JoulesPerSquareMeter` and `diagnostics::ResidualUnit::Kelvin` not covered
    --> crates/openwepp-land-surface-energy/src/covered_oracle_conformance_tests.rs:1024:26
     |
1024 |         let unit = match actual.unit {
     |                          ^^^^^^^^^^^ patterns `diagnostics::ResidualUnit::KilogramsPerSquareMeter`, `diagnostics::ResidualUnit::JoulesPerSquareMeter` and `diagnostics::ResidualUnit::Kelvin` not covered
     |
note: `diagnostics::ResidualUnit` defined here
    --> crates/openwepp-land-surface-energy/src/diagnostics.rs:81:10
     |
  81 | pub enum ResidualUnit {
     |          ^^^^^^^^^^^^
...
  87 |     KilogramsPerSquareMeter,
     |     ----------------------- not covered
  88 |     #[serde(rename = "j_m-2")]
  89 |     JoulesPerSquareMeter,
     |     -------------------- not covered
  90 |     #[serde(rename = "k")]
  91 |     Kelvin,
     |     ------ not covered
     = note: the matched value is of type `diagnostics::ResidualUnit`
help: ensure that all possible cases are being handled by adding a match arm with a wildcard pattern, a match arm with multiple or-patterns as shown, or multiple match arms
     |
1030 ~             crate::ResidualUnit::Dimensionless => "dimensionless",
1031 ~             diagnostics::ResidualUnit::KilogramsPerSquareMeter | diagnostics::ResidualUnit::JoulesPerSquareMeter | diagnostics::ResidualUnit::Kelvin => todo!(),
     |

For more information about this error, try `rustc --explain E0004`.
error: could not compile `openwepp-land-surface-energy` (lib test) due to 2 previous errors
