warning: Git tree '/workdir/openWEPP' is dirty
   Compiling openwepp-land-surface-energy v0.1.0 (/home/roger/openwepp-experiments/cold-canopy-m1-20260920/crates/openwepp-land-surface-energy)
    Finished `test` profile [unoptimized + debuginfo] target(s) in 3.75s
     Running unittests src/lib.rs (/tmp/openwepp-cold-canopy-m1-target/debug/deps/openwepp_land_surface_energy-6930b921f1500e71)
m1-newton iteration=0 current=[266.85496453757526, 266.85496453757526, 266.85496453757526, 0.018, 0.0, 0.0, 266.85496453757526, 266.85496453757526, 266.85496453757526, 0.018, 0.0, 0.0, 266.85496453757526, 0.0013506651734953076, 265.15, 291.5, 289.8, 293.0, 293.0, 293.0, 270.0] delta=[1.689973476858623, -4.467964451323802, -4.360372359786749, -0.0002769017002293179, -783.5109212535805, -0.0, 1.689973476858623, -4.396277241781538, -4.233110625211773, -0.0002791795939520448, -778.6044284368845, 0.0, -4.605061985566098, -0.001290584496830317, 0.0, 0.0, 0.0, 0.0, 0.0, 0.0, 0.0]
m1-newton iteration=0 b=0 candidate=fd-domain reason=Some("temperature[1]=2.62387000086251476e2")
m1-newton iteration=0 b=1 norm=4.80855688734842396e9 current=4.10990622435497999e9 controlling=Some("row=4 value=4.80855688734842396e9")
m1-newton iteration=0 b=2 norm=4.45841732943937969e9 current=4.10990622435497999e9 controlling=Some("row=4 value=4.45841732943937969e9")
m1-newton iteration=0 b=3 norm=4.28395958488377619e9 current=4.10990622435497999e9 controlling=Some("row=4 value=4.28395958488377619e9")
m1-newton iteration=0 b=4 norm=4.19688252622827005e9 current=4.10990622435497999e9 controlling=Some("row=4 value=4.19688252622827005e9")
m1-newton iteration=0 b=5 norm=4.15338180183577538e9 current=4.10990622435497999e9 controlling=Some("row=4 value=4.15338180183577538e9")
m1-newton iteration=0 b=6 norm=4.13164087237044191e9 current=4.10990622435497999e9 controlling=Some("row=4 value=4.13164087237044191e9")
m1-newton iteration=0 b=7 norm=4.12077276351112318e9 current=4.10990622435497999e9 controlling=Some("row=4 value=4.12077276351112318e9")
m1-newton iteration=0 b=8 norm=4.11533929776134586e9 current=4.10990622435497999e9 controlling=Some("row=4 value=4.11533929776134586e9")
m1-newton iteration=0 b=9 norm=4.11262271202037764e9 current=4.10990622435497999e9 controlling=Some("row=4 value=4.11262271202037764e9")
m1-newton iteration=0 b=10 norm=4.11126445592887688e9 current=4.10990622435497999e9 controlling=Some("row=4 value=4.11126445592887688e9")
m1-newton iteration=0 b=11 norm=4.11058533707730675e9 current=4.10990622435497999e9 controlling=Some("row=4 value=4.11058533707730675e9")
m1-newton iteration=0 b=12 norm=4.11024577994999838e9 current=4.10990622435497999e9 controlling=Some("row=4 value=4.11024577994999838e9")
m1-newton iteration=0 b=13 norm=4.11007600196095276e9 current=4.10990622435497999e9 controlling=Some("row=4 value=4.11007600196095276e9")
m1-newton iteration=0 b=14 norm=4.10999111311008072e9 current=4.10990622435497999e9 controlling=Some("row=4 value=4.10999111311008072e9")
m1-newton iteration=0 b=15 norm=4.10994866872056007e9 current=4.10990622435497999e9 controlling=Some("row=4 value=4.10994866872056007e9")
m1-newton iteration=0 b=16 norm=4.10992744653477526e9 current=4.10990622435497999e9 controlling=Some("row=4 value=4.10992744653477526e9")
m1-newton iteration=0 b=17 norm=4.10991683544412994e9 current=4.10990622435497999e9 controlling=Some("row=4 value=4.10991683544412994e9")
m1-newton iteration=0 b=18 norm=4.10991152989937401e9 current=4.10990622435497999e9 controlling=Some("row=4 value=4.10991152989937401e9")
m1-newton iteration=0 b=19 norm=4.10990887712712288e9 current=4.10990622435497999e9 controlling=Some("row=4 value=4.10990887712712288e9")
m1-newton iteration=0 b=20 norm=4.10990755074104643e9 current=4.10990622435497999e9 controlling=Some("row=4 value=4.10990755074104643e9")

thread 'm1_coupled_tests::m1_original_sixty_second_solve_has_original_geometry_active_cold_shade_and_real_closure' (161536) panicked at crates/openwepp-land-surface-energy/src/m1_coupled_tests.rs:122:6:
actual solve: Numerical(NumericalFailure { kind: BacktrackingLimit, iterations: 0, normalized_residuals: [-6294406.021822539, -6060786.453186897, -2121378.8805664964, 4430971.535584339, 4109906224.35498, 0.0, -6294406.021822539, -3940745.005502405, -1378881.6431664578, 4382315.72576387, 4038172918.3901286, 0.0, -111350178.1795329, -21240405.83697891, 0.0, 0.0, 0.0, 0.0, 0.0, 0.0, 0.0], ordered_residuals: [NormalizedResidual { identity: "m1_row_0", raw: -6.295035462424721, scale: 0.0, tolerance: 1.0001e-6, normalized: -6294406.021822539, unit: WattsPerSquareMeter }, NormalizedResidual { identity: "m1_row_1", raw: -6.064461994096865, scale: 6.064461994096865, tolerance: 1.0006064461994096e-6, normalized: -6060786.453186897, unit: WattsPerSquareMeter }, NormalizedResidual { identity: "m1_row_2", raw: -2.121829000889562, scale: 2.121829000889562, tolerance: 1.0002121829000889e-6, normalized: -2121378.8805664964, unit: WattsPerSquareMeter }, NormalizedResidual { identity: "m1_row_3", raw: 0.000797574876405181, scale: 0.000797574876405181, tolerance: 1.8e-10, normalized: 4430971.535584339, unit: KilogramsPerSquareMeter }, NormalizedResidual { identity: "m1_row_4", raw: 4109.90622435498, scale: 4109.90622435498, tolerance: 1e-6, normalized: 4109906224.35498, unit: JoulesPerSquareMeter }, NormalizedResidual { identity: "m1_row_5", raw: 0.0, scale: 0.0, tolerance: 1e-9, normalized: 0.0, unit: KilogramsPerSquareMeter }, NormalizedResidual { identity: "m1_row_6", raw: -6.295035462424721, scale: 0.0, tolerance: 1.0001e-6, normalized: -6294406.021822539, unit: WattsPerSquareMeter }, NormalizedResidual { identity: "m1_row_7", raw: -3.9422985648403643, scale: 3.9422985648403643, tolerance: 1.000394229856484e-6, normalized: -3940745.005502405, unit: WattsPerSquareMeter }, NormalizedResidual { identity: "m1_row_8", raw: -1.3790718008455372, scale: 1.3790718008455372, tolerance: 1.0001379071800844e-6, normalized: -1378881.6431664578, unit: WattsPerSquareMeter }, NormalizedResidual { identity: "m1_row_9", raw: 0.0007888168306374966, scale: 0.0007888168306374966, tolerance: 1.8e-10, normalized: 4382315.72576387, unit: KilogramsPerSquareMeter }, NormalizedResidual { identity: "m1_row_10", raw: 4038.1729183901284, scale: 4038.1729183901284, tolerance: 1e-6, normalized: 4038172918.3901286, unit: JoulesPerSquareMeter }, NormalizedResidual { identity: "m1_row_11", raw: 0.0, scale: 0.0, tolerance: 1e-9, normalized: 0.0, unit: KilogramsPerSquareMeter }, NormalizedResidual { identity: "m1_row_12", raw: -113.85967984459383, scale: 225.37024242698521, tolerance: 1.0225370242426984e-6, normalized: -111350178.1795329, unit: WattsPerSquareMeter }, NormalizedResidual { identity: "m1_row_13", raw: -2.2275168406431882e-5, scale: 4.871670425672764e-5, tolerance: 1.0487167042567277e-12, normalized: -21240405.83697891, unit: KilogramsPerSquareMeterSecond }, NormalizedResidual { identity: "m1_row_14", raw: 0.0, scale: 0.0, tolerance: 1e-9, normalized: 0.0, unit: Kelvin }, NormalizedResidual { identity: "m1_row_15", raw: 0.0, scale: 0.0, tolerance: 1e-9, normalized: 0.0, unit: Kelvin }, NormalizedResidual { identity: "m1_row_16", raw: 0.0, scale: 0.0, tolerance: 1e-9, normalized: 0.0, unit: Kelvin }, NormalizedResidual { identity: "m1_row_17", raw: 0.0, scale: 0.0, tolerance: 1e-9, normalized: 0.0, unit: Kelvin }, NormalizedResidual { identity: "m1_row_18", raw: 0.0, scale: 0.0, tolerance: 1e-9, normalized: 0.0, unit: Kelvin }, NormalizedResidual { identity: "m1_row_19", raw: 0.0, scale: 0.0, tolerance: 1e-9, normalized: 0.0, unit: Kelvin }, NormalizedResidual { identity: "m1_row_20", raw: 0.0, scale: 0.0, tolerance: 1e-9, normalized: 0.0, unit: Kelvin }], occupancy_id: None, active_bounds: [], backtracking_count: 0, step_norms: StepNorms { temperature_k: None, humidity_kg_kg: None, ci_pa: None, hydraulic_mm: None, beta: Some(0.0) }, pivot_magnitude: Some(84479.4816977103), matrix_norm: Some(818304928669.3553), .. })
note: run with `RUST_BACKTRACE=1` environment variable to display a backtrace
error: test failed, to rerun pass `-p openwepp-land-surface-energy --lib`
