warning: Git tree '/workdir/openWEPP' is dirty
   Compiling openwepp-land-surface-energy v0.1.0 (/home/roger/openwepp-experiments/cold-canopy-m1-20260920/crates/openwepp-land-surface-energy)
error[E0433]: cannot find `M1PhaseJoinFailure` in `super`
   --> crates/openwepp-land-surface-energy/src/m1_coupled_tests.rs:343:16
    |
343 |         super::M1PhaseJoinFailure::UnrepresentableProbe { .. }
    |                ^^^^^^^^^^^^^^^^^^ could not find `M1PhaseJoinFailure` in the crate root

error[E0433]: cannot find `M1PhaseJoinFailure` in `super`
   --> crates/openwepp-land-surface-energy/src/m1_coupled_tests.rs:464:16
    |
464 |         super::M1PhaseJoinFailure::InconsistentFinalSet { .. }
    |                ^^^^^^^^^^^^^^^^^^ could not find `M1PhaseJoinFailure` in the crate root

error[E0433]: cannot find `M1PhaseJoinFailure` in `super`
   --> crates/openwepp-land-surface-energy/src/m1_coupled_tests.rs:478:16
    |
478 |         super::M1PhaseJoinFailure::UnrepresentableProbe { .. }
    |                ^^^^^^^^^^^^^^^^^^ could not find `M1PhaseJoinFailure` in the crate root

error[E0425]: cannot find function `select_m1_phase_join_active_set` in module `super`
   --> crates/openwepp-land-surface-energy/src/m1_coupled_tests.rs:203:27
    |
203 |     let selected = super::select_m1_phase_join_active_set(
    |                           ^^^^^^^^^^^^^^^^^^^^^^^^^^^^^^^ not found in `super`

error[E0425]: cannot find function `select_m1_phase_join_active_set` in module `super`
   --> crates/openwepp-land-surface-energy/src/m1_coupled_tests.rs:217:26
    |
217 |     let warming = super::select_m1_phase_join_active_set(
    |                          ^^^^^^^^^^^^^^^^^^^^^^^^^^^^^^^ not found in `super`

error[E0425]: cannot find function `select_m1_phase_join_active_set` in module `super`
   --> crates/openwepp-land-surface-energy/src/m1_coupled_tests.rs:238:31
    |
238 |         let selected = super::select_m1_phase_join_active_set(
    |                               ^^^^^^^^^^^^^^^^^^^^^^^^^^^^^^^ not found in `super`

error[E0425]: cannot find function `select_m1_phase_join_active_set` in module `super`
   --> crates/openwepp-land-surface-energy/src/m1_coupled_tests.rs:251:31
    |
251 |     let capacity_tie = super::select_m1_phase_join_active_set(
    |                               ^^^^^^^^^^^^^^^^^^^^^^^^^^^^^^^ not found in `super`

error[E0425]: cannot find function `select_m1_phase_join_active_set` in module `super`
   --> crates/openwepp-land-surface-energy/src/m1_coupled_tests.rs:264:28
    |
264 |     let empty_tie = super::select_m1_phase_join_active_set(
    |                            ^^^^^^^^^^^^^^^^^^^^^^^^^^^^^^^ not found in `super`

error[E0425]: cannot find function `select_m1_phase_join_active_set` in module `super`
   --> crates/openwepp-land-surface-energy/src/m1_coupled_tests.rs:284:26
    |
284 |         let cap = super::select_m1_phase_join_active_set(
    |                          ^^^^^^^^^^^^^^^^^^^^^^^^^^^^^^^ not found in `super`

error[E0425]: cannot find function `select_m1_phase_join_active_set` in module `super`
   --> crates/openwepp-land-surface-energy/src/m1_coupled_tests.rs:300:28
    |
300 |     let lower_cap = super::select_m1_phase_join_active_set(
    |                            ^^^^^^^^^^^^^^^^^^^^^^^^^^^^^^^ not found in `super`

error[E0425]: cannot find function `select_m1_phase_join_active_set` in module `super`
   --> crates/openwepp-land-surface-energy/src/m1_coupled_tests.rs:318:16
    |
318 |         super::select_m1_phase_join_active_set(join, 0.297, 0.0, 60.0, 0.0, f64::NAN, 0.0).is_err()
    |                ^^^^^^^^^^^^^^^^^^^^^^^^^^^^^^^ not found in `super`

error[E0425]: cannot find function `select_m1_phase_join_active_set` in module `super`
   --> crates/openwepp-land-surface-energy/src/m1_coupled_tests.rs:320:27
    |
320 |     let selected = super::select_m1_phase_join_active_set(join, 0.297, 0.0, 60.0, 0.0, -1.0, 0.0)
    |                           ^^^^^^^^^^^^^^^^^^^^^^^^^^^^^^^ not found in `super`

error[E0425]: cannot find function `m1_phase_join_set_matches_direction` in module `super`
   --> crates/openwepp-land-surface-energy/src/m1_coupled_tests.rs:322:21
    |
322 |     assert!(!super::m1_phase_join_set_matches_direction(
    |                     ^^^^^^^^^^^^^^^^^^^^^^^^^^^^^^^^^^^ not found in `super`

error[E0425]: cannot find function `select_m1_phase_join_active_set` in module `super`
   --> crates/openwepp-land-surface-energy/src/m1_coupled_tests.rs:329:26
    |
329 |     let rounded = super::select_m1_phase_join_active_set(
    |                          ^^^^^^^^^^^^^^^^^^^^^^^^^^^^^^^ not found in `super`

error[E0425]: cannot find function `m1_phase_join_primal_normalizers` in module `super`
   --> crates/openwepp-land-surface-energy/src/m1_coupled_tests.rs:402:40
    |
402 |     let canonical_normalizers = super::m1_phase_join_primal_normalizers(&input, &join)
    |                                        ^^^^^^^^^^^^^^^^^^^^^^^^^^^^^^^^ not found in `super`

error[E0425]: cannot find function `m1_phase_join_controller_iteration` in module `super`
   --> crates/openwepp-land-surface-energy/src/m1_coupled_tests.rs:405:29
    |
405 |     let controller = super::m1_phase_join_controller_iteration(&input, &join)
    |                             ^^^^^^^^^^^^^^^^^^^^^^^^^^^^^^^^^^ not found in `super`

error[E0425]: cannot find function `m1_phase_join_controller_iteration` in module `super`
   --> crates/openwepp-land-surface-energy/src/m1_coupled_tests.rs:435:27
    |
435 |     let ordinary = super::m1_phase_join_controller_iteration(&input, &trial())
    |                           ^^^^^^^^^^^^^^^^^^^^^^^^^^^^^^^^^^ not found in `super`

error[E0425]: cannot find function `m1_phase_join_controller_with_forced_final_direction` in module `super`
   --> crates/openwepp-land-surface-energy/src/m1_coupled_tests.rs:459:16
    |
459 |         super::m1_phase_join_controller_with_forced_final_direction(&input, &trial(), [0.0; 21])
    |                ^^^^^^^^^^^^^^^^^^^^^^^^^^^^^^^^^^^^^^^^^^^^^^^^^^^^ not found in `super`

error[E0425]: cannot find function `m1_phase_join_controller_unrepresentable_probe` in module `super`
   --> crates/openwepp-land-surface-energy/src/m1_coupled_tests.rs:473:34
    |
473 |     let unrepresentable = super::m1_phase_join_controller_unrepresentable_probe(&input)
    |                                  ^^^^^^^^^^^^^^^^^^^^^^^^^^^^^^^^^^^^^^^^^^^^^^ not found in `super`

Some errors have detailed explanations: E0425, E0433.
For more information about an error, try `rustc --explain E0425`.
error: could not compile `openwepp-land-surface-energy` (lib test) due to 19 previous errors
error: command `/nix/store/rai05nypxnmj22l65nwsk5xjsaq8s4vc-cargo-1.95.0/bin/cargo test --no-run --message-format json-render-diagnostics --package openwepp-land-surface-energy` exited with code 101
