warning: Git tree '/workdir/openWEPP' is dirty
   Compiling openwepp-land-surface-energy v0.1.0 (/home/roger/openwepp-experiments/cold-canopy-m1-20260920/crates/openwepp-land-surface-energy)
    Finished `test` profile [unoptimized + debuginfo] target(s) in 3.93s
────────────
 Nextest run ID a9a2c5c4-94a8-4446-bef5-75feafda5ba9 with nextest profile: default
    Starting 1 test across 1 binary (233 tests skipped)
        FAIL [   0.004s] (1/1) openwepp-land-surface-energy m1_liquid_routing::tests::routing_refuses_nonliquid_source_enthalpy_overflow_and_unbound_area
  stdout ───

    running 1 test
    test m1_liquid_routing::tests::routing_refuses_nonliquid_source_enthalpy_overflow_and_unbound_area ... FAILED

    failures:

    failures:
        m1_liquid_routing::tests::routing_refuses_nonliquid_source_enthalpy_overflow_and_unbound_area

    test result: FAILED. 0 passed; 1 failed; 0 ignored; 0 measured; 233 filtered out; finished in 0.00s

  stderr ───

    thread 'm1_liquid_routing::tests::routing_refuses_nonliquid_source_enthalpy_overflow_and_unbound_area' (2303393) panicked at crates/openwepp-land-surface-energy/src/m1_liquid_routing.rs:468:9:
    assertion failed: input(0.0, 0.0).is_err()
    note: run with `RUST_BACKTRACE=1` environment variable to display a backtrace

────────────
     Summary [   0.006s] 1 test run: 0 passed, 1 failed, 233 skipped
        FAIL [   0.004s] (1/1) openwepp-land-surface-energy m1_liquid_routing::tests::routing_refuses_nonliquid_source_enthalpy_overflow_and_unbound_area
  stdout ───

    running 1 test
    test m1_liquid_routing::tests::routing_refuses_nonliquid_source_enthalpy_overflow_and_unbound_area ... FAILED

    failures:

    failures:
        m1_liquid_routing::tests::routing_refuses_nonliquid_source_enthalpy_overflow_and_unbound_area

    test result: FAILED. 0 passed; 1 failed; 0 ignored; 0 measured; 233 filtered out; finished in 0.00s

  stderr ───

    thread 'm1_liquid_routing::tests::routing_refuses_nonliquid_source_enthalpy_overflow_and_unbound_area' (2303393) panicked at crates/openwepp-land-surface-energy/src/m1_liquid_routing.rs:468:9:
    assertion failed: input(0.0, 0.0).is_err()
    note: run with `RUST_BACKTRACE=1` environment variable to display a backtrace

error: test run failed
