warning: Git tree '/workdir/openWEPP' is dirty
   Compiling openwepp-hillslope-orchestrator v0.1.0 (/home/roger/openwepp-experiments/cold-canopy-m1-20260920/crates/openwepp-hillslope-orchestrator)
warning: unused import: `DirectRunConstructorInputs`
   --> crates/openwepp-hillslope-orchestrator/src/v9_real_consumer_shadow.rs:109:13
    |
109 | use crate::{DirectRunConstructorInputs, vegetation_real_hydrology_shadow::RealHydrologyOfeLaneId};
    |             ^^^^^^^^^^^^^^^^^^^^^^^^^^
    |
    = note: `#[warn(unused_imports)]` (part of `#[warn(unused)]`) on by default

warning: unused import: `v11_covered::physical_outcome_ledger::TerminalSnowSoilHeatReceiptV1`
   --> crates/openwepp-hillslope-orchestrator/src/v9_real_consumer_shadow.rs:131:16
    |
131 | pub(crate) use v11_covered::physical_outcome_ledger::TerminalSnowSoilHeatReceiptV1;
    |                ^^^^^^^^^^^^^^^^^^^^^^^^^^^^^^^^^^^^^^^^^^^^^^^^^^^^^^^^^^^^^^^^^^^

error[E0505]: cannot move out of `actual_candidate` because it is borrowed
   --> crates/openwepp-hillslope-orchestrator/src/land_surface_energy_shadow/m1_receiver.rs:674:9
    |
657 |     let actual_candidate = result.hydrology_candidate().clone();
    |         ---------------- binding `actual_candidate` declared here
658 |     let receipts = actual_candidate.surface_ingress().receipts();
    |                    ---------------- borrow of `actual_candidate` occurs here
...
674 |         actual_candidate,
    |         ^^^^^^^^^^^^^^^^ move out of `actual_candidate` occurs here
...
681 |             "receipts": receipts.iter().map(|row| serde_json::json!({"parcel_id":row.parcel_id,"source_parcel_id":row.source_parcel...
    |                         -------- borrow later used here
    |
help: consider cloning the value if the performance cost is acceptable
    |
658 |     let receipts = actual_candidate.clone().surface_ingress().receipts();
    |                                    ++++++++

error[E0382]: borrow of moved value: `contributors`
   --> crates/openwepp-hillslope-orchestrator/src/land_surface_energy_shadow/m1_receiver.rs:680:29
    |
492 |     let mut contributors = route.terminal_parcels().iter().map(|parcel| M1ReceiverContribution {
    |         ---------------- move occurs because `contributors` has type `Vec<M1ReceiverContribution>`, which does not implement the `Copy` trait
...
675 |         contribution_join: M1ReceiverContributionJoin { contributors },
    |                                                         ------------ value moved here
...
680 |             "contributors": contributors.iter().map(|row| serde_json::json!({"origin":row.origin,"source_occupancy_id":row.source_o...
    |                             ^^^^^^^^^^^^ value borrowed here after move
    |
    = note: borrow occurs due to deref coercion to `[M1ReceiverContribution]`
help: consider cloning the value if the performance cost is acceptable
    |
675 |         contribution_join: M1ReceiverContributionJoin { contributors: contributors.clone() },
    |                                                                     ++++++++++++++++++++++

warning: value assigned to `local_owners` is never read
   --> crates/openwepp-hillslope-orchestrator/src/land_surface_energy_shadow/m1_receiver.rs:694:28
    |
694 |     let mut local_owners = local_beginning.clone();
    |                            ^^^^^^^^^^^^^^^^^^^^^^^
    |
    = help: maybe it is overwritten before being read?
    = note: `#[warn(unused_assignments)]` (part of `#[warn(unused)]`) on by default

Some errors have detailed explanations: E0382, E0505.
For more information about an error, try `rustc --explain E0382`.
warning: `openwepp-hillslope-orchestrator` (lib test) generated 3 warnings
error: could not compile `openwepp-hillslope-orchestrator` (lib test) due to 2 previous errors; 3 warnings emitted
error: command `/nix/store/rai05nypxnmj22l65nwsk5xjsaq8s4vc-cargo-1.95.0/bin/cargo test --no-run --message-format json-render-diagnostics --package openwepp-hillslope-orchestrator --lib` exited with code 101
