warning: Git tree '/workdir/openWEPP' is dirty
   Compiling getrandom v0.3.4
   Compiling openwepp-land-surface-energy v0.1.0 (/home/roger/openwepp-experiments/cold-canopy-m1-20260920/crates/openwepp-land-surface-energy)
   Compiling ahash v0.8.12
   Compiling arrow-array v54.3.1
   Compiling arrow-select v54.3.1
   Compiling arrow-cast v54.3.1
   Compiling arrow-ipc v54.3.1
   Compiling parquet v54.3.1
   Compiling openwepp-hillslope-orchestrator v0.1.0 (/home/roger/openwepp-experiments/cold-canopy-m1-20260920/crates/openwepp-hillslope-orchestrator)
   Compiling bit-vec v0.8.0
   Compiling bit-set v0.8.0
   Compiling openwepp-watershed-output v0.1.0 (/home/roger/openwepp-experiments/cold-canopy-m1-20260920/crates/openwepp-watershed-output)
   Compiling openwepp-hillslope-output v0.1.0 (/home/roger/openwepp-experiments/cold-canopy-m1-20260920/crates/openwepp-hillslope-output)
   Compiling bitflags v2.13.0
   Compiling pulldown-cmark v0.13.4
   Compiling referencing v0.42.2
   Compiling fancy-regex v0.17.0
   Compiling jsonschema v0.42.2
   Compiling openwepp-assurance v0.1.0 (/home/roger/openwepp-experiments/cold-canopy-m1-20260920/crates/openwepp-assurance)
warning: method `restart_authority_state_derived_active_snow_lanes_v1` is never used
   --> crates/openwepp-hillslope-orchestrator/src/snow_stage3_v11_attachment.rs:981:19
    |
973 | impl DirectSnowStage3V11PreparedSupport {
    | --------------------------------------- method in this implementation
...
981 |     pub(crate) fn restart_authority_state_derived_active_snow_lanes_v1(
    |                   ^^^^^^^^^^^^^^^^^^^^^^^^^^^^^^^^^^^^^^^^^^^^^^^^^^^^
    |
    = note: `#[warn(dead_code)]` (part of `#[warn(unused)]`) on by default

warning: function `diagnostic_restore_parent_receipt_archive_with_configured_scope_v3` is never used
    --> crates/openwepp-hillslope-orchestrator/src/snow_stage3_v11_restart.rs:1858:15
     |
1858 | pub(crate) fn diagnostic_restore_parent_receipt_archive_with_configured_scope_v3(
     |               ^^^^^^^^^^^^^^^^^^^^^^^^^^^^^^^^^^^^^^^^^^^^^^^^^^^^^^^^^^^^^^^^^^

warning: struct `RestoredStage3PublicationDayEvidenceV1` is never constructed
    --> crates/openwepp-hillslope-orchestrator/src/v9_real_consumer_shadow_publication_retention.rs:1729:19
     |
1729 | pub(crate) struct RestoredStage3PublicationDayEvidenceV1 {
     |                   ^^^^^^^^^^^^^^^^^^^^^^^^^^^^^^^^^^^^^^

warning: function `restart_authority_restore_archived_publication_day_v1` is never used
    --> crates/openwepp-hillslope-orchestrator/src/v9_real_consumer_shadow_publication_retention.rs:1757:15
     |
1757 | pub(crate) fn restart_authority_restore_archived_publication_day_v1(
     |               ^^^^^^^^^^^^^^^^^^^^^^^^^^^^^^^^^^^^^^^^^^^^^^^^^^^^^

warning: method `diagnostic_install_hydrology_constructor_inputs_v1` is never used
    --> crates/openwepp-hillslope-orchestrator/src/v9_real_consumer_shadow.rs:4328:19
     |
3338 | impl DirectV10RealConsumerShadow {
     | -------------------------------- method in this implementation
...
4328 |     pub(crate) fn diagnostic_install_hydrology_constructor_inputs_v1(
     |                   ^^^^^^^^^^^^^^^^^^^^^^^^^^^^^^^^^^^^^^^^^^^^^^^^^^

warning: associated function `restart_authority_from_canonical_bytes` is never used
   --> crates/openwepp-hillslope-orchestrator/src/direct_runtime/surface_liquid_owner/v2.rs:207:19
    |
161 | impl SurfaceLiquidOwnerModelDefinitionV2 {
    | ---------------------------------------- associated function in this implementation
...
207 |     pub(crate) fn restart_authority_from_canonical_bytes(
    |                   ^^^^^^^^^^^^^^^^^^^^^^^^^^^^^^^^^^^^^^

warning: field `ending_snow_hint` is never read
    --> crates/openwepp-hillslope-orchestrator/src/hydrology/support_helpers_mod/runoff_reconciliation.rs:1193:9
     |
1173 | pub(crate) struct CoveredTerminalTrialRequestV1 {
     |                   ----------------------------- field in this struct
...
1193 |     pub ending_snow_hint: Option<CoveredTerminalEndingSnowHintV1>,
     |         ^^^^^^^^^^^^^^^^
     |
     = note: `CoveredTerminalTrialRequestV1` has derived impls for the traits `Debug` and `Clone`, but these are intentionally ignored during dead code analysis

warning: function `restore_covered_interval` is never used
   --> crates/openwepp-hillslope-orchestrator/src/snow_stage3_v11_current_context_capture.rs:671:4
    |
671 | fn restore_covered_interval(
    |    ^^^^^^^^^^^^^^^^^^^^^^^^

warning: function `restore_destination_capability` is never used
   --> crates/openwepp-hillslope-orchestrator/src/snow_stage3_v11_current_context_capture.rs:687:4
    |
687 | fn restore_destination_capability(
    |    ^^^^^^^^^^^^^^^^^^^^^^^^^^^^^^

warning: function `provider_interval_for_destination` is never used
   --> crates/openwepp-hillslope-orchestrator/src/snow_stage3_v11_current_context_capture.rs:735:4
    |
735 | fn provider_interval_for_destination<'a>(
    |    ^^^^^^^^^^^^^^^^^^^^^^^^^^^^^^^^^

warning: function `restore_prepared_support` is never used
   --> crates/openwepp-hillslope-orchestrator/src/snow_stage3_v11_current_context_capture.rs:773:4
    |
773 | fn restore_prepared_support(
    |    ^^^^^^^^^^^^^^^^^^^^^^^^

warning: function `restore_support_forcing` is never used
   --> crates/openwepp-hillslope-orchestrator/src/snow_stage3_v11_current_context_capture.rs:891:4
    |
891 | fn restore_support_forcing(
    |    ^^^^^^^^^^^^^^^^^^^^^^^

warning: function `active_snow_restore` is never used
    --> crates/openwepp-hillslope-orchestrator/src/snow_stage3_v11_current_context_capture.rs:1004:4
     |
1004 | fn active_snow_restore(
     |    ^^^^^^^^^^^^^^^^^^^

warning: method `validate_against` is never used
    --> crates/openwepp-hillslope-orchestrator/src/snow_stage3_v11_current_context_capture.rs:1212:19
     |
1190 | impl ProviderStaticConfigurationCaptureV1 {
     | ----------------------------------------- method in this implementation
...
1212 |     pub(crate) fn validate_against(
     |                   ^^^^^^^^^^^^^^^^

warning: struct `PreparedDayCaptureV1` is never constructed
    --> crates/openwepp-hillslope-orchestrator/src/snow_stage3_v11_current_context_capture.rs:1246:8
     |
1246 | struct PreparedDayCaptureV1 {
     |        ^^^^^^^^^^^^^^^^^^^^

warning: function `capture_prepared_day` is never used
    --> crates/openwepp-hillslope-orchestrator/src/snow_stage3_v11_current_context_capture.rs:1254:4
     |
1254 | fn capture_prepared_day(
     |    ^^^^^^^^^^^^^^^^^^^^

warning: function `validate_prepared_day` is never used
    --> crates/openwepp-hillslope-orchestrator/src/snow_stage3_v11_current_context_capture.rs:1271:4
     |
1271 | fn validate_prepared_day(
     |    ^^^^^^^^^^^^^^^^^^^^^

warning: function `restore_provider_day` is never used
    --> crates/openwepp-hillslope-orchestrator/src/snow_stage3_v11_current_context_capture.rs:1317:4
     |
1317 | fn restore_provider_day(
     |    ^^^^^^^^^^^^^^^^^^^^

   Compiling openwepp-persisted-restart-v1 v0.1.0 (/home/roger/openwepp-experiments/cold-canopy-m1-20260920/crates/openwepp-persisted-restart-v1)
   Compiling openwepp-runner v0.1.0 (/home/roger/openwepp-experiments/cold-canopy-m1-20260920/crates/openwepp-runner)
   Compiling openwepp v0.1.0 (/home/roger/openwepp-experiments/cold-canopy-m1-20260920)
warning: `openwepp-hillslope-orchestrator` (lib) generated 18 warnings
    Finished `test` profile [unoptimized + debuginfo] target(s) in 1m 20s
────────────
 Nextest run ID 17b3ca95-70d2-4bee-bfa9-5fd9d6c99311 with nextest profile: default
    Starting 95 tests across 6 binaries
        FAIL [   0.005s] ( 4/95) openwepp::land_surface_energy_balance_authority_contract contract_binds_control_volume_closure_and_exact_one_custody
  stdout ───

    running 1 test
    test contract_binds_control_volume_closure_and_exact_one_custody ... FAILED

    failures:

    failures:
        contract_binds_control_volume_closure_and_exact_one_custody

    test result: FAILED. 0 passed; 1 failed; 0 ignored; 0 measured; 25 filtered out; finished in 0.00s

  stderr ───

    thread 'contract_binds_control_volume_closure_and_exact_one_custody' (251650) panicked at tests/integration/land_surface_energy_balance_authority_contract.rs:577:9:
    docs/specifications/science-contracts/contracts/SC-LANDSURFACEENERGY-001.md missing E_s,1 - E_s,0 = dt * (R_sw + R_lw + H + LE + Q_p + Q_runon - Q_inf - Q_runoff + G)
    note: run with `RUST_BACKTRACE=1` environment variable to display a backtrace

  Cancelling due to test failure: 15 tests still running
        FAIL [   0.005s] ( 8/95) openwepp::land_surface_energy_balance_authority_contract contract_preserves_adjacent_owners_and_rejects_terminal_payload
  stdout ───

    running 1 test
    test contract_preserves_adjacent_owners_and_rejects_terminal_payload ... FAILED

    failures:

    failures:
        contract_preserves_adjacent_owners_and_rejects_terminal_payload

    test result: FAILED. 0 passed; 1 failed; 0 ignored; 0 measured; 25 filtered out; finished in 0.00s

  stderr ───

    thread 'contract_preserves_adjacent_owners_and_rejects_terminal_payload' (251660) panicked at tests/integration/land_surface_energy_balance_authority_contract.rs:600:9:
    docs/specifications/science-contracts/contracts/SC-LANDSURFACEENERGY-001.md missing SC-CLIMATE-001
    note: run with `RUST_BACKTRACE=1` environment variable to display a backtrace

        FAIL [   0.005s] ( 9/95) openwepp::land_surface_energy_balance_authority_contract current_version_releases_named_authority_without_production_claims
  stdout ───

    running 1 test
    test current_version_releases_named_authority_without_production_claims ... FAILED

    failures:

    failures:
        current_version_releases_named_authority_without_production_claims

    test result: FAILED. 0 passed; 1 failed; 0 ignored; 0 measured; 25 filtered out; finished in 0.00s

  stderr ───

    thread 'current_version_releases_named_authority_without_production_claims' (251662) panicked at tests/integration/land_surface_energy_balance_authority_contract.rs:665:9:
    docs/specifications/science-contracts/contracts/SC-LANDSURFACEENERGY-001.md missing contract_version: 31
    note: run with `RUST_BACKTRACE=1` environment variable to display a backtrace

        FAIL [   0.060s] (12/95) openwepp::c3_woody_v11_authority_contract typed_semantic_authority_reconstructs_receipts_restart_and_atomic_commit
  stdout ───

    running 1 test
    test typed_semantic_authority_reconstructs_receipts_restart_and_atomic_commit ... FAILED

    failures:

    failures:
        typed_semantic_authority_reconstructs_receipts_restart_and_atomic_commit

    test result: FAILED. 0 passed; 1 failed; 0 ignored; 0 measured; 7 filtered out; finished in 0.06s

  stderr ───

    thread 'typed_semantic_authority_reconstructs_receipts_restart_and_atomic_commit' (251639) panicked at tests/integration/c3_woody_v11_authority_contract.rs:269:5:
    full V10 surface binding drift

    note: run with `RUST_BACKTRACE=1` environment variable to display a backtrace

────────────
     Summary [   0.332s] 19/95 tests run: 15 passed, 4 failed, 0 skipped
        FAIL [   0.005s] ( 4/95) openwepp::land_surface_energy_balance_authority_contract contract_binds_control_volume_closure_and_exact_one_custody
  stdout ───

    running 1 test
    test contract_binds_control_volume_closure_and_exact_one_custody ... FAILED

    failures:

    failures:
        contract_binds_control_volume_closure_and_exact_one_custody

    test result: FAILED. 0 passed; 1 failed; 0 ignored; 0 measured; 25 filtered out; finished in 0.00s

  stderr ───

    thread 'contract_binds_control_volume_closure_and_exact_one_custody' (251650) panicked at tests/integration/land_surface_energy_balance_authority_contract.rs:577:9:
    docs/specifications/science-contracts/contracts/SC-LANDSURFACEENERGY-001.md missing E_s,1 - E_s,0 = dt * (R_sw + R_lw + H + LE + Q_p + Q_runon - Q_inf - Q_runoff + G)
    note: run with `RUST_BACKTRACE=1` environment variable to display a backtrace

        FAIL [   0.005s] ( 8/95) openwepp::land_surface_energy_balance_authority_contract contract_preserves_adjacent_owners_and_rejects_terminal_payload
  stdout ───

    running 1 test
    test contract_preserves_adjacent_owners_and_rejects_terminal_payload ... FAILED

    failures:

    failures:
        contract_preserves_adjacent_owners_and_rejects_terminal_payload

    test result: FAILED. 0 passed; 1 failed; 0 ignored; 0 measured; 25 filtered out; finished in 0.00s

  stderr ───

    thread 'contract_preserves_adjacent_owners_and_rejects_terminal_payload' (251660) panicked at tests/integration/land_surface_energy_balance_authority_contract.rs:600:9:
    docs/specifications/science-contracts/contracts/SC-LANDSURFACEENERGY-001.md missing SC-CLIMATE-001
    note: run with `RUST_BACKTRACE=1` environment variable to display a backtrace

        FAIL [   0.005s] ( 9/95) openwepp::land_surface_energy_balance_authority_contract current_version_releases_named_authority_without_production_claims
  stdout ───

    running 1 test
    test current_version_releases_named_authority_without_production_claims ... FAILED

    failures:

    failures:
        current_version_releases_named_authority_without_production_claims

    test result: FAILED. 0 passed; 1 failed; 0 ignored; 0 measured; 25 filtered out; finished in 0.00s

  stderr ───

    thread 'current_version_releases_named_authority_without_production_claims' (251662) panicked at tests/integration/land_surface_energy_balance_authority_contract.rs:665:9:
    docs/specifications/science-contracts/contracts/SC-LANDSURFACEENERGY-001.md missing contract_version: 31
    note: run with `RUST_BACKTRACE=1` environment variable to display a backtrace

        FAIL [   0.060s] (12/95) openwepp::c3_woody_v11_authority_contract typed_semantic_authority_reconstructs_receipts_restart_and_atomic_commit
  stdout ───

    running 1 test
    test typed_semantic_authority_reconstructs_receipts_restart_and_atomic_commit ... FAILED

    failures:

    failures:
        typed_semantic_authority_reconstructs_receipts_restart_and_atomic_commit

    test result: FAILED. 0 passed; 1 failed; 0 ignored; 0 measured; 7 filtered out; finished in 0.06s

  stderr ───

    thread 'typed_semantic_authority_reconstructs_receipts_restart_and_atomic_commit' (251639) panicked at tests/integration/c3_woody_v11_authority_contract.rs:269:5:
    full V10 surface binding drift

    note: run with `RUST_BACKTRACE=1` environment variable to display a backtrace

warning: 76/95 tests were not run due to test failure (run with --no-fail-fast to run all tests, or run with --max-fail)
error: test run failed
