warning: Git tree '/workdir/openWEPP' is dirty
   Compiling serde_core v1.0.228
   Compiling syn v2.0.117
   Compiling serde v1.0.228
   Compiling num-traits v0.2.19
   Compiling memchr v2.8.0
   Compiling libc v0.2.186
   Compiling serde_derive v1.0.228
   Compiling num-integer v0.1.46
   Compiling num-bigint v0.4.6
   Compiling serde_json v1.0.150
   Compiling serde_yaml v0.9.34+deprecated
   Compiling openwepp-kernel-contract v0.1.0 (/home/roger/openwepp-experiments/cold-canopy-m1-20260920/crates/openwepp-kernel-contract)
   Compiling openwepp-management-schema v0.1.0 (/home/roger/openwepp-experiments/cold-canopy-m1-20260920/crates/openwepp-management-schema)
   Compiling getrandom v0.3.4
   Compiling openwepp-input-contract v0.1.0 (/home/roger/openwepp-experiments/cold-canopy-m1-20260920/crates/openwepp-input-contract)
   Compiling zerocopy v0.8.48
   Compiling zerocopy-derive v0.8.48
   Compiling openwepp-coupled-time v0.1.0 (/home/roger/openwepp-experiments/cold-canopy-m1-20260920/crates/openwepp-coupled-time)
   Compiling once_cell v1.21.4
   Compiling openwepp-climate-runtime-adapter v0.1.0 (/home/roger/openwepp-experiments/cold-canopy-m1-20260920/crates/openwepp-climate-runtime-adapter)
   Compiling openwepp-vegetation v0.1.0 (/home/roger/openwepp-experiments/cold-canopy-m1-20260920/crates/openwepp-vegetation)
   Compiling num-rational v0.4.2
   Compiling num-iter v0.1.45
   Compiling num-complex v0.4.6
   Compiling num v0.4.3
   Compiling openwepp-biogeochemistry v0.1.0 (/home/roger/openwepp-experiments/cold-canopy-m1-20260920/crates/openwepp-biogeochemistry)
   Compiling ahash v0.8.12
   Compiling jobserver v0.1.34
   Compiling find-msvc-tools v0.1.9
   Compiling shlex v1.3.0
   Compiling cc v1.2.62
   Compiling half v2.7.1
   Compiling pkg-config v0.3.33
   Compiling bytes v1.11.1
   Compiling lexical-util v1.0.7
   Compiling arrow-buffer v54.3.1
   Compiling openwepp-land-surface-energy v0.1.0 (/home/roger/openwepp-experiments/cold-canopy-m1-20260920/crates/openwepp-land-surface-energy)
   Compiling zstd-sys v2.0.16+zstd.1.5.7
   Compiling arrow-schema v54.3.1
   Compiling semver v1.0.28
   Compiling iana-time-zone v0.1.65
   Compiling chrono v0.4.44
   Compiling rustc_version v0.4.1
   Compiling arrow-data v54.3.1
   Compiling hashbrown v0.15.5
   Compiling arrow-array v54.3.1
   Compiling flatbuffers v24.12.23
   Compiling lexical-parse-integer v1.0.6
   Compiling lexical-write-integer v1.0.6
   Compiling alloc-no-stdlib v2.0.4
   Compiling zstd-safe v7.2.4
   Compiling alloc-stdlib v0.2.2
   Compiling lexical-write-float v1.0.6
   Compiling lexical-parse-float v1.0.6
   Compiling openwepp-hillslope-orchestrator v0.1.0 (/home/roger/openwepp-experiments/cold-canopy-m1-20260920/crates/openwepp-hillslope-orchestrator)
   Compiling snap v1.1.1
   Compiling bitflags v1.3.2
   Compiling paste v1.0.15
   Compiling lexical-core v1.0.6
   Compiling brotli-decompressor v4.0.3
   Compiling arrow-select v54.3.1
   Compiling toml_datetime v0.6.11
   Compiling serde_spanned v0.6.9
   Compiling ordered-float v2.10.1
   Compiling atoi v2.0.0
   Compiling static_assertions v1.1.0
   Compiling twox-hash v2.1.2
   Compiling winnow v0.7.15
   Compiling byteorder v1.5.0
   Compiling integer-encoding v3.0.4
   Compiling toml_write v0.1.2
   Compiling toml_edit v0.22.27
   Compiling thrift v0.17.0
   Compiling lz4_flex v0.11.6
   Compiling twox-hash v1.6.3
   Compiling arrow-cast v54.3.1
   Compiling brotli v7.0.0
warning: method `restart_authority_state_derived_active_snow_lanes_v1` is never used
   --> crates/openwepp-hillslope-orchestrator/src/snow_stage3_v11_attachment.rs:981:19
    |
973 | impl DirectSnowStage3V11PreparedSupport {
    | --------------------------------------- method in this implementation
...
981 |     pub(crate) fn restart_authority_state_derived_active_snow_lanes_v1(
    |                   ^^^^^^^^^^^^^^^^^^^^^^^^^^^^^^^^^^^^^^^^^^^^^^^^^^^^
    |
    = note: `#[warn(dead_code)]` (part of `#[warn(unused)]`) on by default

warning: function `diagnostic_restore_parent_receipt_archive_with_configured_scope_v3` is never used
    --> crates/openwepp-hillslope-orchestrator/src/snow_stage3_v11_restart.rs:1858:15
     |
1858 | pub(crate) fn diagnostic_restore_parent_receipt_archive_with_configured_scope_v3(
     |               ^^^^^^^^^^^^^^^^^^^^^^^^^^^^^^^^^^^^^^^^^^^^^^^^^^^^^^^^^^^^^^^^^^

warning: struct `RestoredStage3PublicationDayEvidenceV1` is never constructed
    --> crates/openwepp-hillslope-orchestrator/src/v9_real_consumer_shadow_publication_retention.rs:1729:19
     |
1729 | pub(crate) struct RestoredStage3PublicationDayEvidenceV1 {
     |                   ^^^^^^^^^^^^^^^^^^^^^^^^^^^^^^^^^^^^^^

warning: function `restart_authority_restore_archived_publication_day_v1` is never used
    --> crates/openwepp-hillslope-orchestrator/src/v9_real_consumer_shadow_publication_retention.rs:1757:15
     |
1757 | pub(crate) fn restart_authority_restore_archived_publication_day_v1(
     |               ^^^^^^^^^^^^^^^^^^^^^^^^^^^^^^^^^^^^^^^^^^^^^^^^^^^^^

warning: method `diagnostic_install_hydrology_constructor_inputs_v1` is never used
    --> crates/openwepp-hillslope-orchestrator/src/v9_real_consumer_shadow.rs:4328:19
     |
3338 | impl DirectV10RealConsumerShadow {
     | -------------------------------- method in this implementation
...
4328 |     pub(crate) fn diagnostic_install_hydrology_constructor_inputs_v1(
     |                   ^^^^^^^^^^^^^^^^^^^^^^^^^^^^^^^^^^^^^^^^^^^^^^^^^^

warning: associated function `restart_authority_from_canonical_bytes` is never used
   --> crates/openwepp-hillslope-orchestrator/src/direct_runtime/surface_liquid_owner/v2.rs:207:19
    |
161 | impl SurfaceLiquidOwnerModelDefinitionV2 {
    | ---------------------------------------- associated function in this implementation
...
207 |     pub(crate) fn restart_authority_from_canonical_bytes(
    |                   ^^^^^^^^^^^^^^^^^^^^^^^^^^^^^^^^^^^^^^

warning: field `ending_snow_hint` is never read
    --> crates/openwepp-hillslope-orchestrator/src/hydrology/support_helpers_mod/runoff_reconciliation.rs:1193:9
     |
1173 | pub(crate) struct CoveredTerminalTrialRequestV1 {
     |                   ----------------------------- field in this struct
...
1193 |     pub ending_snow_hint: Option<CoveredTerminalEndingSnowHintV1>,
     |         ^^^^^^^^^^^^^^^^
     |
     = note: `CoveredTerminalTrialRequestV1` has derived impls for the traits `Debug` and `Clone`, but these are intentionally ignored during dead code analysis

warning: function `restore_covered_interval` is never used
   --> crates/openwepp-hillslope-orchestrator/src/snow_stage3_v11_current_context_capture.rs:671:4
    |
671 | fn restore_covered_interval(
    |    ^^^^^^^^^^^^^^^^^^^^^^^^

warning: function `restore_destination_capability` is never used
   --> crates/openwepp-hillslope-orchestrator/src/snow_stage3_v11_current_context_capture.rs:687:4
    |
687 | fn restore_destination_capability(
    |    ^^^^^^^^^^^^^^^^^^^^^^^^^^^^^^

warning: function `provider_interval_for_destination` is never used
   --> crates/openwepp-hillslope-orchestrator/src/snow_stage3_v11_current_context_capture.rs:735:4
    |
735 | fn provider_interval_for_destination<'a>(
    |    ^^^^^^^^^^^^^^^^^^^^^^^^^^^^^^^^^

warning: function `restore_prepared_support` is never used
   --> crates/openwepp-hillslope-orchestrator/src/snow_stage3_v11_current_context_capture.rs:773:4
    |
773 | fn restore_prepared_support(
    |    ^^^^^^^^^^^^^^^^^^^^^^^^

warning: function `restore_support_forcing` is never used
   --> crates/openwepp-hillslope-orchestrator/src/snow_stage3_v11_current_context_capture.rs:891:4
    |
891 | fn restore_support_forcing(
    |    ^^^^^^^^^^^^^^^^^^^^^^^

warning: function `active_snow_restore` is never used
    --> crates/openwepp-hillslope-orchestrator/src/snow_stage3_v11_current_context_capture.rs:1004:4
     |
1004 | fn active_snow_restore(
     |    ^^^^^^^^^^^^^^^^^^^

warning: method `validate_against` is never used
    --> crates/openwepp-hillslope-orchestrator/src/snow_stage3_v11_current_context_capture.rs:1212:19
     |
1190 | impl ProviderStaticConfigurationCaptureV1 {
     | ----------------------------------------- method in this implementation
...
1212 |     pub(crate) fn validate_against(
     |                   ^^^^^^^^^^^^^^^^

warning: struct `PreparedDayCaptureV1` is never constructed
    --> crates/openwepp-hillslope-orchestrator/src/snow_stage3_v11_current_context_capture.rs:1246:8
     |
1246 | struct PreparedDayCaptureV1 {
     |        ^^^^^^^^^^^^^^^^^^^^

warning: function `capture_prepared_day` is never used
    --> crates/openwepp-hillslope-orchestrator/src/snow_stage3_v11_current_context_capture.rs:1254:4
     |
1254 | fn capture_prepared_day(
     |    ^^^^^^^^^^^^^^^^^^^^

warning: function `validate_prepared_day` is never used
    --> crates/openwepp-hillslope-orchestrator/src/snow_stage3_v11_current_context_capture.rs:1271:4
     |
1271 | fn validate_prepared_day(
     |    ^^^^^^^^^^^^^^^^^^^^^

warning: function `restore_provider_day` is never used
    --> crates/openwepp-hillslope-orchestrator/src/snow_stage3_v11_current_context_capture.rs:1317:4
     |
1317 | fn restore_provider_day(
     |    ^^^^^^^^^^^^^^^^^^^^

   Compiling zstd v0.13.3
   Compiling arrow-ipc v54.3.1
   Compiling seq-macro v0.3.6
   Compiling simdutf8 v0.1.5
   Compiling parquet v54.3.1
   Compiling toml v0.8.23
   Compiling bitflags v2.13.0
   Compiling openwepp-watershed-orchestrator v0.1.0 (/home/roger/openwepp-experiments/cold-canopy-m1-20260920/crates/openwepp-watershed-orchestrator)
   Compiling openwepp-comparator-metadata v0.1.0 (/home/roger/openwepp-experiments/cold-canopy-m1-20260920/crates/openwepp-comparator-metadata)
   Compiling openwepp-legacy-bridge v0.1.0 (/home/roger/openwepp-experiments/cold-canopy-m1-20260920/crates/openwepp-legacy-bridge)
   Compiling openwepp-persisted-restart-v1 v0.1.0 (/home/roger/openwepp-experiments/cold-canopy-m1-20260920/crates/openwepp-persisted-restart-v1)
   Compiling powerfmt v0.2.0
   Compiling deranged v0.5.8
   Compiling openwepp-summary-accumulator v0.1.0 (/home/roger/openwepp-experiments/cold-canopy-m1-20260920/crates/openwepp-summary-accumulator)
   Compiling openwepp-watershed-output v0.1.0 (/home/roger/openwepp-experiments/cold-canopy-m1-20260920/crates/openwepp-watershed-output)
   Compiling openwepp-hillslope-output v0.1.0 (/home/roger/openwepp-experiments/cold-canopy-m1-20260920/crates/openwepp-hillslope-output)
   Compiling time-core v0.1.8
   Compiling num-conv v0.2.2
   Compiling time v0.3.47
   Compiling openwepp-runner v0.1.0 (/home/roger/openwepp-experiments/cold-canopy-m1-20260920/crates/openwepp-runner)
   Compiling synstructure v0.13.2
   Compiling zerofrom-derive v0.1.7
   Compiling zerofrom v0.1.8
   Compiling yoke-derive v0.8.2
warning: `openwepp-hillslope-orchestrator` (lib) generated 18 warnings
   Compiling stable_deref_trait v1.2.1
   Compiling zerovec-derive v0.11.3
   Compiling yoke v0.8.3
   Compiling displaydoc v0.2.6
   Compiling zerovec v0.11.6
   Compiling regex-syntax v0.8.11
   Compiling bit-vec v0.8.0
   Compiling bit-set v0.8.0
   Compiling tinystr v0.8.3
   Compiling smallvec v1.15.2
   Compiling writeable v0.6.3
   Compiling litemap v0.8.2
   Compiling icu_locale_core v2.2.0
   Compiling potential_utf v0.1.5
   Compiling zerotrie v0.2.4
   Compiling icu_normalizer_data v2.2.0
   Compiling icu_properties_data v2.2.0
   Compiling utf8_iter v1.0.4
   Compiling pulldown-cmark v0.13.4
   Compiling icu_collections v2.2.0
   Compiling icu_provider v2.2.0
   Compiling openwepp-landuse-migrate v0.1.0 (/home/roger/openwepp-experiments/cold-canopy-m1-20260920/crates/openwepp-landuse-migrate)
   Compiling parking_lot_core v0.9.12
   Compiling ref-cast v1.0.25
   Compiling unicase v2.9.0
   Compiling ref-cast-impl v1.0.25
   Compiling aho-corasick v1.1.4
   Compiling quick-xml v0.41.0
   Compiling scopeguard v1.2.0
   Compiling lock_api v0.4.14
   Compiling regex-automata v0.4.15
   Compiling icu_properties v2.2.0
   Compiling icu_normalizer v2.2.0
   Compiling allocator-api2 v0.2.21
   Compiling unicode-general-category v1.1.0
   Compiling foldhash v0.2.0
   Compiling borrow-or-share v0.2.4
   Compiling fluent-uri v0.4.1
   Compiling hashbrown v0.16.1
   Compiling parking_lot v0.12.5
   Compiling idna_adapter v1.2.2
   Compiling openwepp-assurance v0.1.0 (/home/roger/openwepp-experiments/cold-canopy-m1-20260920/crates/openwepp-assurance)
   Compiling vsimd v0.8.0
   Compiling outref v0.5.2
   Compiling lazy_static v1.5.0
   Compiling percent-encoding v2.3.2
   Compiling referencing v0.42.2
   Compiling fraction v0.15.4
   Compiling uuid-simd v0.8.0
   Compiling idna v1.1.0
   Compiling fancy-regex v0.17.0
   Compiling regex v1.13.0
   Compiling email_address v0.2.9
   Compiling bytecount v0.6.9
   Compiling num-cmp v0.1.0
   Compiling data-encoding v2.11.0
   Compiling jsonschema v0.42.2
   Compiling openwepp v0.1.0 (/home/roger/openwepp-experiments/cold-canopy-m1-20260920)
   Compiling rustix v1.1.4
   Compiling linux-raw-sys v0.12.1
   Compiling rand_core v0.9.5
   Compiling fastrand v2.5.0
   Compiling tempfile v3.27.0
   Compiling ppv-lite86 v0.2.21
   Compiling wait-timeout v0.2.1
   Compiling quick-error v1.2.3
   Compiling fnv v1.0.7
   Compiling rusty-fork v0.3.1
   Compiling rand_chacha v0.9.0
   Compiling rand v0.9.5
   Compiling rand_xorshift v0.4.0
   Compiling unarray v0.1.4
   Compiling approx v0.5.1
   Compiling proptest v1.11.0
warning: unused import: `checkpoint_identities_v1`
    --> crates/openwepp-persisted-restart-v1/src/snow_stage3_v11.rs:2394:34
     |
2394 | use crate::{admit_checkpoint_v1, checkpoint_identities_v1};
     |                                  ^^^^^^^^^^^^^^^^^^^^^^^^
     |
     = note: `#[warn(unused_imports)]` (part of `#[warn(unused)]`) on by default

error[E0432]: unresolved imports `openwepp_land_surface_energy::M1ColumnLiquidRoutingInput`, `openwepp_land_surface_energy::M1RoutingOccupancyInput`, `openwepp_land_surface_energy::route_m1_column_liquid`
  --> crates/openwepp-hillslope-orchestrator/src/land_surface_energy_shadow/m1_coupled_expected_red.rs:14:5
   |
14 |     M1ColumnLiquidRoutingInput, M1ColumnTopologyBinding, M1CoupledColumnInput,
   |     ^^^^^^^^^^^^^^^^^^^^^^^^^^ no `M1ColumnLiquidRoutingInput` in the root
15 |     M1CoupledColumnTrial, M1CoupledError, M1CoupledEvaluation, M1OccupancySupportCondition,
16 |     M1PhaseReservoirInput, M1RoutingOccupancyInput, M1SupportConditions, NativeSnowExchangeV1,
   |                            ^^^^^^^^^^^^^^^^^^^^^^^ no `M1RoutingOccupancyInput` in the root
17 |     Sha256Digest, evaluate_m1_coupled_column, route_m1_column_liquid, solve_m1_coupled_column,
   |                                               ^^^^^^^^^^^^^^^^^^^^^^ no `route_m1_column_liquid` in the root

error[E0432]: unresolved imports `super::M1PrescribedRoutingControl`, `super::M1ReceiverDiagnosticResult`, `super::M1ReceiverFailureInjection`, `super::execute_m1_cold_canopy_receiver_diagnostic`
 --> crates/openwepp-hillslope-orchestrator/src/land_surface_energy_shadow/m1_coupled_expected_red.rs:7:44
  |
7 |     LandSurfaceEnergyRealHydrologyAdapter, M1PrescribedRoutingControl, M1ReceiverDiagnosticResult,
  |                                            ^^^^^^^^^^^^^^^^^^^^^^^^^^  ^^^^^^^^^^^^^^^^^^^^^^^^^^ no `M1ReceiverDiagnosticResult` in `land_surface_energy_shadow`
  |                                            |
  |                                            no `M1PrescribedRoutingControl` in `land_surface_energy_shadow`
8 |     M1ReceiverFailureInjection, V8RollbackSnapshot, endpoint_fixture,
  |     ^^^^^^^^^^^^^^^^^^^^^^^^^^ no `M1ReceiverFailureInjection` in `land_surface_energy_shadow`
9 |     execute_m1_cold_canopy_receiver_diagnostic,
  |     ^^^^^^^^^^^^^^^^^^^^^^^^^^^^^^^^^^^^^^^^^^ no `execute_m1_cold_canopy_receiver_diagnostic` in `land_surface_energy_shadow`

error[E0609]: no field `hydraulics` on type `Result<&M1OccupancyEvaluation, M1CoupledError>`
  --> crates/openwepp-hillslope-orchestrator/src/land_surface_energy_shadow/m1_coupled_expected_red.rs:69:24
   |
69 |     let p = &occupancy.hydraulics.potentials_mm;
   |                        ^^^^^^^^^^ unknown field
   |
help: one of the expressions' fields has a field of the same name
   |
69 |     let p = &occupancy.unwrap().hydraulics.potentials_mm;
   |                        +++++++++

error[E0609]: no field `sun` on type `Result<&M1OccupancyEvaluation, M1CoupledError>`
  --> crates/openwepp-hillslope-orchestrator/src/land_surface_energy_shadow/m1_coupled_expected_red.rs:70:30
   |
70 |     let sun_flux = occupancy.sun.vapor_kg_m2_tile_s;
   |                              ^^^ unknown field
   |
help: one of the expressions' fields has a field of the same name
   |
70 |     let sun_flux = occupancy.unwrap().sun.vapor_kg_m2_tile_s;
   |                              +++++++++

error[E0609]: no field `shade` on type `Result<&M1OccupancyEvaluation, M1CoupledError>`
  --> crates/openwepp-hillslope-orchestrator/src/land_surface_energy_shadow/m1_coupled_expected_red.rs:71:32
   |
71 |     let shade_flux = occupancy.shade.vapor_kg_m2_tile_s;
   |                                ^^^^^ unknown field
   |
help: one of the expressions' fields has a field of the same name
   |
71 |     let shade_flux = occupancy.unwrap().shade.vapor_kg_m2_tile_s;
   |                                +++++++++

error[E0308]: mismatched types
   --> crates/openwepp-hillslope-orchestrator/src/land_surface_energy_shadow/m1_coupled_expected_red.rs:575:55
    |
575 |         let high = evaluate_m1_coupled_column(&input, &trial.with_coordinate_offset(coordinate, h))
    |                    --------------------------         ^^^^^^^^^^^^^^^^^^^^^^^^^^^^^^^^^^^^^^^^^^^^ expected `&M1CoupledColumnTrial`, found `&Result<M1CoupledColumnTrial, ...>`
    |                    |
    |                    arguments to this function are incorrect
    |
    = note: expected reference `&M1CoupledColumnTrial`
               found reference `&Result<M1CoupledColumnTrial, M1CoupledError>`
note: function defined here
   --> crates/openwepp-land-surface-energy/src/solver_covered_evaluation/m1_coupled.rs:942:8
    |
942 | pub fn evaluate_m1_coupled_column(
    |        ^^^^^^^^^^^^^^^^^^^^^^^^^^

error[E0308]: mismatched types
   --> crates/openwepp-hillslope-orchestrator/src/land_surface_energy_shadow/m1_coupled_expected_red.rs:585:52
    |
585 |                 evaluate_m1_coupled_column(&input, &trial.with_coordinate_offset(coordinate, -h))
    |                 --------------------------         ^^^^^^^^^^^^^^^^^^^^^^^^^^^^^^^^^^^^^^^^^^^^^ expected `&M1CoupledColumnTrial`, found `&Result<M1CoupledColumnTrial, ...>`
    |                 |
    |                 arguments to this function are incorrect
    |
    = note: expected reference `&M1CoupledColumnTrial`
               found reference `&Result<M1CoupledColumnTrial, M1CoupledError>`
note: function defined here
   --> crates/openwepp-land-surface-energy/src/solver_covered_evaluation/m1_coupled.rs:942:8
    |
942 | pub fn evaluate_m1_coupled_column(
    |        ^^^^^^^^^^^^^^^^^^^^^^^^^^

error[E0599]: no method named `len` found for enum `Result<T, E>` in the current scope
   --> crates/openwepp-hillslope-orchestrator/src/land_surface_energy_shadow/m1_coupled_expected_red.rs:594:53
    |
594 |         assert_eq!(base.jacobian_column(coordinate).len(), 21);
    |                                                     ^^^ method not found in `Result<Vec<f64>, M1CoupledError>`
    |
note: the method `len` exists on the type `Vec<f64>`
   --> /rustc/59807616e1fa2540724bfbac14d7976d7e4a3860/library/alloc/src/vec/mod.rs:2996:4
help: consider using `Result::expect` to unwrap the `Vec<f64>` value, panicking if the value is a `Result::Err`
    |
594 |         assert_eq!(base.jacobian_column(coordinate).expect("REASON").len(), 21);
    |                                                    +++++++++++++++++

error[E0599]: no method named `is_finite` found for struct `Vec<f64>` in the current scope
   --> crates/openwepp-hillslope-orchestrator/src/land_surface_energy_shadow/m1_coupled_expected_red.rs:596:52
    |
596 |             assert!(actual.is_finite() && analytic.is_finite());
    |                                                    ^^^^^^^^^ method not found in `Vec<f64>`

error[E0277]: cannot subtract `Vec<f64>` from `&f64`
   --> crates/openwepp-hillslope-orchestrator/src/land_surface_energy_shadow/m1_coupled_expected_red.rs:597:29
    |
597 |             assert!((actual - analytic).abs() <= 1e-6 * actual.abs().max(1.));
    |                             ^ no implementation for `&f64 - Vec<f64>`
    |
    = help: the trait `Sub<Vec<f64>>` is not implemented for `&f64`
help: the following other types implement trait `Sub<Rhs>`
   --> /rustc/59807616e1fa2540724bfbac14d7976d7e4a3860/library/core/src/internal_macros.rs:22:8
    |
    = note: `&f64` implements `Sub<f64>`
   ::: /rustc/59807616e1fa2540724bfbac14d7976d7e4a3860/library/core/src/internal_macros.rs:33:8
    |
    = note: `f64` implements `Sub<&f64>`
   ::: /rustc/59807616e1fa2540724bfbac14d7976d7e4a3860/library/core/src/internal_macros.rs:44:8
    |
    = note: `&f64` implements `Sub`
   --> /rustc/59807616e1fa2540724bfbac14d7976d7e4a3860/library/core/src/ops/arith.rs:212:8
    |
    = note: `f64` implements `Sub`
   ::: /rustc/59807616e1fa2540724bfbac14d7976d7e4a3860/library/core/src/ops/arith.rs:227:0
    |
    = note: in this macro invocation
    = note: this error originates in the macro `forward_ref_binop` which comes from the expansion of the macro `sub_impl` (in Nightly builds, run with -Z macro-backtrace for more info)

error[E0308]: mismatched types
   --> crates/openwepp-hillslope-orchestrator/src/land_surface_energy_shadow/m1_coupled_expected_red.rs:671:13
    |
669 |         let high = evaluate_m1_coupled_column(
    |                    -------------------------- arguments to this function are incorrect
670 |             &radiation_input(&radiation, &original),
671 |             &trial().with_coordinate_offset(coordinate, step),
    |             ^^^^^^^^^^^^^^^^^^^^^^^^^^^^^^^^^^^^^^^^^^^^^^^^^ expected `&M1CoupledColumnTrial`, found `&Result<M1CoupledColumnTrial, ...>`
    |
    = note: expected reference `&M1CoupledColumnTrial`
               found reference `&Result<M1CoupledColumnTrial, M1CoupledError>`
note: function defined here
   --> crates/openwepp-land-surface-energy/src/solver_covered_evaluation/m1_coupled.rs:942:8
    |
942 | pub fn evaluate_m1_coupled_column(
    |        ^^^^^^^^^^^^^^^^^^^^^^^^^^

error[E0308]: mismatched types
   --> crates/openwepp-hillslope-orchestrator/src/land_surface_energy_shadow/m1_coupled_expected_red.rs:676:13
    |
674 |         let low = evaluate_m1_coupled_column(
    |                   -------------------------- arguments to this function are incorrect
675 |             &radiation_input(&radiation, &original),
676 |             &trial().with_coordinate_offset(coordinate, -step),
    |             ^^^^^^^^^^^^^^^^^^^^^^^^^^^^^^^^^^^^^^^^^^^^^^^^^^ expected `&M1CoupledColumnTrial`, found `&Result<M1CoupledColumnTrial, ...>`
    |
    = note: expected reference `&M1CoupledColumnTrial`
               found reference `&Result<M1CoupledColumnTrial, M1CoupledError>`
note: function defined here
   --> crates/openwepp-land-surface-energy/src/solver_covered_evaluation/m1_coupled.rs:942:8
    |
942 | pub fn evaluate_m1_coupled_column(
    |        ^^^^^^^^^^^^^^^^^^^^^^^^^^

error[E0609]: no field `sun` on type `Result<&M1OccupancyEvaluation, M1CoupledError>`
   --> crates/openwepp-hillslope-orchestrator/src/land_surface_energy_shadow/m1_coupled_expected_red.rs:696:20
    |
696 |             actual.sun.gas_branch,
    |                    ^^^ unknown field
    |
help: one of the expressions' fields has a field of the same name
    |
696 |             actual.unwrap().sun.gas_branch,
    |                    +++++++++

error[E0609]: no field `shade` on type `Result<&M1OccupancyEvaluation, M1CoupledError>`
   --> crates/openwepp-hillslope-orchestrator/src/land_surface_energy_shadow/m1_coupled_expected_red.rs:700:20
    |
700 |             actual.shade.gas_branch,
    |                    ^^^^^ unknown field
    |
help: one of the expressions' fields has a field of the same name
    |
700 |             actual.unwrap().shade.gas_branch,
    |                    +++++++++

error[E0609]: no field `sun` on type `Result<&M1OccupancyEvaluation, M1CoupledError>`
   --> crates/openwepp-hillslope-orchestrator/src/land_surface_energy_shadow/m1_coupled_expected_red.rs:703:27
    |
703 |         assert_eq!(actual.sun.beta, decimal(&sun["beta"]));
    |                           ^^^ unknown field
    |
help: one of the expressions' fields has a field of the same name
    |
703 |         assert_eq!(actual.unwrap().sun.beta, decimal(&sun["beta"]));
    |                           +++++++++

error[E0609]: no field `shade` on type `Result<&M1OccupancyEvaluation, M1CoupledError>`
   --> crates/openwepp-hillslope-orchestrator/src/land_surface_energy_shadow/m1_coupled_expected_red.rs:704:27
    |
704 |         assert_eq!(actual.shade.beta, decimal(&shade["beta"]));
    |                           ^^^^^ unknown field
    |
help: one of the expressions' fields has a field of the same name
    |
704 |         assert_eq!(actual.unwrap().shade.beta, decimal(&shade["beta"]));
    |                           +++++++++

error[E0609]: no field `shade` on type `Result<&M1OccupancyEvaluation, M1CoupledError>`
   --> crates/openwepp-hillslope-orchestrator/src/land_surface_energy_shadow/m1_coupled_expected_red.rs:706:20
    |
706 |             actual.shade.internal_specific_humidity_kg_kg,
    |                    ^^^^^ unknown field
    |
help: one of the expressions' fields has a field of the same name
    |
706 |             actual.unwrap().shade.internal_specific_humidity_kg_kg,
    |                    +++++++++

error[E0609]: no field `shade` on type `Result<&M1OccupancyEvaluation, M1CoupledError>`
   --> crates/openwepp-hillslope-orchestrator/src/land_surface_energy_shadow/m1_coupled_expected_red.rs:712:20
    |
712 |             actual.shade.dark_respiration,
    |                    ^^^^^ unknown field
    |
help: one of the expressions' fields has a field of the same name
    |
712 |             actual.unwrap().shade.dark_respiration,
    |                    +++++++++

error[E0609]: no field `shade` on type `Result<&M1OccupancyEvaluation, M1CoupledError>`
   --> crates/openwepp-hillslope-orchestrator/src/land_surface_energy_shadow/m1_coupled_expected_red.rs:718:20
    |
718 |             actual.shade.net_assimilation,
    |                    ^^^^^ unknown field
    |
help: one of the expressions' fields has a field of the same name
    |
718 |             actual.unwrap().shade.net_assimilation,
    |                    +++++++++

error[E0609]: no field `shade` on type `Result<&M1OccupancyEvaluation, M1CoupledError>`
   --> crates/openwepp-hillslope-orchestrator/src/land_surface_energy_shadow/m1_coupled_expected_red.rs:724:20
    |
724 |             actual.shade.gross_assimilation,
    |                    ^^^^^ unknown field
    |
help: one of the expressions' fields has a field of the same name
    |
724 |             actual.unwrap().shade.gross_assimilation,
    |                    +++++++++

error[E0609]: no field `shade` on type `Result<&M1OccupancyEvaluation, M1CoupledError>`
   --> crates/openwepp-hillslope-orchestrator/src/land_surface_energy_shadow/m1_coupled_expected_red.rs:730:20
    |
730 |             actual.shade.conductance_m_s,
    |                    ^^^^^ unknown field
    |
help: one of the expressions' fields has a field of the same name
    |
730 |             actual.unwrap().shade.conductance_m_s,
    |                    +++++++++

error[E0609]: no field `shade` on type `Result<&M1OccupancyEvaluation, M1CoupledError>`
   --> crates/openwepp-hillslope-orchestrator/src/land_surface_energy_shadow/m1_coupled_expected_red.rs:735:37
    |
735 |         assert_gas_reference(actual.shade.ci_pa, &shade["ci_pa"], &gas, "ci_pa");
    |                                     ^^^^^ unknown field
    |
help: one of the expressions' fields has a field of the same name
    |
735 |         assert_gas_reference(actual.unwrap().shade.ci_pa, &shade["ci_pa"], &gas, "ci_pa");
    |                                     +++++++++

error[E0609]: no field `shade` on type `Result<&M1OccupancyEvaluation, M1CoupledError>`
   --> crates/openwepp-hillslope-orchestrator/src/land_surface_energy_shadow/m1_coupled_expected_red.rs:737:20
    |
737 |             actual.shade.vapor_kg_m2_tile_s,
    |                    ^^^^^ unknown field
    |
help: one of the expressions' fields has a field of the same name
    |
737 |             actual.unwrap().shade.vapor_kg_m2_tile_s,
    |                    +++++++++

error[E0609]: no field `sun` on type `Result<&M1OccupancyEvaluation, M1CoupledError>`
   --> crates/openwepp-hillslope-orchestrator/src/land_surface_energy_shadow/m1_coupled_expected_red.rs:742:27
    |
742 |         assert_eq!(actual.sun.vapor_kg_m2_tile_s, 0.0);
    |                           ^^^ unknown field
    |
help: one of the expressions' fields has a field of the same name
    |
742 |         assert_eq!(actual.unwrap().sun.vapor_kg_m2_tile_s, 0.0);
    |                           +++++++++

error[E0609]: no field `sun` on type `Result<&M1OccupancyEvaluation, M1CoupledError>`
   --> crates/openwepp-hillslope-orchestrator/src/land_surface_energy_shadow/m1_coupled_expected_red.rs:743:27
    |
743 |         assert_eq!(actual.sun.net_assimilation, 0.0);
    |                           ^^^ unknown field
    |
help: one of the expressions' fields has a field of the same name
    |
743 |         assert_eq!(actual.unwrap().sun.net_assimilation, 0.0);
    |                           +++++++++

error[E0609]: no field `hydraulics` on type `Result<&M1OccupancyEvaluation, M1CoupledError>`
   --> crates/openwepp-hillslope-orchestrator/src/land_surface_energy_shadow/m1_coupled_expected_red.rs:745:20
    |
745 |             actual.hydraulics.stem_flux_kg_m2_tile_s,
    |                    ^^^^^^^^^^ unknown field
    |
help: one of the expressions' fields has a field of the same name
    |
745 |             actual.unwrap().hydraulics.stem_flux_kg_m2_tile_s,
    |                    +++++++++

error[E0609]: no field `hydraulics` on type `Result<&M1OccupancyEvaluation, M1CoupledError>`
   --> crates/openwepp-hillslope-orchestrator/src/land_surface_energy_shadow/m1_coupled_expected_red.rs:751:20
    |
751 |             actual.hydraulics.total_leaf_demand_kg_m2_tile_s,
    |                    ^^^^^^^^^^ unknown field
    |
help: one of the expressions' fields has a field of the same name
    |
751 |             actual.unwrap().hydraulics.total_leaf_demand_kg_m2_tile_s,
    |                    +++++++++

error[E0609]: no field `hydraulics` on type `Result<&M1OccupancyEvaluation, M1CoupledError>`
   --> crates/openwepp-hillslope-orchestrator/src/land_surface_energy_shadow/m1_coupled_expected_red.rs:756:27
    |
756 |         assert_eq!(actual.hydraulics.potentials_mm.len(), 4);
    |                           ^^^^^^^^^^ unknown field
    |
help: one of the expressions' fields has a field of the same name
    |
756 |         assert_eq!(actual.unwrap().hydraulics.potentials_mm.len(), 4);
    |                           +++++++++

error[E0609]: no field `hydraulics` on type `Result<&M1OccupancyEvaluation, M1CoupledError>`
   --> crates/openwepp-hillslope-orchestrator/src/land_surface_energy_shadow/m1_coupled_expected_red.rs:758:14
    |
758 |             .hydraulics
    |              ^^^^^^^^^^ unknown field
    |
help: one of the expressions' fields has a field of the same name
    |
758 |             .unwrap().hydraulics
    |              +++++++++

error[E0609]: no field `hydraulics` on type `Result<&M1OccupancyEvaluation, M1CoupledError>`
   --> crates/openwepp-hillslope-orchestrator/src/land_surface_energy_shadow/m1_coupled_expected_red.rs:766:20
    |
766 |             actual.hydraulics.root_layer_ids,
    |                    ^^^^^^^^^^ unknown field
    |
help: one of the expressions' fields has a field of the same name
    |
766 |             actual.unwrap().hydraulics.root_layer_ids,
    |                    +++++++++

error[E0609]: no field `hydraulics` on type `Result<&M1OccupancyEvaluation, M1CoupledError>`
   --> crates/openwepp-hillslope-orchestrator/src/land_surface_energy_shadow/m1_coupled_expected_red.rs:775:20
    |
775 |             actual.hydraulics.root_fluxes_kg_m2_tile_s.len(),
    |                    ^^^^^^^^^^ unknown field
    |
help: one of the expressions' fields has a field of the same name
    |
775 |             actual.unwrap().hydraulics.root_fluxes_kg_m2_tile_s.len(),
    |                    +++++++++

error[E0609]: no field `hydraulics` on type `Result<&M1OccupancyEvaluation, M1CoupledError>`
   --> crates/openwepp-hillslope-orchestrator/src/land_surface_energy_shadow/m1_coupled_expected_red.rs:779:14
    |
779 |             .hydraulics
    |              ^^^^^^^^^^ unknown field
    |
help: one of the expressions' fields has a field of the same name
    |
779 |             .unwrap().hydraulics
    |              +++++++++

error[E0609]: no field `hydraulics` on type `Result<&M1OccupancyEvaluation, M1CoupledError>`
   --> crates/openwepp-hillslope-orchestrator/src/land_surface_energy_shadow/m1_coupled_expected_red.rs:787:27
    |
787 |         assert_eq!(actual.hydraulics.continuity_residuals_kg_m2_tile_s.len(), 4);
    |                           ^^^^^^^^^^ unknown field
    |
help: one of the expressions' fields has a field of the same name
    |
787 |         assert_eq!(actual.unwrap().hydraulics.continuity_residuals_kg_m2_tile_s.len(), 4);
    |                           +++++++++

error[E0609]: no field `hydraulics` on type `Result<&M1OccupancyEvaluation, M1CoupledError>`
   --> crates/openwepp-hillslope-orchestrator/src/land_surface_energy_shadow/m1_coupled_expected_red.rs:789:14
    |
789 |             .hydraulics
    |              ^^^^^^^^^^ unknown field
    |
help: one of the expressions' fields has a field of the same name
    |
789 |             .unwrap().hydraulics
    |              +++++++++

warning: `openwepp-persisted-restart-v1` (lib test) generated 1 warning (run `cargo fix --lib -p openwepp-persisted-restart-v1 --tests` to apply 1 suggestion)
   Compiling openwepp-meteorology v0.1.0 (/home/roger/openwepp-experiments/cold-canopy-m1-20260920/crates/openwepp-meteorology)
   Compiling openwepp-plant-phenology v0.1.0 (/home/roger/openwepp-experiments/cold-canopy-m1-20260920/crates/openwepp-plant-phenology)
Some errors have detailed explanations: E0277, E0308, E0432, E0599, E0609.
For more information about an error, try `rustc --explain E0277`.
error: could not compile `openwepp-hillslope-orchestrator` (lib test) due to 34 previous errors
warning: build failed, waiting for other jobs to finish...
error: command `/nix/store/rai05nypxnmj22l65nwsk5xjsaq8s4vc-cargo-1.95.0/bin/cargo test --no-run --message-format json-render-diagnostics --workspace` exited with code 101
