warning: Git tree '/workdir/openWEPP' is dirty
warning: variable does not need to be mutable
    --> crates/openwepp-hillslope-orchestrator/src/land_surface_energy_shadow/multi_tile_runtime.rs:1537:17
     |
1537 |             let mut ingress = super::covered_derived_ingress::derive_fixed_cap_canopy_ingress(
     |                 ----^^^^^^^
     |                 |
     |                 help: remove this `mut`
     |
     = note: `#[warn(unused_mut)]` (part of `#[warn(unused)]`) on by default

warning: fields `position` and `lse_configuration_sha256` are never read
  --> crates/openwepp-hillslope-orchestrator/src/v9_real_consumer_shadow/native_soil_restart_admission.rs:13:5
   |
 9 | pub struct NativeSoilRestartAdmissionV1 {
   |            ---------------------------- fields in this struct
...
13 |     position: NativeSoilRestartPositionV1,
   |     ^^^^^^^^
...
17 |     lse_configuration_sha256: openwepp_land_surface_energy::Sha256Digest,
   |     ^^^^^^^^^^^^^^^^^^^^^^^^
   |
   = note: `#[warn(dead_code)]` (part of `#[warn(unused)]`) on by default

warning: method `validate_constructor_context` is never used
   --> crates/openwepp-hillslope-orchestrator/src/v9_real_consumer_shadow/native_soil_restart_admission.rs:257:8
    |
 20 | impl NativeSoilRestartAdmissionV1 {
    | --------------------------------- method in this implementation
...
257 |     fn validate_constructor_context(&self, resident: &DirectSoilThermalResident,
    |        ^^^^^^^^^^^^^^^^^^^^^^^^^^^^

warning: fields `count`, `surface_bytes`, and `configuration_sha256` are never read
   --> crates/openwepp-hillslope-orchestrator/src/v9_real_consumer_shadow/native_soil_restart_admission.rs:303:5
    |
302 | struct NativeInactiveSchedulerCustodyV1 {
    |        -------------------------------- fields in this struct
303 |     count: u64,
    |     ^^^^^
304 |     surface_bytes: Vec<u8>,
    |     ^^^^^^^^^^^^^
305 |     configuration_sha256: String,
    |     ^^^^^^^^^^^^^^^^^^^^

warning: method `diagnostic_install_hydrology_constructor_inputs_v1` is never used
    --> crates/openwepp-hillslope-orchestrator/src/v9_real_consumer_shadow.rs:4328:19
     |
3338 | impl DirectV10RealConsumerShadow {
     | -------------------------------- method in this implementation
...
4328 |     pub(crate) fn diagnostic_install_hydrology_constructor_inputs_v1(
     |                   ^^^^^^^^^^^^^^^^^^^^^^^^^^^^^^^^^^^^^^^^^^^^^^^^^^

warning: field `ending_snow_hint` is never read
    --> crates/openwepp-hillslope-orchestrator/src/hydrology/support_helpers_mod/runoff_reconciliation.rs:1193:9
     |
1173 | pub(crate) struct CoveredTerminalTrialRequestV1 {
     |                   ----------------------------- field in this struct
...
1193 |     pub ending_snow_hint: Option<CoveredTerminalEndingSnowHintV1>,
     |         ^^^^^^^^^^^^^^^^
     |
     = note: `CoveredTerminalTrialRequestV1` has derived impls for the traits `Debug` and `Clone`, but these are intentionally ignored during dead code analysis

warning: function `restore_covered_interval` is never used
   --> crates/openwepp-hillslope-orchestrator/src/snow_stage3_v11_current_context_capture.rs:671:4
    |
671 | fn restore_covered_interval(
    |    ^^^^^^^^^^^^^^^^^^^^^^^^

warning: function `restore_destination_capability` is never used
   --> crates/openwepp-hillslope-orchestrator/src/snow_stage3_v11_current_context_capture.rs:687:4
    |
687 | fn restore_destination_capability(
    |    ^^^^^^^^^^^^^^^^^^^^^^^^^^^^^^

warning: function `provider_interval_for_destination` is never used
   --> crates/openwepp-hillslope-orchestrator/src/snow_stage3_v11_current_context_capture.rs:735:4
    |
735 | fn provider_interval_for_destination<'a>(
    |    ^^^^^^^^^^^^^^^^^^^^^^^^^^^^^^^^^

warning: function `restore_prepared_support` is never used
   --> crates/openwepp-hillslope-orchestrator/src/snow_stage3_v11_current_context_capture.rs:773:4
    |
773 | fn restore_prepared_support(
    |    ^^^^^^^^^^^^^^^^^^^^^^^^

warning: function `restore_support_forcing` is never used
   --> crates/openwepp-hillslope-orchestrator/src/snow_stage3_v11_current_context_capture.rs:891:4
    |
891 | fn restore_support_forcing(
    |    ^^^^^^^^^^^^^^^^^^^^^^^

warning: function `active_snow_restore` is never used
    --> crates/openwepp-hillslope-orchestrator/src/snow_stage3_v11_current_context_capture.rs:1004:4
     |
1004 | fn active_snow_restore(
     |    ^^^^^^^^^^^^^^^^^^^

warning: struct `ProviderCaptureV1` is never constructed
    --> crates/openwepp-hillslope-orchestrator/src/snow_stage3_v11_current_context_capture.rs:1165:8
     |
1165 | struct ProviderCaptureV1 {
     |        ^^^^^^^^^^^^^^^^^

warning: method `validate_against` is never used
    --> crates/openwepp-hillslope-orchestrator/src/snow_stage3_v11_current_context_capture.rs:1212:19
     |
1190 | impl ProviderStaticConfigurationCaptureV1 {
     | ----------------------------------------- method in this implementation
...
1212 |     pub(crate) fn validate_against(
     |                   ^^^^^^^^^^^^^^^^

warning: struct `PreparedDayCaptureV1` is never constructed
    --> crates/openwepp-hillslope-orchestrator/src/snow_stage3_v11_current_context_capture.rs:1246:8
     |
1246 | struct PreparedDayCaptureV1 {
     |        ^^^^^^^^^^^^^^^^^^^^

   Compiling openwepp-hillslope-orchestrator v0.1.0 (/home/roger/openwepp-experiments/cold-canopy-m1-20260920/crates/openwepp-hillslope-orchestrator)
warning: `openwepp-hillslope-orchestrator` (lib) generated 15 warnings (run `cargo fix --lib -p openwepp-hillslope-orchestrator` to apply 1 suggestion)
warning: unused import: `RootRuntimeIdentity`
    --> crates/openwepp-hillslope-orchestrator/src/land_surface_energy_shadow/m1_receiver.rs:1308:30
     |
1308 |         RequestingComponent, RootRuntimeIdentity, RuntimeTileIdentity, StandGroundWaterAmountBasis,
     |                              ^^^^^^^^^^^^^^^^^^^
     |
     = note: `#[warn(unused_imports)]` (part of `#[warn(unused)]`) on by default

warning: unused imports: `M1CallerState`, `M1CallerSupportResult`, and `advance_m1_caller_support`
   --> crates/openwepp-hillslope-orchestrator/src/land_surface_energy_shadow/mod.rs:99:5
    |
 99 |     M1CallerState, M1CallerSupportResult, M1PreparedCallerContext, M1PrescribedRoutingControl,
    |     ^^^^^^^^^^^^^  ^^^^^^^^^^^^^^^^^^^^^
100 |     M1ReceiverDiagnosticResult, M1ReceiverFailureInjection, advance_m1_caller_support,
    |                                                             ^^^^^^^^^^^^^^^^^^^^^^^^^

warning: unused import: `DirectRunConstructorInputs`
   --> crates/openwepp-hillslope-orchestrator/src/v9_real_consumer_shadow.rs:109:13
    |
109 | use crate::{DirectRunConstructorInputs, vegetation_real_hydrology_shadow::RealHydrologyOfeLaneId};
    |             ^^^^^^^^^^^^^^^^^^^^^^^^^^

warning: unused import: `v11_covered::physical_outcome_ledger::TerminalSnowSoilHeatReceiptV1`
   --> crates/openwepp-hillslope-orchestrator/src/v9_real_consumer_shadow.rs:131:16
    |
131 | pub(crate) use v11_covered::physical_outcome_ledger::TerminalSnowSoilHeatReceiptV1;
    |                ^^^^^^^^^^^^^^^^^^^^^^^^^^^^^^^^^^^^^^^^^^^^^^^^^^^^^^^^^^^^^^^^^^^

warning: value assigned to `local_owners` is never read
    --> crates/openwepp-hillslope-orchestrator/src/land_surface_energy_shadow/m1_receiver.rs:1198:28
     |
1198 |     let mut local_owners = local_beginning.clone();
     |                            ^^^^^^^^^^^^^^^^^^^^^^^
     |
     = help: maybe it is overwritten before being read?
     = note: `#[warn(unused_assignments)]` (part of `#[warn(unused)]`) on by default

error[E0507]: cannot move out of `row.ofe_id`, a captured variable in an `FnMut` closure
    --> crates/openwepp-hillslope-orchestrator/src/land_surface_energy_shadow/m1_receiver.rs:1467:42
     |
1460 |         .flat_map(|row| {
     |                    ---
     |                    |
     |                    captured outer variable
     |                    move occurs because `row.ofe_id` has type `openwepp_land_surface_energy::OfeId`, which does not implement the `Copy` trait
...
1466 |                 .flat_map(move |ofe| {
     |                           ---------- captured by this `FnMut` closure
1467 |                     ofe.tiles.iter().map(move |tile| {
     |                                          ^^^^^^^^^^^ `row.ofe_id` is moved here
1468 |                         (
1469 |                             row.ofe_id.clone(),
     |                             ---------- variable moved due to use in closure
     |
help: `Fn` and `FnMut` closures require captured values to be able to be consumed multiple times, but `FnOnce` closures may consume them only once
    --> /rustc/59807616e1fa2540724bfbac14d7976d7e4a3860/library/core/src/iter/traits/iterator.rs:1505:11
help: consider cloning the value before moving it into the closure
     |
1467 ~                     ofe.tiles.iter().map({
1468 +                     let value = row.ofe_id.clone();
1469 ~                     move |tile| {
1470 |                         (
1471 ~                             value.clone(),
1472 |                             tile.tile_id.clone(),
 ...
1477 |                         )
1478 ~                     }
1479 ~                     })
     |

error[E0507]: cannot move out of `row.ordered_layers`, a captured variable in an `FnMut` closure
    --> crates/openwepp-hillslope-orchestrator/src/land_surface_energy_shadow/m1_receiver.rs:1467:42
     |
1460 |         .flat_map(|row| {
     |                    ---
     |                    |
     |                    captured outer variable
     |                    move occurs because `row.ordered_layers` has type `Vec<v8_input_projection::V8ProjectedSoilThermalLayer>`, which does not implement the `Copy` trait
...
1466 |                 .flat_map(move |ofe| {
     |                           ---------- captured by this `FnMut` closure
1467 |                     ofe.tiles.iter().map(move |tile| {
     |                                          ^^^^^^^^^^^ `row.ordered_layers` is moved here
...
1471 |                             row.ordered_layers
     |                             ------------------ variable moved due to use in closure
     |
help: `Fn` and `FnMut` closures require captured values to be able to be consumed multiple times, but `FnOnce` closures may consume them only once
    --> /rustc/59807616e1fa2540724bfbac14d7976d7e4a3860/library/core/src/iter/traits/iterator.rs:1505:11
help: consider cloning the value before moving it into the closure
     |
1467 ~                     ofe.tiles.iter().map({
1468 +                     let value = row.ordered_layers.clone();
1469 ~                     move |tile| {
1470 |                         (
1471 |                             row.ofe_id.clone(),
1472 |                             tile.tile_id.clone(),
1473 ~                             value
1474 |                                 .iter()
 ...
1477 |                         )
1478 ~                     }
1479 ~                     })
     |

error[E0382]: use of moved value: `row.ofe_id`
    --> crates/openwepp-hillslope-orchestrator/src/land_surface_energy_shadow/m1_receiver.rs:1466:27
     |
1465 |                 .filter(move |ofe| ofe.ofe_id == row.ofe_id)
     |                         ----------               ---------- variable moved due to use in closure
     |                         |
     |                         value moved into closure here
1466 |                 .flat_map(move |ofe| {
     |                           ^^^^^^^^^^ value used here after move
...
1469 |                             row.ofe_id.clone(),
     |                             ---------- use occurs due to use in closure
     |
     = note: move occurs because `row.ofe_id` has type `openwepp_land_surface_energy::OfeId`, which does not implement the `Copy` trait

warning: unused variable: `ofe`
    --> crates/openwepp-hillslope-orchestrator/src/land_surface_energy_shadow/m1_receiver.rs:1335:9
     |
1335 |     let ofe = fixture
     |         ^^^ help: if this is intentional, prefix it with an underscore: `_ofe`
     |
     = note: `#[warn(unused_variables)]` (part of `#[warn(unused)]`) on by default

Some errors have detailed explanations: E0382, E0507.
For more information about an error, try `rustc --explain E0382`.
warning: `openwepp-hillslope-orchestrator` (lib test) generated 6 warnings
error: could not compile `openwepp-hillslope-orchestrator` (lib test) due to 3 previous errors; 6 warnings emitted
warning: build failed, waiting for other jobs to finish...
error: command `/nix/store/rai05nypxnmj22l65nwsk5xjsaq8s4vc-cargo-1.95.0/bin/cargo test --no-run --message-format json-render-diagnostics --package openwepp-hillslope-orchestrator` exited with code 101
