warning: Git tree '/workdir/openWEPP' is dirty
   Compiling openwepp-hillslope-orchestrator v0.1.0 (/home/roger/openwepp-experiments/cold-canopy-m1-20260920/crates/openwepp-hillslope-orchestrator)
warning: unused import: `RootRuntimeIdentity`
    --> crates/openwepp-hillslope-orchestrator/src/land_surface_energy_shadow/m1_receiver.rs:1308:30
     |
1308 |         RequestingComponent, RootRuntimeIdentity, RuntimeTileIdentity, StandGroundWaterAmountBasis,
     |                              ^^^^^^^^^^^^^^^^^^^
     |
     = note: `#[warn(unused_imports)]` (part of `#[warn(unused)]`) on by default

warning: unused imports: `M1CallerState`, `M1CallerSupportResult`, and `advance_m1_caller_support`
   --> crates/openwepp-hillslope-orchestrator/src/land_surface_energy_shadow/mod.rs:99:5
    |
 99 |     M1CallerState, M1CallerSupportResult, M1PreparedCallerContext, M1PrescribedRoutingControl,
    |     ^^^^^^^^^^^^^  ^^^^^^^^^^^^^^^^^^^^^
100 |     M1ReceiverDiagnosticResult, M1ReceiverFailureInjection, advance_m1_caller_support,
    |                                                             ^^^^^^^^^^^^^^^^^^^^^^^^^

warning: unused import: `DirectRunConstructorInputs`
   --> crates/openwepp-hillslope-orchestrator/src/v9_real_consumer_shadow.rs:109:13
    |
109 | use crate::{DirectRunConstructorInputs, vegetation_real_hydrology_shadow::RealHydrologyOfeLaneId};
    |             ^^^^^^^^^^^^^^^^^^^^^^^^^^

warning: unused import: `v11_covered::physical_outcome_ledger::TerminalSnowSoilHeatReceiptV1`
   --> crates/openwepp-hillslope-orchestrator/src/v9_real_consumer_shadow.rs:131:16
    |
131 | pub(crate) use v11_covered::physical_outcome_ledger::TerminalSnowSoilHeatReceiptV1;
    |                ^^^^^^^^^^^^^^^^^^^^^^^^^^^^^^^^^^^^^^^^^^^^^^^^^^^^^^^^^^^^^^^^^^^

warning: variable does not need to be mutable
    --> crates/openwepp-hillslope-orchestrator/src/land_surface_energy_shadow/multi_tile_runtime.rs:1537:17
     |
1537 |             let mut ingress = super::covered_derived_ingress::derive_fixed_cap_canopy_ingress(
     |                 ----^^^^^^^
     |                 |
     |                 help: remove this `mut`
     |
     = note: `#[warn(unused_mut)]` (part of `#[warn(unused)]`) on by default

warning: fields `position` and `lse_configuration_sha256` are never read
  --> crates/openwepp-hillslope-orchestrator/src/v9_real_consumer_shadow/native_soil_restart_admission.rs:13:5
   |
 9 | pub struct NativeSoilRestartAdmissionV1 {
   |            ---------------------------- fields in this struct
...
13 |     position: NativeSoilRestartPositionV1,
   |     ^^^^^^^^
...
17 |     lse_configuration_sha256: openwepp_land_surface_energy::Sha256Digest,
   |     ^^^^^^^^^^^^^^^^^^^^^^^^
   |
   = note: `#[warn(dead_code)]` (part of `#[warn(unused)]`) on by default

warning: method `validate_constructor_context` is never used
   --> crates/openwepp-hillslope-orchestrator/src/v9_real_consumer_shadow/native_soil_restart_admission.rs:257:8
    |
 20 | impl NativeSoilRestartAdmissionV1 {
    | --------------------------------- method in this implementation
...
257 |     fn validate_constructor_context(&self, resident: &DirectSoilThermalResident,
    |        ^^^^^^^^^^^^^^^^^^^^^^^^^^^^

warning: fields `count`, `surface_bytes`, and `configuration_sha256` are never read
   --> crates/openwepp-hillslope-orchestrator/src/v9_real_consumer_shadow/native_soil_restart_admission.rs:303:5
    |
302 | struct NativeInactiveSchedulerCustodyV1 {
    |        -------------------------------- fields in this struct
303 |     count: u64,
    |     ^^^^^
304 |     surface_bytes: Vec<u8>,
    |     ^^^^^^^^^^^^^
305 |     configuration_sha256: String,
    |     ^^^^^^^^^^^^^^^^^^^^

warning: method `diagnostic_install_hydrology_constructor_inputs_v1` is never used
    --> crates/openwepp-hillslope-orchestrator/src/v9_real_consumer_shadow.rs:4328:19
     |
3338 | impl DirectV10RealConsumerShadow {
     | -------------------------------- method in this implementation
...
4328 |     pub(crate) fn diagnostic_install_hydrology_constructor_inputs_v1(
     |                   ^^^^^^^^^^^^^^^^^^^^^^^^^^^^^^^^^^^^^^^^^^^^^^^^^^

warning: field `ending_snow_hint` is never read
    --> crates/openwepp-hillslope-orchestrator/src/hydrology/support_helpers_mod/runoff_reconciliation.rs:1193:9
     |
1173 | pub(crate) struct CoveredTerminalTrialRequestV1 {
     |                   ----------------------------- field in this struct
...
1193 |     pub ending_snow_hint: Option<CoveredTerminalEndingSnowHintV1>,
     |         ^^^^^^^^^^^^^^^^
     |
     = note: `CoveredTerminalTrialRequestV1` has derived impls for the traits `Debug` and `Clone`, but these are intentionally ignored during dead code analysis

warning: function `restore_covered_interval` is never used
   --> crates/openwepp-hillslope-orchestrator/src/snow_stage3_v11_current_context_capture.rs:671:4
    |
671 | fn restore_covered_interval(
    |    ^^^^^^^^^^^^^^^^^^^^^^^^

warning: function `restore_destination_capability` is never used
   --> crates/openwepp-hillslope-orchestrator/src/snow_stage3_v11_current_context_capture.rs:687:4
    |
687 | fn restore_destination_capability(
    |    ^^^^^^^^^^^^^^^^^^^^^^^^^^^^^^

warning: function `provider_interval_for_destination` is never used
   --> crates/openwepp-hillslope-orchestrator/src/snow_stage3_v11_current_context_capture.rs:735:4
    |
735 | fn provider_interval_for_destination<'a>(
    |    ^^^^^^^^^^^^^^^^^^^^^^^^^^^^^^^^^

warning: function `restore_prepared_support` is never used
   --> crates/openwepp-hillslope-orchestrator/src/snow_stage3_v11_current_context_capture.rs:773:4
    |
773 | fn restore_prepared_support(
    |    ^^^^^^^^^^^^^^^^^^^^^^^^

warning: function `restore_support_forcing` is never used
   --> crates/openwepp-hillslope-orchestrator/src/snow_stage3_v11_current_context_capture.rs:891:4
    |
891 | fn restore_support_forcing(
    |    ^^^^^^^^^^^^^^^^^^^^^^^

warning: function `active_snow_restore` is never used
    --> crates/openwepp-hillslope-orchestrator/src/snow_stage3_v11_current_context_capture.rs:1004:4
     |
1004 | fn active_snow_restore(
     |    ^^^^^^^^^^^^^^^^^^^

warning: struct `ProviderCaptureV1` is never constructed
    --> crates/openwepp-hillslope-orchestrator/src/snow_stage3_v11_current_context_capture.rs:1165:8
     |
1165 | struct ProviderCaptureV1 {
     |        ^^^^^^^^^^^^^^^^^

warning: method `validate_against` is never used
    --> crates/openwepp-hillslope-orchestrator/src/snow_stage3_v11_current_context_capture.rs:1212:19
     |
1190 | impl ProviderStaticConfigurationCaptureV1 {
     | ----------------------------------------- method in this implementation
...
1212 |     pub(crate) fn validate_against(
     |                   ^^^^^^^^^^^^^^^^

warning: struct `PreparedDayCaptureV1` is never constructed
    --> crates/openwepp-hillslope-orchestrator/src/snow_stage3_v11_current_context_capture.rs:1246:8
     |
1246 | struct PreparedDayCaptureV1 {
     |        ^^^^^^^^^^^^^^^^^^^^

error[E0616]: field `transaction_id` of struct `v8_input_projection::V8CanopyForcingReceipt` is private
    --> crates/openwepp-hillslope-orchestrator/src/land_surface_energy_shadow/m1_coupled_expected_red.rs:1244:60
     |
1244 |     assert_eq!(candidate.transaction_id(), fixture.receipt.transaction_id);
     |                                                            ^^^^^^^^^^^^^^ private field

error[E0616]: field `transaction_id` of struct `v8_input_projection::V8CanopyForcingReceipt` is private
    --> crates/openwepp-hillslope-orchestrator/src/land_surface_energy_shadow/m1_receiver.rs:1319:42
     |
1319 |     let transaction_id = fixture.receipt.transaction_id;
     |                                          ^^^^^^^^^^^^^^ private field

error[E0599]: no function or associated item named `digest` found for struct `CoreWrapper<T>` in the current scope
    --> crates/openwepp-hillslope-orchestrator/src/land_surface_energy_shadow/m1_receiver.rs:1350:23
     |
1350 |         sha2::Sha256::digest(
     |                       ^^^^^^ function or associated item not found in `CoreWrapper<CtVariableCoreWrapper<Sha256VarCore, UInt<..., ...>, ...>>`
     |
note: if you're trying to build a new `CoreWrapper<CtVariableCoreWrapper<Sha256VarCore, UInt<UInt<UInt<UInt<UInt<UInt<UTerm, sha2::digest::typenum::B1>, B0>, B0>, B0>, B0>, B0>, sha2::OidSha256>>`, consider using `CoreWrapper::<T>::from_core` which returns `CoreWrapper<_>`
    --> /workdir/.cache/openwepp/cargo-home/registry/src/index.crates.io-1949cf8c6b5b557f/digest-0.10.7/src/core_api/wrapper.rs:70:5
     |
  70 |     pub fn from_core(core: T) -> Self {
     |     ^^^^^^^^^^^^^^^^^^^^^^^^^^^^^^^^^
     = help: items from traits can only be used if the trait is in scope
     = note: the full name for the type has been written to '/tmp/openwepp-cold-canopy-m1-target/debug/deps/openwepp_hillslope_orchestrator-0ad665558c5e4d7c.long-type-17531184897591254389.txt'
     = note: consider using `--verbose` to print the full type name to the console
help: trait `Digest` which provides `digest` is implemented but not in scope; perhaps you want to import it
     |
   1 + use sha2::Digest;
     |

error[E0277]: the `?` operator can only be used in a closure that returns `Result` or `Option` (or another type that implements `FromResidual`)
    --> crates/openwepp-hillslope-orchestrator/src/land_surface_energy_shadow/m1_receiver.rs:1379:92
     |
1356 |     let identity_for = |tile: &openwepp_land_surface_energy::TileState| RuntimeTileIdentity {
     |                        ------------------------------------------------ this function should return `Result` or `Option` to accept `?`
...
1379 |         .map_err(|_| super::LandSurfaceEnergyShadowError::Identity("M1 vegetation digest"))?,
     |                                                                                            ^ cannot use the `?` operator in a closure that returns `openwepp_land_surface_energy::RuntimeTileIdentity`

error[E0277]: the `?` operator can only be used in a closure that returns `Result` or `Option` (or another type that implements `FromResidual`)
    --> crates/openwepp-hillslope-orchestrator/src/land_surface_energy_shadow/m1_receiver.rs:1425:15
     |
1356 |     let identity_for = |tile: &openwepp_land_surface_energy::TileState| RuntimeTileIdentity {
     |                        ------------------------------------------------ this function should return `Result` or `Option` to accept `?`
...
1425 |             ))?
     |               ^ cannot use the `?` operator in a closure that returns `openwepp_land_surface_energy::RuntimeTileIdentity`

error[E0277]: the `?` operator can only be used in a closure that returns `Result` or `Option` (or another type that implements `FromResidual`)
    --> crates/openwepp-hillslope-orchestrator/src/land_surface_energy_shadow/m1_receiver.rs:1390:15
     |
1356 |     let identity_for = |tile: &openwepp_land_surface_energy::TileState| RuntimeTileIdentity {
     |                        ------------------------------------------------ this function should return `Result` or `Option` to accept `?`
...
1390 |             ))?
     |               ^ cannot use the `?` operator in a closure that returns `openwepp_land_surface_energy::RuntimeTileIdentity`

error[E0277]: the `?` operator can only be used in a closure that returns `Result` or `Option` (or another type that implements `FromResidual`)
    --> crates/openwepp-hillslope-orchestrator/src/land_surface_energy_shadow/m1_receiver.rs:1401:15
     |
1356 |     let identity_for = |tile: &openwepp_land_surface_energy::TileState| RuntimeTileIdentity {
     |                        ------------------------------------------------ this function should return `Result` or `Option` to accept `?`
...
1401 |             ))?
     |               ^ cannot use the `?` operator in a closure that returns `openwepp_land_surface_energy::RuntimeTileIdentity`

error[E0277]: the `?` operator can only be used in a closure that returns `Result` or `Option` (or another type that implements `FromResidual`)
    --> crates/openwepp-hillslope-orchestrator/src/land_surface_energy_shadow/m1_receiver.rs:1412:15
     |
1356 |     let identity_for = |tile: &openwepp_land_surface_energy::TileState| RuntimeTileIdentity {
     |                        ------------------------------------------------ this function should return `Result` or `Option` to accept `?`
...
1412 |             ))?
     |               ^ cannot use the `?` operator in a closure that returns `openwepp_land_surface_energy::RuntimeTileIdentity`

error[E0277]: the `?` operator can only be applied to values that implement `Try`
    --> crates/openwepp-hillslope-orchestrator/src/land_surface_energy_shadow/m1_receiver.rs:1429:27
     |
1429 |     let forest_identity = identity_for(&fixture.lse_state.tiles[0])?;
     |                           ^^^^^^^^^^^^^^^^^^^^^^^^^^^^^^^^^^^^^^^^^^ the `?` operator cannot be applied to type `openwepp_land_surface_energy::RuntimeTileIdentity`
     |
     = help: the nightly-only, unstable trait `Try` is not implemented for `openwepp_land_surface_energy::RuntimeTileIdentity`

error[E0277]: the `?` operator can only be used in a closure that returns `Result` or `Option` (or another type that implements `FromResidual`)
    --> crates/openwepp-hillslope-orchestrator/src/land_surface_energy_shadow/m1_receiver.rs:1584:31
     |
1575 |             if authorizations.iter().any(|row| {
     |                                          ----- this function should return `Result` or `Option` to accept `?`
...
1584 |                             ))?
     |                               ^ cannot use the `?` operator in a closure that returns `bool`

error[E0277]: the `?` operator can only be applied to values that implement `Try`
    --> crates/openwepp-hillslope-orchestrator/src/land_surface_energy_shadow/m1_receiver.rs:1598:26
     |
1598 |                         &identity_for(tile)?,
     |                          ^^^^^^^^^^^^^^^^^^^ the `?` operator cannot be applied to type `openwepp_land_surface_energy::RuntimeTileIdentity`
     |
     = help: the nightly-only, unstable trait `Try` is not implemented for `openwepp_land_surface_energy::RuntimeTileIdentity`

warning: value assigned to `local_owners` is never read
    --> crates/openwepp-hillslope-orchestrator/src/land_surface_energy_shadow/m1_receiver.rs:1198:28
     |
1198 |     let mut local_owners = local_beginning.clone();
     |                            ^^^^^^^^^^^^^^^^^^^^^^^
     |
     = help: maybe it is overwritten before being read?
     = note: `#[warn(unused_assignments)]` (part of `#[warn(unused)]`) on by default

Some errors have detailed explanations: E0277, E0599, E0616.
For more information about an error, try `rustc --explain E0277`.
warning: `openwepp-hillslope-orchestrator` (lib test) generated 5 warnings
error: could not compile `openwepp-hillslope-orchestrator` (lib test) due to 11 previous errors; 5 warnings emitted
warning: build failed, waiting for other jobs to finish...
warning: `openwepp-hillslope-orchestrator` (lib) generated 15 warnings (run `cargo fix --lib -p openwepp-hillslope-orchestrator` to apply 1 suggestion)
error: command `/nix/store/rai05nypxnmj22l65nwsk5xjsaq8s4vc-cargo-1.95.0/bin/cargo test --no-run --message-format json-render-diagnostics --package openwepp-hillslope-orchestrator` exited with code 101
