warning: Git tree '/workdir/openWEPP' is dirty
   Compiling openwepp-hillslope-orchestrator v0.1.0 (/home/roger/openwepp-experiments/cold-canopy-m1-20260920/crates/openwepp-hillslope-orchestrator)
warning: unused import: `DirectRunConstructorInputs`
   --> crates/openwepp-hillslope-orchestrator/src/v9_real_consumer_shadow.rs:109:13
    |
109 | use crate::{DirectRunConstructorInputs, vegetation_real_hydrology_shadow::RealHydrologyOfeLaneId};
    |             ^^^^^^^^^^^^^^^^^^^^^^^^^^
    |
    = note: `#[warn(unused_imports)]` (part of `#[warn(unused)]`) on by default

warning: unused import: `v11_covered::physical_outcome_ledger::TerminalSnowSoilHeatReceiptV1`
   --> crates/openwepp-hillslope-orchestrator/src/v9_real_consumer_shadow.rs:131:16
    |
131 | pub(crate) use v11_covered::physical_outcome_ledger::TerminalSnowSoilHeatReceiptV1;
    |                ^^^^^^^^^^^^^^^^^^^^^^^^^^^^^^^^^^^^^^^^^^^^^^^^^^^^^^^^^^^^^^^^^^^

error[E0004]: non-exhaustive patterns: `M1ReceiverFailureInjection::WrongPlantArea` not covered
    --> crates/openwepp-hillslope-orchestrator/src/land_surface_energy_shadow/m1_coupled_expected_red.rs:1294:37
     |
1294 |         let (stage, reason) = match injection {
     |                                     ^^^^^^^^^ pattern `M1ReceiverFailureInjection::WrongPlantArea` not covered
     |
note: `M1ReceiverFailureInjection` defined here
    --> crates/openwepp-hillslope-orchestrator/src/land_surface_energy_shadow/m1_receiver.rs:74:17
     |
  74 | pub(crate) enum M1ReceiverFailureInjection {
     |                 ^^^^^^^^^^^^^^^^^^^^^^^^^^
...
  81 |     WrongPlantArea,
     |     -------------- not covered
     = note: the matched value is of type `M1ReceiverFailureInjection`
help: ensure that all possible cases are being handled by adding a match arm with a wildcard pattern or an explicit pattern as shown
     |
1311 ~             },
1312 +             M1ReceiverFailureInjection::WrongPlantArea => todo!()
     |

warning: value assigned to `local_owners` is never read
    --> crates/openwepp-hillslope-orchestrator/src/land_surface_energy_shadow/m1_receiver.rs:1035:28
     |
1035 |     let mut local_owners = local_beginning.clone();
     |                            ^^^^^^^^^^^^^^^^^^^^^^^
     |
     = help: maybe it is overwritten before being read?
     = note: `#[warn(unused_assignments)]` (part of `#[warn(unused)]`) on by default

For more information about this error, try `rustc --explain E0004`.
warning: `openwepp-hillslope-orchestrator` (lib test) generated 3 warnings
error: could not compile `openwepp-hillslope-orchestrator` (lib test) due to 1 previous error; 3 warnings emitted
error: command `/nix/store/rai05nypxnmj22l65nwsk5xjsaq8s4vc-cargo-1.95.0/bin/cargo test --no-run --message-format json-render-diagnostics --package openwepp-hillslope-orchestrator --lib` exited with code 101
