warning: Git tree '/workdir/openWEPP' is dirty
    Checking openwepp-vegetation v0.1.0 (/home/roger/openwepp-experiments/cold-canopy-m1-20260920/crates/openwepp-vegetation)
    Checking openwepp-land-surface-energy v0.1.0 (/home/roger/openwepp-experiments/cold-canopy-m1-20260920/crates/openwepp-land-surface-energy)
    Checking openwepp-hillslope-orchestrator v0.1.0 (/home/roger/openwepp-experiments/cold-canopy-m1-20260920/crates/openwepp-hillslope-orchestrator)
warning: unused import: `DirectRunConstructorInputs`
   --> crates/openwepp-hillslope-orchestrator/src/v9_real_consumer_shadow.rs:109:13
    |
109 | use crate::{DirectRunConstructorInputs, vegetation_real_hydrology_shadow::RealHydrologyOfeLaneId};
    |             ^^^^^^^^^^^^^^^^^^^^^^^^^^
    |
    = note: `#[warn(unused_imports)]` (part of `#[warn(unused)]`) on by default

warning: unused import: `v11_covered::physical_outcome_ledger::TerminalSnowSoilHeatReceiptV1`
   --> crates/openwepp-hillslope-orchestrator/src/v9_real_consumer_shadow.rs:132:16
    |
132 | pub(crate) use v11_covered::physical_outcome_ledger::TerminalSnowSoilHeatReceiptV1;
    |                ^^^^^^^^^^^^^^^^^^^^^^^^^^^^^^^^^^^^^^^^^^^^^^^^^^^^^^^^^^^^^^^^^^^

error[E0599]: no method named `parent_only_counters` found for struct `RealM1ProviderCaller` in the current scope
   --> crates/openwepp-hillslope-orchestrator/src/land_surface_energy_shadow/m1_provider_parent_controls.rs:114:27
    |
114 |     let counters = caller.parent_only_counters();
    |                           ^^^^^^^^^^^^^^^^^^^^ method not found in `RealM1ProviderCaller`
    |
   ::: crates/openwepp-hillslope-orchestrator/src/land_surface_energy_shadow/m1_fixed_sequence_provider.rs:717:1
    |
717 | pub(super) struct RealM1ProviderCaller(super::M1CallerState);
    | -------------------------------------- method `parent_only_counters` not found for this struct

error[E0599]: no method named `record_ordinal` found for enum `M1CallerSupportResult` in the current scope
   --> crates/openwepp-hillslope-orchestrator/src/land_surface_energy_shadow/m1_provider_parent_controls.rs:123:28
    |
123 |         assert_eq!(outcome.record_ordinal(), ordinal);
    |                            ^^^^^^^^^^^^^^ method not found in `M1CallerSupportResult`
    |
   ::: crates/openwepp-hillslope-orchestrator/src/land_surface_energy_shadow/m1_receiver.rs:373:1
    |
373 | pub(crate) enum M1CallerSupportResult {
    | ------------------------------------- method `record_ordinal` not found for this enum

error[E0599]: no method named `support` found for enum `M1CallerSupportResult` in the current scope
   --> crates/openwepp-hillslope-orchestrator/src/land_surface_energy_shadow/m1_provider_parent_controls.rs:125:21
    |
125 |             outcome.support().start_ns().get(),
    |                     ^^^^^^^ method not found in `M1CallerSupportResult`
    |
   ::: crates/openwepp-hillslope-orchestrator/src/land_surface_energy_shadow/m1_receiver.rs:373:1
    |
373 | pub(crate) enum M1CallerSupportResult {
    | ------------------------------------- method `support` not found for this enum

error[E0599]: no method named `support` found for enum `M1CallerSupportResult` in the current scope
   --> crates/openwepp-hillslope-orchestrator/src/land_surface_energy_shadow/m1_provider_parent_controls.rs:129:21
    |
129 |             outcome.support().end_ns().get(),
    |                     ^^^^^^^ method not found in `M1CallerSupportResult`
    |
   ::: crates/openwepp-hillslope-orchestrator/src/land_surface_energy_shadow/m1_receiver.rs:373:1
    |
373 | pub(crate) enum M1CallerSupportResult {
    | ------------------------------------- method `support` not found for this enum

error[E0599]: no method named `applied_override_bits` found for enum `M1CallerSupportResult` in the current scope
   --> crates/openwepp-hillslope-orchestrator/src/land_surface_energy_shadow/m1_provider_parent_controls.rs:133:21
    |
133 |             outcome.applied_override_bits(),
    |                     ^^^^^^^^^^^^^^^^^^^^^ method not found in `M1CallerSupportResult`
    |
   ::: crates/openwepp-hillslope-orchestrator/src/land_surface_energy_shadow/m1_receiver.rs:373:1
    |
373 | pub(crate) enum M1CallerSupportResult {
    | ------------------------------------- method `applied_override_bits` not found for this enum

error[E0599]: no method named `gsi_bits` found for enum `M1CallerSupportResult` in the current scope
   --> crates/openwepp-hillslope-orchestrator/src/land_surface_energy_shadow/m1_provider_parent_controls.rs:136:28
    |
136 |         assert_eq!(outcome.gsi_bits(), admitted.gsi_bits());
    |                            ^^^^^^^^ method not found in `M1CallerSupportResult`
    |
   ::: crates/openwepp-hillslope-orchestrator/src/land_surface_energy_shadow/m1_receiver.rs:373:1
    |
373 | pub(crate) enum M1CallerSupportResult {
    | ------------------------------------- method `gsi_bits` not found for this enum

error[E0599]: no method named `gsi_support_receipt` found for enum `M1CallerSupportResult` in the current scope
   --> crates/openwepp-hillslope-orchestrator/src/land_surface_energy_shadow/m1_provider_parent_controls.rs:137:28
    |
137 |         assert_eq!(outcome.gsi_support_receipt(), receipts[ordinal as usize]);
    |                            ^^^^^^^^^^^^^^^^^^^ method not found in `M1CallerSupportResult`
    |
   ::: crates/openwepp-hillslope-orchestrator/src/land_surface_energy_shadow/m1_receiver.rs:373:1
    |
373 | pub(crate) enum M1CallerSupportResult {
    | ------------------------------------- method `gsi_support_receipt` not found for this enum

error[E0599]: no method named `parent_forcing_receipt` found for enum `M1CallerSupportResult` in the current scope
   --> crates/openwepp-hillslope-orchestrator/src/land_surface_energy_shadow/m1_provider_parent_controls.rs:139:21
    |
139 |             outcome.parent_forcing_receipt(),
    |                     ^^^^^^^^^^^^^^^^^^^^^^ method not found in `M1CallerSupportResult`
    |
   ::: crates/openwepp-hillslope-orchestrator/src/land_surface_energy_shadow/m1_receiver.rs:373:1
    |
373 | pub(crate) enum M1CallerSupportResult {
    | ------------------------------------- method `parent_forcing_receipt` not found for this enum

error[E0599]: no method named `beginning_owner_bytes` found for enum `M1CallerSupportResult` in the current scope
   --> crates/openwepp-hillslope-orchestrator/src/land_surface_energy_shadow/m1_provider_parent_controls.rs:142:28
    |
142 |         assert_eq!(outcome.beginning_owner_bytes(), prior);
    |                            ^^^^^^^^^^^^^^^^^^^^^ method not found in `M1CallerSupportResult`
    |
   ::: crates/openwepp-hillslope-orchestrator/src/land_surface_energy_shadow/m1_receiver.rs:373:1
    |
373 | pub(crate) enum M1CallerSupportResult {
    | ------------------------------------- method `beginning_owner_bytes` not found for this enum

error[E0599]: no method named `ending_owner_bytes` found for enum `M1CallerSupportResult` in the current scope
   --> crates/openwepp-hillslope-orchestrator/src/land_surface_energy_shadow/m1_provider_parent_controls.rs:143:28
    |
143 |         assert_eq!(outcome.ending_owner_bytes().len(), 7);
    |                            ^^^^^^^^^^^^^^^^^^ method not found in `M1CallerSupportResult`
    |
   ::: crates/openwepp-hillslope-orchestrator/src/land_surface_energy_shadow/m1_receiver.rs:373:1
    |
373 | pub(crate) enum M1CallerSupportResult {
    | ------------------------------------- method `ending_owner_bytes` not found for this enum

error[E0599]: no method named `ending_owner_bytes` found for enum `M1CallerSupportResult` in the current scope
   --> crates/openwepp-hillslope-orchestrator/src/land_surface_energy_shadow/m1_provider_parent_controls.rs:144:28
    |
144 |         assert_eq!(outcome.ending_owner_bytes()["snow"], beginning["snow"]);
    |                            ^^^^^^^^^^^^^^^^^^ method not found in `M1CallerSupportResult`
    |
   ::: crates/openwepp-hillslope-orchestrator/src/land_surface_energy_shadow/m1_receiver.rs:373:1
    |
373 | pub(crate) enum M1CallerSupportResult {
    | ------------------------------------- method `ending_owner_bytes` not found for this enum

error[E0599]: no method named `reservoir_operands` found for enum `M1CallerSupportResult` in the current scope
   --> crates/openwepp-hillslope-orchestrator/src/land_surface_energy_shadow/m1_provider_parent_controls.rs:145:42
    |
145 |         assert_reservoir_closure(outcome.reservoir_operands());
    |                                          ^^^^^^^^^^^^^^^^^^ method not found in `M1CallerSupportResult`
    |
   ::: crates/openwepp-hillslope-orchestrator/src/land_surface_energy_shadow/m1_receiver.rs:373:1
    |
373 | pub(crate) enum M1CallerSupportResult {
    | ------------------------------------- method `reservoir_operands` not found for this enum

error[E0599]: no method named `parent_only_counters` found for struct `RealM1ProviderCaller` in the current scope
   --> crates/openwepp-hillslope-orchestrator/src/land_surface_energy_shadow/m1_provider_parent_controls.rs:146:27
    |
146 |         assert_eq!(caller.parent_only_counters(), counters);
    |                           ^^^^^^^^^^^^^^^^^^^^ method not found in `RealM1ProviderCaller`
    |
   ::: crates/openwepp-hillslope-orchestrator/src/land_surface_energy_shadow/m1_fixed_sequence_provider.rs:717:1
    |
717 | pub(super) struct RealM1ProviderCaller(super::M1CallerState);
    | -------------------------------------- method `parent_only_counters` not found for this struct

error[E0599]: no method named `staged_owner_bytes` found for struct `RealM1ProviderCaller` in the current scope
   --> crates/openwepp-hillslope-orchestrator/src/land_surface_energy_shadow/m1_provider_parent_controls.rs:148:20
    |
148 |             caller.staged_owner_bytes().expect("actual staged owners"),
    |                    ^^^^^^^^^^^^^^^^^^ method not found in `RealM1ProviderCaller`
    |
   ::: crates/openwepp-hillslope-orchestrator/src/land_surface_energy_shadow/m1_fixed_sequence_provider.rs:717:1
    |
717 | pub(super) struct RealM1ProviderCaller(super::M1CallerState);
    | -------------------------------------- method `staged_owner_bytes` not found for this struct

error[E0599]: no method named `ending_owner_bytes` found for enum `M1CallerSupportResult` in the current scope
   --> crates/openwepp-hillslope-orchestrator/src/land_surface_energy_shadow/m1_provider_parent_controls.rs:149:21
    |
149 |             outcome.ending_owner_bytes()
    |                     ^^^^^^^^^^^^^^^^^^ method not found in `M1CallerSupportResult`
    |
   ::: crates/openwepp-hillslope-orchestrator/src/land_surface_energy_shadow/m1_receiver.rs:373:1
    |
373 | pub(crate) enum M1CallerSupportResult {
    | ------------------------------------- method `ending_owner_bytes` not found for this enum

error[E0599]: no method named `ending_owner_bytes` found for enum `M1CallerSupportResult` in the current scope
   --> crates/openwepp-hillslope-orchestrator/src/land_surface_energy_shadow/m1_provider_parent_controls.rs:153:53
    |
153 |         let staged_m1 = canonical_m1_owner(&outcome.ending_owner_bytes()["vegetation"]);
    |                                                     ^^^^^^^^^^^^^^^^^^ method not found in `M1CallerSupportResult`
    |
   ::: crates/openwepp-hillslope-orchestrator/src/land_surface_energy_shadow/m1_receiver.rs:373:1
    |
373 | pub(crate) enum M1CallerSupportResult {
    | ------------------------------------- method `ending_owner_bytes` not found for this enum

error[E0599]: no method named `accepted_cursor` found for struct `RealM1ProviderCaller` in the current scope
   --> crates/openwepp-hillslope-orchestrator/src/land_surface_energy_shadow/m1_provider_parent_controls.rs:157:27
    |
157 |         assert_eq!(caller.accepted_cursor(), u64::from(ordinal + 1));
    |                           ^^^^^^^^^^^^^^^ method not found in `RealM1ProviderCaller`
    |
   ::: crates/openwepp-hillslope-orchestrator/src/land_surface_energy_shadow/m1_fixed_sequence_provider.rs:717:1
    |
717 | pub(super) struct RealM1ProviderCaller(super::M1CallerState);
    | -------------------------------------- method `accepted_cursor` not found for this struct

error[E0599]: no method named `checked_support_transaction_id` found for enum `M1CallerSupportResult` in the current scope
   --> crates/openwepp-hillslope-orchestrator/src/land_surface_energy_shadow/m1_provider_parent_controls.rs:159:21
    |
159 |             outcome.checked_support_transaction_id(),
    |                     ^^^^^^^^^^^^^^^^^^^^^^^^^^^^^^ method not found in `M1CallerSupportResult`
    |
   ::: crates/openwepp-hillslope-orchestrator/src/land_surface_energy_shadow/m1_receiver.rs:373:1
    |
373 | pub(crate) enum M1CallerSupportResult {
    | ------------------------------------- method `checked_support_transaction_id` not found for this enum

error[E0599]: no method named `parent_only_transaction_id` found for struct `RealM1ProviderCaller` in the current scope
   --> crates/openwepp-hillslope-orchestrator/src/land_surface_energy_shadow/m1_provider_parent_controls.rs:160:20
    |
160 |             caller.parent_only_transaction_id()
    |                    ^^^^^^^^^^^^^^^^^^^^^^^^^^ method not found in `RealM1ProviderCaller`
    |
   ::: crates/openwepp-hillslope-orchestrator/src/land_surface_energy_shadow/m1_fixed_sequence_provider.rs:717:1
    |
717 | pub(super) struct RealM1ProviderCaller(super::M1CallerState);
    | -------------------------------------- method `parent_only_transaction_id` not found for this struct

error[E0599]: no method named `accepted_slab_receipt` found for enum `M1CallerSupportResult` in the current scope
   --> crates/openwepp-hillslope-orchestrator/src/land_surface_energy_shadow/m1_provider_parent_controls.rs:162:28
    |
162 |         let slab = outcome.accepted_slab_receipt();
    |                            ^^^^^^^^^^^^^^^^^^^^^ method not found in `M1CallerSupportResult`
    |
   ::: crates/openwepp-hillslope-orchestrator/src/land_surface_energy_shadow/m1_receiver.rs:373:1
    |
373 | pub(crate) enum M1CallerSupportResult {
    | ------------------------------------- method `accepted_slab_receipt` not found for this enum

error[E0599]: no method named `support` found for enum `M1CallerSupportResult` in the current scope
   --> crates/openwepp-hillslope-orchestrator/src/land_surface_energy_shadow/m1_provider_parent_controls.rs:164:44
    |
164 |         assert_eq!(slab.support(), outcome.support());
    |                                            ^^^^^^^ method not found in `M1CallerSupportResult`
    |
   ::: crates/openwepp-hillslope-orchestrator/src/land_surface_energy_shadow/m1_receiver.rs:373:1
    |
373 | pub(crate) enum M1CallerSupportResult {
    | ------------------------------------- method `support` not found for this enum

error[E0599]: no method named `ending_owner_states` found for enum `M1CallerSupportResult` in the current scope
   --> crates/openwepp-hillslope-orchestrator/src/land_surface_energy_shadow/m1_provider_parent_controls.rs:166:64
    |
166 |             slab.authenticates_complete_ending_owners(&outcome.ending_owner_states())
    |                                                                ^^^^^^^^^^^^^^^^^^^ method not found in `M1CallerSupportResult`
    |
   ::: crates/openwepp-hillslope-orchestrator/src/land_surface_energy_shadow/m1_receiver.rs:373:1
    |
373 | pub(crate) enum M1CallerSupportResult {
    | ------------------------------------- method `ending_owner_states` not found for this enum

error[E0599]: no method named `resource_debits` found for enum `M1CallerSupportResult` in the current scope
   --> crates/openwepp-hillslope-orchestrator/src/land_surface_energy_shadow/m1_provider_parent_controls.rs:173:77
    |
173 |         let debits: &[openwepp_vegetation::v11::V11ResourceDebit] = outcome.resource_debits();
    |                                                                             ^^^^^^^^^^^^^^^ method not found in `M1CallerSupportResult`
    |
   ::: crates/openwepp-hillslope-orchestrator/src/land_surface_energy_shadow/m1_receiver.rs:373:1
    |
373 | pub(crate) enum M1CallerSupportResult {
    | ------------------------------------- method `resource_debits` not found for this enum

error[E0599]: no method named `admitted_resource_fluxes` found for enum `M1CallerSupportResult` in the current scope
   --> crates/openwepp-hillslope-orchestrator/src/land_surface_energy_shadow/m1_provider_parent_controls.rs:175:21
    |
175 |             outcome.admitted_resource_fluxes();
    |                     ^^^^^^^^^^^^^^^^^^^^^^^^ method not found in `M1CallerSupportResult`
    |
   ::: crates/openwepp-hillslope-orchestrator/src/land_surface_energy_shadow/m1_receiver.rs:373:1
    |
373 | pub(crate) enum M1CallerSupportResult {
    | ------------------------------------- method `admitted_resource_fluxes` not found for this enum

error[E0599]: no method named `shared_resource_owner_transitions` found for enum `M1CallerSupportResult` in the current scope
   --> crates/openwepp-hillslope-orchestrator/src/land_surface_energy_shadow/m1_provider_parent_controls.rs:177:21
    |
177 |             outcome.shared_resource_owner_transitions();
    |                     ^^^^^^^^^^^^^^^^^^^^^^^^^^^^^^^^^ method not found in `M1CallerSupportResult`
    |
   ::: crates/openwepp-hillslope-orchestrator/src/land_surface_energy_shadow/m1_receiver.rs:373:1
    |
373 | pub(crate) enum M1CallerSupportResult {
    | ------------------------------------- method `shared_resource_owner_transitions` not found for this enum

error[E0599]: no method named `complete_owner_candidates` found for enum `M1CallerSupportResult` in the current scope
   --> crates/openwepp-hillslope-orchestrator/src/land_surface_energy_shadow/m1_provider_parent_controls.rs:179:21
    |
179 |             outcome.complete_owner_candidates();
    |                     ^^^^^^^^^^^^^^^^^^^^^^^^^ method not found in `M1CallerSupportResult`
    |
   ::: crates/openwepp-hillslope-orchestrator/src/land_surface_energy_shadow/m1_receiver.rs:373:1
    |
373 | pub(crate) enum M1CallerSupportResult {
    | ------------------------------------- method `complete_owner_candidates` not found for this enum

error[E0599]: no method named `raw_resource_candidate_debits` found for enum `M1CallerSupportResult` in the current scope
   --> crates/openwepp-hillslope-orchestrator/src/land_surface_energy_shadow/m1_provider_parent_controls.rs:181:21
    |
181 |             outcome.raw_resource_candidate_debits();
    |                     ^^^^^^^^^^^^^^^^^^^^^^^^^^^^^ method not found in `M1CallerSupportResult`
    |
   ::: crates/openwepp-hillslope-orchestrator/src/land_surface_energy_shadow/m1_receiver.rs:373:1
    |
373 | pub(crate) enum M1CallerSupportResult {
    | ------------------------------------- method `raw_resource_candidate_debits` not found for this enum

error[E0599]: no method named `raw_resource_candidate_fluxes` found for enum `M1CallerSupportResult` in the current scope
   --> crates/openwepp-hillslope-orchestrator/src/land_surface_energy_shadow/m1_provider_parent_controls.rs:183:21
    |
183 |             outcome.raw_resource_candidate_fluxes();
    |                     ^^^^^^^^^^^^^^^^^^^^^^^^^^^^^ method not found in `M1CallerSupportResult`
    |
   ::: crates/openwepp-hillslope-orchestrator/src/land_surface_energy_shadow/m1_receiver.rs:373:1
    |
373 | pub(crate) enum M1CallerSupportResult {
    | ------------------------------------- method `raw_resource_candidate_fluxes` not found for this enum

error[E0599]: no method named `material_transfers` found for enum `M1CallerSupportResult` in the current scope
   --> crates/openwepp-hillslope-orchestrator/src/land_surface_energy_shadow/m1_provider_parent_controls.rs:289:21
    |
289 |             outcome.material_transfers();
    |                     ^^^^^^^^^^^^^^^^^^ method not found in `M1CallerSupportResult`
    |
   ::: crates/openwepp-hillslope-orchestrator/src/land_surface_energy_shadow/m1_receiver.rs:373:1
    |
373 | pub(crate) enum M1CallerSupportResult {
    | ------------------------------------- method `material_transfers` not found for this enum

error[E0599]: no method named `beginning_biogeochemistry` found for enum `M1CallerSupportResult` in the current scope
   --> crates/openwepp-hillslope-orchestrator/src/land_surface_energy_shadow/m1_provider_parent_controls.rs:290:37
    |
290 |         let beginning_bgc = outcome.beginning_biogeochemistry();
    |                                     ^^^^^^^^^^^^^^^^^^^^^^^^^ method not found in `M1CallerSupportResult`
    |
   ::: crates/openwepp-hillslope-orchestrator/src/land_surface_energy_shadow/m1_receiver.rs:373:1
    |
373 | pub(crate) enum M1CallerSupportResult {
    | ------------------------------------- method `beginning_biogeochemistry` not found for this enum

error[E0599]: no method named `ending_biogeochemistry` found for enum `M1CallerSupportResult` in the current scope
   --> crates/openwepp-hillslope-orchestrator/src/land_surface_energy_shadow/m1_provider_parent_controls.rs:291:34
    |
291 |         let ending_bgc = outcome.ending_biogeochemistry();
    |                                  ^^^^^^^^^^^^^^^^^^^^^^ method not found in `M1CallerSupportResult`
    |
   ::: crates/openwepp-hillslope-orchestrator/src/land_surface_energy_shadow/m1_receiver.rs:373:1
    |
373 | pub(crate) enum M1CallerSupportResult {
    | ------------------------------------- method `ending_biogeochemistry` not found for this enum

error[E0599]: no method named `checked_support_transaction_id` found for enum `M1CallerSupportResult` in the current scope
   --> crates/openwepp-hillslope-orchestrator/src/land_surface_energy_shadow/m1_provider_parent_controls.rs:301:25
    |
301 |                 outcome.checked_support_transaction_id()
    |                         ^^^^^^^^^^^^^^^^^^^^^^^^^^^^^^ method not found in `M1CallerSupportResult`
    |
   ::: crates/openwepp-hillslope-orchestrator/src/land_surface_energy_shadow/m1_receiver.rs:373:1
    |
373 | pub(crate) enum M1CallerSupportResult {
    | ------------------------------------- method `checked_support_transaction_id` not found for this enum

error[E0599]: no method named `native_receiver` found for enum `M1CallerSupportResult` in the current scope
   --> crates/openwepp-hillslope-orchestrator/src/land_surface_energy_shadow/m1_provider_parent_controls.rs:340:20
    |
340 |         if outcome.native_receiver().is_positive() {
    |                    ^^^^^^^^^^^^^^^ method not found in `M1CallerSupportResult`
    |
   ::: crates/openwepp-hillslope-orchestrator/src/land_surface_energy_shadow/m1_receiver.rs:373:1
    |
373 | pub(crate) enum M1CallerSupportResult {
    | ------------------------------------- method `native_receiver` not found for this enum

error[E0599]: no method named `native_receiver` found for enum `M1CallerSupportResult` in the current scope
   --> crates/openwepp-hillslope-orchestrator/src/land_surface_energy_shadow/m1_provider_parent_controls.rs:342:18
    |
341 |               let receipt = outcome
    |  ___________________________-
342 | |                 .native_receiver()
    | |                 -^^^^^^^^^^^^^^^ method not found in `M1CallerSupportResult`
    | |_________________|
    |
    |
   ::: crates/openwepp-hillslope-orchestrator/src/land_surface_energy_shadow/m1_receiver.rs:373:1
    |
373 |   pub(crate) enum M1CallerSupportResult {
    |   ------------------------------------- method `native_receiver` not found for this enum

error[E0599]: no method named `checked_support_transaction_id` found for enum `M1CallerSupportResult` in the current scope
   --> crates/openwepp-hillslope-orchestrator/src/land_surface_energy_shadow/m1_provider_parent_controls.rs:349:25
    |
349 |                 outcome.checked_support_transaction_id()
    |                         ^^^^^^^^^^^^^^^^^^^^^^^^^^^^^^ method not found in `M1CallerSupportResult`
    |
   ::: crates/openwepp-hillslope-orchestrator/src/land_surface_energy_shadow/m1_receiver.rs:373:1
    |
373 | pub(crate) enum M1CallerSupportResult {
    | ------------------------------------- method `checked_support_transaction_id` not found for this enum

error[E0599]: no method named `native_capability_consumption_receipt` found for struct `RealM1ProviderCaller` in the current scope
   --> crates/openwepp-hillslope-orchestrator/src/land_surface_energy_shadow/m1_provider_parent_controls.rs:352:24
    |
352 |                 caller.native_capability_consumption_receipt(),
    |                        ^^^^^^^^^^^^^^^^^^^^^^^^^^^^^^^^^^^^^ method not found in `RealM1ProviderCaller`
    |
   ::: crates/openwepp-hillslope-orchestrator/src/land_surface_energy_shadow/m1_fixed_sequence_provider.rs:717:1
    |
717 | pub(super) struct RealM1ProviderCaller(super::M1CallerState);
    | -------------------------------------- method `native_capability_consumption_receipt` not found for this struct

error[E0599]: no method named `replay_native_capability` found for struct `RealM1ProviderCaller` in the current scope
   --> crates/openwepp-hillslope-orchestrator/src/land_surface_energy_shadow/m1_provider_parent_controls.rs:356:18
    |
355 |               let replay = caller
    |  __________________________-
356 | |                 .replay_native_capability(receipt)
    | |                 -^^^^^^^^^^^^^^^^^^^^^^^^ method not found in `RealM1ProviderCaller`
    | |_________________|
    |
    |
   ::: crates/openwepp-hillslope-orchestrator/src/land_surface_energy_shadow/m1_fixed_sequence_provider.rs:717:1
    |
717 |   pub(super) struct RealM1ProviderCaller(super::M1CallerState);
    |   -------------------------------------- method `replay_native_capability` not found for this struct

error[E0599]: no method named `native_receiver_source_operands` found for enum `M1CallerSupportResult` in the current scope
   --> crates/openwepp-hillslope-orchestrator/src/land_surface_energy_shadow/m1_provider_parent_controls.rs:362:43
    |
362 |             let source_operands = outcome.native_receiver_source_operands();
    |                                           ^^^^^^^^^^^^^^^^^^^^^^^^^^^^^^^ method not found in `M1CallerSupportResult`
    |
   ::: crates/openwepp-hillslope-orchestrator/src/land_surface_energy_shadow/m1_receiver.rs:373:1
    |
373 | pub(crate) enum M1CallerSupportResult {
    | ------------------------------------- method `native_receiver_source_operands` not found for this enum

error[E0599]: no method named `ending_owner_bytes` found for enum `M1CallerSupportResult` in the current scope
   --> crates/openwepp-hillslope-orchestrator/src/land_surface_energy_shadow/m1_provider_parent_controls.rs:373:25
    |
373 |         prior = outcome.ending_owner_bytes().clone();
    |                         ^^^^^^^^^^^^^^^^^^ method not found in `M1CallerSupportResult`
    |
   ::: crates/openwepp-hillslope-orchestrator/src/land_surface_energy_shadow/m1_receiver.rs:373:1
    |
373 | pub(crate) enum M1CallerSupportResult {
    | ------------------------------------- method `ending_owner_bytes` not found for this enum

error[E0599]: no method named `complete_parent` found for struct `RealM1ProviderCaller` in the current scope
   --> crates/openwepp-hillslope-orchestrator/src/land_surface_energy_shadow/m1_provider_parent_controls.rs:380:10
    |
379 | /     caller
380 | |         .complete_parent()
    | |         -^^^^^^^^^^^^^^^ method not found in `RealM1ProviderCaller`
    | |_________|
    |
    |
   ::: crates/openwepp-hillslope-orchestrator/src/land_surface_energy_shadow/m1_fixed_sequence_provider.rs:717:1
    |
717 |   pub(super) struct RealM1ProviderCaller(super::M1CallerState);
    |   -------------------------------------- method `complete_parent` not found for this struct

error[E0599]: no method named `sealed_finalized_complete_owner_states` found for struct `RealM1ProviderCaller` in the current scope
   --> crates/openwepp-hillslope-orchestrator/src/land_surface_energy_shadow/m1_provider_parent_controls.rs:383:10
    |
382 |       let finalized_owners = caller
    |  ____________________________-
383 | |         .sealed_finalized_complete_owner_states()
    | |         -^^^^^^^^^^^^^^^^^^^^^^^^^^^^^^^^^^^^^^ method not found in `RealM1ProviderCaller`
    | |_________|
    |
    |
   ::: crates/openwepp-hillslope-orchestrator/src/land_surface_energy_shadow/m1_fixed_sequence_provider.rs:717:1
    |
717 |   pub(super) struct RealM1ProviderCaller(super::M1CallerState);
    |   -------------------------------------- method `sealed_finalized_complete_owner_states` not found for this struct

error[E0599]: no method named `parent_only_counters` found for struct `RealM1ProviderCaller` in the current scope
   --> crates/openwepp-hillslope-orchestrator/src/land_surface_energy_shadow/m1_provider_parent_controls.rs:440:16
    |
440 |         caller.parent_only_counters().parent_revision,
    |                ^^^^^^^^^^^^^^^^^^^^ method not found in `RealM1ProviderCaller`
    |
   ::: crates/openwepp-hillslope-orchestrator/src/land_surface_energy_shadow/m1_fixed_sequence_provider.rs:717:1
    |
717 | pub(super) struct RealM1ProviderCaller(super::M1CallerState);
    | -------------------------------------- method `parent_only_counters` not found for this struct

error[E0599]: no method named `parent_only_counters` found for struct `RealM1ProviderCaller` in the current scope
   --> crates/openwepp-hillslope-orchestrator/src/land_surface_energy_shadow/m1_provider_parent_controls.rs:444:16
    |
444 |         caller.parent_only_counters().publication_count,
    |                ^^^^^^^^^^^^^^^^^^^^ method not found in `RealM1ProviderCaller`
    |
   ::: crates/openwepp-hillslope-orchestrator/src/land_surface_energy_shadow/m1_fixed_sequence_provider.rs:717:1
    |
717 | pub(super) struct RealM1ProviderCaller(super::M1CallerState);
    | -------------------------------------- method `parent_only_counters` not found for this struct

error[E0599]: no method named `parent_clock_is_none` found for struct `RealM1ProviderCaller` in the current scope
   --> crates/openwepp-hillslope-orchestrator/src/land_surface_energy_shadow/m1_provider_parent_controls.rs:447:20
    |
447 |     assert!(caller.parent_clock_is_none() && caller.staged_owner_is_none());
    |                    ^^^^^^^^^^^^^^^^^^^^ method not found in `RealM1ProviderCaller`
    |
   ::: crates/openwepp-hillslope-orchestrator/src/land_surface_energy_shadow/m1_fixed_sequence_provider.rs:717:1
    |
717 | pub(super) struct RealM1ProviderCaller(super::M1CallerState);
    | -------------------------------------- method `parent_clock_is_none` not found for this struct

error[E0599]: no method named `staged_owner_is_none` found for struct `RealM1ProviderCaller` in the current scope
   --> crates/openwepp-hillslope-orchestrator/src/land_surface_energy_shadow/m1_provider_parent_controls.rs:447:53
    |
447 |     assert!(caller.parent_clock_is_none() && caller.staged_owner_is_none());
    |                                                     ^^^^^^^^^^^^^^^^^^^^ method not found in `RealM1ProviderCaller`
    |
   ::: crates/openwepp-hillslope-orchestrator/src/land_surface_energy_shadow/m1_fixed_sequence_provider.rs:717:1
    |
717 | pub(super) struct RealM1ProviderCaller(super::M1CallerState);
    | -------------------------------------- method `staged_owner_is_none` not found for this struct

error[E0599]: no method named `last_parent_receipt` found for struct `RealM1ProviderCaller` in the current scope
   --> crates/openwepp-hillslope-orchestrator/src/land_surface_energy_shadow/m1_provider_parent_controls.rs:448:23
    |
448 |     assert_eq!(caller.last_parent_receipt().accepted_slab_ids(), slab_ids);
    |                       ^^^^^^^^^^^^^^^^^^^ method not found in `RealM1ProviderCaller`
    |
   ::: crates/openwepp-hillslope-orchestrator/src/land_surface_energy_shadow/m1_fixed_sequence_provider.rs:717:1
    |
717 | pub(super) struct RealM1ProviderCaller(super::M1CallerState);
    | -------------------------------------- method `last_parent_receipt` not found for this struct

error[E0599]: no method named `complete_parent` found for struct `RealM1ProviderCaller` in the current scope
   --> crates/openwepp-hillslope-orchestrator/src/land_surface_energy_shadow/m1_provider_parent_controls.rs:450:16
    |
450 |         caller.complete_parent(),
    |                ^^^^^^^^^^^^^^^ method not found in `RealM1ProviderCaller`
    |
   ::: crates/openwepp-hillslope-orchestrator/src/land_surface_energy_shadow/m1_fixed_sequence_provider.rs:717:1
    |
717 | pub(super) struct RealM1ProviderCaller(super::M1CallerState);
    | -------------------------------------- method `complete_parent` not found for this struct

error[E0599]: no variant or associated item named `NoLiveParent` found for enum `M1ParentExecutionError` in the current scope
   --> crates/openwepp-hillslope-orchestrator/src/land_surface_energy_shadow/m1_provider_parent_controls.rs:451:37
    |
451 |         Err(M1ParentExecutionError::NoLiveParent(
    |                                     ^^^^^^^^^^^^ variant or associated item not found in `M1ParentExecutionError`
    |
   ::: crates/openwepp-hillslope-orchestrator/src/land_surface_energy_shadow/m1_fixed_sequence_provider.rs:50:1
    |
 50 | pub(super) enum M1ParentExecutionError {
    | -------------------------------------- variant or associated item `NoLiveParent` not found for this enum

error[E0599]: no method named `accepted_cursor` found for struct `RealM1ProviderCaller` in the current scope
   --> crates/openwepp-hillslope-orchestrator/src/land_surface_energy_shadow/m1_provider_parent_controls.rs:469:23
    |
469 |     assert_eq!(caller.accepted_cursor(), 1);
    |                       ^^^^^^^^^^^^^^^ method not found in `RealM1ProviderCaller`
    |
   ::: crates/openwepp-hillslope-orchestrator/src/land_surface_energy_shadow/m1_fixed_sequence_provider.rs:717:1
    |
717 | pub(super) struct RealM1ProviderCaller(super::M1CallerState);
    | -------------------------------------- method `accepted_cursor` not found for this struct

error[E0599]: no method named `active_parent_clock` found for struct `RealM1ProviderCaller` in the current scope
   --> crates/openwepp-hillslope-orchestrator/src/land_surface_energy_shadow/m1_provider_parent_controls.rs:471:10
    |
470 |       let clock = caller
    |  _________________-
471 | |         .active_parent_clock()
    | |         -^^^^^^^^^^^^^^^^^^^ method not found in `RealM1ProviderCaller`
    | |_________|
    |
    |
   ::: crates/openwepp-hillslope-orchestrator/src/land_surface_energy_shadow/m1_fixed_sequence_provider.rs:717:1
    |
717 |   pub(super) struct RealM1ProviderCaller(super::M1CallerState);
    |   -------------------------------------- method `active_parent_clock` not found for this struct

error[E0599]: no method named `accepted_slab_receipt` found for enum `M1CallerSupportResult` in the current scope
   --> crates/openwepp-hillslope-orchestrator/src/land_surface_energy_shadow/m1_provider_parent_controls.rs:476:16
    |
476 |         prefix.accepted_slab_receipt().id()
    |                ^^^^^^^^^^^^^^^^^^^^^ method not found in `M1CallerSupportResult`
    |
   ::: crates/openwepp-hillslope-orchestrator/src/land_surface_energy_shadow/m1_receiver.rs:373:1
    |
373 | pub(crate) enum M1CallerSupportResult {
    | ------------------------------------- method `accepted_slab_receipt` not found for this enum

error[E0599]: no method named `support` found for enum `M1CallerSupportResult` in the current scope
   --> crates/openwepp-hillslope-orchestrator/src/land_surface_energy_shadow/m1_provider_parent_controls.rs:478:47
    |
478 |     assert_eq!(clock.accepted_until(), prefix.support().end_ns());
    |                                               ^^^^^^^ method not found in `M1CallerSupportResult`
    |
   ::: crates/openwepp-hillslope-orchestrator/src/land_surface_energy_shadow/m1_receiver.rs:373:1
    |
373 | pub(crate) enum M1CallerSupportResult {
    | ------------------------------------- method `support` not found for this enum

error[E0599]: no variant or associated item named `LateOwningReceiver` found for enum `M1ParentExecutionError` in the current scope
   --> crates/openwepp-hillslope-orchestrator/src/land_surface_energy_shadow/m1_provider_parent_controls.rs:492:41
    |
492 |             Err(M1ParentExecutionError::LateOwningReceiver(rejected)) => {
    |                                         ^^^^^^^^^^^^^^^^^^ variant or associated item not found in `M1ParentExecutionError`
    |
   ::: crates/openwepp-hillslope-orchestrator/src/land_surface_energy_shadow/m1_fixed_sequence_provider.rs:50:1
    |
 50 | pub(super) enum M1ParentExecutionError {
    | -------------------------------------- variant or associated item `LateOwningReceiver` not found for this enum

error[E0599]: no method named `current_support_transaction_id` found for struct `RealM1ProviderCaller` in the current scope
   --> crates/openwepp-hillslope-orchestrator/src/land_surface_energy_shadow/m1_provider_parent_controls.rs:503:26
    |
502 | /                     caller
503 | |                         .current_support_transaction_id()
    | |                         -^^^^^^^^^^^^^^^^^^^^^^^^^^^^^^ method not found in `RealM1ProviderCaller`
    | |_________________________|
    |
    |
   ::: crates/openwepp-hillslope-orchestrator/src/land_surface_energy_shadow/m1_fixed_sequence_provider.rs:717:1
    |
717 |   pub(super) struct RealM1ProviderCaller(super::M1CallerState);
    |   -------------------------------------- method `current_support_transaction_id` not found for this struct

error[E0599]: no method named `replay_native_capability` found for struct `RealM1ProviderCaller` in the current scope
   --> crates/openwepp-hillslope-orchestrator/src/land_surface_energy_shadow/m1_provider_parent_controls.rs:530:22
    |
529 |                   let replay = caller
    |  ______________________________-
530 | |                     .replay_native_capability(native)
    | |                     -^^^^^^^^^^^^^^^^^^^^^^^^ method not found in `RealM1ProviderCaller`
    | |_____________________|
    |
    |
   ::: crates/openwepp-hillslope-orchestrator/src/land_surface_energy_shadow/m1_fixed_sequence_provider.rs:717:1
    |
717 |   pub(super) struct RealM1ProviderCaller(super::M1CallerState);
    |   -------------------------------------- method `replay_native_capability` not found for this struct

error[E0599]: no method named `native_receiver` found for enum `M1CallerSupportResult` in the current scope
   --> crates/openwepp-hillslope-orchestrator/src/land_surface_energy_shadow/m1_provider_parent_controls.rs:541:35
    |
541 |                 assert!(!accepted.native_receiver().is_positive());
    |                                   ^^^^^^^^^^^^^^^ method not found in `M1CallerSupportResult`
    |
   ::: crates/openwepp-hillslope-orchestrator/src/land_surface_energy_shadow/m1_receiver.rs:373:1
    |
373 | pub(crate) enum M1CallerSupportResult {
    | ------------------------------------- method `native_receiver` not found for this enum

error[E0599]: `openwepp_kernel_contract::SoilLayerId` doesn't implement `std::fmt::Display`
   --> crates/openwepp-hillslope-orchestrator/src/land_surface_energy_shadow/m1_receiver.rs:524:42
    |
524 |             .map(|layer| (layer.layer_id.to_string(), layer.temperature_k))
    |                                          ^^^^^^^^^ method cannot be called on `openwepp_kernel_contract::SoilLayerId` due to unsatisfied trait bounds
    |
   ::: crates/openwepp-kernel-contract/src/lib_mod/resource_transaction.rs:31:1
    |
 31 | pub struct SoilLayerId(String);
    | ---------------------- doesn't satisfy `_: Display` or `openwepp_kernel_contract::SoilLayerId: ToString`
    |
    = note: the following trait bounds were not satisfied:
            `openwepp_kernel_contract::SoilLayerId: std::fmt::Display`
            which is required by `openwepp_kernel_contract::SoilLayerId: ToString`

error[E0308]: mismatched types
   --> crates/openwepp-hillslope-orchestrator/src/land_surface_energy_shadow/m1_receiver.rs:653:13
    |
634 |         let receipt = super::V8CanopyForcingReceipt::try_new(
    |                       -------------------------------------- arguments to this function are incorrect
...
653 |             forcing.clone(),
    |             ^^^^^^^^^^^^^^^ expected `SnowFreeForcing`, found `LandSurfaceForcing`
    |
note: associated function defined here
   --> crates/openwepp-hillslope-orchestrator/src/land_surface_energy_shadow/v8_input_projection.rs:488:12
    |
488 |     pub fn try_new(
    |            ^^^^^^^
...
496 |         forcing: SnowFreeForcing,
    |         ------------------------

Some errors have detailed explanations: E0308, E0599.
For more information about an error, try `rustc --explain E0308`.
warning: `openwepp-hillslope-orchestrator` (lib test) generated 2 warnings
error: could not compile `openwepp-hillslope-orchestrator` (lib test) due to 58 previous errors; 2 warnings emitted
