warning: Git tree '/workdir/openWEPP' is dirty
warning: methods `complete_current_hydraulics` and `reset_current_hydraulics_after_nonroot_post_update` are never used
  --> crates/openwepp-land-surface-energy/src/m1_trust_region_controller_interface.rs:65:8
   |
38 | pub(crate) trait M1TrustRegionControllerEvaluator {
   |                  -------------------------------- methods in this trait
...
65 |     fn complete_current_hydraulics(
   |        ^^^^^^^^^^^^^^^^^^^^^^^^^^^
...
72 |     fn reset_current_hydraulics_after_nonroot_post_update(
   |        ^^^^^^^^^^^^^^^^^^^^^^^^^^^^^^^^^^^^^^^^^^^^^^^^^^
   |
   = note: `#[warn(dead_code)]` (part of `#[warn(unused)]`) on by default

warning: `openwepp-land-surface-energy` (lib test) generated 1 warning
    Finished `test` profile [unoptimized + debuginfo] target(s) in 0.03s
────────────
 Nextest run ID e9676ca3-9e4d-4491-8184-da046c239b34 with nextest profile: default
    Starting 50 tests across 1 binary (256 tests skipped)
  stdout ───

    running 1 test
    test m1_trust_region_stage2_controls::m1_stage2_exact_root_full_rank_admits_complete_no_update_witness ... ok

    test result: ok. 1 passed; 0 failed; 0 ignored; 0 measured; 305 filtered out; finished in 0.00s


        FAIL [   0.009s] ( 2/50) openwepp-land-surface-energy m1_coupled_tests::m1_trust_region_physical_adapter_initialization_binds_real_current_operands
  stdout ───

    running 1 test
    test m1_coupled_tests::m1_trust_region_physical_adapter_initialization_binds_real_current_operands ... FAILED

    failures:

    failures:
        m1_coupled_tests::m1_trust_region_physical_adapter_initialization_binds_real_current_operands

    test result: FAILED. 0 passed; 1 failed; 0 ignored; 0 measured; 305 filtered out; finished in 0.00s

  stderr ───

    thread 'm1_coupled_tests::m1_trust_region_physical_adapter_initialization_binds_real_current_operands' (3409845) panicked at crates/openwepp-land-surface-energy/src/m1_coupled_tests.rs:4587:10:
    physical adapter initialization must use the shared foundation state: IncompleteScope
    note: run with `RUST_BACKTRACE=1` environment variable to display a backtrace

  stdout ───

    running 1 test
    test m1_trust_region_stage2_controls::m1_stage2_finite_ci_operands_do_not_create_a_governed_threshold ... ok

    test result: ok. 1 passed; 0 failed; 0 ignored; 0 measured; 305 filtered out; finished in 0.01s


        FAIL [   0.024s] ( 4/50) openwepp-land-surface-energy m1_trust_region_stage2_controls::m1_stage2_current_hydraulics_complete_after_selected_probe_before_trial
  stdout ───

    running 1 test
    test m1_trust_region_stage2_controls::m1_stage2_current_hydraulics_complete_after_selected_probe_before_trial ... FAILED

    failures:

    failures:
        m1_trust_region_stage2_controls::m1_stage2_current_hydraulics_complete_after_selected_probe_before_trial

    test result: FAILED. 0 passed; 1 failed; 0 ignored; 0 measured; 305 filtered out; finished in 0.02s

  stderr ───

    thread 'm1_trust_region_stage2_controls::m1_stage2_current_hydraulics_complete_after_selected_probe_before_trial' (3409846) panicked at crates/openwepp-land-surface-energy/src/m1_trust_region_stage2_controls.rs:3674:5:
    assertion `left == right` failed
      left: MeritRejectedAndShrunk
     right: AcceptedUpdate
    note: run with `RUST_BACKTRACE=1` environment variable to display a backtrace

  stdout ───

    running 1 test
    test m1_trust_region_stage2_controls::m1_stage2_accepted_update_reassembles_natural_phase_at_new_base ... ok

    test result: ok. 1 passed; 0 failed; 0 ignored; 0 measured; 305 filtered out; finished in 0.02s


  stdout ───

    running 1 test
    test m1_trust_region_stage2_controls::m1_stage2_constrained_stationarity_is_nonterminal_rejection ... ok

    test result: ok. 1 passed; 0 failed; 0 ignored; 0 measured; 305 filtered out; finished in 0.02s


  stdout ───

    running 1 test
    test m1_trust_region_stage2_controls::m1_stage2_final_phase_disagreement_is_owning_and_precedes_trial ... ok

    test result: ok. 1 passed; 0 failed; 0 ignored; 0 measured; 305 filtered out; finished in 0.03s


  stdout ───

    running 1 test
    test m1_trust_region_stage2_controls::m1_stage2_full_no_update_materializes_current_base ... ok

    test result: ok. 1 passed; 0 failed; 0 ignored; 0 measured; 305 filtered out; finished in 0.00s


  stdout ───

    running 1 test
    test m1_trust_region_stage2_controls::m1_stage2_full_mixed_wet_hydraulic_nan_precedes_incomplete_scope ... ok

    test result: ok. 1 passed; 0 failed; 0 ignored; 0 measured; 305 filtered out; finished in 0.02s


  stdout ───

    running 1 test
    test m1_trust_region_stage2_controls::m1_stage2_changed_predictor_phase_reassembles_once_and_resolves_stage1 ... ok

    test result: ok. 1 passed; 0 failed; 0 ignored; 0 measured; 305 filtered out; finished in 0.03s


  stdout ───

    running 1 test
    test m1_trust_region_stage2_controls::m1_stage2_initial_raw_and_normalizer_faults_fail_at_weighted_system_guard ... ok

    test result: ok. 1 passed; 0 failed; 0 ignored; 0 measured; 305 filtered out; finished in 0.00s


  stdout ───

    running 1 test
    test m1_trust_region_stage2_controls::m1_stage2_first_domain_valid_replacement_terminal_error_cannot_open_third_witness ... ok

    test result: ok. 1 passed; 0 failed; 0 ignored; 0 measured; 305 filtered out; finished in 0.04s


  stdout ───

    running 1 test
    test m1_trust_region_stage2_controls::m1_stage2_first_valid_radius_replacement_materializes_original_base ... ok

    test result: ok. 1 passed; 0 failed; 0 ignored; 0 measured; 305 filtered out; finished in 0.04s


  stdout ───

    running 1 test
    test m1_trust_region_stage2_controls::m1_stage2_full_incomplete_evaluation_is_terminal_and_opens_no_witness ... ok

    test result: ok. 1 passed; 0 failed; 0 ignored; 0 measured; 305 filtered out; finished in 0.03s


  stdout ───

    running 1 test
    test m1_trust_region_stage2_controls::m1_stage2_hydraulic_threshold_equality_admits_full_no_update ... ok

    test result: ok. 1 passed; 0 failed; 0 ignored; 0 measured; 305 filtered out; finished in 0.01s


  stdout ───

    running 1 test
    test m1_trust_region_stage2_controls::m1_stage2_full_domain_invalid_opens_one_domain_valid_replacement_witness ... ok

    test result: ok. 1 passed; 0 failed; 0 ignored; 0 measured; 305 filtered out; finished in 0.05s


  stdout ───

    running 1 test
    test m1_trust_region_stage2_controls::m1_stage2_full_mixed_wet_presence_cannot_open_witness_then_complete_quarter_updates ... ok

    test result: ok. 1 passed; 0 failed; 0 ignored; 0 measured; 305 filtered out; finished in 0.04s


  stdout ───

    running 1 test
    test m1_trust_region_stage2_controls::m1_stage2_full_no_update_candidate_governed_operands_fail_closed ... ok

    test result: ok. 1 passed; 0 failed; 0 ignored; 0 measured; 305 filtered out; finished in 0.03s


  stdout ───

    running 1 test
    test m1_trust_region_stage2_controls::m1_stage2_negative_humidity_excess_never_admits_or_materializes ... ok

    test result: ok. 1 passed; 0 failed; 0 ignored; 0 measured; 305 filtered out; finished in 0.00s


  stdout ───

    running 1 test
    test m1_trust_region_stage2_controls::m1_stage2_incomplete_full_governed_evaluation_is_terminal_and_opens_no_witness ... ok

    test result: ok. 1 passed; 0 failed; 0 ignored; 0 measured; 305 filtered out; finished in 0.02s


  stdout ───

    running 1 test
    test m1_trust_region_stage2_controls::m1_stage2_exhausted_witness_still_allows_ordinary_update_and_resets_at_new_base ... ok

    test result: ok. 1 passed; 0 failed; 0 ignored; 0 measured; 305 filtered out; finished in 0.06s


  stdout ───

    running 1 test
    test m1_trust_region_stage2_controls::m1_stage2_mixed_wet_presence_rejects_ordinary_nonroot_step_and_shrinks ... ok

    test result: ok. 1 passed; 0 failed; 0 ignored; 0 measured; 305 filtered out; finished in 0.02s


  stdout ───

    running 1 test
    test m1_trust_region_stage2_controls::m1_stage2_full_no_update_candidate_raw_and_normalizer_faults_fail_before_materialization ... ok

    test result: ok. 1 passed; 0 failed; 0 ignored; 0 measured; 305 filtered out; finished in 0.05s


  stdout ───

    running 1 test
    test m1_trust_region_stage2_controls::m1_stage2_none_none_wet_operands_preserve_complete_governed_transition ... ok

    test result: ok. 1 passed; 0 failed; 0 ignored; 0 measured; 305 filtered out; finished in 0.02s


        FAIL [   0.025s] (25/50) openwepp-land-surface-energy m1_trust_region_stage2_controls::m1_stage2_pending_base_left_pending_fails_closed_before_trial
  stdout ───

    running 1 test
    test m1_trust_region_stage2_controls::m1_stage2_pending_base_left_pending_fails_closed_before_trial ... FAILED

    failures:

    failures:
        m1_trust_region_stage2_controls::m1_stage2_pending_base_left_pending_fails_closed_before_trial

    test result: FAILED. 0 passed; 1 failed; 0 ignored; 0 measured; 305 filtered out; finished in 0.02s

  stderr ───

    thread 'm1_trust_region_stage2_controls::m1_stage2_pending_base_left_pending_fails_closed_before_trial' (3409900) panicked at crates/openwepp-land-surface-energy/src/m1_trust_region_stage2_controls.rs:3749:5:
    assertion failed: matches!(result, Err(M1TrustRegionControllerError::IncompleteScope))
    note: run with `RUST_BACKTRACE=1` environment variable to display a backtrace

        FAIL [   0.029s] (26/50) openwepp-land-surface-energy m1_trust_region_stage2_controls::m1_stage2_pending_base_hydraulic_error_masks_no_prediction_and_trial
  stdout ───

    running 1 test
    test m1_trust_region_stage2_controls::m1_stage2_pending_base_hydraulic_error_masks_no_prediction_and_trial ... FAILED

    failures:

    failures:
        m1_trust_region_stage2_controls::m1_stage2_pending_base_hydraulic_error_masks_no_prediction_and_trial

    test result: FAILED. 0 passed; 1 failed; 0 ignored; 0 measured; 305 filtered out; finished in 0.03s

  stderr ───

    thread 'm1_trust_region_stage2_controls::m1_stage2_pending_base_hydraulic_error_masks_no_prediction_and_trial' (3409898) panicked at crates/openwepp-land-surface-energy/src/m1_trust_region_stage2_controls.rs:3723:5:
    assertion failed: matches!(result,
        Err(M1TrustRegionControllerError::Own("pending hydraulic completion error")))
    note: run with `RUST_BACKTRACE=1` environment variable to display a backtrace

  stdout ───

    running 1 test
    test m1_trust_region_stage2_controls::m1_stage2_post_update_root_materializes_installed_base_before_reassembly ... ok

    test result: ok. 1 passed; 0 failed; 0 ignored; 0 measured; 305 filtered out; finished in 0.00s


        FAIL [   0.027s] (28/50) openwepp-land-surface-energy m1_trust_region_stage2_controls::m1_stage2_pending_candidate_hydraulics_fail_closed
  stdout ───

    running 1 test
    test m1_trust_region_stage2_controls::m1_stage2_pending_candidate_hydraulics_fail_closed ... FAILED

    failures:

    failures:
        m1_trust_region_stage2_controls::m1_stage2_pending_candidate_hydraulics_fail_closed

    test result: FAILED. 0 passed; 1 failed; 0 ignored; 0 measured; 305 filtered out; finished in 0.02s

  stderr ───

    thread 'm1_trust_region_stage2_controls::m1_stage2_pending_candidate_hydraulics_fail_closed' (3409903) panicked at crates/openwepp-land-surface-energy/src/m1_trust_region_stage2_controls.rs:3765:5:
    assertion failed: matches!(result, Err(M1TrustRegionControllerError::IncompleteScope))
    note: run with `RUST_BACKTRACE=1` environment variable to display a backtrace

  stdout ───

    running 1 test
    test m1_trust_region_stage2_controls::m1_stage2_finite_governed_threshold_operands_gate_full_no_update_admission ... ok

    test result: ok. 1 passed; 0 failed; 0 ignored; 0 measured; 305 filtered out; finished in 0.10s


  stdout ───

    running 1 test
    test m1_trust_region_stage2_controls::m1_stage2_intervening_domain_invalid_does_not_consume_replacement_witness ... ok

    test result: ok. 1 passed; 0 failed; 0 ignored; 0 measured; 305 filtered out; finished in 0.06s


  stdout ───

    running 1 test
    test m1_trust_region_stage2_controls::m1_stage2_seeded_work_guard_records_actual_pre_entry_refusal ... ok

    test result: ok. 1 passed; 0 failed; 0 ignored; 0 measured; 305 filtered out; finished in 0.00s


  stdout ───

    running 1 test
    test m1_trust_region_stage2_controls::m1_stage2_raw_jacobian_and_frozen_merit_are_actual ... ok

    test result: ok. 1 passed; 0 failed; 0 ignored; 0 measured; 305 filtered out; finished in 0.02s


  stdout ───

    running 1 test
    test m1_trust_region_stage2_controls::m1_stage2_phase_selection_errors_retain_owning_error_and_chronology ... ok

    test result: ok. 1 passed; 0 failed; 0 ignored; 0 measured; 305 filtered out; finished in 0.04s


  stdout ───

    running 1 test
    test m1_trust_region_stage2_controls::m1_stage2_selected_side_error_precedes_pending_current_hydraulics ... ok

    test result: ok. 1 passed; 0 failed; 0 ignored; 0 measured; 305 filtered out; finished in 0.02s


  stdout ───

    running 1 test
    test m1_trust_region_stage2_controls::m1_stage2_selected_side_owner_error_follows_final_phase_verification ... ok

    test result: ok. 1 passed; 0 failed; 0 ignored; 0 measured; 305 filtered out; finished in 0.02s


  stdout ───

    running 1 test
    test m1_trust_region_stage2_controls::m1_stage2_selected_retry_phase_drift_is_terminal_without_third_assembly ... ok

    test result: ok. 1 passed; 0 failed; 0 ignored; 0 measured; 305 filtered out; finished in 0.04s


  stdout ───

    running 1 test
    test m1_trust_region_stage2_controls::m1_stage2_ordinary_four_radius_cases_use_actual_state ... ok

    test result: ok. 1 passed; 0 failed; 0 ignored; 0 measured; 305 filtered out; finished in 0.09s


  stdout ───

    running 1 test
    test m1_trust_region_stage2_controls::m1_stage2_all_eight_hydraulic_operands_fail_closed_before_admission ... ok

    test result: ok. 1 passed; 0 failed; 0 ignored; 0 measured; 305 filtered out; finished in 0.15s


  stdout ───

    running 1 test
    test m1_trust_region_stage2_controls::m1_stage2_unchanged_predictor_phase_uses_one_assembly_and_final_probe ... ok

    test result: ok. 1 passed; 0 failed; 0 ignored; 0 measured; 305 filtered out; finished in 0.02s


  stdout ───

    running 1 test
    test m1_trust_region_stage2_controls::m1_stage2_selected_retry_retains_selected_tangent_after_domain_refusal ... ok

    test result: ok. 1 passed; 0 failed; 0 ignored; 0 measured; 305 filtered out; finished in 0.05s


  stdout ───

    running 1 test
    test m1_trust_region_stage2_controls::m1_stage2_post_update_candidate_faults_precede_installation ... ok

    test result: ok. 1 passed; 0 failed; 0 ignored; 0 measured; 305 filtered out; finished in 0.07s


  stdout ───

    running 1 test
    test m1_trust_region_stage2_controls::m1_stage2_first_two_governed_temperature_excesses_block_third_small_proposal ... ok

    test result: ok. 1 passed; 0 failed; 0 ignored; 0 measured; 305 filtered out; finished in 0.22s


        FAIL [   0.199s] (43/50) openwepp-land-surface-energy m1_trust_region_stage2_controls::m1_stage2_pending_hydraulics_complete_once_per_base_and_reset_after_nonroot_update
  stdout ───

    running 1 test
    test m1_trust_region_stage2_controls::m1_stage2_pending_hydraulics_complete_once_per_base_and_reset_after_nonroot_update ... FAILED

    failures:

    failures:
        m1_trust_region_stage2_controls::m1_stage2_pending_hydraulics_complete_once_per_base_and_reset_after_nonroot_update

    test result: FAILED. 0 passed; 1 failed; 0 ignored; 0 measured; 305 filtered out; finished in 0.19s

  stderr ───

    thread 'm1_trust_region_stage2_controls::m1_stage2_pending_hydraulics_complete_once_per_base_and_reset_after_nonroot_update' (3409905) panicked at crates/openwepp-land-surface-energy/src/m1_trust_region_stage2_controls.rs:3789:5:
    assertion failed: matches!(result,
        Err(M1TrustRegionControllerError::Own("pending hydraulic completion error")))
    note: run with `RUST_BACKTRACE=1` environment variable to display a backtrace

  stdout ───

    running 1 test
    test m1_trust_region_stage2_controls::m1_stage2_mixed_replacement_is_consumed_and_three_excess_exhausts ... ok

    test result: ok. 1 passed; 0 failed; 0 ignored; 0 measured; 305 filtered out; finished in 0.23s


  stdout ───

    running 1 test
    test m1_trust_region_stage2_controls::m1_stage2_stationarity_exhausts_after_eleven_proposals_and_twenty_two_faces ... ok

    test result: ok. 1 passed; 0 failed; 0 ignored; 0 measured; 305 filtered out; finished in 0.23s


  stdout ───

    running 1 test
    test m1_trust_region_stage2_controls::m1_stage2_long_progress_rejected_global_twenty_fifth_retries_per_base ... ok

    test result: ok. 1 passed; 0 failed; 0 ignored; 0 measured; 305 filtered out; finished in 0.41s


  stdout ───

    running 1 test
    test m1_trust_region_stage2_controls::m1_stage2_long_progress_root_on_fiftieth_update_precedes_next_jacobian ... ok

    test result: ok. 1 passed; 0 failed; 0 ignored; 0 measured; 305 filtered out; finished in 0.62s


  stdout ───

    running 1 test
    test m1_trust_region_stage2_controls::m1_stage2_long_progress_fiftieth_root_materializer_error_precedes_cap ... ok

    test result: ok. 1 passed; 0 failed; 0 ignored; 0 measured; 305 filtered out; finished in 0.62s


  stdout ───

    running 1 test
    test m1_trust_region_stage2_controls::m1_stage2_long_progress_work_cap_is_fifty_accepted_proposals ... ok

    test result: ok. 1 passed; 0 failed; 0 ignored; 0 measured; 305 filtered out; finished in 0.63s


  stdout ───

    running 1 test
    test m1_trust_region_stage2_controls::m1_stage2_exact_root_and_replacement_candidate_faults_fail_closed ... ok

    test result: ok. 1 passed; 0 failed; 0 ignored; 0 measured; 305 filtered out; finished in 1.93s


────────────
     Summary [   1.938s] 50 tests run: 44 passed, 6 failed, 256 skipped
        FAIL [   0.009s] ( 2/50) openwepp-land-surface-energy m1_coupled_tests::m1_trust_region_physical_adapter_initialization_binds_real_current_operands
        FAIL [   0.024s] ( 4/50) openwepp-land-surface-energy m1_trust_region_stage2_controls::m1_stage2_current_hydraulics_complete_after_selected_probe_before_trial
        FAIL [   0.025s] (25/50) openwepp-land-surface-energy m1_trust_region_stage2_controls::m1_stage2_pending_base_left_pending_fails_closed_before_trial
        FAIL [   0.029s] (26/50) openwepp-land-surface-energy m1_trust_region_stage2_controls::m1_stage2_pending_base_hydraulic_error_masks_no_prediction_and_trial
        FAIL [   0.027s] (28/50) openwepp-land-surface-energy m1_trust_region_stage2_controls::m1_stage2_pending_candidate_hydraulics_fail_closed
        FAIL [   0.199s] (43/50) openwepp-land-surface-energy m1_trust_region_stage2_controls::m1_stage2_pending_hydraulics_complete_once_per_base_and_reset_after_nonroot_update
error: test run failed
