openWEPP Nix shell
  target:  /workdir/.cache/openwepp/targets/cold-canopy-m1-20260920-addb8c0a2f84
  scratch: /tmp/openwepp-roger-cold-canopy-m1-20260920-addb8c0a2f84
  cache:   /workdir/.cache/openwepp
   Compiling openwepp-land-surface-energy v0.1.0 (/home/roger/openwepp-experiments/cold-canopy-m1-20260920/crates/openwepp-land-surface-energy)
error[E0308]: `match` arms have incompatible types
    --> crates/openwepp-land-surface-energy/src/solver_covered_evaluation/m1_coupled.rs:2549:22
     |
2547 |               .map_err(|failure| match failure {
     |  ________________________________-
2548 | |                 M1PhaseJoinFailure::Source { error, .. } => error,
     | |                                                             ----- this is found to be of type `Box<solver::M1CoupledError>`
2549 | |                 _ => M1PhysicalTrustRegionAdapterOwnError::IncompleteScope,
     | |                      ^^^^^^^^^^^^^^^^^^^^^^^^^^^^^^^^^^^^^^^^^^^^^^^^^^^^^ expected `Box<M1CoupledError>`, found `M1PhysicalTrustRegionAdapterOwnError`
2550 | |             })?;
     | |_____________- `match` arms have incompatible types
     |
     = note: expected struct `Box<solver::M1CoupledError>`
                  found enum `M1PhysicalTrustRegionAdapterOwnError`

For more information about this error, try `rustc --explain E0308`.
error: could not compile `openwepp-land-surface-energy` (lib test) due to 1 previous error
exit_code=101
