openWEPP Nix shell
  target:  /workdir/.cache/openwepp/targets/cold-canopy-m1-20260920-addb8c0a2f84
  scratch: /tmp/openwepp-roger-cold-canopy-m1-20260920-addb8c0a2f84
  cache:   /workdir/.cache/openwepp
openwepp-land-surface-energy m1_coupled_tests::m1_trust_region_physical_adapter_initialization_binds_real_current_operands
openwepp-land-surface-energy m1_coupled_tests::m1_trust_region_physical_adapter_invalid_drainage_operand_is_refused_before_work
openwepp-land-surface-energy m1_coupled_tests::m1_trust_region_physical_adapter_original60_setup_is_separate_from_deferred_proposal
openwepp-land-surface-energy m1_trust_region_stage2_controls::m1_stage2_accepted_update_reassembles_natural_phase_at_new_base
openwepp-land-surface-energy m1_trust_region_stage2_controls::m1_stage2_all_eight_hydraulic_operands_fail_closed_before_admission
openwepp-land-surface-energy m1_trust_region_stage2_controls::m1_stage2_changed_predictor_phase_reassembles_once_and_resolves_stage1
openwepp-land-surface-energy m1_trust_region_stage2_controls::m1_stage2_constrained_stationarity_is_nonterminal_rejection
openwepp-land-surface-energy m1_trust_region_stage2_controls::m1_stage2_current_hydraulics_complete_after_selected_probe_before_trial
openwepp-land-surface-energy m1_trust_region_stage2_controls::m1_stage2_exact_root_and_replacement_candidate_faults_fail_closed
openwepp-land-surface-energy m1_trust_region_stage2_controls::m1_stage2_exact_root_full_rank_admits_complete_no_update_witness
openwepp-land-surface-energy m1_trust_region_stage2_controls::m1_stage2_exhausted_witness_still_allows_ordinary_update_and_resets_at_new_base
openwepp-land-surface-energy m1_trust_region_stage2_controls::m1_stage2_final_phase_disagreement_is_owning_and_precedes_trial
openwepp-land-surface-energy m1_trust_region_stage2_controls::m1_stage2_finite_ci_operands_do_not_create_a_governed_threshold
openwepp-land-surface-energy m1_trust_region_stage2_controls::m1_stage2_finite_governed_threshold_operands_gate_full_no_update_admission
openwepp-land-surface-energy m1_trust_region_stage2_controls::m1_stage2_first_domain_valid_replacement_terminal_error_cannot_open_third_witness
openwepp-land-surface-energy m1_trust_region_stage2_controls::m1_stage2_first_two_governed_temperature_excesses_block_third_small_proposal
openwepp-land-surface-energy m1_trust_region_stage2_controls::m1_stage2_first_valid_radius_replacement_materializes_original_base
openwepp-land-surface-energy m1_trust_region_stage2_controls::m1_stage2_full_domain_invalid_opens_one_domain_valid_replacement_witness
openwepp-land-surface-energy m1_trust_region_stage2_controls::m1_stage2_full_incomplete_evaluation_is_terminal_and_opens_no_witness
openwepp-land-surface-energy m1_trust_region_stage2_controls::m1_stage2_full_mixed_wet_hydraulic_nan_precedes_incomplete_scope
openwepp-land-surface-energy m1_trust_region_stage2_controls::m1_stage2_full_mixed_wet_presence_cannot_open_witness_then_complete_quarter_updates
openwepp-land-surface-energy m1_trust_region_stage2_controls::m1_stage2_full_no_update_candidate_governed_operands_fail_closed
openwepp-land-surface-energy m1_trust_region_stage2_controls::m1_stage2_full_no_update_candidate_raw_and_normalizer_faults_fail_before_materialization
openwepp-land-surface-energy m1_trust_region_stage2_controls::m1_stage2_full_no_update_materializes_current_base
openwepp-land-surface-energy m1_trust_region_stage2_controls::m1_stage2_hydraulic_threshold_equality_admits_full_no_update
openwepp-land-surface-energy m1_trust_region_stage2_controls::m1_stage2_incomplete_full_governed_evaluation_is_terminal_and_opens_no_witness
openwepp-land-surface-energy m1_trust_region_stage2_controls::m1_stage2_initial_raw_and_normalizer_faults_fail_at_weighted_system_guard
openwepp-land-surface-energy m1_trust_region_stage2_controls::m1_stage2_intervening_domain_invalid_does_not_consume_replacement_witness
openwepp-land-surface-energy m1_trust_region_stage2_controls::m1_stage2_long_progress_fiftieth_root_materializer_error_precedes_cap
openwepp-land-surface-energy m1_trust_region_stage2_controls::m1_stage2_long_progress_rejected_global_twenty_fifth_retries_per_base
openwepp-land-surface-energy m1_trust_region_stage2_controls::m1_stage2_long_progress_root_on_fiftieth_update_precedes_next_jacobian
openwepp-land-surface-energy m1_trust_region_stage2_controls::m1_stage2_long_progress_work_cap_is_fifty_accepted_proposals
openwepp-land-surface-energy m1_trust_region_stage2_controls::m1_stage2_mixed_replacement_is_consumed_and_three_excess_exhausts
openwepp-land-surface-energy m1_trust_region_stage2_controls::m1_stage2_mixed_wet_presence_rejects_ordinary_nonroot_step_and_shrinks
openwepp-land-surface-energy m1_trust_region_stage2_controls::m1_stage2_negative_humidity_excess_never_admits_or_materializes
openwepp-land-surface-energy m1_trust_region_stage2_controls::m1_stage2_none_none_wet_operands_preserve_complete_governed_transition
openwepp-land-surface-energy m1_trust_region_stage2_controls::m1_stage2_ordinary_four_radius_cases_use_actual_state
openwepp-land-surface-energy m1_trust_region_stage2_controls::m1_stage2_pending_base_hydraulic_error_masks_no_prediction_and_trial
openwepp-land-surface-energy m1_trust_region_stage2_controls::m1_stage2_pending_base_left_pending_fails_closed_before_trial
openwepp-land-surface-energy m1_trust_region_stage2_controls::m1_stage2_pending_candidate_hydraulics_fail_closed
openwepp-land-surface-energy m1_trust_region_stage2_controls::m1_stage2_pending_hydraulics_complete_once_per_base_and_reset_after_nonroot_update
openwepp-land-surface-energy m1_trust_region_stage2_controls::m1_stage2_phase_selection_errors_retain_owning_error_and_chronology
openwepp-land-surface-energy m1_trust_region_stage2_controls::m1_stage2_post_update_candidate_faults_precede_installation
openwepp-land-surface-energy m1_trust_region_stage2_controls::m1_stage2_post_update_root_materializes_installed_base_before_reassembly
openwepp-land-surface-energy m1_trust_region_stage2_controls::m1_stage2_raw_jacobian_and_frozen_merit_are_actual
openwepp-land-surface-energy m1_trust_region_stage2_controls::m1_stage2_seeded_work_guard_records_actual_pre_entry_refusal
openwepp-land-surface-energy m1_trust_region_stage2_controls::m1_stage2_selected_retry_phase_drift_is_terminal_without_third_assembly
openwepp-land-surface-energy m1_trust_region_stage2_controls::m1_stage2_selected_retry_retains_selected_tangent_after_domain_refusal
openwepp-land-surface-energy m1_trust_region_stage2_controls::m1_stage2_selected_side_error_precedes_pending_current_hydraulics
openwepp-land-surface-energy m1_trust_region_stage2_controls::m1_stage2_selected_side_owner_error_follows_final_phase_verification
openwepp-land-surface-energy m1_trust_region_stage2_controls::m1_stage2_stationarity_exhausts_after_eleven_proposals_and_twenty_two_faces
openwepp-land-surface-energy m1_trust_region_stage2_controls::m1_stage2_unchanged_predictor_phase_uses_one_assembly_and_final_probe
