warning: Git tree '/workdir/openWEPP' is dirty
   Compiling openwepp-land-surface-energy v0.1.0 (/home/roger/openwepp-experiments/cold-canopy-m1-20260920/crates/openwepp-land-surface-energy)
error[E0433]: cannot find `M1TrustRegionWitnessPath` in `super`
    --> crates/openwepp-land-surface-energy/src/m1_coupled_tests.rs:1548:16
     |
1548 |         super::M1TrustRegionWitnessPath::InstalledRoot,
     |                ^^^^^^^^^^^^^^^^^^^^^^^^ could not find `M1TrustRegionWitnessPath` in the crate root

error[E0433]: cannot find `M1TrustRegionWitnessPath` in `super`
    --> crates/openwepp-land-surface-energy/src/m1_coupled_tests.rs:1549:16
     |
1549 |         super::M1TrustRegionWitnessPath::FullNoUpdate,
     |                ^^^^^^^^^^^^^^^^^^^^^^^^ could not find `M1TrustRegionWitnessPath` in the crate root

error[E0433]: cannot find `M1TrustRegionWitnessPath` in `super`
    --> crates/openwepp-land-surface-energy/src/m1_coupled_tests.rs:1550:16
     |
1550 |         super::M1TrustRegionWitnessPath::FirstValidReplacement,
     |                ^^^^^^^^^^^^^^^^^^^^^^^^ could not find `M1TrustRegionWitnessPath` in the crate root

error[E0433]: cannot find `M1TrustRegionTestAssembly` in `super`
    --> crates/openwepp-land-surface-energy/src/m1_coupled_tests.rs:1647:20
     |
1647 |             super::M1TrustRegionTestAssembly::nonfinite_entry(),
     |                    ^^^^^^^^^^^^^^^^^^^^^^^^^ could not find `M1TrustRegionTestAssembly` in the crate root

error[E0433]: cannot find `M1TrustRegionTestAssembly` in `super`
    --> crates/openwepp-land-surface-energy/src/m1_coupled_tests.rs:1651:20
     |
1651 |             super::M1TrustRegionTestAssembly::requires_65_jacobi_sweeps(),
     |                    ^^^^^^^^^^^^^^^^^^^^^^^^^ could not find `M1TrustRegionTestAssembly` in the crate root

error[E0433]: cannot find `M1TrustRegionTestAssembly` in `super`
    --> crates/openwepp-land-surface-energy/src/m1_coupled_tests.rs:1655:20
     |
1655 |             super::M1TrustRegionTestAssembly::singular_values([1.0, 0.0]),
     |                    ^^^^^^^^^^^^^^^^^^^^^^^^^ could not find `M1TrustRegionTestAssembly` in the crate root

error[E0433]: cannot find `M1TrustRegionTestAssembly` in `super`
    --> crates/openwepp-land-surface-energy/src/m1_coupled_tests.rs:1659:20
     |
1659 |             super::M1TrustRegionTestAssembly::unbracketed_lambda(),
     |                    ^^^^^^^^^^^^^^^^^^^^^^^^^ could not find `M1TrustRegionTestAssembly` in the crate root

error[E0433]: cannot find `M1TrustRegionTestAssembly` in `super`
    --> crates/openwepp-land-surface-energy/src/m1_coupled_tests.rs:1663:20
     |
1663 |             super::M1TrustRegionTestAssembly::inaccurate_ball_endpoint(),
     |                    ^^^^^^^^^^^^^^^^^^^^^^^^^ could not find `M1TrustRegionTestAssembly` in the crate root

error[E0433]: cannot find `M1TrustRegionTestAssembly` in `super`
    --> crates/openwepp-land-surface-energy/src/m1_coupled_tests.rs:1667:20
     |
1667 |             super::M1TrustRegionTestAssembly::forty_three_crossing_face(),
     |                    ^^^^^^^^^^^^^^^^^^^^^^^^^ could not find `M1TrustRegionTestAssembly` in the crate root

error[E0425]: cannot find type `M1TrustRegionControllerRun` in the crate root
    --> crates/openwepp-land-surface-energy/src/solver_covered_evaluation/m1_coupled.rs:2338:12
     |
2338 |     crate::M1TrustRegionControllerRun,
     |            ^^^^^^^^^^^^^^^^^^^^^^^^^^
     |
    ::: crates/openwepp-land-surface-energy/src/lib.rs:158:1
     |
 158 | pub(crate) enum M1TrustRegionControllerOperation {
     | ------------------------------------------------ similarly named enum `M1TrustRegionControllerOperation` defined here
     |
help: an enum with a similar name exists
     |
2338 -     crate::M1TrustRegionControllerRun,
2338 +     crate::M1TrustRegionControllerOperation,
     |
help: consider importing this struct
     |
   3 + use crate::m1_trust_region_controller_interface::M1TrustRegionControllerRun;
     |
help: if you import `M1TrustRegionControllerRun`, refer to it directly
     |
2338 -     crate::M1TrustRegionControllerRun,
2338 +     M1TrustRegionControllerRun,
     |

error[E0425]: cannot find function `m1_trust_region_with_trial_domain_poison_for_test` in module `super`
    --> crates/openwepp-land-surface-energy/src/m1_coupled_tests.rs:1531:25
     |
1531 |     let domain = super::m1_trust_region_with_trial_domain_poison_for_test(&input, &trial());
     |                         ^^^^^^^^^^^^^^^^^^^^^^^^^^^^^^^^^^^^^^^^^^^^^^^^^ not found in `super`

error[E0425]: cannot find function `m1_trust_region_with_selected_side_error_for_test` in module `super`
    --> crates/openwepp-land-surface-energy/src/m1_coupled_tests.rs:1542:27
     |
1542 |     let terminal = super::m1_trust_region_with_selected_side_error_for_test(&input, &trial());
     |                           ^^^^^^^^^^^^^^^^^^^^^^^^^^^^^^^^^^^^^^^^^^^^^^^^^ not found in `super`

error[E0425]: cannot find function `m1_trust_region_witness_thresholds_for_test` in module `super`
    --> crates/openwepp-land-surface-energy/src/m1_coupled_tests.rs:1552:30
     |
1552 |           let witness = super::m1_trust_region_witness_thresholds_for_test(&input, &trial(), path);
     |                                ^^^^^^^^^^^^^^^^^^^^^^^^^^^^^^^^^^^^^^^^^^^
     |
    ::: crates/openwepp-land-surface-energy/src/m1_trust_region_stage1.rs:1329:1
     |
1329 | / pub(crate) fn m1_trust_region_solve_subproblem_for_test(
1330 | |     _input: &super::M1CoupledColumnInput,
1331 | |     _trial: &super::M1CoupledColumnTrial,
1332 | |     input: &super::M1TrustRegionSubproblemInput,
1333 | | ) -> Result<super::M1TrustRegionSubproblemObservation, super::M1TrustRegionSubproblemRefusal> {
1334 | |     solve_subproblem(input)
1335 | | }
     | |_- similarly named function `m1_trust_region_solve_subproblem_for_test` defined here
     |
help: a function with a similar name exists
     |
1552 -         let witness = super::m1_trust_region_witness_thresholds_for_test(&input, &trial(), path);
1552 +         let witness = super::m1_trust_region_solve_subproblem_for_test(&input, &trial(), path);
     |

error[E0425]: cannot find value `M1_GOVERNED_STEP_NORMS` in module `super`
    --> crates/openwepp-land-surface-energy/src/m1_coupled_tests.rs:1555:57
     |
1555 |         assert_eq!(witness.governed_norms.len(), super::M1_GOVERNED_STEP_NORMS);
     |                                                         ^^^^^^^^^^^^^^^^^^^^^^ not found in `super`

error[E0425]: cannot find function `m1_trust_region_phase_capacity_tie_for_test` in module `super`
    --> crates/openwepp-land-surface-energy/src/m1_coupled_tests.rs:1578:24
     |
1578 |       let phase = super::m1_trust_region_phase_capacity_tie_for_test(&input, &trial());
     |                          ^^^^^^^^^^^^^^^^^^^^^^^^^^^^^^^^^^^^^^^^^^^
     |
    ::: crates/openwepp-land-surface-energy/src/solver_covered_evaluation/m1_coupled.rs:2335:1
     |
2335 | / pub(crate) fn m1_trust_region_physical_adapter_run_for_test(
2336 | |     adapter: &mut M1PhysicalTrustRegionAdapter,
2337 | | ) -> Result<
2338 | |     crate::M1TrustRegionControllerRun,
...    |
2344 | |     Err(crate::m1_trust_region_controller::M1TrustRegionControllerError::IncompleteScope)
2345 | | }
     | |_- similarly named function `m1_trust_region_physical_adapter_run_for_test` defined here
     |
help: a function with a similar name exists
     |
1578 -     let phase = super::m1_trust_region_phase_capacity_tie_for_test(&input, &trial());
1578 +     let phase = super::m1_trust_region_physical_adapter_run_for_test(&input, &trial());
     |

error[E0425]: cannot find function `m1_trust_region_natural_tangent_for_test` in module `super`
    --> crates/openwepp-land-surface-energy/src/m1_coupled_tests.rs:1597:26
     |
1597 |       let natural = super::m1_trust_region_natural_tangent_for_test(&input, &trial());
     |                            ^^^^^^^^^^^^^^^^^^^^^^^^^^^^^^^^^^^^^^^^
     |
    ::: crates/openwepp-land-surface-energy/src/m1_trust_region_controller.rs:718:1
     |
 718 | / pub(crate) fn m1_trust_region_controller_run_for_test<E, P, Phase, V>(
 719 | |     evaluator: &mut V,
 720 | | ) -> Result<
 721 | |     super::m1_trust_region_controller_interface::M1TrustRegionControllerRun,
...    |
 783 | | }
     | |_- similarly named function `m1_trust_region_controller_run_for_test` defined here
     |
help: a function with a similar name exists
     |
1597 -     let natural = super::m1_trust_region_natural_tangent_for_test(&input, &trial());
1597 +     let natural = super::m1_trust_region_controller_run_for_test(&input, &trial());
     |

error[E0425]: cannot find function `m1_trust_region_cap_boundary_for_test` in module `super`
    --> crates/openwepp-land-surface-energy/src/m1_coupled_tests.rs:1613:30
     |
1613 |           let refusal = super::m1_trust_region_cap_boundary_for_test(&input, &trial(), limit);
     |                                ^^^^^^^^^^^^^^^^^^^^^^^^^^^^^^^^^^^^^
     |
    ::: crates/openwepp-land-surface-energy/src/m1_trust_region_controller.rs:718:1
     |
 718 | / pub(crate) fn m1_trust_region_controller_run_for_test<E, P, Phase, V>(
 719 | |     evaluator: &mut V,
 720 | | ) -> Result<
 721 | |     super::m1_trust_region_controller_interface::M1TrustRegionControllerRun,
...    |
 783 | | }
     | |_- similarly named function `m1_trust_region_controller_run_for_test` defined here
     |
help: a function with a similar name exists
     |
1613 -         let refusal = super::m1_trust_region_cap_boundary_for_test(&input, &trial(), limit);
1613 +         let refusal = super::m1_trust_region_controller_run_for_test(&input, &trial(), limit);
     |

error[E0425]: cannot find function `m1_trust_region_radius_exhaustion_for_test` in module `super`
    --> crates/openwepp-land-surface-energy/src/m1_coupled_tests.rs:1619:28
     |
1619 |       let exhausted = super::m1_trust_region_radius_exhaustion_for_test(&input, &trial());
     |                              ^^^^^^^^^^^^^^^^^^^^^^^^^^^^^^^^^^^^^^^^^^
     |
    ::: crates/openwepp-land-surface-energy/src/m1_trust_region_stage1.rs:686:1
     |
 686 | / pub(crate) fn m1_trust_region_jacobi_observation_for_test(
 687 | |     input: M1TrustRegionJacobiInput,
 688 | | ) -> M1TrustRegionJacobiObservation {
 689 | |     let mut observed_sweeps = 0;
...    |
 732 | | }
     | |_- similarly named function `m1_trust_region_jacobi_observation_for_test` defined here
     |
help: a function with a similar name exists
     |
1619 -     let exhausted = super::m1_trust_region_radius_exhaustion_for_test(&input, &trial());
1619 +     let exhausted = super::m1_trust_region_jacobi_observation_for_test(&input, &trial());
     |

error[E0425]: cannot find function `m1_trust_region_with_controlled_assembly_for_test` in module `super`
    --> crates/openwepp-land-surface-energy/src/m1_coupled_tests.rs:1672:20
     |
1672 |               super::m1_trust_region_with_controlled_assembly_for_test(&input, &trial(), assembly)
     |                      ^^^^^^^^^^^^^^^^^^^^^^^^^^^^^^^^^^^^^^^^^^^^^^^^^
     |
    ::: crates/openwepp-land-surface-energy/src/m1_trust_region_controller.rs:718:1
     |
 718 | / pub(crate) fn m1_trust_region_controller_run_for_test<E, P, Phase, V>(
 719 | |     evaluator: &mut V,
 720 | | ) -> Result<
 721 | |     super::m1_trust_region_controller_interface::M1TrustRegionControllerRun,
...    |
 783 | | }
     | |_- similarly named function `m1_trust_region_controller_run_for_test` defined here
     |
help: a function with a similar name exists
     |
1672 -             super::m1_trust_region_with_controlled_assembly_for_test(&input, &trial(), assembly)
1672 +             super::m1_trust_region_controller_run_for_test(&input, &trial(), assembly)
     |

Some errors have detailed explanations: E0425, E0433.
For more information about an error, try `rustc --explain E0425`.
error: could not compile `openwepp-land-surface-energy` (lib test) due to 19 previous errors
error: command `/nix/store/rai05nypxnmj22l65nwsk5xjsaq8s4vc-cargo-1.95.0/bin/cargo test --no-run --message-format json-render-diagnostics --package openwepp-land-surface-energy --lib --features m1-trust-region-controller-stage` exited with code 101
