warning: Git tree '/workdir/openWEPP' is dirty
   Compiling openwepp-vegetation v0.1.0 (/home/roger/openwepp-experiments/cold-canopy-m1-20260920/crates/openwepp-vegetation)
    Finished `test` profile [unoptimized + debuginfo] target(s) in 2.20s
────────────
 Nextest run ID 661baff4-0b5c-4954-8486-0bad1142ea2b with nextest profile: default
    Starting 8 tests across 1 binary
        FAIL [   0.005s] (4/8) openwepp-vegetation::cold_canopy_m1_expected_red m1_restart_roundtrips_three_positives_and_rejects_23_poisons
  stdout ───

    running 1 test
    test m1_restart_roundtrips_three_positives_and_rejects_23_poisons ... FAILED

    failures:

    failures:
        m1_restart_roundtrips_three_positives_and_rejects_23_poisons

    test result: FAILED. 0 passed; 1 failed; 0 ignored; 0 measured; 7 filtered out; finished in 0.00s

  stderr ───

    thread 'm1_restart_roundtrips_three_positives_and_rejects_23_poisons' (3966887) panicked at crates/openwepp-vegetation/tests/cold_canopy_m1_expected_red.rs:383:9:
    assertion `left == right` failed
      left: "mh_consistency"
     right: "domain"
    note: run with `RUST_BACKTRACE=1` environment variable to display a backtrace

  Cancelling due to test failure: 4 tests still running
────────────
     Summary [   0.006s] 8 tests run: 7 passed, 1 failed, 0 skipped
        FAIL [   0.005s] (4/8) openwepp-vegetation::cold_canopy_m1_expected_red m1_restart_roundtrips_three_positives_and_rejects_23_poisons
  stdout ───

    running 1 test
    test m1_restart_roundtrips_three_positives_and_rejects_23_poisons ... FAILED

    failures:

    failures:
        m1_restart_roundtrips_three_positives_and_rejects_23_poisons

    test result: FAILED. 0 passed; 1 failed; 0 ignored; 0 measured; 7 filtered out; finished in 0.00s

  stderr ───

    thread 'm1_restart_roundtrips_three_positives_and_rejects_23_poisons' (3966887) panicked at crates/openwepp-vegetation/tests/cold_canopy_m1_expected_red.rs:383:9:
    assertion `left == right` failed
      left: "mh_consistency"
     right: "domain"
    note: run with `RUST_BACKTRACE=1` environment variable to display a backtrace

error: test run failed
