warning: Git tree '/workdir/openWEPP' is dirty
    Checking openwepp-unit-boundary v0.1.0 (/home/roger/openwepp-experiments/cold-canopy-m1-projection-cache-20260930/frozen13/baseline/crates/openwepp-unit-boundary)
    Checking openwepp-sim-contract v0.1.0 (/home/roger/openwepp-experiments/cold-canopy-m1-projection-cache-20260930/frozen13/baseline/crates/openwepp-sim-contract)
    Checking openwepp-coupled-time v0.1.0 (/home/roger/openwepp-experiments/cold-canopy-m1-projection-cache-20260930/frozen13/baseline/crates/openwepp-coupled-time)
    Checking openwepp-kernel-contract v0.1.0 (/home/roger/openwepp-experiments/cold-canopy-m1-projection-cache-20260930/frozen13/baseline/crates/openwepp-kernel-contract)
    Checking openwepp-vegetation v0.1.0 (/home/roger/openwepp-experiments/cold-canopy-m1-projection-cache-20260930/frozen13/baseline/crates/openwepp-vegetation)
    Checking openwepp-land-surface-energy v0.1.0 (/home/roger/openwepp-experiments/cold-canopy-m1-projection-cache-20260930/frozen13/baseline/crates/openwepp-land-surface-energy)
warning: unused variable: `iteration`
    --> crates/openwepp-land-surface-energy/src/solver_covered_evaluation/m1_coupled.rs:4014:5
     |
4014 |     iteration: u32,
     |     ^^^^^^^^^ help: if this is intentional, prefix it with an underscore: `_iteration`
     |
     = note: `#[warn(unused_variables)]` (part of `#[warn(unused)]`) on by default

warning: unused variable: `corrected_assembly`
    --> crates/openwepp-land-surface-energy/src/solver_covered_evaluation/m1_coupled.rs:4015:5
     |
4015 |     corrected_assembly: bool,
     |     ^^^^^^^^^^^^^^^^^^ help: if this is intentional, prefix it with an underscore: `_corrected_assembly`

warning: unused variable: `error`
    --> crates/openwepp-land-surface-energy/src/solver_covered_evaluation/m1_coupled.rs:5760:21
     |
5760 |                 Err(error) => {
     |                     ^^^^^ help: if this is intentional, prefix it with an underscore: `_error`

warning: unused variable: `error`
    --> crates/openwepp-land-surface-energy/src/solver_covered_evaluation/m1_coupled.rs:5809:21
     |
5809 |                 Err(error) => {
     |                     ^^^^^ help: if this is intentional, prefix it with an underscore: `_error`

warning: field `linear_dimension` is never read
    --> crates/openwepp-land-surface-energy/src/solver_covered_evaluation/m1_coupled.rs:3821:5
     |
3801 | pub struct M1PhaseJoinControllerReport {
     |            --------------------------- field in this struct
...
3821 |     linear_dimension: usize,
     |     ^^^^^^^^^^^^^^^^
     |
     = note: `M1PhaseJoinControllerReport` has a derived impl for the trait `Clone`, but this is intentionally ignored during dead code analysis
     = note: `#[warn(dead_code)]` (part of `#[warn(unused)]`) on by default

warning: `openwepp-land-surface-energy` (lib) generated 5 warnings (run `cargo fix --lib -p openwepp-land-surface-energy` to apply 4 suggestions)
    Finished `dev` profile [unoptimized + debuginfo] target(s) in 9.67s
    Checking openwepp-sim-contract v0.1.0 (/home/roger/openwepp-experiments/cold-canopy-m1-projection-cache-20260930/frozen13/treatment/crates/openwepp-sim-contract)
    Checking openwepp-unit-boundary v0.1.0 (/home/roger/openwepp-experiments/cold-canopy-m1-projection-cache-20260930/frozen13/treatment/crates/openwepp-unit-boundary)
    Checking openwepp-coupled-time v0.1.0 (/home/roger/openwepp-experiments/cold-canopy-m1-projection-cache-20260930/frozen13/treatment/crates/openwepp-coupled-time)
    Checking openwepp-kernel-contract v0.1.0 (/home/roger/openwepp-experiments/cold-canopy-m1-projection-cache-20260930/frozen13/treatment/crates/openwepp-kernel-contract)
    Checking openwepp-vegetation v0.1.0 (/home/roger/openwepp-experiments/cold-canopy-m1-projection-cache-20260930/frozen13/treatment/crates/openwepp-vegetation)
    Checking openwepp-land-surface-energy v0.1.0 (/home/roger/openwepp-experiments/cold-canopy-m1-projection-cache-20260930/frozen13/treatment/crates/openwepp-land-surface-energy)
warning: unused variable: `iteration`
    --> crates/openwepp-land-surface-energy/src/solver_covered_evaluation/m1_coupled.rs:4014:5
     |
4014 |     iteration: u32,
     |     ^^^^^^^^^ help: if this is intentional, prefix it with an underscore: `_iteration`
     |
     = note: `#[warn(unused_variables)]` (part of `#[warn(unused)]`) on by default

warning: unused variable: `corrected_assembly`
    --> crates/openwepp-land-surface-energy/src/solver_covered_evaluation/m1_coupled.rs:4015:5
     |
4015 |     corrected_assembly: bool,
     |     ^^^^^^^^^^^^^^^^^^ help: if this is intentional, prefix it with an underscore: `_corrected_assembly`

warning: unused variable: `error`
    --> crates/openwepp-land-surface-energy/src/solver_covered_evaluation/m1_coupled.rs:5760:21
     |
5760 |                 Err(error) => {
     |                     ^^^^^ help: if this is intentional, prefix it with an underscore: `_error`

warning: unused variable: `error`
    --> crates/openwepp-land-surface-energy/src/solver_covered_evaluation/m1_coupled.rs:5809:21
     |
5809 |                 Err(error) => {
     |                     ^^^^^ help: if this is intentional, prefix it with an underscore: `_error`

warning: field `linear_dimension` is never read
    --> crates/openwepp-land-surface-energy/src/solver_covered_evaluation/m1_coupled.rs:3821:5
     |
3801 | pub struct M1PhaseJoinControllerReport {
     |            --------------------------- field in this struct
...
3821 |     linear_dimension: usize,
     |     ^^^^^^^^^^^^^^^^
     |
     = note: `M1PhaseJoinControllerReport` has a derived impl for the trait `Clone`, but this is intentionally ignored during dead code analysis
     = note: `#[warn(dead_code)]` (part of `#[warn(unused)]`) on by default

warning: `openwepp-land-surface-energy` (lib) generated 5 warnings (run `cargo fix --lib -p openwepp-land-surface-energy` to apply 4 suggestions)
    Finished `dev` profile [unoptimized + debuginfo] target(s) in 9.26s
