warning: Git tree '/workdir/openWEPP' is dirty
   Compiling proc-macro2 v1.0.106
   Compiling quote v1.0.45
   Compiling unicode-ident v1.0.24
   Compiling version_check v0.9.5
   Compiling generic-array v0.14.7
   Compiling serde_core v1.0.228
   Compiling typenum v1.20.0
   Compiling autocfg v1.5.1
   Compiling num-traits v0.2.19
   Compiling syn v2.0.117
   Compiling serde v1.0.228
   Compiling zmij v1.0.21
   Compiling serde_derive v1.0.228
   Compiling crypto-common v0.1.7
   Compiling block-buffer v0.10.4
   Compiling syn v3.0.3
   Compiling thiserror v2.0.20
   Compiling serde_json v1.0.150
   Compiling thiserror-impl v2.0.20
   Compiling digest v0.10.7
   Compiling num-integer v0.1.46
   Compiling memchr v2.8.0
   Compiling cfg-if v1.0.4
   Compiling cpufeatures v0.2.17
   Compiling itoa v1.0.18
   Compiling sha2 v0.10.9
   Compiling num-bigint v0.4.6
   Compiling base64 v0.22.1
   Compiling openwepp-sim-contract v0.1.0 (/home/roger/openwepp-experiments/cold-canopy-m1-projection-cache-20260930/frozen09/treatment/crates/openwepp-sim-contract)
   Compiling openwepp-unit-boundary v0.1.0 (/home/roger/openwepp-experiments/cold-canopy-m1-projection-cache-20260930/frozen09/treatment/crates/openwepp-unit-boundary)
   Compiling openwepp-coupled-time v0.1.0 (/home/roger/openwepp-experiments/cold-canopy-m1-projection-cache-20260930/frozen09/treatment/crates/openwepp-coupled-time)
   Compiling openwepp-kernel-contract v0.1.0 (/home/roger/openwepp-experiments/cold-canopy-m1-projection-cache-20260930/frozen09/treatment/crates/openwepp-kernel-contract)
   Compiling openwepp-vegetation v0.1.0 (/home/roger/openwepp-experiments/cold-canopy-m1-projection-cache-20260930/frozen09/treatment/crates/openwepp-vegetation)
   Compiling openwepp-land-surface-energy v0.1.0 (/home/roger/openwepp-experiments/cold-canopy-m1-projection-cache-20260930/frozen09/treatment/crates/openwepp-land-surface-energy)
error[E0425]: cannot find type `RefinementWorkLedger` in this scope
  --> crates/openwepp-land-surface-energy/src/m1_trust_region_stage1.rs:53:42
   |
53 |         mut refinement_work: Option<&mut RefinementWorkLedger>,
   |                                          ^^^^^^^^^^^^^^^^^^^^ not found in this scope
   |
help: consider importing this struct
   |
28 +     use crate::m1_trust_region_stage1::RefinementWorkLedger;
   |

warning: unused imports: `m1_trust_region_controller_run_for_test`, `m1_trust_region_controller_transition_for_test`, and `m1_trust_region_seeded_entry_guard_for_test`
  --> crates/openwepp-land-surface-energy/src/lib.rs:49:5
   |
49 |     m1_trust_region_controller_run_for_test, m1_trust_region_controller_transition_for_test,
   |     ^^^^^^^^^^^^^^^^^^^^^^^^^^^^^^^^^^^^^^^  ^^^^^^^^^^^^^^^^^^^^^^^^^^^^^^^^^^^^^^^^^^^^^^
50 |     m1_trust_region_seeded_entry_guard_for_test,
   |     ^^^^^^^^^^^^^^^^^^^^^^^^^^^^^^^^^^^^^^^^^^^
   |
   = note: `#[warn(unused_imports)]` (part of `#[warn(unused)]`) on by default

For more information about this error, try `rustc --explain E0425`.
warning: `openwepp-land-surface-energy` (lib test) generated 1 warning
error: could not compile `openwepp-land-surface-energy` (lib test) due to 1 previous error; 1 warning emitted
error: command `/nix/store/rai05nypxnmj22l65nwsk5xjsaq8s4vc-cargo-1.95.0/bin/cargo test --no-run --message-format json-render-diagnostics --package openwepp-land-surface-energy --lib --features m1-trust-region-physical-stage` exited with code 101
