warning: Git tree '/workdir/openWEPP' is dirty
   Compiling proc-macro2 v1.0.106
   Compiling quote v1.0.45
   Compiling unicode-ident v1.0.24
   Compiling version_check v0.9.5
   Compiling generic-array v0.14.7
   Compiling typenum v1.20.0
   Compiling autocfg v1.5.1
   Compiling serde_core v1.0.228
   Compiling num-traits v0.2.19
   Compiling syn v2.0.117
   Compiling zmij v1.0.21
   Compiling serde v1.0.228
   Compiling serde_derive v1.0.228
   Compiling crypto-common v0.1.7
   Compiling block-buffer v0.10.4
   Compiling syn v3.0.3
   Compiling serde_json v1.0.150
   Compiling thiserror v2.0.20
   Compiling thiserror-impl v2.0.20
   Compiling num-integer v0.1.46
   Compiling digest v0.10.7
   Compiling memchr v2.8.0
   Compiling cfg-if v1.0.4
   Compiling cpufeatures v0.2.17
   Compiling itoa v1.0.18
   Compiling sha2 v0.10.9
   Compiling num-bigint v0.4.6
   Compiling openwepp-unit-boundary v0.1.0 (/home/roger/openwepp-experiments/cold-canopy-m1-projection-cache-20260930/frozen11/treatment/crates/openwepp-unit-boundary)
   Compiling openwepp-sim-contract v0.1.0 (/home/roger/openwepp-experiments/cold-canopy-m1-projection-cache-20260930/frozen11/treatment/crates/openwepp-sim-contract)
   Compiling base64 v0.22.1
   Compiling openwepp-coupled-time v0.1.0 (/home/roger/openwepp-experiments/cold-canopy-m1-projection-cache-20260930/frozen11/treatment/crates/openwepp-coupled-time)
   Compiling openwepp-kernel-contract v0.1.0 (/home/roger/openwepp-experiments/cold-canopy-m1-projection-cache-20260930/frozen11/treatment/crates/openwepp-kernel-contract)
   Compiling openwepp-vegetation v0.1.0 (/home/roger/openwepp-experiments/cold-canopy-m1-projection-cache-20260930/frozen11/treatment/crates/openwepp-vegetation)
   Compiling openwepp-land-surface-energy v0.1.0 (/home/roger/openwepp-experiments/cold-canopy-m1-projection-cache-20260930/frozen11/treatment/crates/openwepp-land-surface-energy)
error[E0616]: field `coordinates` of struct `m1_coupled::M1CoupledColumnTrial` is private
    --> crates/openwepp-land-surface-energy/src/m1_coupled_tests.rs:1786:41
     |
1786 |         "original_trial_seed_bits":seed.coordinates.map(f64::to_bits),
     |                                         ^^^^^^^^^^^ private field

For more information about this error, try `rustc --explain E0616`.
error: could not compile `openwepp-land-surface-energy` (lib test) due to 1 previous error
error: command `/nix/store/rai05nypxnmj22l65nwsk5xjsaq8s4vc-cargo-1.95.0/bin/cargo test --no-run --message-format json-render-diagnostics --package openwepp-land-surface-energy --lib --features m1-trust-region-physical-stage,m1-trust-region-analytic-stage,m1-trust-region-controller-stage` exited with code 101
