warning: Git tree '/workdir/openWEPP' is dirty
    Checking openwepp-vegetation v0.1.0 (/home/roger/openwepp-experiments/cold-canopy-m1-20260920/crates/openwepp-vegetation)
error: this argument is passed by value, but not consumed in the function body
   --> crates/openwepp-vegetation/src/cold_canopy_m1_owner.rs:480:14
    |
480 |     lineage: M1CandidateLineage,
    |              ^^^^^^^^^^^^^^^^^^
    |
help: or consider marking this type as `Copy`
   --> crates/openwepp-vegetation/src/cold_canopy_m1_owner.rs:74:1
    |
 74 | struct M1CandidateLineage {
    | ^^^^^^^^^^^^^^^^^^^^^^^^^
    = help: for further information visit https://rust-lang.github.io/rust-clippy/master/index.html#needless_pass_by_value
    = note: `-D clippy::needless-pass-by-value` implied by `-D warnings`
    = help: to override `-D warnings` add `#[allow(clippy::needless_pass_by_value)]`
help: consider taking a reference instead
    |
480 |     lineage: &M1CandidateLineage,
    |              +

error: could not compile `openwepp-vegetation` (lib) due to 1 previous error
