warning: Git tree '/workdir/openWEPP' is dirty
   Compiling openwepp-land-surface-energy v0.1.0 (/home/roger/openwepp-experiments/cold-canopy-m1-20260920/crates/openwepp-land-surface-energy)
error[E0433]: cannot find `M1TrustRegionWorkObservation` in `crate`
    --> crates/openwepp-land-surface-energy/src/m1_trust_region_stage2_controls.rs:1772:16
     |
1772 |         crate::M1TrustRegionWorkObservation::default()
     |                ^^^^^^^^^^^^^^^^^^^^^^^^^^^^ could not find `M1TrustRegionWorkObservation` in the crate root
     |
help: a struct with a similar name exists
     |
1772 -         crate::M1TrustRegionWorkObservation::default()
1772 +         crate::M1TrustRegionBallObservation::default()
     |

error[E0609]: no field `accounting_observations` on type `Fixture`
    --> crates/openwepp-land-surface-energy/src/m1_trust_region_stage2_controls.rs:1720:24
     |
1720 |     assert_eq!(changed.accounting_observations.len(), 1);
     |                        ^^^^^^^^^^^^^^^^^^^^^^^ unknown field
     |
     = note: available fields are: `kind`, `base`, `scale`, `lower`, `upper` ... and 12 others

error[E0609]: no field `accounting_observations` on type `Fixture`
    --> crates/openwepp-land-surface-energy/src/m1_trust_region_stage2_controls.rs:1721:32
     |
1721 |     let changed_work = changed.accounting_observations[0].clone();
     |                                ^^^^^^^^^^^^^^^^^^^^^^^ unknown field
     |
     = note: available fields are: `kind`, `base`, `scale`, `lower`, `upper` ... and 12 others

error[E0609]: no field `accounting_observations` on type `Fixture`
    --> crates/openwepp-land-surface-energy/src/m1_trust_region_stage2_controls.rs:1737:24
     |
1737 |     assert_eq!(partial.accounting_observations.len(), 1);
     |                        ^^^^^^^^^^^^^^^^^^^^^^^ unknown field
     |
     = note: available fields are: `kind`, `base`, `scale`, `lower`, `upper` ... and 12 others

error[E0609]: no field `accounting_observations` on type `Fixture`
    --> crates/openwepp-land-surface-energy/src/m1_trust_region_stage2_controls.rs:1738:24
     |
1738 |     assert_eq!(partial.accounting_observations[0], changed_work);
     |                        ^^^^^^^^^^^^^^^^^^^^^^^ unknown field
     |
     = note: available fields are: `kind`, `base`, `scale`, `lower`, `upper` ... and 12 others

error[E0609]: no field `accounting_observations` on type `Fixture`
    --> crates/openwepp-land-surface-energy/src/m1_trust_region_stage2_controls.rs:1743:24
     |
1743 |     assert_eq!(natural.accounting_observations.len(), 1);
     |                        ^^^^^^^^^^^^^^^^^^^^^^^ unknown field
     |
     = note: available fields are: `kind`, `base`, `scale`, `lower`, `upper` ... and 12 others

error[E0609]: no field `accounting_observations` on type `Fixture`
    --> crates/openwepp-land-surface-energy/src/m1_trust_region_stage2_controls.rs:1744:32
     |
1744 |     let natural_work = natural.accounting_observations[0].clone();
     |                                ^^^^^^^^^^^^^^^^^^^^^^^ unknown field
     |
     = note: available fields are: `kind`, `base`, `scale`, `lower`, `upper` ... and 12 others

error[E0609]: no field `accounting_observations` on type `Fixture`
    --> crates/openwepp-land-surface-energy/src/m1_trust_region_stage2_controls.rs:1753:31
     |
1753 |     assert_eq!(rank_deficient.accounting_observations.len(), 1);
     |                               ^^^^^^^^^^^^^^^^^^^^^^^ unknown field
     |
     = note: available fields are: `kind`, `base`, `scale`, `lower`, `upper` ... and 12 others

error[E0609]: no field `accounting_observations` on type `Fixture`
    --> crates/openwepp-land-surface-energy/src/m1_trust_region_stage2_controls.rs:1754:46
     |
1754 |     let rank_deficient_work = rank_deficient.accounting_observations[0].clone();
     |                                              ^^^^^^^^^^^^^^^^^^^^^^^ unknown field
     |
     = note: available fields are: `kind`, `base`, `scale`, `lower`, `upper` ... and 12 others

error[E0609]: no field `accounting_observations` on type `Fixture`
    --> crates/openwepp-land-surface-energy/src/m1_trust_region_stage2_controls.rs:1769:24
     |
1769 |     assert_eq!(initial.accounting_observations.len(), 1);
     |                        ^^^^^^^^^^^^^^^^^^^^^^^ unknown field
     |
     = note: available fields are: `kind`, `base`, `scale`, `lower`, `upper` ... and 12 others

error[E0609]: no field `accounting_observations` on type `Fixture`
    --> crates/openwepp-land-surface-energy/src/m1_trust_region_stage2_controls.rs:1771:17
     |
1771 |         initial.accounting_observations[0],
     |                 ^^^^^^^^^^^^^^^^^^^^^^^ unknown field
     |
     = note: available fields are: `kind`, `base`, `scale`, `lower`, `upper` ... and 12 others

error[E0609]: no field `accounting_observations` on type `Fixture`
    --> crates/openwepp-land-surface-energy/src/m1_trust_region_stage2_controls.rs:1778:20
     |
1778 |     assert_eq!(run.accounting_observations.len(), 1);
     |                    ^^^^^^^^^^^^^^^^^^^^^^^ unknown field
     |
     = note: available fields are: `kind`, `base`, `scale`, `lower`, `upper` ... and 12 others

error[E0609]: no field `accounting_observations` on type `Fixture`
    --> crates/openwepp-land-surface-energy/src/m1_trust_region_stage2_controls.rs:1779:32
     |
1779 |     let exact_root_work = &run.accounting_observations[0];
     |                                ^^^^^^^^^^^^^^^^^^^^^^^ unknown field
     |
     = note: available fields are: `kind`, `base`, `scale`, `lower`, `upper` ... and 12 others

error[E0609]: no field `work` on type `M1TrustRegionControllerRun`
    --> crates/openwepp-land-surface-energy/src/m1_trust_region_stage2_controls.rs:1780:49
     |
1780 |     assert_eq!(exact_root_work, &exact_root_run.work);
     |                                                 ^^^^ unknown field
     |
     = note: available fields are: `initial_radius`, `proposals`, `entered_svd_factorizations`, `refinement_scalar_operations`, `refinement_guard_events` ... and 8 others

warning: unused variable: `lower_before`
    --> crates/openwepp-land-surface-energy/src/m1_trust_region_stage1.rs:4102:9
     |
4102 |     let lower_before = state.lower_active.to_vec();
     |         ^^^^^^^^^^^^ help: if this is intentional, prefix it with an underscore: `_lower_before`
     |
     = note: `#[warn(unused_variables)]` (part of `#[warn(unused)]`) on by default

warning: unused variable: `upper_before`
    --> crates/openwepp-land-surface-energy/src/m1_trust_region_stage1.rs:4103:9
     |
4103 |     let upper_before = state.upper_active.to_vec();
     |         ^^^^^^^^^^^^ help: if this is intentional, prefix it with an underscore: `_upper_before`

Some errors have detailed explanations: E0433, E0609.
For more information about an error, try `rustc --explain E0433`.
warning: `openwepp-land-surface-energy` (lib test) generated 2 warnings
error: could not compile `openwepp-land-surface-energy` (lib test) due to 14 previous errors; 2 warnings emitted
error: command `/nix/store/rai05nypxnmj22l65nwsk5xjsaq8s4vc-cargo-1.95.0/bin/cargo test --no-run --message-format json-render-diagnostics --package openwepp-land-surface-energy --lib --features m1-trust-region-analytic-stage,m1-trust-region-physical-stage` exited with code 101
