waiting for another Nix process to finish fetching input 'git+file:///workdir/openWEPP'...
waiting for another Nix process to finish fetching input 'git+file:///workdir/openWEPP'...
waiting for another Nix process to finish fetching input 'git+file:///workdir/openWEPP'...
warning: Git tree '/workdir/openWEPP' is dirty
error (ignored): SQLite database '/home/roger/.cache/nix/eval-cache-v6/cd65b5da9680f4ca79bfa8097bd9ab5873082a1697a9aae72023a0bb8f7ae214.sqlite' is busy
   Compiling openwepp-land-surface-energy v0.1.0 (/home/roger/openwepp-experiments/cold-canopy-m1-20260920/crates/openwepp-land-surface-energy)
error[E0308]: mismatched types
    --> crates/openwepp-land-surface-energy/src/m1_trust_region_stage1.rs:6946:13
     |
6944 |         refinement_dot2_refusal(
     |         ----------------------- arguments to this function are incorrect
6945 |             counters,
6946 |             reason,
     |             ^^^^^^ expected `RefinementDot2Reason`, found `RefinementDot2Refusal`
     |
note: function defined here
    --> crates/openwepp-land-surface-energy/src/m1_trust_region_stage1.rs:6916:4
     |
6916 | fn refinement_dot2_refusal(
     |    ^^^^^^^^^^^^^^^^^^^^^^^
6917 |     counters: &RefinementDot2Counters,
6918 |     reason: RefinementDot2Reason,
     |     ----------------------------

For more information about this error, try `rustc --explain E0308`.
error: could not compile `openwepp-land-surface-energy` (lib test) due to 1 previous error
error: command `/nix/store/rai05nypxnmj22l65nwsk5xjsaq8s4vc-cargo-1.95.0/bin/cargo test --no-run --message-format json-render-diagnostics --package openwepp-land-surface-energy --lib --features m1-trust-region-analytic-stage,m1-trust-region-physical-stage --release` exited with code 101
