warning: Git tree '/workdir/openWEPP' is dirty
   Compiling openwepp-land-surface-energy v0.1.0 (/home/roger/openwepp-experiments/cold-canopy-m1-20260920/crates/openwepp-land-surface-energy)
warning: unused imports: `RefinementRawCandidateMutation` and `m1_trust_region_refinement_scratch_hooks_for_test`
    --> crates/openwepp-land-surface-energy/src/m1_trust_region_stage1.rs:6342:37
     |
6342 |         RefinementEligibilityProbe, RefinementRawCandidateMutation, RefinementWorkReservation,
     |                                     ^^^^^^^^^^^^^^^^^^^^^^^^^^^^^^
...
6345 |         m1_trust_region_refinement_scratch_hooks_for_test,
     |         ^^^^^^^^^^^^^^^^^^^^^^^^^^^^^^^^^^^^^^^^^^^^^^^^^
     |
     = note: `#[warn(unused_imports)]` (part of `#[warn(unused)]`) on by default

warning: unused variable: `solution`
    --> crates/openwepp-land-surface-energy/src/m1_trust_region_stage1.rs:2327:5
     |
2327 |     solution: &FaceSolution,
     |     ^^^^^^^^ help: if this is intentional, prefix it with an underscore: `_solution`
     |
     = note: `#[warn(unused_variables)]` (part of `#[warn(unused)]`) on by default

warning: variable does not need to be mutable
    --> crates/openwepp-land-surface-energy/src/m1_trust_region_stage1.rs:3646:13
     |
3646 |         Err(mut refusal) => {
     |             ----^^^^^^^
     |             |
     |             help: remove this `mut`
     |
     = note: `#[warn(unused_mut)]` (part of `#[warn(unused)]`) on by default

warning: unused variable: `lower_before`
    --> crates/openwepp-land-surface-energy/src/m1_trust_region_stage1.rs:3918:9
     |
3918 |     let lower_before = state.lower_active.to_vec();
     |         ^^^^^^^^^^^^ help: if this is intentional, prefix it with an underscore: `_lower_before`

warning: unused variable: `upper_before`
    --> crates/openwepp-land-surface-energy/src/m1_trust_region_stage1.rs:3919:9
     |
3919 |     let upper_before = state.upper_active.to_vec();
     |         ^^^^^^^^^^^^ help: if this is intentional, prefix it with an underscore: `_upper_before`

warning: unused variable: `solution`
    --> crates/openwepp-land-surface-energy/src/m1_trust_region_stage1.rs:4598:5
     |
4598 |     solution: &FaceSolution,
     |     ^^^^^^^^ help: if this is intentional, prefix it with an underscore: `_solution`

warning: unused variable: `prepared`
    --> crates/openwepp-land-surface-energy/src/m1_trust_region_stage1.rs:4599:5
     |
4599 |     prepared: &PreparedSubproblem,
     |     ^^^^^^^^ help: if this is intentional, prefix it with an underscore: `_prepared`

warning: fields `ratio` and `tied_coordinates` are never read
   --> crates/openwepp-land-surface-energy/src/lib.rs:366:16
    |
363 | pub(crate) struct M1TrustRegionOptimalityReleaseObservation {
    |                   ----------------------------------------- fields in this struct
...
366 |     pub(crate) ratio: Option<f64>,
    |                ^^^^^
367 |     pub(crate) tied_coordinates: u8,
    |                ^^^^^^^^^^^^^^^^
    |
    = note: `M1TrustRegionOptimalityReleaseObservation` has derived impls for the traits `Debug` and `Clone`, but these are intentionally ignored during dead code analysis
    = note: `#[warn(dead_code)]` (part of `#[warn(unused)]`) on by default

warning: field `selected_release` is never read
   --> crates/openwepp-land-surface-energy/src/lib.rs:374:16
    |
372 | pub(crate) struct M1TrustRegionOptimalityObservation {
    |                   ---------------------------------- field in this struct
373 |     pub(crate) coordinates: Vec<M1TrustRegionOptimalityCoordinateObservation>,
374 |     pub(crate) selected_release: Option<M1TrustRegionOptimalityReleaseObservation>,
    |                ^^^^^^^^^^^^^^^^
    |
    = note: `M1TrustRegionOptimalityObservation` has derived impls for the traits `Debug` and `Clone`, but these are intentionally ignored during dead code analysis

warning: fields `refinement_scalar_operations`, `refinement_guard_events`, `refinement_attempted_entries`, and `refinement_denied_entries` are never read
   --> crates/openwepp-land-surface-energy/src/lib.rs:400:16
    |
380 | pub(crate) struct M1TrustRegionSubproblemObservation {
    |                   ---------------------------------- fields in this struct
...
400 |     pub(crate) refinement_scalar_operations: u64,
    |                ^^^^^^^^^^^^^^^^^^^^^^^^^^^^
401 |     pub(crate) refinement_guard_events: u64,
    |                ^^^^^^^^^^^^^^^^^^^^^^^
402 |     pub(crate) refinement_attempted_entries: u16,
    |                ^^^^^^^^^^^^^^^^^^^^^^^^^^^^
403 |     pub(crate) refinement_denied_entries: u16,
    |                ^^^^^^^^^^^^^^^^^^^^^^^^^
    |
    = note: `M1TrustRegionSubproblemObservation` has derived impls for the traits `Debug` and `Clone`, but these are intentionally ignored during dead code analysis

warning: fields `optimality_radius` and `optimality_lambda` are never read
   --> crates/openwepp-land-surface-energy/src/lib.rs:412:16
    |
408 | pub(crate) struct M1TrustRegionSubproblemRefusal {
    |                   ------------------------------ fields in this struct
...
412 |     pub(crate) optimality_radius: Option<Box<f64>>,
    |                ^^^^^^^^^^^^^^^^^
413 |     pub(crate) optimality_lambda: Option<Box<f64>>,
    |                ^^^^^^^^^^^^^^^^^
    |
    = note: `M1TrustRegionSubproblemRefusal` has derived impls for the traits `Debug` and `Clone`, but these are intentionally ignored during dead code analysis

warning: function `m1_refinement_phase_join_selections_for_test` is never used
  --> crates/openwepp-land-surface-energy/src/solver_covered_evaluation/m1_coupled.rs:23:15
   |
23 | pub(crate) fn m1_refinement_phase_join_selections_for_test() -> u32 {
   |               ^^^^^^^^^^^^^^^^^^^^^^^^^^^^^^^^^^^^^^^^^^^^

warning: function `refinement_frozen_weighted_merit_entries_for_test` is never used
  --> crates/openwepp-land-surface-energy/src/m1_trust_region_stage1.rs:26:15
   |
26 | pub(crate) fn refinement_frozen_weighted_merit_entries_for_test() -> u32 {
   |               ^^^^^^^^^^^^^^^^^^^^^^^^^^^^^^^^^^^^^^^^^^^^^^^^^

warning: variants `FinalBox`, `ScratchRadius`, and `ActiveValue` are never constructed
   --> crates/openwepp-land-surface-energy/src/m1_trust_region_stage1.rs:201:5
    |
200 | enum RefinementRawCandidateMutation {
    |      ------------------------------ variants in this enum
201 |     FinalBox {
    |     ^^^^^^^^
...
210 |     ScratchRadius {
    |     ^^^^^^^^^^^^^
...
219 |     ActiveValue {
    |     ^^^^^^^^^^^
    |
    = note: `RefinementRawCandidateMutation` has derived impls for the traits `Debug` and `Clone`, but these are intentionally ignored during dead code analysis

warning: function `refinement_observation_begin` is never used
   --> crates/openwepp-land-surface-energy/src/m1_trust_region_stage1.rs:286:4
    |
286 | fn refinement_observation_begin() {
    |    ^^^^^^^^^^^^^^^^^^^^^^^^^^^^

warning: fields `required_scalar_operations` and `required_guard_events` are never read
    --> crates/openwepp-land-surface-energy/src/m1_trust_region_stage1.rs:3170:5
     |
3167 | struct RefinementWorkReservation {
     |        ------------------------- fields in this struct
...
3170 |     required_scalar_operations: u64,
     |     ^^^^^^^^^^^^^^^^^^^^^^^^^^
3171 |     required_guard_events: u64,
     |     ^^^^^^^^^^^^^^^^^^^^^
     |
     = note: `RefinementWorkReservation` has derived impls for the traits `Debug` and `Clone`, but these are intentionally ignored during dead code analysis

warning: fields `live_state_bits_entry` and `live_state_bits_exit` are never read
    --> crates/openwepp-land-surface-energy/src/m1_trust_region_stage1.rs:3177:5
     |
3176 | struct RefinementRetainedFaceObservation {
     |        --------------------------------- fields in this struct
3177 |     live_state_bits_entry: [u64; 21],
     |     ^^^^^^^^^^^^^^^^^^^^^
3178 |     live_state_bits_exit: [u64; 21],
     |     ^^^^^^^^^^^^^^^^^^^^
     |
     = note: `RefinementRetainedFaceObservation` has derived impls for the traits `Debug` and `Clone`, but these are intentionally ignored during dead code analysis

warning: multiple fields are never read
    --> crates/openwepp-land-surface-energy/src/m1_trust_region_stage1.rs:3216:5
     |
3214 | struct RefinementObservationRefusal {
     |        ---------------------------- fields in this struct
3215 |     reason: &'static str,
3216 |     returned_step: Option<[f64; 21]>,
     |     ^^^^^^^^^^^^^
3217 |     bvls02_fallback_calls: u8,
     |     ^^^^^^^^^^^^^^^^^^^^^
3218 |     materialization_calls: u8,
     |     ^^^^^^^^^^^^^^^^^^^^^
3219 |     physical_evaluator_calls: u8,
     |     ^^^^^^^^^^^^^^^^^^^^^^^^
3220 |     hook_log: Vec<&'static str>,
     |     ^^^^^^^^
3221 |     owner_snapshot_before: [u64; 21],
     |     ^^^^^^^^^^^^^^^^^^^^^
3222 |     owner_snapshot_after: [u64; 21],
     |     ^^^^^^^^^^^^^^^^^^^^
     |
     = note: `RefinementObservationRefusal` has derived impls for the traits `Debug` and `Clone`, but these are intentionally ignored during dead code analysis

warning: struct `RefinementMutationScope` is never constructed
    --> crates/openwepp-land-surface-energy/src/m1_trust_region_stage1.rs:3532:8
     |
3532 | struct RefinementMutationScope(Option<RefinementRawCandidateMutation>);
     |        ^^^^^^^^^^^^^^^^^^^^^^^

warning: associated function `install` is never used
    --> crates/openwepp-land-surface-energy/src/m1_trust_region_stage1.rs:3536:8
     |
3535 | impl RefinementMutationScope {
     | ---------------------------- associated function in this implementation
3536 |     fn install(mutation: Option<RefinementRawCandidateMutation>) -> Self {
     |        ^^^^^^^

warning: struct `RefinementScratchHooksObservation` is never constructed
    --> crates/openwepp-land-surface-energy/src/m1_trust_region_stage1.rs:3563:8
     |
3563 | struct RefinementScratchHooksObservation {
     |        ^^^^^^^^^^^^^^^^^^^^^^^^^^^^^^^^^

warning: function `m1_trust_region_refinement_scratch_hooks_for_test` is never used
    --> crates/openwepp-land-surface-energy/src/m1_trust_region_stage1.rs:3618:4
     |
3618 | fn m1_trust_region_refinement_scratch_hooks_for_test(
     |    ^^^^^^^^^^^^^^^^^^^^^^^^^^^^^^^^^^^^^^^^^^^^^^^^^

warning: fields `bvls02_outcome`, `lower_mask_before`, `upper_mask_before`, `lower_mask_after`, `upper_mask_after`, and `bvls02_work` are never read
    --> crates/openwepp-land-surface-energy/src/m1_trust_region_stage1.rs:3833:5
     |
3830 | struct RefinementEligibilityObservation {
     |        -------------------------------- fields in this struct
...
3833 |     bvls02_outcome: String,
     |     ^^^^^^^^^^^^^^
3834 |     bvls02: RefinementBvls02Outcome,
3835 |     lower_mask_before: Vec<bool>,
     |     ^^^^^^^^^^^^^^^^^
3836 |     upper_mask_before: Vec<bool>,
     |     ^^^^^^^^^^^^^^^^^
3837 |     lower_mask_after: Vec<bool>,
     |     ^^^^^^^^^^^^^^^^
3838 |     upper_mask_after: Vec<bool>,
     |     ^^^^^^^^^^^^^^^^
3839 |     bvls02_work: u64,
     |     ^^^^^^^^^^^
     |
     = note: `RefinementEligibilityObservation` has derived impls for the traits `Debug` and `Clone`, but these are intentionally ignored during dead code analysis

warning: function `mask` is never used
    --> crates/openwepp-land-surface-energy/src/m1_trust_region_stage1.rs:4889:8
     |
4889 |     fn mask(values: &Value) -> Vec<bool> {
     |        ^^^^

warning: function `bits` is never used
    --> crates/openwepp-land-surface-energy/src/m1_trust_region_stage1.rs:4902:8
     |
4902 |     fn bits(values: [f64; 21]) -> [u64; 21] {
     |        ^^^^

warning: function `capture_return_input` is never used
    --> crates/openwepp-land-surface-energy/src/m1_trust_region_stage1.rs:4910:8
     |
4910 |     fn capture_return_input() -> M1TrustRegionSubproblemInput {
     |        ^^^^^^^^^^^^^^^^^^^^

warning: function `capture_nonzero_return_input` is never used
    --> crates/openwepp-land-surface-energy/src/m1_trust_region_stage1.rs:4928:8
     |
4928 |     fn capture_nonzero_return_input() -> M1TrustRegionSubproblemInput {
     |        ^^^^^^^^^^^^^^^^^^^^^^^^^^^^

warning: function `bit` is never used
    --> crates/openwepp-land-surface-energy/src/m1_trust_region_stage1.rs:6384:8
     |
6384 |     fn bit(value: &Value) -> f64 {
     |        ^^^

warning: `openwepp-land-surface-energy` (lib test) generated 28 warnings (run `cargo fix --lib -p openwepp-land-surface-energy --tests` to apply 7 suggestions)
    Finished `test` profile [unoptimized + debuginfo] target(s) in 9.14s
