warning: Git tree '/workdir/openWEPP' is dirty
openWEPP Nix shell
  target:  /workdir/.cache/openwepp/targets/cold-canopy-separate-base
  scratch: /tmp/openwepp-roger-cold-canopy-separate-base
  cache:   /workdir/.cache/openwepp
   Compiling proc-macro2 v1.0.106
   Compiling unicode-ident v1.0.24
   Compiling quote v1.0.45
   Compiling version_check v0.9.5
    Checking typenum v1.20.0
   Compiling autocfg v1.5.1
   Compiling serde_core v1.0.228
   Compiling serde v1.0.228
   Compiling zmij v1.0.21
   Compiling serde_json v1.0.150
   Compiling thiserror v2.0.20
    Checking cpufeatures v0.2.17
    Checking itoa v1.0.18
    Checking cfg-if v1.0.4
    Checking memchr v2.8.0
    Checking base64 v0.22.1
    Checking openwepp-unit-boundary v0.1.0 (/home/roger/openwepp-experiments/cold-canopy-m1-separate-20260930/recovered-treatment/crates/openwepp-unit-boundary)
    Checking openwepp-sim-contract v0.1.0 (/home/roger/openwepp-experiments/cold-canopy-m1-separate-20260930/recovered-treatment/crates/openwepp-sim-contract)
   Compiling num-traits v0.2.19
   Compiling generic-array v0.14.7
   Compiling syn v2.0.117
   Compiling syn v3.0.3
    Checking crypto-common v0.1.7
    Checking block-buffer v0.10.4
    Checking digest v0.10.7
    Checking num-integer v0.1.46
    Checking sha2 v0.10.9
    Checking num-bigint v0.4.6
   Compiling serde_derive v1.0.228
   Compiling thiserror-impl v2.0.20
    Checking openwepp-kernel-contract v0.1.0 (/home/roger/openwepp-experiments/cold-canopy-m1-separate-20260930/recovered-treatment/crates/openwepp-kernel-contract)
    Checking openwepp-coupled-time v0.1.0 (/home/roger/openwepp-experiments/cold-canopy-m1-separate-20260930/recovered-treatment/crates/openwepp-coupled-time)
    Checking openwepp-vegetation v0.1.0 (/home/roger/openwepp-experiments/cold-canopy-m1-separate-20260930/recovered-treatment/crates/openwepp-vegetation)
error: this function has too many lines (137/100)
    --> crates/openwepp-vegetation/src/v11.rs:2149:1
     |
2149 | / fn validate_resource_custody_core(
2150 | |     parent: ParentTransactionId,
2151 | |     segment: SegmentId,
2152 | |     slab: AcceptedSlabId,
...    |
2159 | |     predecessors: Option<&[V11SharedResourceOwnerTransition]>,
2160 | | ) -> Result<(), V11Error> {
     | |_________________________^
     |
     = help: for further information visit https://rust-lang.github.io/rust-clippy/master/index.html#too_many_lines
     = note: `-D clippy::too-many-lines` implied by `-D warnings`
     = help: to override `-D warnings` add `#[allow(clippy::too_many_lines)]`

error: could not compile `openwepp-vegetation` (lib) due to 1 previous error
