warning: Git tree '/workdir/openWEPP' is dirty
   Compiling openwepp-land-surface-energy v0.1.0 (/home/roger/openwepp-experiments/cold-canopy-m1-20260920/crates/openwepp-land-surface-energy)
error[E0432]: unresolved imports `super::m1_trust_region_bvls04_analytic_for_test`, `super::m1_trust_region_bvls04_poison_for_test`, `super::m1_trust_region_bvls04_retained_for_test`, `super::m1_trust_region_bvls04_shifted_inverse_for_test`, `super::m1_trust_region_bvls04_work_boundary_for_test`, `super::M1TrustRegionBvls04AnalyticInput`, `super::M1TrustRegionBvls04Poison`, `super::M1TrustRegionBvls04Reservation`, `super::M1TrustRegionBvls04ShiftedInverseInput`
   --> crates/openwepp-land-surface-energy/src/m1_trust_region_stage1.rs:134:9
    |
134 |         m1_trust_region_bvls04_analytic_for_test,
    |         ^^^^^^^^^^^^^^^^^^^^^^^^^^^^^^^^^^^^^^^^ no `m1_trust_region_bvls04_analytic_for_test` in `m1_trust_region_stage1`
135 |         m1_trust_region_bvls04_poison_for_test,
    |         ^^^^^^^^^^^^^^^^^^^^^^^^^^^^^^^^^^^^^^ no `m1_trust_region_bvls04_poison_for_test` in `m1_trust_region_stage1`
136 |         m1_trust_region_bvls04_retained_for_test,
    |         ^^^^^^^^^^^^^^^^^^^^^^^^^^^^^^^^^^^^^^^^ no `m1_trust_region_bvls04_retained_for_test` in `m1_trust_region_stage1`
137 |         m1_trust_region_bvls04_shifted_inverse_for_test,
    |         ^^^^^^^^^^^^^^^^^^^^^^^^^^^^^^^^^^^^^^^^^^^^^^^ no `m1_trust_region_bvls04_shifted_inverse_for_test` in `m1_trust_region_stage1`
138 |         m1_trust_region_bvls04_work_boundary_for_test,
    |         ^^^^^^^^^^^^^^^^^^^^^^^^^^^^^^^^^^^^^^^^^^^^^ no `m1_trust_region_bvls04_work_boundary_for_test` in `m1_trust_region_stage1`
139 |         M1TrustRegionBvls04AnalyticInput, M1TrustRegionBvls04Poison,
    |         ^^^^^^^^^^^^^^^^^^^^^^^^^^^^^^^^  ^^^^^^^^^^^^^^^^^^^^^^^^^ no `M1TrustRegionBvls04Poison` in `m1_trust_region_stage1`
    |         |
    |         no `M1TrustRegionBvls04AnalyticInput` in `m1_trust_region_stage1`
140 |         M1TrustRegionBvls04Reservation, M1TrustRegionBvls04ShiftedInverseInput,
    |         ^^^^^^^^^^^^^^^^^^^^^^^^^^^^^^  ^^^^^^^^^^^^^^^^^^^^^^^^^^^^^^^^^^^^^^ no `M1TrustRegionBvls04ShiftedInverseInput` in `m1_trust_region_stage1`
    |         |
    |         no `M1TrustRegionBvls04Reservation` in `m1_trust_region_stage1`
    |
help: a similar name exists in the module
    |
134 -         m1_trust_region_bvls04_analytic_for_test,
134 +         m1_trust_region_bvls02_outcome_for_test,
    |
help: a similar name exists in the module
    |
135 -         m1_trust_region_bvls04_poison_for_test,
135 +         m1_trust_region_bvls02_outcome_for_test,
    |
help: a similar name exists in the module
    |
136 -         m1_trust_region_bvls04_retained_for_test,
136 +         m1_trust_region_bvls02_outcome_for_test,
    |
help: a similar name exists in the module
    |
137 -         m1_trust_region_bvls04_shifted_inverse_for_test,
137 +         m1_trust_region_bvls02_outcome_for_test,
    |
help: a similar name exists in the module
    |
138 -         m1_trust_region_bvls04_work_boundary_for_test,
138 +         m1_trust_region_bvls02_outcome_for_test,
    |
help: a similar name exists in the module
    |
140 -         M1TrustRegionBvls04Reservation, M1TrustRegionBvls04ShiftedInverseInput,
140 +         M1TrustRegionBallObservation, M1TrustRegionBvls04ShiftedInverseInput,
    |

error[E0609]: no field `h0_free_bits` on type `RefinementRetainedFaceObservation`
  --> crates/openwepp-land-surface-energy/src/m1_trust_region_stage1.rs:87:29
   |
87 |         assert_eq!(observed.h0_free_bits, bits(&certificate["candidate_intermediates"]["correction1_h_free_bits"]));
   |                             ^^^^^^^^^^^^ unknown field
   |
   = note: available fields are: `live_state_bits_entry`, `live_state_bits_exit`, `p0_bits`, `delta0_free_bits`, `p1_bits` ... and 35 others

error[E0609]: no field `h1_free_bits` on type `RefinementRetainedFaceObservation`
  --> crates/openwepp-land-surface-energy/src/m1_trust_region_stage1.rs:88:29
   |
88 |         assert_eq!(observed.h1_free_bits, bits(&certificate["candidate_intermediates"]["correction2_h_free_bits"]));
   |                             ^^^^^^^^^^^^ unknown field
   |
   = note: available fields are: `live_state_bits_entry`, `live_state_bits_exit`, `p0_bits`, `delta0_free_bits`, `p1_bits` ... and 35 others

error[E0609]: no field `residual1_bits` on type `RefinementRetainedFaceObservation`
  --> crates/openwepp-land-surface-energy/src/m1_trust_region_stage1.rs:89:29
   |
89 |         assert_eq!(observed.residual1_bits, bits(&certificate["candidate_intermediates"]["correction2_residual_bits"]));
   |                             ^^^^^^^^^^^^^^ unknown field
   |
   = note: available fields are: `live_state_bits_entry`, `live_state_bits_exit`, `p0_bits`, `delta0_free_bits`, `p1_bits` ... and 35 others

error[E0609]: no field `r0_bits` on type `RefinementRetainedFaceObservation`
  --> crates/openwepp-land-surface-energy/src/m1_trust_region_stage1.rs:90:29
   |
90 |         assert_eq!(observed.r0_bits, bits(&certificate["points"]["original"]["residual_bits"]));
   |                             ^^^^^^^ unknown field
   |
help: a field with a similar name exists
   |
90 -         assert_eq!(observed.r0_bits, bits(&certificate["points"]["original"]["residual_bits"]));
90 +         assert_eq!(observed.p0_bits, bits(&certificate["points"]["original"]["residual_bits"]));
   |

error[E0609]: no field `g0_bits` on type `RefinementRetainedFaceObservation`
  --> crates/openwepp-land-surface-energy/src/m1_trust_region_stage1.rs:91:29
   |
91 |         assert_eq!(observed.g0_bits, bits(&certificate["points"]["original"]["gradient_bits"]));
   |                             ^^^^^^^ unknown field
   |
help: a field with a similar name exists
   |
91 -         assert_eq!(observed.g0_bits, bits(&certificate["points"]["original"]["gradient_bits"]));
91 +         assert_eq!(observed.p0_bits, bits(&certificate["points"]["original"]["gradient_bits"]));
   |

error[E0609]: no field `lambda_p0_bits` on type `RefinementRetainedFaceObservation`
  --> crates/openwepp-land-surface-energy/src/m1_trust_region_stage1.rs:92:29
   |
92 |         assert_eq!(observed.lambda_p0_bits, bits(&certificate["points"]["ordinary_correction_1"]["lambda_p_bits"]));
   |                             ^^^^^^^^^^^^^^ unknown field
   |
   = note: available fields are: `live_state_bits_entry`, `live_state_bits_exit`, `p0_bits`, `delta0_free_bits`, `p1_bits` ... and 35 others

error[E0609]: no field `p2_full_norm2_bits` on type `RefinementRetainedFaceObservation`
   --> crates/openwepp-land-surface-energy/src/m1_trust_region_stage1.rs:115:29
    |
115 |         assert_eq!(observed.p2_full_norm2_bits, bit(&final_point["full_norm2_ordered_bits"]));
    |                             ^^^^^^^^^^^^^^^^^^ unknown field
    |
    = note: available fields are: `live_state_bits_entry`, `live_state_bits_exit`, `p0_bits`, `delta0_free_bits`, `p1_bits` ... and 35 others

error[E0609]: no field `p2_reduced_norm2_bits` on type `RefinementRetainedFaceObservation`
   --> crates/openwepp-land-surface-energy/src/m1_trust_region_stage1.rs:116:29
    |
116 |         assert_eq!(observed.p2_reduced_norm2_bits, bit(&final_point["reduced_norm2_ordered_bits"]));
    |                             ^^^^^^^^^^^^^^^^^^^^^ unknown field
    |
    = note: available fields are: `live_state_bits_entry`, `live_state_bits_exit`, `p0_bits`, `delta0_free_bits`, `p1_bits` ... and 35 others

error[E0609]: no field `original_radius_bits` on type `RefinementRetainedFaceObservation`
   --> crates/openwepp-land-surface-energy/src/m1_trust_region_stage1.rs:117:29
    |
117 |         assert_eq!(observed.original_radius_bits, bit(&final_point["original_radius"]));
    |                             ^^^^^^^^^^^^^^^^^^^^ unknown field
    |
    = note: available fields are: `live_state_bits_entry`, `live_state_bits_exit`, `p0_bits`, `delta0_free_bits`, `p1_bits` ... and 35 others

error[E0609]: no field `remaining_radius_bits` on type `RefinementRetainedFaceObservation`
   --> crates/openwepp-land-surface-energy/src/m1_trust_region_stage1.rs:118:29
    |
118 |         assert_eq!(observed.remaining_radius_bits, bit(&final_point["remaining_face_radius"]));
    |                             ^^^^^^^^^^^^^^^^^^^^^ unknown field
    |
    = note: available fields are: `live_state_bits_entry`, `live_state_bits_exit`, `p0_bits`, `delta0_free_bits`, `p1_bits` ... and 35 others

error[E0609]: no field `radius_gap_bits` on type `RefinementRetainedFaceObservation`
   --> crates/openwepp-land-surface-energy/src/m1_trust_region_stage1.rs:119:29
    |
119 |         assert_eq!(observed.radius_gap_bits, bit(&final_point["radius_gap_ordered"]));
    |                             ^^^^^^^^^^^^^^^ unknown field
    |
    = note: available fields are: `live_state_bits_entry`, `live_state_bits_exit`, `p0_bits`, `delta0_free_bits`, `p1_bits` ... and 35 others

error[E0609]: no field `radius_tolerance_bits` on type `RefinementRetainedFaceObservation`
   --> crates/openwepp-land-surface-energy/src/m1_trust_region_stage1.rs:120:29
    |
120 |         assert_eq!(observed.radius_tolerance_bits, bit(&final_point["radius_tolerance"]));
    |                             ^^^^^^^^^^^^^^^^^^^^^ unknown field
    |
    = note: available fields are: `live_state_bits_entry`, `live_state_bits_exit`, `p0_bits`, `delta0_free_bits`, `p1_bits` ... and 35 others

error[E0599]: no variant or associated item named `ScratchBox` found for enum `M1TrustRegionRefinementReason` in the current scope
   --> crates/openwepp-land-surface-energy/src/m1_trust_region_stage1.rs:219:90
    |
219 | ...egionRefinementReason::ScratchBox, M1TrustRegionRefinementGuardStage::ScratchBoxLower, M1TrustRegionCorrectionPosition::First),
    |                           ^^^^^^^^^^ variant or associated item not found in `M1TrustRegionRefinementReason`
    |
   ::: crates/openwepp-land-surface-energy/src/lib.rs:452:1
    |
452 | pub(crate) enum M1TrustRegionRefinementReason {
    | --------------------------------------------- variant or associated item `ScratchBox` not found for this enum

error[E0599]: no variant or associated item named `ScratchBoxLower` found for enum `M1TrustRegionRefinementGuardStage` in the current scope
   --> crates/openwepp-land-surface-energy/src/m1_trust_region_stage1.rs:219:137
    |
219 | ...nementGuardStage::ScratchBoxLower, M1TrustRegionCorrectionPosition::First),
    |                      ^^^^^^^^^^^^^^^ variant or associated item not found in `M1TrustRegionRefinementGuardStage`
    |
   ::: crates/openwepp-land-surface-energy/src/lib.rs:474:1
    |
474 | pub(crate) enum M1TrustRegionRefinementGuardStage {
    | ------------------------------------------------- variant or associated item `ScratchBoxLower` not found for this enum

error[E0599]: no variant or associated item named `ScratchBox` found for enum `M1TrustRegionRefinementReason` in the current scope
   --> crates/openwepp-land-surface-energy/src/m1_trust_region_stage1.rs:220:90
    |
220 | ...egionRefinementReason::ScratchBox, M1TrustRegionRefinementGuardStage::ScratchBoxUpper, M1TrustRegionCorrectionPosition::First),
    |                           ^^^^^^^^^^ variant or associated item not found in `M1TrustRegionRefinementReason`
    |
   ::: crates/openwepp-land-surface-energy/src/lib.rs:452:1
    |
452 | pub(crate) enum M1TrustRegionRefinementReason {
    | --------------------------------------------- variant or associated item `ScratchBox` not found for this enum

error[E0599]: no variant or associated item named `ScratchBoxUpper` found for enum `M1TrustRegionRefinementGuardStage` in the current scope
   --> crates/openwepp-land-surface-energy/src/m1_trust_region_stage1.rs:220:137
    |
220 | ...nementGuardStage::ScratchBoxUpper, M1TrustRegionCorrectionPosition::First),
    |                      ^^^^^^^^^^^^^^^ variant or associated item not found in `M1TrustRegionRefinementGuardStage`
    |
   ::: crates/openwepp-land-surface-energy/src/lib.rs:474:1
    |
474 | pub(crate) enum M1TrustRegionRefinementGuardStage {
    | ------------------------------------------------- variant or associated item `ScratchBoxUpper` not found for this enum

error[E0599]: no variant or associated item named `ScratchFullRadius` found for enum `M1TrustRegionRefinementGuardStage` in the current scope
   --> crates/openwepp-land-surface-energy/src/m1_trust_region_stage1.rs:221:153
    |
221 | ...ementGuardStage::ScratchFullRadius, M1TrustRegionCorrectionPosition::First),
    |                     ^^^^^^^^^^^^^^^^^ variant or associated item not found in `M1TrustRegionRefinementGuardStage`
    |
   ::: crates/openwepp-land-surface-energy/src/lib.rs:474:1
    |
474 | pub(crate) enum M1TrustRegionRefinementGuardStage {
    | ------------------------------------------------- variant or associated item `ScratchFullRadius` not found for this enum

error[E0599]: no variant or associated item named `ScratchReducedRadius` found for enum `M1TrustRegionRefinementGuardStage` in the current scope
   --> crates/openwepp-land-surface-energy/src/m1_trust_region_stage1.rs:222:152
    |
222 | ...mentGuardStage::ScratchReducedRadius, M1TrustRegionCorrectionPosition::First),
    |                    ^^^^^^^^^^^^^^^^^^^^ variant or associated item not found in `M1TrustRegionRefinementGuardStage`
    |
   ::: crates/openwepp-land-surface-energy/src/lib.rs:474:1
    |
474 | pub(crate) enum M1TrustRegionRefinementGuardStage {
    | ------------------------------------------------- variant or associated item `ScratchReducedRadius` not found for this enum

error[E0599]: no variant or associated item named `FinalFullRadius` found for enum `M1TrustRegionRefinementGuardStage` in the current scope
   --> crates/openwepp-land-surface-energy/src/m1_trust_region_stage1.rs:223:153
    |
223 | ...nementGuardStage::FinalFullRadius, M1TrustRegionCorrectionPosition::Second),
    |                      ^^^^^^^^^^^^^^^ variant or associated item not found in `M1TrustRegionRefinementGuardStage`
    |
   ::: crates/openwepp-land-surface-energy/src/lib.rs:474:1
    |
474 | pub(crate) enum M1TrustRegionRefinementGuardStage {
    | ------------------------------------------------- variant or associated item `FinalFullRadius` not found for this enum

error[E0599]: no variant or associated item named `FinalReducedRadius` found for enum `M1TrustRegionRefinementGuardStage` in the current scope
   --> crates/openwepp-land-surface-energy/src/m1_trust_region_stage1.rs:224:150
    |
224 | ...ementGuardStage::FinalReducedRadius, M1TrustRegionCorrectionPosition::Second),
    |                     ^^^^^^^^^^^^^^^^^^ variant or associated item not found in `M1TrustRegionRefinementGuardStage`
    |
   ::: crates/openwepp-land-surface-energy/src/lib.rs:474:1
    |
474 | pub(crate) enum M1TrustRegionRefinementGuardStage {
    | ------------------------------------------------- variant or associated item `FinalReducedRadius` not found for this enum

error[E0599]: no variant or associated item named `FinalRadiusCloseness` found for enum `M1TrustRegionRefinementGuardStage` in the current scope
   --> crates/openwepp-land-surface-energy/src/m1_trust_region_stage1.rs:225:142
    |
225 | ...mentGuardStage::FinalRadiusCloseness, M1TrustRegionCorrectionPosition::Second),
    |                    ^^^^^^^^^^^^^^^^^^^^ variant or associated item not found in `M1TrustRegionRefinementGuardStage`
    |
   ::: crates/openwepp-land-surface-energy/src/lib.rs:474:1
    |
474 | pub(crate) enum M1TrustRegionRefinementGuardStage {
    | ------------------------------------------------- variant or associated item `FinalRadiusCloseness` not found for this enum

error[E0599]: no variant or associated item named `ShiftedDenominator` found for enum `M1TrustRegionRefinementGuardStage` in the current scope
   --> crates/openwepp-land-surface-energy/src/m1_trust_region_stage1.rs:226:151
    |
226 | ...ementGuardStage::ShiftedDenominator, M1TrustRegionCorrectionPosition::First),
    |                     ^^^^^^^^^^^^^^^^^^ variant or associated item not found in `M1TrustRegionRefinementGuardStage`
    |
   ::: crates/openwepp-land-surface-energy/src/lib.rs:474:1
    |
474 | pub(crate) enum M1TrustRegionRefinementGuardStage {
    | ------------------------------------------------- variant or associated item `ShiftedDenominator` not found for this enum

Some errors have detailed explanations: E0432, E0599, E0609.
For more information about an error, try `rustc --explain E0432`.
error: could not compile `openwepp-land-surface-energy` (lib test) due to 23 previous errors
error: command `/nix/store/rai05nypxnmj22l65nwsk5xjsaq8s4vc-cargo-1.95.0/bin/cargo test --no-run --message-format json-render-diagnostics --package openwepp-land-surface-energy --lib --features m1-trust-region-analytic-stage,m1-trust-region-physical-stage` exited with code 101
