warning: Git tree '/workdir/openWEPP' is dirty
   Compiling openwepp-land-surface-energy v0.1.0 (/home/roger/openwepp-experiments/cold-canopy-m1-20260920/crates/openwepp-land-surface-energy)
error[E0689]: can't call method `to_bits` on ambiguous numeric type `{float}`
    --> crates/openwepp-land-surface-energy/src/m1_trust_region_stage1.rs:7408:31
     |
7408 |                         value.to_bits(),
     |                               ^^^^^^^
     |
help: you must specify a type for this binding, like `f32`
     |
7404 |                 let value: f32 = 0.5;
     |                          +++++

error[E0689]: can't call method `to_bits` on ambiguous numeric type `{float}`
    --> crates/openwepp-land-surface-energy/src/m1_trust_region_stage1.rs:7813:31
     |
7813 |                         value.to_bits(),
     |                               ^^^^^^^
     |
help: you must specify a type for this binding, like `f32`
     |
7809 |                 let value: f32 = 0.5;
     |                          +++++

For more information about this error, try `rustc --explain E0689`.
error: could not compile `openwepp-land-surface-energy` (lib test) due to 2 previous errors
error: command `/nix/store/rai05nypxnmj22l65nwsk5xjsaq8s4vc-cargo-1.95.0/bin/cargo test --no-run --message-format json-render-diagnostics --package openwepp-land-surface-energy --lib --features m1-trust-region-analytic-stage,m1-trust-region-physical-stage` exited with code 101
