warning: Git tree '/workdir/openWEPP' is dirty
   Compiling openwepp-land-surface-energy v0.1.0 (/home/roger/openwepp-experiments/cold-canopy-m1-20260920/crates/openwepp-land-surface-energy)
warning: variable does not need to be mutable
    --> crates/openwepp-land-surface-energy/src/solver_covered_evaluation/m1_coupled.rs:1596:13
     |
1596 |         let mut hydraulics = solve_m1_full_supply_hydraulics(
     |             ----^^^^^^^^^^
     |             |
     |             help: remove this `mut`
     |
     = note: `#[warn(unused_mut)]` (part of `#[warn(unused)]`) on by default

warning: variable does not need to be mutable
    --> crates/openwepp-land-surface-energy/src/solver_covered_evaluation/m1_coupled.rs:1689:9
     |
1689 |     let mut evaluation = M1CoupledEvaluation {
     |         ----^^^^^^^^^^
     |         |
     |         help: remove this `mut`

warning: fields `capacity`, `current_drainage`, and `linear_dimension` are never read
    --> crates/openwepp-land-surface-energy/src/solver_covered_evaluation/m1_coupled.rs:1745:5
     |
1738 | pub struct M1PhaseJoinControllerReport {
     |            --------------------------- fields in this struct
...
1745 |     capacity: [openwepp_vegetation::cold_canopy_m1::M1CapacityBranch; 2],
     |     ^^^^^^^^
1746 |     current_drainage: [f64; 2],
     |     ^^^^^^^^^^^^^^^^
1747 |     eliminated_coordinates: [bool; 2],
1748 |     linear_dimension: usize,
     |     ^^^^^^^^^^^^^^^^
     |
     = note: `M1PhaseJoinControllerReport` has a derived impl for the trait `Clone`, but this is intentionally ignored during dead code analysis
     = note: `#[warn(dead_code)]` (part of `#[warn(unused)]`) on by default

warning: field `activity` is never read
    --> crates/openwepp-land-surface-energy/src/solver_covered_evaluation/m1_coupled.rs:2193:5
     |
2191 | struct M1PhaseJoinControllerError {
     |        -------------------------- field in this struct
2192 |     error: M1CoupledError,
2193 |     activity: M1PhaseJoinActivity,
     |     ^^^^^^^^

warning: `openwepp-land-surface-energy` (lib) generated 4 warnings (run `cargo fix --lib -p openwepp-land-surface-energy` to apply 2 suggestions)
   Compiling openwepp-hillslope-orchestrator v0.1.0 (/home/roger/openwepp-experiments/cold-canopy-m1-20260920/crates/openwepp-hillslope-orchestrator)
warning: method `restart_authority_state_derived_active_snow_lanes_v1` is never used
   --> crates/openwepp-hillslope-orchestrator/src/snow_stage3_v11_attachment.rs:981:19
    |
973 | impl DirectSnowStage3V11PreparedSupport {
    | --------------------------------------- method in this implementation
...
981 |     pub(crate) fn restart_authority_state_derived_active_snow_lanes_v1(
    |                   ^^^^^^^^^^^^^^^^^^^^^^^^^^^^^^^^^^^^^^^^^^^^^^^^^^^^
    |
    = note: `#[warn(dead_code)]` (part of `#[warn(unused)]`) on by default

warning: function `diagnostic_restore_parent_receipt_archive_with_configured_scope_v3` is never used
    --> crates/openwepp-hillslope-orchestrator/src/snow_stage3_v11_restart.rs:1858:15
     |
1858 | pub(crate) fn diagnostic_restore_parent_receipt_archive_with_configured_scope_v3(
     |               ^^^^^^^^^^^^^^^^^^^^^^^^^^^^^^^^^^^^^^^^^^^^^^^^^^^^^^^^^^^^^^^^^^

warning: struct `RestoredStage3PublicationDayEvidenceV1` is never constructed
    --> crates/openwepp-hillslope-orchestrator/src/v9_real_consumer_shadow_publication_retention.rs:1729:19
     |
1729 | pub(crate) struct RestoredStage3PublicationDayEvidenceV1 {
     |                   ^^^^^^^^^^^^^^^^^^^^^^^^^^^^^^^^^^^^^^

warning: function `restart_authority_restore_archived_publication_day_v1` is never used
    --> crates/openwepp-hillslope-orchestrator/src/v9_real_consumer_shadow_publication_retention.rs:1757:15
     |
1757 | pub(crate) fn restart_authority_restore_archived_publication_day_v1(
     |               ^^^^^^^^^^^^^^^^^^^^^^^^^^^^^^^^^^^^^^^^^^^^^^^^^^^^^

warning: method `diagnostic_install_hydrology_constructor_inputs_v1` is never used
    --> crates/openwepp-hillslope-orchestrator/src/v9_real_consumer_shadow.rs:4328:19
     |
3338 | impl DirectV10RealConsumerShadow {
     | -------------------------------- method in this implementation
...
4328 |     pub(crate) fn diagnostic_install_hydrology_constructor_inputs_v1(
     |                   ^^^^^^^^^^^^^^^^^^^^^^^^^^^^^^^^^^^^^^^^^^^^^^^^^^

warning: associated function `restart_authority_from_canonical_bytes` is never used
   --> crates/openwepp-hillslope-orchestrator/src/direct_runtime/surface_liquid_owner/v2.rs:207:19
    |
161 | impl SurfaceLiquidOwnerModelDefinitionV2 {
    | ---------------------------------------- associated function in this implementation
...
207 |     pub(crate) fn restart_authority_from_canonical_bytes(
    |                   ^^^^^^^^^^^^^^^^^^^^^^^^^^^^^^^^^^^^^^

warning: field `ending_snow_hint` is never read
    --> crates/openwepp-hillslope-orchestrator/src/hydrology/support_helpers_mod/runoff_reconciliation.rs:1193:9
     |
1173 | pub(crate) struct CoveredTerminalTrialRequestV1 {
     |                   ----------------------------- field in this struct
...
1193 |     pub ending_snow_hint: Option<CoveredTerminalEndingSnowHintV1>,
     |         ^^^^^^^^^^^^^^^^
     |
     = note: `CoveredTerminalTrialRequestV1` has derived impls for the traits `Debug` and `Clone`, but these are intentionally ignored during dead code analysis

warning: function `restore_covered_interval` is never used
   --> crates/openwepp-hillslope-orchestrator/src/snow_stage3_v11_current_context_capture.rs:671:4
    |
671 | fn restore_covered_interval(
    |    ^^^^^^^^^^^^^^^^^^^^^^^^

warning: function `restore_destination_capability` is never used
   --> crates/openwepp-hillslope-orchestrator/src/snow_stage3_v11_current_context_capture.rs:687:4
    |
687 | fn restore_destination_capability(
    |    ^^^^^^^^^^^^^^^^^^^^^^^^^^^^^^

warning: function `provider_interval_for_destination` is never used
   --> crates/openwepp-hillslope-orchestrator/src/snow_stage3_v11_current_context_capture.rs:735:4
    |
735 | fn provider_interval_for_destination<'a>(
    |    ^^^^^^^^^^^^^^^^^^^^^^^^^^^^^^^^^

warning: function `restore_prepared_support` is never used
   --> crates/openwepp-hillslope-orchestrator/src/snow_stage3_v11_current_context_capture.rs:773:4
    |
773 | fn restore_prepared_support(
    |    ^^^^^^^^^^^^^^^^^^^^^^^^

warning: function `restore_support_forcing` is never used
   --> crates/openwepp-hillslope-orchestrator/src/snow_stage3_v11_current_context_capture.rs:891:4
    |
891 | fn restore_support_forcing(
    |    ^^^^^^^^^^^^^^^^^^^^^^^

warning: function `active_snow_restore` is never used
    --> crates/openwepp-hillslope-orchestrator/src/snow_stage3_v11_current_context_capture.rs:1004:4
     |
1004 | fn active_snow_restore(
     |    ^^^^^^^^^^^^^^^^^^^

warning: method `validate_against` is never used
    --> crates/openwepp-hillslope-orchestrator/src/snow_stage3_v11_current_context_capture.rs:1212:19
     |
1190 | impl ProviderStaticConfigurationCaptureV1 {
     | ----------------------------------------- method in this implementation
...
1212 |     pub(crate) fn validate_against(
     |                   ^^^^^^^^^^^^^^^^

warning: struct `PreparedDayCaptureV1` is never constructed
    --> crates/openwepp-hillslope-orchestrator/src/snow_stage3_v11_current_context_capture.rs:1246:8
     |
1246 | struct PreparedDayCaptureV1 {
     |        ^^^^^^^^^^^^^^^^^^^^

warning: function `capture_prepared_day` is never used
    --> crates/openwepp-hillslope-orchestrator/src/snow_stage3_v11_current_context_capture.rs:1254:4
     |
1254 | fn capture_prepared_day(
     |    ^^^^^^^^^^^^^^^^^^^^

warning: function `validate_prepared_day` is never used
    --> crates/openwepp-hillslope-orchestrator/src/snow_stage3_v11_current_context_capture.rs:1271:4
     |
1271 | fn validate_prepared_day(
     |    ^^^^^^^^^^^^^^^^^^^^^

warning: function `restore_provider_day` is never used
    --> crates/openwepp-hillslope-orchestrator/src/snow_stage3_v11_current_context_capture.rs:1317:4
     |
1317 | fn restore_provider_day(
     |    ^^^^^^^^^^^^^^^^^^^^

warning: `openwepp-land-surface-energy` (lib test) generated 1 warning (1 duplicate)
   Compiling openwepp-persisted-restart-v1 v0.1.0 (/home/roger/openwepp-experiments/cold-canopy-m1-20260920/crates/openwepp-persisted-restart-v1)
   Compiling openwepp-runner v0.1.0 (/home/roger/openwepp-experiments/cold-canopy-m1-20260920/crates/openwepp-runner)
   Compiling openwepp v0.1.0 (/home/roger/openwepp-experiments/cold-canopy-m1-20260920)
error[E0432]: unresolved imports `openwepp_land_surface_energy::M1ColumnLiquidRoutingInput`, `openwepp_land_surface_energy::M1RoutingOccupancyInput`, `openwepp_land_surface_energy::route_m1_column_liquid`
  --> crates/openwepp-hillslope-orchestrator/src/land_surface_energy_shadow/m1_coupled_expected_red.rs:14:5
   |
14 |     M1ColumnLiquidRoutingInput, M1ColumnTopologyBinding, M1CoupledColumnInput,
   |     ^^^^^^^^^^^^^^^^^^^^^^^^^^ no `M1ColumnLiquidRoutingInput` in the root
15 |     M1CoupledColumnTrial, M1CoupledError, M1CoupledEvaluation, M1OccupancySupportCondition,
16 |     M1PhaseReservoirInput, M1RoutingOccupancyInput, M1SupportConditions, NativeSnowExchangeV1,
   |                            ^^^^^^^^^^^^^^^^^^^^^^^ no `M1RoutingOccupancyInput` in the root
17 |     Sha256Digest, evaluate_m1_coupled_column, route_m1_column_liquid, solve_m1_coupled_column,
   |                                               ^^^^^^^^^^^^^^^^^^^^^^ no `route_m1_column_liquid` in the root

error[E0432]: unresolved imports `super::M1PrescribedRoutingControl`, `super::M1ReceiverDiagnosticResult`, `super::M1ReceiverFailureInjection`, `super::execute_m1_cold_canopy_receiver_diagnostic`
 --> crates/openwepp-hillslope-orchestrator/src/land_surface_energy_shadow/m1_coupled_expected_red.rs:7:44
  |
7 |     LandSurfaceEnergyRealHydrologyAdapter, M1PrescribedRoutingControl, M1ReceiverDiagnosticResult,
  |                                            ^^^^^^^^^^^^^^^^^^^^^^^^^^  ^^^^^^^^^^^^^^^^^^^^^^^^^^ no `M1ReceiverDiagnosticResult` in `land_surface_energy_shadow`
  |                                            |
  |                                            no `M1PrescribedRoutingControl` in `land_surface_energy_shadow`
8 |     M1ReceiverFailureInjection, V8RollbackSnapshot, endpoint_fixture,
  |     ^^^^^^^^^^^^^^^^^^^^^^^^^^ no `M1ReceiverFailureInjection` in `land_surface_energy_shadow`
9 |     execute_m1_cold_canopy_receiver_diagnostic,
  |     ^^^^^^^^^^^^^^^^^^^^^^^^^^^^^^^^^^^^^^^^^^ no `execute_m1_cold_canopy_receiver_diagnostic` in `land_surface_energy_shadow`

error[E0599]: no method named `len` found for enum `Result<T, E>` in the current scope
   --> crates/openwepp-hillslope-orchestrator/src/land_surface_energy_shadow/m1_coupled_expected_red.rs:624:32
    |
624 |     assert_eq!(base.jacobian().len(), 21);
    |                                ^^^ method not found in `Result<&[Vec<f64>], M1CoupledError>`
    |
note: the method `len` exists on the type `&[Vec<f64>]`
   --> /rustc/59807616e1fa2540724bfbac14d7976d7e4a3860/library/core/src/slice/mod.rs:116:4
help: consider using `Result::expect` to unwrap the `&[Vec<f64>]` value, panicking if the value is a `Result::Err`
    |
624 |     assert_eq!(base.jacobian().expect("REASON").len(), 21);
    |                               +++++++++++++++++

error[E0608]: cannot index into a value of type `Result<&[Vec<f64>], M1CoupledError>`
   --> crates/openwepp-hillslope-orchestrator/src/land_surface_energy_shadow/m1_coupled_expected_red.rs:667:41
    |
667 |             let actual = base.jacobian()[*actual][index];
    |                                         ^^^^^^^^^

warning: `openwepp-hillslope-orchestrator` (lib) generated 18 warnings
Some errors have detailed explanations: E0432, E0599, E0608.
For more information about an error, try `rustc --explain E0432`.
error: could not compile `openwepp-hillslope-orchestrator` (lib test) due to 4 previous errors
warning: build failed, waiting for other jobs to finish...
error: command `/nix/store/rai05nypxnmj22l65nwsk5xjsaq8s4vc-cargo-1.95.0/bin/cargo test --no-run --message-format json-render-diagnostics --workspace` exited with code 101
