warning: Git tree '/workdir/openWEPP' is dirty
    Finished `test` profile [unoptimized + debuginfo] target(s) in 0.03s
────────────
 Nextest run ID 94d08bee-7638-4f00-b6d3-fbe6c81fb1fc with nextest profile: default
    Starting 19 tests across 1 binary (185 tests skipped)
        FAIL [   0.004s] ( 1/19) openwepp-land-surface-energy m1_coupled_tests::m1_structural_drainage_expected_red_affine_pivot_is_checked_before_lu
  stdout ───

    running 1 test
    test m1_coupled_tests::m1_structural_drainage_expected_red_affine_pivot_is_checked_before_lu ... FAILED

    failures:

    failures:
        m1_coupled_tests::m1_structural_drainage_expected_red_affine_pivot_is_checked_before_lu

    test result: FAILED. 0 passed; 1 failed; 0 ignored; 0 measured; 203 filtered out; finished in 0.00s

  stderr ───

    thread 'm1_coupled_tests::m1_structural_drainage_expected_red_affine_pivot_is_checked_before_lu' (1888713) panicked at crates/openwepp-land-surface-energy/src/m1_coupled_tests.rs:477:5:
    assertion `left == right` failed
      left: "singular_pivot"
     right: "drainage_elimination_integrity"
    note: run with `RUST_BACKTRACE=1` environment variable to display a backtrace

        FAIL [   0.006s] ( 4/19) openwepp-land-surface-energy m1_coupled_tests::m1_structural_drainage_expected_red_valid_baseline_normalized_row_and_rhs_poison
  stdout ───

    running 1 test
    test m1_coupled_tests::m1_structural_drainage_expected_red_valid_baseline_normalized_row_and_rhs_poison ... FAILED

    failures:

    failures:
        m1_coupled_tests::m1_structural_drainage_expected_red_valid_baseline_normalized_row_and_rhs_poison

    test result: FAILED. 0 passed; 1 failed; 0 ignored; 0 measured; 203 filtered out; finished in 0.00s

  stderr ───

    thread 'm1_coupled_tests::m1_structural_drainage_expected_red_valid_baseline_normalized_row_and_rhs_poison' (1888722) panicked at crates/openwepp-land-surface-energy/src/m1_coupled_tests.rs:460:5:
    expected-red missing affine row/RHS failures: ["normalized_row: accepted", "normalized_rhs: accepted", "selected_row_offdiagonal: accepted"]
    note: run with `RUST_BACKTRACE=1` environment variable to display a backtrace

        FAIL [   0.006s] ( 5/19) openwepp-land-surface-energy m1_coupled_tests::m1_structural_drainage_expected_red_reduced_norm_uses_f_not_full_a
  stdout ───

    running 1 test
    test m1_coupled_tests::m1_structural_drainage_expected_red_reduced_norm_uses_f_not_full_a ... FAILED

    failures:

    failures:
        m1_coupled_tests::m1_structural_drainage_expected_red_reduced_norm_uses_f_not_full_a

    test result: FAILED. 0 passed; 1 failed; 0 ignored; 0 measured; 203 filtered out; finished in 0.00s

  stderr ───

    thread 'm1_coupled_tests::m1_structural_drainage_expected_red_reduced_norm_uses_f_not_full_a' (1888724) panicked at crates/openwepp-land-surface-energy/src/m1_coupled_tests.rs:905:6:
    finite reduced-norm solve must not use inflated full-A norm: "singular_pivot"
    note: run with `RUST_BACKTRACE=1` environment variable to display a backtrace

        FAIL [   0.006s] ( 6/19) openwepp-land-surface-energy m1_coupled_tests::m1_structural_drainage_candidate_boundary_vectors_preserve_masked_current_expression
  stdout ───

    running 1 test
    test m1_coupled_tests::m1_structural_drainage_candidate_boundary_vectors_preserve_masked_current_expression ... FAILED

    failures:

    failures:
        m1_coupled_tests::m1_structural_drainage_candidate_boundary_vectors_preserve_masked_current_expression

    test result: FAILED. 0 passed; 1 failed; 0 ignored; 0 measured; 203 filtered out; finished in 0.00s

  stderr ───

    thread 'm1_coupled_tests::m1_structural_drainage_candidate_boundary_vectors_preserve_masked_current_expression' (1888726) panicked at crates/openwepp-land-surface-energy/src/m1_coupled_tests.rs:520:5:
    expected-red boundary candidate disagreements: [("negative_zero", 0), ("negative_zero", 1), ("negative_zero", 2), ("negative_zero", 3), ("negative_zero", 4), ("negative_zero", 5), ("negative_zero", 6), ("negative_zero", 7), ("negative_zero", 8), ("negative_zero", 9), ("negative_zero", 10), ("negative_zero", 11), ("negative_zero", 12), ("negative_zero", 13), ("negative_zero", 14), ("negative_zero", 15), ("negative_zero", 16), ("negative_zero", 17), ("negative_zero", 18), ("negative_zero", 19), ("negative_zero", 20), ("positive_subnormal", 1)]
    note: run with `RUST_BACKTRACE=1` environment variable to display a backtrace

        FAIL [   0.007s] ( 8/19) openwepp-land-surface-energy m1_coupled_tests::m1_structural_drainage_expected_red_valid_baseline_single_field_integrity_poison
  stdout ───

    running 1 test
    test m1_coupled_tests::m1_structural_drainage_expected_red_valid_baseline_single_field_integrity_poison ... FAILED

    failures:

    failures:
        m1_coupled_tests::m1_structural_drainage_expected_red_valid_baseline_single_field_integrity_poison

    test result: FAILED. 0 passed; 1 failed; 0 ignored; 0 measured; 203 filtered out; finished in 0.00s

  stderr ───

    thread 'm1_coupled_tests::m1_structural_drainage_expected_red_valid_baseline_single_field_integrity_poison' (1888718) panicked at crates/openwepp-land-surface-energy/src/m1_coupled_tests.rs:414:5:
    expected-red missing attributable integrity failures: ["row: accepted", "identity: accepted", "duration_positive: accepted", "support_finite: accepted", "scale_positive: accepted", "current_negative: accepted", "current_nonfinite: accepted", "raw_diagonal_wrong: accepted", "raw_diagonal_nonfinite: accepted", "raw_residual_wrong: accepted", "raw_residual_nonfinite: accepted"]
    note: run with `RUST_BACKTRACE=1` environment variable to display a backtrace

        FAIL [   0.007s] ( 9/19) openwepp-land-surface-energy m1_coupled_tests::m1_structural_drainage_expected_red_current_lu_rejects_affine_zero_direction
  stdout ───

    running 1 test
    test m1_coupled_tests::m1_structural_drainage_expected_red_current_lu_rejects_affine_zero_direction ... FAILED

    failures:

    failures:
        m1_coupled_tests::m1_structural_drainage_expected_red_current_lu_rejects_affine_zero_direction

    test result: FAILED. 0 passed; 1 failed; 0 ignored; 0 measured; 203 filtered out; finished in 0.00s

  stderr ───

    thread 'm1_coupled_tests::m1_structural_drainage_expected_red_current_lu_rejects_affine_zero_direction' (1888717) panicked at crates/openwepp-land-surface-energy/src/m1_coupled_tests.rs:318:9:
    assertion `left == right` failed: expected-red: current full LU must be replaced by source-derived affine drainage direction
      left: 13528309464168606646
     right: 13528275359691865771
    note: run with `RUST_BACKTRACE=1` environment variable to display a backtrace

        FAIL [   0.007s] (11/19) openwepp-land-surface-energy m1_coupled_tests::m1_structural_drainage_expected_red_current_candidate_cancels_positive_drainage
  stdout ───

    running 1 test
    test m1_coupled_tests::m1_structural_drainage_expected_red_current_candidate_cancels_positive_drainage ... FAILED

    failures:

    failures:
        m1_coupled_tests::m1_structural_drainage_expected_red_current_candidate_cancels_positive_drainage

    test result: FAILED. 0 passed; 1 failed; 0 ignored; 0 measured; 203 filtered out; finished in 0.00s

  stderr ───

    thread 'm1_coupled_tests::m1_structural_drainage_expected_red_current_candidate_cancels_positive_drainage' (1888728) panicked at crates/openwepp-land-surface-energy/src/m1_coupled_tests.rs:354:5:
    expected-red old candidate differs at [(5, 0), (11, 0), (5, 1), (11, 1), (5, 2), (11, 2), (5, 3), (11, 3), (5, 4), (11, 4), (5, 5), (11, 5), (5, 6), (11, 6), (5, 7), (11, 7), (5, 8), (11, 8), (5, 9), (11, 9), (5, 10), (11, 10), (5, 11), (11, 11), (5, 12), (11, 12), (5, 13), (11, 13), (5, 14), (11, 14), (5, 15), (11, 15), (5, 16), (11, 16), (5, 17), (11, 17), (5, 18), (11, 18), (5, 19), (11, 19), (5, 20), (11, 20)]
    note: run with `RUST_BACKTRACE=1` environment variable to display a backtrace

        FAIL [   0.004s] (13/19) openwepp-land-surface-energy m1_coupled_tests::m1_structural_drainage_reduced_overflow_is_typed_not_integrity
  stdout ───

    running 1 test
    test m1_coupled_tests::m1_structural_drainage_reduced_overflow_is_typed_not_integrity ... FAILED

    failures:

    failures:
        m1_coupled_tests::m1_structural_drainage_reduced_overflow_is_typed_not_integrity

    test result: FAILED. 0 passed; 1 failed; 0 ignored; 0 measured; 203 filtered out; finished in 0.00s

  stderr ───

    thread 'm1_coupled_tests::m1_structural_drainage_reduced_overflow_is_typed_not_integrity' (1888732) panicked at crates/openwepp-land-surface-energy/src/m1_coupled_tests.rs:947:14:
    typed reduced finite-result refusal: ([inf, 0.0, 0.0, 0.0, 0.0, -2.0, 0.0, 0.0, 0.0, 0.0, 0.0, 0.0, 0.0, 0.0, 0.0, 0.0, 0.0, 0.0, 0.0, 0.0, 0.0], 1e295, 1.0000000000001e308)
    note: run with `RUST_BACKTRACE=1` environment variable to display a backtrace

        FAIL [   0.010s] (16/19) openwepp-land-surface-energy m1_coupled_tests::m1_structural_drainage_expected_red_selected_assembly_integrity_refuses_before_old_lu
  stdout ───

    running 1 test
    test m1_coupled_tests::m1_structural_drainage_expected_red_selected_assembly_integrity_refuses_before_old_lu ... FAILED

    failures:

    failures:
        m1_coupled_tests::m1_structural_drainage_expected_red_selected_assembly_integrity_refuses_before_old_lu

    test result: FAILED. 0 passed; 1 failed; 0 ignored; 0 measured; 203 filtered out; finished in 0.00s

  stderr ───

    thread 'm1_coupled_tests::m1_structural_drainage_expected_red_selected_assembly_integrity_refuses_before_old_lu' (1888733) panicked at crates/openwepp-land-surface-energy/src/m1_coupled_tests.rs:862:5:
    assertion `left == right` failed
      left: 2
     right: 1
    note: run with `RUST_BACKTRACE=1` environment variable to display a backtrace

────────────
     Summary [   0.013s] 19 tests run: 10 passed, 9 failed, 185 skipped
        FAIL [   0.004s] ( 1/19) openwepp-land-surface-energy m1_coupled_tests::m1_structural_drainage_expected_red_affine_pivot_is_checked_before_lu
  stdout ───

    running 1 test
    test m1_coupled_tests::m1_structural_drainage_expected_red_affine_pivot_is_checked_before_lu ... FAILED

    failures:

    failures:
        m1_coupled_tests::m1_structural_drainage_expected_red_affine_pivot_is_checked_before_lu

    test result: FAILED. 0 passed; 1 failed; 0 ignored; 0 measured; 203 filtered out; finished in 0.00s

  stderr ───

    thread 'm1_coupled_tests::m1_structural_drainage_expected_red_affine_pivot_is_checked_before_lu' (1888713) panicked at crates/openwepp-land-surface-energy/src/m1_coupled_tests.rs:477:5:
    assertion `left == right` failed
      left: "singular_pivot"
     right: "drainage_elimination_integrity"
    note: run with `RUST_BACKTRACE=1` environment variable to display a backtrace

        FAIL [   0.006s] ( 4/19) openwepp-land-surface-energy m1_coupled_tests::m1_structural_drainage_expected_red_valid_baseline_normalized_row_and_rhs_poison
  stdout ───

    running 1 test
    test m1_coupled_tests::m1_structural_drainage_expected_red_valid_baseline_normalized_row_and_rhs_poison ... FAILED

    failures:

    failures:
        m1_coupled_tests::m1_structural_drainage_expected_red_valid_baseline_normalized_row_and_rhs_poison

    test result: FAILED. 0 passed; 1 failed; 0 ignored; 0 measured; 203 filtered out; finished in 0.00s

  stderr ───

    thread 'm1_coupled_tests::m1_structural_drainage_expected_red_valid_baseline_normalized_row_and_rhs_poison' (1888722) panicked at crates/openwepp-land-surface-energy/src/m1_coupled_tests.rs:460:5:
    expected-red missing affine row/RHS failures: ["normalized_row: accepted", "normalized_rhs: accepted", "selected_row_offdiagonal: accepted"]
    note: run with `RUST_BACKTRACE=1` environment variable to display a backtrace

        FAIL [   0.006s] ( 5/19) openwepp-land-surface-energy m1_coupled_tests::m1_structural_drainage_expected_red_reduced_norm_uses_f_not_full_a
  stdout ───

    running 1 test
    test m1_coupled_tests::m1_structural_drainage_expected_red_reduced_norm_uses_f_not_full_a ... FAILED

    failures:

    failures:
        m1_coupled_tests::m1_structural_drainage_expected_red_reduced_norm_uses_f_not_full_a

    test result: FAILED. 0 passed; 1 failed; 0 ignored; 0 measured; 203 filtered out; finished in 0.00s

  stderr ───

    thread 'm1_coupled_tests::m1_structural_drainage_expected_red_reduced_norm_uses_f_not_full_a' (1888724) panicked at crates/openwepp-land-surface-energy/src/m1_coupled_tests.rs:905:6:
    finite reduced-norm solve must not use inflated full-A norm: "singular_pivot"
    note: run with `RUST_BACKTRACE=1` environment variable to display a backtrace

        FAIL [   0.006s] ( 6/19) openwepp-land-surface-energy m1_coupled_tests::m1_structural_drainage_candidate_boundary_vectors_preserve_masked_current_expression
  stdout ───

    running 1 test
    test m1_coupled_tests::m1_structural_drainage_candidate_boundary_vectors_preserve_masked_current_expression ... FAILED

    failures:

    failures:
        m1_coupled_tests::m1_structural_drainage_candidate_boundary_vectors_preserve_masked_current_expression

    test result: FAILED. 0 passed; 1 failed; 0 ignored; 0 measured; 203 filtered out; finished in 0.00s

  stderr ───

    thread 'm1_coupled_tests::m1_structural_drainage_candidate_boundary_vectors_preserve_masked_current_expression' (1888726) panicked at crates/openwepp-land-surface-energy/src/m1_coupled_tests.rs:520:5:
    expected-red boundary candidate disagreements: [("negative_zero", 0), ("negative_zero", 1), ("negative_zero", 2), ("negative_zero", 3), ("negative_zero", 4), ("negative_zero", 5), ("negative_zero", 6), ("negative_zero", 7), ("negative_zero", 8), ("negative_zero", 9), ("negative_zero", 10), ("negative_zero", 11), ("negative_zero", 12), ("negative_zero", 13), ("negative_zero", 14), ("negative_zero", 15), ("negative_zero", 16), ("negative_zero", 17), ("negative_zero", 18), ("negative_zero", 19), ("negative_zero", 20), ("positive_subnormal", 1)]
    note: run with `RUST_BACKTRACE=1` environment variable to display a backtrace

        FAIL [   0.007s] ( 8/19) openwepp-land-surface-energy m1_coupled_tests::m1_structural_drainage_expected_red_valid_baseline_single_field_integrity_poison
  stdout ───

    running 1 test
    test m1_coupled_tests::m1_structural_drainage_expected_red_valid_baseline_single_field_integrity_poison ... FAILED

    failures:

    failures:
        m1_coupled_tests::m1_structural_drainage_expected_red_valid_baseline_single_field_integrity_poison

    test result: FAILED. 0 passed; 1 failed; 0 ignored; 0 measured; 203 filtered out; finished in 0.00s

  stderr ───

    thread 'm1_coupled_tests::m1_structural_drainage_expected_red_valid_baseline_single_field_integrity_poison' (1888718) panicked at crates/openwepp-land-surface-energy/src/m1_coupled_tests.rs:414:5:
    expected-red missing attributable integrity failures: ["row: accepted", "identity: accepted", "duration_positive: accepted", "support_finite: accepted", "scale_positive: accepted", "current_negative: accepted", "current_nonfinite: accepted", "raw_diagonal_wrong: accepted", "raw_diagonal_nonfinite: accepted", "raw_residual_wrong: accepted", "raw_residual_nonfinite: accepted"]
    note: run with `RUST_BACKTRACE=1` environment variable to display a backtrace

        FAIL [   0.007s] ( 9/19) openwepp-land-surface-energy m1_coupled_tests::m1_structural_drainage_expected_red_current_lu_rejects_affine_zero_direction
  stdout ───

    running 1 test
    test m1_coupled_tests::m1_structural_drainage_expected_red_current_lu_rejects_affine_zero_direction ... FAILED

    failures:

    failures:
        m1_coupled_tests::m1_structural_drainage_expected_red_current_lu_rejects_affine_zero_direction

    test result: FAILED. 0 passed; 1 failed; 0 ignored; 0 measured; 203 filtered out; finished in 0.00s

  stderr ───

    thread 'm1_coupled_tests::m1_structural_drainage_expected_red_current_lu_rejects_affine_zero_direction' (1888717) panicked at crates/openwepp-land-surface-energy/src/m1_coupled_tests.rs:318:9:
    assertion `left == right` failed: expected-red: current full LU must be replaced by source-derived affine drainage direction
      left: 13528309464168606646
     right: 13528275359691865771
    note: run with `RUST_BACKTRACE=1` environment variable to display a backtrace

        FAIL [   0.007s] (11/19) openwepp-land-surface-energy m1_coupled_tests::m1_structural_drainage_expected_red_current_candidate_cancels_positive_drainage
  stdout ───

    running 1 test
    test m1_coupled_tests::m1_structural_drainage_expected_red_current_candidate_cancels_positive_drainage ... FAILED

    failures:

    failures:
        m1_coupled_tests::m1_structural_drainage_expected_red_current_candidate_cancels_positive_drainage

    test result: FAILED. 0 passed; 1 failed; 0 ignored; 0 measured; 203 filtered out; finished in 0.00s

  stderr ───

    thread 'm1_coupled_tests::m1_structural_drainage_expected_red_current_candidate_cancels_positive_drainage' (1888728) panicked at crates/openwepp-land-surface-energy/src/m1_coupled_tests.rs:354:5:
    expected-red old candidate differs at [(5, 0), (11, 0), (5, 1), (11, 1), (5, 2), (11, 2), (5, 3), (11, 3), (5, 4), (11, 4), (5, 5), (11, 5), (5, 6), (11, 6), (5, 7), (11, 7), (5, 8), (11, 8), (5, 9), (11, 9), (5, 10), (11, 10), (5, 11), (11, 11), (5, 12), (11, 12), (5, 13), (11, 13), (5, 14), (11, 14), (5, 15), (11, 15), (5, 16), (11, 16), (5, 17), (11, 17), (5, 18), (11, 18), (5, 19), (11, 19), (5, 20), (11, 20)]
    note: run with `RUST_BACKTRACE=1` environment variable to display a backtrace

        FAIL [   0.004s] (13/19) openwepp-land-surface-energy m1_coupled_tests::m1_structural_drainage_reduced_overflow_is_typed_not_integrity
  stdout ───

    running 1 test
    test m1_coupled_tests::m1_structural_drainage_reduced_overflow_is_typed_not_integrity ... FAILED

    failures:

    failures:
        m1_coupled_tests::m1_structural_drainage_reduced_overflow_is_typed_not_integrity

    test result: FAILED. 0 passed; 1 failed; 0 ignored; 0 measured; 203 filtered out; finished in 0.00s

  stderr ───

    thread 'm1_coupled_tests::m1_structural_drainage_reduced_overflow_is_typed_not_integrity' (1888732) panicked at crates/openwepp-land-surface-energy/src/m1_coupled_tests.rs:947:14:
    typed reduced finite-result refusal: ([inf, 0.0, 0.0, 0.0, 0.0, -2.0, 0.0, 0.0, 0.0, 0.0, 0.0, 0.0, 0.0, 0.0, 0.0, 0.0, 0.0, 0.0, 0.0, 0.0, 0.0], 1e295, 1.0000000000001e308)
    note: run with `RUST_BACKTRACE=1` environment variable to display a backtrace

        FAIL [   0.010s] (16/19) openwepp-land-surface-energy m1_coupled_tests::m1_structural_drainage_expected_red_selected_assembly_integrity_refuses_before_old_lu
  stdout ───

    running 1 test
    test m1_coupled_tests::m1_structural_drainage_expected_red_selected_assembly_integrity_refuses_before_old_lu ... FAILED

    failures:

    failures:
        m1_coupled_tests::m1_structural_drainage_expected_red_selected_assembly_integrity_refuses_before_old_lu

    test result: FAILED. 0 passed; 1 failed; 0 ignored; 0 measured; 203 filtered out; finished in 0.00s

  stderr ───

    thread 'm1_coupled_tests::m1_structural_drainage_expected_red_selected_assembly_integrity_refuses_before_old_lu' (1888733) panicked at crates/openwepp-land-surface-energy/src/m1_coupled_tests.rs:862:5:
    assertion `left == right` failed
      left: 2
     right: 1
    note: run with `RUST_BACKTRACE=1` environment variable to display a backtrace

error: test run failed
