warning: Git tree '/workdir/openWEPP' is dirty
warning: field `activity` is never read
    --> crates/openwepp-land-surface-energy/src/solver_covered_evaluation/m1_coupled.rs:1338:5
     |
1336 | struct M1PhaseJoinControllerError {
     |        -------------------------- field in this struct
1337 |     error: M1CoupledError,
1338 |     activity: M1PhaseJoinActivity,
     |     ^^^^^^^^
     |
     = note: `#[warn(dead_code)]` (part of `#[warn(unused)]`) on by default

warning: `openwepp-land-surface-energy` (lib) generated 1 warning
    Finished `test` profile [unoptimized + debuginfo] target(s) in 0.03s
────────────
 Nextest run ID d5d61e5b-0b7c-4e6e-abb8-6f986200c699 with nextest profile: default
    Starting 5 tests across 1 binary (189 tests skipped)
        FAIL [   0.003s] (1/5) openwepp-land-surface-energy m1_coupled_tests::m1_structural_drainage_expected_red_current_candidate_cancels_positive_drainage
  stdout ───

    running 1 test
    test m1_coupled_tests::m1_structural_drainage_expected_red_current_candidate_cancels_positive_drainage ... FAILED

    failures:

    failures:
        m1_coupled_tests::m1_structural_drainage_expected_red_current_candidate_cancels_positive_drainage

    test result: FAILED. 0 passed; 1 failed; 0 ignored; 0 measured; 193 filtered out; finished in 0.00s

  stderr ───

    thread 'm1_coupled_tests::m1_structural_drainage_expected_red_current_candidate_cancels_positive_drainage' (1804019) panicked at crates/openwepp-land-surface-energy/src/m1_coupled_tests.rs:250:13:
    assertion `left == right` failed: expected-red old candidate differs from feasible affine candidate index=5 alpha=1
      left: 13492508030392929024
     right: 0
    note: run with `RUST_BACKTRACE=1` environment variable to display a backtrace

  Cancelling due to test failure: 4 tests still running
        FAIL [   0.003s] (2/5) openwepp-land-surface-energy m1_coupled_tests::m1_structural_drainage_expected_red_foreign_row_identity_is_not_ignored
  stdout ───

    running 1 test
    test m1_coupled_tests::m1_structural_drainage_expected_red_foreign_row_identity_is_not_ignored ... FAILED

    failures:

    failures:
        m1_coupled_tests::m1_structural_drainage_expected_red_foreign_row_identity_is_not_ignored

    test result: FAILED. 0 passed; 1 failed; 0 ignored; 0 measured; 193 filtered out; finished in 0.00s

  stderr ───

    thread 'm1_coupled_tests::m1_structural_drainage_expected_red_foreign_row_identity_is_not_ignored' (1804017) panicked at crates/openwepp-land-surface-energy/src/m1_coupled_tests.rs:266:5:
    expected-red: foreign row requires typed integrity failure
    note: run with `RUST_BACKTRACE=1` environment variable to display a backtrace

        FAIL [   0.004s] (3/5) openwepp-land-surface-energy m1_coupled_tests::m1_structural_drainage_expected_red_nonfinite_support_scale_is_not_ignored
  stdout ───

    running 1 test
    test m1_coupled_tests::m1_structural_drainage_expected_red_nonfinite_support_scale_is_not_ignored ... FAILED

    failures:

    failures:
        m1_coupled_tests::m1_structural_drainage_expected_red_nonfinite_support_scale_is_not_ignored

    test result: FAILED. 0 passed; 1 failed; 0 ignored; 0 measured; 193 filtered out; finished in 0.00s

  stderr ───

    thread 'm1_coupled_tests::m1_structural_drainage_expected_red_nonfinite_support_scale_is_not_ignored' (1804020) panicked at crates/openwepp-land-surface-energy/src/m1_coupled_tests.rs:276:5:
    expected-red: support/scale requires typed integrity failure
    note: run with `RUST_BACKTRACE=1` environment variable to display a backtrace

        FAIL [   0.005s] (5/5) openwepp-land-surface-energy m1_coupled_tests::m1_structural_drainage_expected_red_current_lu_rejects_affine_zero_direction
  stdout ───

    running 1 test
    test m1_coupled_tests::m1_structural_drainage_expected_red_current_lu_rejects_affine_zero_direction ... FAILED

    failures:

    failures:
        m1_coupled_tests::m1_structural_drainage_expected_red_current_lu_rejects_affine_zero_direction

    test result: FAILED. 0 passed; 1 failed; 0 ignored; 0 measured; 193 filtered out; finished in 0.00s

  stderr ───

    thread 'm1_coupled_tests::m1_structural_drainage_expected_red_current_lu_rejects_affine_zero_direction' (1804021) panicked at crates/openwepp-land-surface-energy/src/m1_coupled_tests.rs:32:20:
    decimal
    note: run with `RUST_BACKTRACE=1` environment variable to display a backtrace

────────────
     Summary [   0.006s] 5 tests run: 1 passed, 4 failed, 189 skipped
        FAIL [   0.003s] (1/5) openwepp-land-surface-energy m1_coupled_tests::m1_structural_drainage_expected_red_current_candidate_cancels_positive_drainage
  stdout ───

    running 1 test
    test m1_coupled_tests::m1_structural_drainage_expected_red_current_candidate_cancels_positive_drainage ... FAILED

    failures:

    failures:
        m1_coupled_tests::m1_structural_drainage_expected_red_current_candidate_cancels_positive_drainage

    test result: FAILED. 0 passed; 1 failed; 0 ignored; 0 measured; 193 filtered out; finished in 0.00s

  stderr ───

    thread 'm1_coupled_tests::m1_structural_drainage_expected_red_current_candidate_cancels_positive_drainage' (1804019) panicked at crates/openwepp-land-surface-energy/src/m1_coupled_tests.rs:250:13:
    assertion `left == right` failed: expected-red old candidate differs from feasible affine candidate index=5 alpha=1
      left: 13492508030392929024
     right: 0
    note: run with `RUST_BACKTRACE=1` environment variable to display a backtrace

        FAIL [   0.003s] (2/5) openwepp-land-surface-energy m1_coupled_tests::m1_structural_drainage_expected_red_foreign_row_identity_is_not_ignored
  stdout ───

    running 1 test
    test m1_coupled_tests::m1_structural_drainage_expected_red_foreign_row_identity_is_not_ignored ... FAILED

    failures:

    failures:
        m1_coupled_tests::m1_structural_drainage_expected_red_foreign_row_identity_is_not_ignored

    test result: FAILED. 0 passed; 1 failed; 0 ignored; 0 measured; 193 filtered out; finished in 0.00s

  stderr ───

    thread 'm1_coupled_tests::m1_structural_drainage_expected_red_foreign_row_identity_is_not_ignored' (1804017) panicked at crates/openwepp-land-surface-energy/src/m1_coupled_tests.rs:266:5:
    expected-red: foreign row requires typed integrity failure
    note: run with `RUST_BACKTRACE=1` environment variable to display a backtrace

        FAIL [   0.004s] (3/5) openwepp-land-surface-energy m1_coupled_tests::m1_structural_drainage_expected_red_nonfinite_support_scale_is_not_ignored
  stdout ───

    running 1 test
    test m1_coupled_tests::m1_structural_drainage_expected_red_nonfinite_support_scale_is_not_ignored ... FAILED

    failures:

    failures:
        m1_coupled_tests::m1_structural_drainage_expected_red_nonfinite_support_scale_is_not_ignored

    test result: FAILED. 0 passed; 1 failed; 0 ignored; 0 measured; 193 filtered out; finished in 0.00s

  stderr ───

    thread 'm1_coupled_tests::m1_structural_drainage_expected_red_nonfinite_support_scale_is_not_ignored' (1804020) panicked at crates/openwepp-land-surface-energy/src/m1_coupled_tests.rs:276:5:
    expected-red: support/scale requires typed integrity failure
    note: run with `RUST_BACKTRACE=1` environment variable to display a backtrace

        FAIL [   0.005s] (5/5) openwepp-land-surface-energy m1_coupled_tests::m1_structural_drainage_expected_red_current_lu_rejects_affine_zero_direction
  stdout ───

    running 1 test
    test m1_coupled_tests::m1_structural_drainage_expected_red_current_lu_rejects_affine_zero_direction ... FAILED

    failures:

    failures:
        m1_coupled_tests::m1_structural_drainage_expected_red_current_lu_rejects_affine_zero_direction

    test result: FAILED. 0 passed; 1 failed; 0 ignored; 0 measured; 193 filtered out; finished in 0.00s

  stderr ───

    thread 'm1_coupled_tests::m1_structural_drainage_expected_red_current_lu_rejects_affine_zero_direction' (1804021) panicked at crates/openwepp-land-surface-energy/src/m1_coupled_tests.rs:32:20:
    decimal
    note: run with `RUST_BACKTRACE=1` environment variable to display a backtrace

error: test run failed
