openWEPP Nix shell
  target:  /workdir/.cache/openwepp/targets/cold-canopy-m1-20260920-addb8c0a2f84
  scratch: /tmp/openwepp-roger-cold-canopy-m1-20260920-addb8c0a2f84
  cache:   /workdir/.cache/openwepp
openwepp-land-surface-energy m1_coupled_tests::m1_guard_expected_red_accepted_materialization_does_not_rebuild_jacobian
openwepp-land-surface-energy m1_coupled_tests::m1_guard_expected_red_empty_positive_components_reject_external_supersaturation
openwepp-land-surface-energy m1_coupled_tests::m1_structural_drainage_candidate_boundary_vectors_preserve_masked_current_expression
openwepp-land-surface-energy m1_coupled_tests::m1_structural_drainage_current_lu_exposes_coupled_nonzero_columns_for_each_effective_set
openwepp-land-surface-energy m1_coupled_tests::m1_structural_drainage_current_phase_controller_retains_real_tie_work_controls
openwepp-land-surface-energy m1_coupled_tests::m1_structural_drainage_effective_set_keeps_capacity_rows_in_f_with_distinct_solution
openwepp-land-surface-energy m1_coupled_tests::m1_structural_drainage_empty_effective_set_nan_pivot_keeps_generic_singular_failure
openwepp-land-surface-energy m1_coupled_tests::m1_structural_drainage_empty_effective_set_nan_rhs_keeps_nonfinite_result
openwepp-land-surface-energy m1_coupled_tests::m1_structural_drainage_expected_red_affine_pivot_is_checked_before_lu
openwepp-land-surface-energy m1_coupled_tests::m1_structural_drainage_expected_red_current_candidate_cancels_positive_drainage
openwepp-land-surface-energy m1_coupled_tests::m1_structural_drainage_expected_red_current_lu_rejects_affine_zero_direction
openwepp-land-surface-energy m1_coupled_tests::m1_structural_drainage_expected_red_reduced_norm_uses_f_not_full_a
openwepp-land-surface-energy m1_coupled_tests::m1_structural_drainage_expected_red_selected_assembly_integrity_refuses_before_old_lu
openwepp-land-surface-energy m1_coupled_tests::m1_structural_drainage_expected_red_valid_baseline_normalized_row_and_rhs_poison
openwepp-land-surface-energy m1_coupled_tests::m1_structural_drainage_expected_red_valid_baseline_single_field_integrity_poison
openwepp-land-surface-energy m1_coupled_tests::m1_structural_drainage_noneligible_capacity_branch_retains_solved_nonzero_release
openwepp-land-surface-energy m1_coupled_tests::m1_structural_drainage_reduced_overflow_is_typed_not_integrity
openwepp-land-surface-energy m1_coupled_tests::m1_structural_drainage_reduced_singular_is_numerical_not_integrity
openwepp-land-surface-energy m1_coupled_tests::m1_structural_drainage_selected_finite_full_norm_overflow_is_nonfinite_result
openwepp-land-surface-energy m1_coupled_tests::m1_structural_drainage_selected_infinite_normalized_diagonal_is_integrity_before_lu
openwepp-land-surface-energy m1_coupled_tests::m1_structural_drainage_selected_nan_coupling_or_retained_rhs_is_nonfinite_result
openwepp-land-surface-energy m1_coupled_tests::m1_structural_drainage_valid_affine_baseline_reaches_current_lu
