warning: field `activity` is never read
    --> crates/openwepp-land-surface-energy/src/solver_covered_evaluation/m1_coupled.rs:1338:5
     |
1336 | struct M1PhaseJoinControllerError {
     |        -------------------------- field in this struct
1337 |     error: M1CoupledError,
1338 |     activity: M1PhaseJoinActivity,
     |     ^^^^^^^^
     |
     = note: `#[warn(dead_code)]` (part of `#[warn(unused)]`) on by default

warning: `openwepp-land-surface-energy` (lib) generated 1 warning
    Finished `test` profile [unoptimized + debuginfo] target(s) in 0.03s
────────────
 Nextest run ID 10c9f17f-6b9a-4bab-9b29-55b4529e9852 with nextest profile: default
    Starting 3 tests across 1 binary (189 tests skipped)
        FAIL [   0.004s] (1/3) openwepp-land-surface-energy m1_coupled_tests::m1_structural_drainage_expected_red_current_lu_rejects_affine_zero_direction
  stdout ───

    running 1 test
    test m1_coupled_tests::m1_structural_drainage_expected_red_current_lu_rejects_affine_zero_direction ... FAILED

    failures:

    failures:
        m1_coupled_tests::m1_structural_drainage_expected_red_current_lu_rejects_affine_zero_direction

    test result: FAILED. 0 passed; 1 failed; 0 ignored; 0 measured; 191 filtered out; finished in 0.00s

  stderr ───

    thread 'm1_coupled_tests::m1_structural_drainage_expected_red_current_lu_rejects_affine_zero_direction' (1799512) panicked at crates/openwepp-land-surface-energy/src/m1_coupled_tests.rs:214:9:
    assertion `left == right` failed: expected-red: current full LU must be replaced by source-derived affine drainage direction
      left: 13528309464168606646
     right: 13528275359691865771
    note: run with `RUST_BACKTRACE=1` environment variable to display a backtrace

  Cancelling due to test failure: 2 tests still running
        FAIL [   0.005s] (3/3) openwepp-land-surface-energy m1_coupled_tests::m1_structural_drainage_expected_red_current_candidate_cancels_positive_drainage
  stdout ───

    running 1 test
    test m1_coupled_tests::m1_structural_drainage_expected_red_current_candidate_cancels_positive_drainage ... FAILED

    failures:

    failures:
        m1_coupled_tests::m1_structural_drainage_expected_red_current_candidate_cancels_positive_drainage

    test result: FAILED. 0 passed; 1 failed; 0 ignored; 0 measured; 191 filtered out; finished in 0.00s

  stderr ───

    thread 'm1_coupled_tests::m1_structural_drainage_expected_red_current_candidate_cancels_positive_drainage' (1799513) panicked at crates/openwepp-land-surface-energy/src/m1_coupled_tests.rs:261:13:
    assertion `left == right` failed: expected-red old candidate differs from feasible affine candidate index=5 alpha=1
      left: 13492508030392929024
     right: 0
    note: run with `RUST_BACKTRACE=1` environment variable to display a backtrace

────────────
     Summary [   0.006s] 3 tests run: 1 passed, 2 failed, 189 skipped
        FAIL [   0.004s] (1/3) openwepp-land-surface-energy m1_coupled_tests::m1_structural_drainage_expected_red_current_lu_rejects_affine_zero_direction
  stdout ───

    running 1 test
    test m1_coupled_tests::m1_structural_drainage_expected_red_current_lu_rejects_affine_zero_direction ... FAILED

    failures:

    failures:
        m1_coupled_tests::m1_structural_drainage_expected_red_current_lu_rejects_affine_zero_direction

    test result: FAILED. 0 passed; 1 failed; 0 ignored; 0 measured; 191 filtered out; finished in 0.00s

  stderr ───

    thread 'm1_coupled_tests::m1_structural_drainage_expected_red_current_lu_rejects_affine_zero_direction' (1799512) panicked at crates/openwepp-land-surface-energy/src/m1_coupled_tests.rs:214:9:
    assertion `left == right` failed: expected-red: current full LU must be replaced by source-derived affine drainage direction
      left: 13528309464168606646
     right: 13528275359691865771
    note: run with `RUST_BACKTRACE=1` environment variable to display a backtrace

        FAIL [   0.005s] (3/3) openwepp-land-surface-energy m1_coupled_tests::m1_structural_drainage_expected_red_current_candidate_cancels_positive_drainage
  stdout ───

    running 1 test
    test m1_coupled_tests::m1_structural_drainage_expected_red_current_candidate_cancels_positive_drainage ... FAILED

    failures:

    failures:
        m1_coupled_tests::m1_structural_drainage_expected_red_current_candidate_cancels_positive_drainage

    test result: FAILED. 0 passed; 1 failed; 0 ignored; 0 measured; 191 filtered out; finished in 0.00s

  stderr ───

    thread 'm1_coupled_tests::m1_structural_drainage_expected_red_current_candidate_cancels_positive_drainage' (1799513) panicked at crates/openwepp-land-surface-energy/src/m1_coupled_tests.rs:261:13:
    assertion `left == right` failed: expected-red old candidate differs from feasible affine candidate index=5 alpha=1
      left: 13492508030392929024
     right: 0
    note: run with `RUST_BACKTRACE=1` environment variable to display a backtrace

error: test run failed
