warning: Git tree '/workdir/openWEPP' is dirty
   Compiling openwepp-land-surface-energy v0.1.0 (/home/roger/openwepp-experiments/cold-canopy-m1-20260920/crates/openwepp-land-surface-energy)
warning: unnecessary parentheses around pattern
   --> crates/openwepp-land-surface-energy/src/m1_trust_region_stage2_controls.rs:231:29
    |
231 | ...                   (FixtureKind::ReplacementWitness
    |                       ^
232 | ...                   | FixtureKind::ReplacementWitnessThreeExcess)
    |                                                                   ^
    |
    = note: `#[warn(unused_parens)]` (part of `#[warn(unused)]`) on by default
help: remove these parentheses
    |
231 ~                             FixtureKind::ReplacementWitness
232 ~                             | FixtureKind::ReplacementWitnessThreeExcess
    |

warning: `openwepp-land-surface-energy` (lib test) generated 1 warning (run `cargo fix --lib -p openwepp-land-surface-energy --tests` to apply 1 suggestion)
    Finished `test` profile [unoptimized + debuginfo] target(s) in 3.70s
────────────
 Nextest run ID 3e16bb82-3d6e-4159-a943-15bd2bc6471e with nextest profile: default
    Starting 10 tests across 1 binary (256 tests skipped)
  stdout ───

    running 1 test
    test m1_trust_region_stage2_controls::m1_stage2_seeded_work_guard_records_actual_pre_entry_refusal ... ok

    test result: ok. 1 passed; 0 failed; 0 ignored; 0 measured; 265 filtered out; finished in 0.00s


  stdout ───

    running 1 test
    test m1_trust_region_stage2_controls::m1_stage2_negative_humidity_excess_never_admits_or_materializes ... ok

    test result: ok. 1 passed; 0 failed; 0 ignored; 0 measured; 265 filtered out; finished in 0.00s


  stdout ───

    running 1 test
    test m1_trust_region_stage2_controls::m1_stage2_post_update_root_materializes_installed_base_before_reassembly ... ok

    test result: ok. 1 passed; 0 failed; 0 ignored; 0 measured; 265 filtered out; finished in 0.00s


  stdout ───

    running 1 test
    test m1_trust_region_stage2_controls::m1_stage2_full_no_update_materializes_current_base ... ok

    test result: ok. 1 passed; 0 failed; 0 ignored; 0 measured; 265 filtered out; finished in 0.00s


  stdout ───

    running 1 test
    test m1_trust_region_stage2_controls::m1_stage2_raw_jacobian_and_frozen_merit_are_actual ... ok

    test result: ok. 1 passed; 0 failed; 0 ignored; 0 measured; 265 filtered out; finished in 0.01s


  stdout ───

    running 1 test
    test m1_trust_region_stage2_controls::m1_stage2_constrained_stationarity_is_nonterminal_rejection ... ok

    test result: ok. 1 passed; 0 failed; 0 ignored; 0 measured; 265 filtered out; finished in 0.01s


  stdout ───

    running 1 test
    test m1_trust_region_stage2_controls::m1_stage2_first_valid_radius_replacement_materializes_original_base ... ok

    test result: ok. 1 passed; 0 failed; 0 ignored; 0 measured; 265 filtered out; finished in 0.02s


        FAIL [   0.038s] ( 8/10) openwepp-land-surface-energy m1_trust_region_stage2_controls::m1_stage2_first_two_governed_temperature_excesses_block_third_small_proposal
  stdout ───

    running 1 test
    test m1_trust_region_stage2_controls::m1_stage2_first_two_governed_temperature_excesses_block_third_small_proposal ... FAILED

    failures:

    failures:
        m1_trust_region_stage2_controls::m1_stage2_first_two_governed_temperature_excesses_block_third_small_proposal

    test result: FAILED. 0 passed; 1 failed; 0 ignored; 0 measured; 265 filtered out; finished in 0.03s

  stderr ───

    thread 'm1_trust_region_stage2_controls::m1_stage2_first_two_governed_temperature_excesses_block_third_small_proposal' (2123212) panicked at crates/openwepp-land-surface-energy/src/m1_trust_region_stage2_controls.rs:1187:5:
    assertion `left == right` failed
      left: None
     right: Some(RadiusExhausted)
    note: run with `RUST_BACKTRACE=1` environment variable to display a backtrace

  stdout ───

    running 1 test
    test m1_trust_region_stage2_controls::m1_stage2_ordinary_four_radius_cases_use_actual_state ... ok

    test result: ok. 1 passed; 0 failed; 0 ignored; 0 measured; 265 filtered out; finished in 0.04s


  stdout ───

    running 1 test
    test m1_trust_region_stage2_controls::m1_stage2_stationarity_exhausts_after_eleven_proposals_and_twenty_two_faces ... ok

    test result: ok. 1 passed; 0 failed; 0 ignored; 0 measured; 265 filtered out; finished in 0.11s


────────────
     Summary [   0.119s] 10 tests run: 9 passed, 1 failed, 256 skipped
        FAIL [   0.038s] ( 8/10) openwepp-land-surface-energy m1_trust_region_stage2_controls::m1_stage2_first_two_governed_temperature_excesses_block_third_small_proposal
error: test run failed
