warning: Git tree '/workdir/openWEPP' is dirty
   Compiling openwepp-land-surface-energy v0.1.0 (/home/roger/openwepp-experiments/cold-canopy-m1-20260920/crates/openwepp-land-surface-energy)
warning: unused variable: `iteration`
    --> crates/openwepp-land-surface-energy/src/solver_covered_evaluation/m1_coupled.rs:2511:5
     |
2511 |     iteration: u32,
     |     ^^^^^^^^^ help: if this is intentional, prefix it with an underscore: `_iteration`
     |
     = note: `#[warn(unused_variables)]` (part of `#[warn(unused)]`) on by default

warning: unused variable: `corrected_assembly`
    --> crates/openwepp-land-surface-energy/src/solver_covered_evaluation/m1_coupled.rs:2512:5
     |
2512 |     corrected_assembly: bool,
     |     ^^^^^^^^^^^^^^^^^^ help: if this is intentional, prefix it with an underscore: `_corrected_assembly`

warning: unused variable: `error`
    --> crates/openwepp-land-surface-energy/src/solver_covered_evaluation/m1_coupled.rs:4229:21
     |
4229 |                 Err(error) => {
     |                     ^^^^^ help: if this is intentional, prefix it with an underscore: `_error`

warning: unused variable: `error`
    --> crates/openwepp-land-surface-energy/src/solver_covered_evaluation/m1_coupled.rs:4261:21
     |
4261 |                 Err(error) => {
     |                     ^^^^^ help: if this is intentional, prefix it with an underscore: `_error`

warning: field `linear_dimension` is never read
    --> crates/openwepp-land-surface-energy/src/solver_covered_evaluation/m1_coupled.rs:2330:5
     |
2310 | pub struct M1PhaseJoinControllerReport {
     |            --------------------------- field in this struct
...
2330 |     linear_dimension: usize,
     |     ^^^^^^^^^^^^^^^^
     |
     = note: `M1PhaseJoinControllerReport` has a derived impl for the trait `Clone`, but this is intentionally ignored during dead code analysis
     = note: `#[warn(dead_code)]` (part of `#[warn(unused)]`) on by default

warning: `openwepp-land-surface-energy` (lib) generated 5 warnings (run `cargo fix --lib -p openwepp-land-surface-energy` to apply 4 suggestions)
error[E0432]: unresolved imports `openwepp_land_surface_energy::m1_trust_region_control_for_test`, `openwepp_land_surface_energy::M1TrustRegionControl`, `openwepp_land_surface_energy::M1TrustRegionControlOutcome`, `openwepp_land_surface_energy::M1TrustRegionRefusalKind`
 --> crates/openwepp-land-surface-energy/tests/cold_canopy_m1_trust_region_expected_red.rs:8:5
  |
8 |     m1_trust_region_control_for_test, M1TrustRegionControl, M1TrustRegionControlOutcome,
  |     ^^^^^^^^^^^^^^^^^^^^^^^^^^^^^^^^  ^^^^^^^^^^^^^^^^^^^^  ^^^^^^^^^^^^^^^^^^^^^^^^^^^ no `M1TrustRegionControlOutcome` in the root
  |     |                                 |
  |     |                                 no `M1TrustRegionControl` in the root
  |     no `m1_trust_region_control_for_test` in the root
9 |     M1TrustRegionRefusalKind,
  |     ^^^^^^^^^^^^^^^^^^^^^^^^ no `M1TrustRegionRefusalKind` in the root

For more information about this error, try `rustc --explain E0432`.
error: could not compile `openwepp-land-surface-energy` (test "cold_canopy_m1_trust_region_expected_red") due to 1 previous error
error: command `/nix/store/rai05nypxnmj22l65nwsk5xjsaq8s4vc-cargo-1.95.0/bin/cargo test --no-run --message-format json-render-diagnostics --package openwepp-land-surface-energy --test cold_canopy_m1_trust_region_expected_red` exited with code 101
