warning: Git tree '/workdir/openWEPP' is dirty
    Checking openwepp-sim-contract v0.1.0 (/home/roger/openwepp-experiments/cold-canopy-m1-body16-analytic-lint-baseline-20260924/crates/openwepp-sim-contract)
    Checking openwepp-unit-boundary v0.1.0 (/home/roger/openwepp-experiments/cold-canopy-m1-body16-analytic-lint-baseline-20260924/crates/openwepp-unit-boundary)
    Checking openwepp-coupled-time v0.1.0 (/home/roger/openwepp-experiments/cold-canopy-m1-body16-analytic-lint-baseline-20260924/crates/openwepp-coupled-time)
    Checking openwepp-kernel-contract v0.1.0 (/home/roger/openwepp-experiments/cold-canopy-m1-body16-analytic-lint-baseline-20260924/crates/openwepp-kernel-contract)
    Checking openwepp-vegetation v0.1.0 (/home/roger/openwepp-experiments/cold-canopy-m1-body16-analytic-lint-baseline-20260924/crates/openwepp-vegetation)
error: this function has too many lines (137/100)
    --> crates/openwepp-vegetation/src/v11.rs:2149:1
     |
2149 | / fn validate_resource_custody_core(
2150 | |     parent: ParentTransactionId,
2151 | |     segment: SegmentId,
2152 | |     slab: AcceptedSlabId,
...    |
2159 | |     predecessors: Option<&[V11SharedResourceOwnerTransition]>,
2160 | | ) -> Result<(), V11Error> {
     | |_________________________^
     |
     = help: for further information visit https://rust-lang.github.io/rust-clippy/master/index.html#too_many_lines
     = note: `-D clippy::too-many-lines` implied by `-D warnings`
     = help: to override `-D warnings` add `#[allow(clippy::too_many_lines)]`

error: could not compile `openwepp-vegetation` (lib) due to 1 previous error
