warning: Git tree '/workdir/openWEPP' is dirty
warning: variable does not need to be mutable
   --> crates/openwepp-land-surface-energy/src/m1_trust_region_controller.rs:264:13
    |
264 |         let mut trace = |disposition,
    |             ----^^^^^
    |             |
    |             help: remove this `mut`
    |
    = note: `#[warn(unused_mut)]` (part of `#[warn(unused)]`) on by default

warning: enum `M1TrustRegionAssemblyKind` is never used
   --> crates/openwepp-land-surface-energy/src/lib.rs:158:17
    |
158 | pub(crate) enum M1TrustRegionAssemblyKind {
    |                 ^^^^^^^^^^^^^^^^^^^^^^^^^
    |
    = note: `#[warn(dead_code)]` (part of `#[warn(unused)]`) on by default

warning: struct `M1TrustRegionControllerOperationEntry` is never constructed
   --> crates/openwepp-land-surface-energy/src/lib.rs:174:19
    |
174 | pub(crate) struct M1TrustRegionControllerOperationEntry {
    |                   ^^^^^^^^^^^^^^^^^^^^^^^^^^^^^^^^^^^^^

warning: multiple variants are never constructed
   --> crates/openwepp-land-surface-energy/src/lib.rs:197:5
    |
196 | pub(crate) enum M1TrustRegionControllerOperation {
    |                 -------------------------------- variants in this enum
197 |     NaturalAssembly,
    |     ^^^^^^^^^^^^^^^
198 |     SelectedReplacementAssembly,
    |     ^^^^^^^^^^^^^^^^^^^^^^^^^^^
199 |     ProposalCore,
200 |     ProposalHydraulicBlock,
    |     ^^^^^^^^^^^^^^^^^^^^^^
201 |     SubproblemFace,
    |     ^^^^^^^^^^^^^^
202 |     PostUpdateCurrentAdmission,
    |     ^^^^^^^^^^^^^^^^^^^^^^^^^^
203 |     TerminalCurrentAdmission,
    |     ^^^^^^^^^^^^^^^^^^^^^^^^
204 |     Materialization,
    |     ^^^^^^^^^^^^^^^
    |
    = note: `M1TrustRegionControllerOperation` has derived impls for the traits `Debug` and `Clone`, but these are intentionally ignored during dead code analysis

warning: field `weighted_residual` is never read
  --> crates/openwepp-land-surface-energy/src/m1_trust_region_controller.rs:55:16
   |
53 | pub(crate) struct ProposalModel {
   |                   ------------- field in this struct
54 |     pub(crate) observation: super::M1TrustRegionSubproblemObservation,
55 |     pub(crate) weighted_residual: Vec<f64>,
   |                ^^^^^^^^^^^^^^^^^

warning: variants `DomainRefusedAndShrunk` and `TerminalOwnerError` are never constructed
  --> crates/openwepp-land-surface-energy/src/m1_trust_region_controller_interface.rs:9:5
   |
 7 | pub(crate) enum M1TrustRegionProposalDisposition {
   |                 -------------------------------- variants in this enum
 8 |     AcceptedUpdate,
 9 |     DomainRefusedAndShrunk,
   |     ^^^^^^^^^^^^^^^^^^^^^^
...
12 |     TerminalOwnerError,
   |     ^^^^^^^^^^^^^^^^^^
   |
   = note: `M1TrustRegionProposalDisposition` has derived impls for the traits `Debug` and `Clone`, but these are intentionally ignored during dead code analysis

warning: enum `M1TrustRegionEvaluatorBoundary` is never used
  --> crates/openwepp-land-surface-energy/src/m1_trust_region_controller_interface.rs:17:17
   |
17 | pub(crate) enum M1TrustRegionEvaluatorBoundary {
   |                 ^^^^^^^^^^^^^^^^^^^^^^^^^^^^^^

warning: method `evaluator_boundary` is never used
  --> crates/openwepp-land-surface-energy/src/m1_trust_region_controller_interface.rs:49:8
   |
37 | pub(crate) trait M1TrustRegionControllerEvaluator {
   |                  -------------------------------- method in this trait
...
49 |     fn evaluator_boundary(&self, error: &Self::Error) -> M1TrustRegionEvaluatorBoundary;
   |        ^^^^^^^^^^^^^^^^^^

warning: fields `kkt_gradient` and `kkt_normal_gradient` are never read
  --> crates/openwepp-land-surface-energy/src/m1_trust_region_controller_interface.rs:95:16
   |
81 | pub(crate) struct M1TrustRegionControllerTransition {
   |                   --------------------------------- fields in this struct
...
95 |     pub(super) kkt_gradient: [f64; M1_TRUST_REGION_CONTROLLER_DIMENSION],
   |                ^^^^^^^^^^^^
96 |     pub(super) kkt_normal_gradient: [f64; M1_TRUST_REGION_CONTROLLER_DIMENSION],
   |                ^^^^^^^^^^^^^^^^^^^
   |
   = note: `M1TrustRegionControllerTransition` has derived impls for the traits `Debug` and `Clone`, but these are intentionally ignored during dead code analysis

warning: `openwepp-land-surface-energy` (lib test) generated 9 warnings (run `cargo fix --lib -p openwepp-land-surface-energy --tests` to apply 1 suggestion)
    Finished `test` profile [unoptimized + debuginfo] target(s) in 0.03s
────────────
 Nextest run ID 6f6d0e64-ac7e-4fe8-bce4-833433590a06 with nextest profile: default
    Starting 9 tests across 1 binary (256 tests skipped)
  stdout ───

    running 1 test
    test m1_trust_region_stage2_controls::m1_stage2_seeded_work_guard_records_actual_pre_entry_refusal ... ok

    test result: ok. 1 passed; 0 failed; 0 ignored; 0 measured; 264 filtered out; finished in 0.00s


  stdout ───

    running 1 test
    test m1_trust_region_stage2_controls::m1_stage2_full_no_update_materializes_current_base ... ok

    test result: ok. 1 passed; 0 failed; 0 ignored; 0 measured; 264 filtered out; finished in 0.00s


        FAIL [   0.004s] (3/9) openwepp-land-surface-energy m1_trust_region_stage2_controls::m1_stage2_negative_humidity_excess_never_admits_or_materializes
  stdout ───

    running 1 test
    test m1_trust_region_stage2_controls::m1_stage2_negative_humidity_excess_never_admits_or_materializes ... FAILED

    failures:

    failures:
        m1_trust_region_stage2_controls::m1_stage2_negative_humidity_excess_never_admits_or_materializes

    test result: FAILED. 0 passed; 1 failed; 0 ignored; 0 measured; 264 filtered out; finished in 0.00s

  stderr ───

    thread 'm1_trust_region_stage2_controls::m1_stage2_negative_humidity_excess_never_admits_or_materializes' (2062505) panicked at crates/openwepp-land-surface-energy/src/m1_trust_region_stage2_controls.rs:1063:5:
    assertion `left == right` failed
      left: 1
     right: 0
    note: run with `RUST_BACKTRACE=1` environment variable to display a backtrace

        FAIL [   0.004s] (4/9) openwepp-land-surface-energy m1_trust_region_stage2_controls::m1_stage2_post_update_root_materializes_installed_base_before_reassembly
  stdout ───

    running 1 test
    test m1_trust_region_stage2_controls::m1_stage2_post_update_root_materializes_installed_base_before_reassembly ... FAILED

    failures:

    failures:
        m1_trust_region_stage2_controls::m1_stage2_post_update_root_materializes_installed_base_before_reassembly

    test result: FAILED. 0 passed; 1 failed; 0 ignored; 0 measured; 264 filtered out; finished in 0.00s

  stderr ───

    thread 'm1_trust_region_stage2_controls::m1_stage2_post_update_root_materializes_installed_base_before_reassembly' (2062501) panicked at crates/openwepp-land-surface-energy/src/m1_trust_region_stage2_controls.rs:901:76:
    called `Result::unwrap()` on an `Err` value: IncompleteScope
    note: run with `RUST_BACKTRACE=1` environment variable to display a backtrace

  stdout ───

    running 1 test
    test m1_trust_region_stage2_controls::m1_stage2_constrained_stationarity_is_nonterminal_rejection ... ok

    test result: ok. 1 passed; 0 failed; 0 ignored; 0 measured; 264 filtered out; finished in 0.02s


  stdout ───

    running 1 test
    test m1_trust_region_stage2_controls::m1_stage2_raw_jacobian_and_frozen_merit_are_actual ... ok

    test result: ok. 1 passed; 0 failed; 0 ignored; 0 measured; 264 filtered out; finished in 0.02s


        FAIL [   0.029s] (7/9) openwepp-land-surface-energy m1_trust_region_stage2_controls::m1_stage2_first_valid_radius_replacement_materializes_original_base
  stdout ───

    running 1 test
    test m1_trust_region_stage2_controls::m1_stage2_first_valid_radius_replacement_materializes_original_base ... FAILED

    failures:

    failures:
        m1_trust_region_stage2_controls::m1_stage2_first_valid_radius_replacement_materializes_original_base

    test result: FAILED. 0 passed; 1 failed; 0 ignored; 0 measured; 264 filtered out; finished in 0.02s

  stderr ───

    thread 'm1_trust_region_stage2_controls::m1_stage2_first_valid_radius_replacement_materializes_original_base' (2062509) panicked at crates/openwepp-land-surface-energy/src/m1_trust_region_stage2_controls.rs:1014:5:
    assertion `left == right` failed
      left: [Evaluate([300.0, 300.0, 300.0, 0.01, 1000.0, 0.0, 300.0, 300.0, 300.0, 0.01, 1000.0, 0.0, 300.0, 0.01, 300.0, 300.0, 300.0, 300.0, 300.0, 300.0, 300.0]), SelectPhase { base: [300.0, 300.0, 300.0, 0.01, 1000.0, 0.0, 300.0, 300.0, 300.0, 0.01, 1000.0, 0.0, 300.0, 0.01, 300.0, 300.0, 300.0, 300.0, 300.0, 300.0, 300.0], step: [0.0, 0.0, 0.0, 0.0, 0.0, 0.0, 0.0, 0.0, 0.0, 0.0, 0.0, 0.0, 0.0, 0.0, 0.0, 0.0, 0.0, 0.0, 0.0, 0.0, 0.0] }, RawJacobian { base: [300.0, 300.0, 300.0, 0.01, 1000.0, 0.0, 300.0, 300.0, 300.0, 0.01, 1000.0, 0.0, 300.0, 0.01, 300.0, 300.0, 300.0, 300.0, 300.0, 300.0, 300.0], selected_phase: None, predictor_direction: [0.0, 0.0, 0.0, 0.0, 0.0, 0.0, 0.0, 0.0, 0.0, 0.0, 0.0, 0.0, 0.0, 0.0, 0.0, 0.0, 0.0, 0.0, 0.0, 0.0, 0.0] }, SelectPhase { base: [300.0, 300.0, 300.0, 0.01, 1000.0, 0.0, 300.0, 300.0, 300.0, 0.01, 1000.0, 0.0, 300.0, 0.01, 300.0, 300.0, 300.0, 300.0, 300.0, 300.0, 300.0], step: [1.4901161193847656e-8, 0.0, 0.0, 0.01, 0.0, 0.0, 0.0, 0.0, 0.0, 0.0, 0.0, 0.0, 0.0, 0.0, 0.0, 0.0, 0.0, 0.0, 0.0, 0.0, 0.0] }, SelectedSideProbe { base: [300.0, 300.0, 300.0, 0.01, 1000.0, 0.0, 300.0, 300.0, 300.0, 0.01, 1000.0, 0.0, 300.0, 0.01, 300.0, 300.0, 300.0, 300.0, 300.0, 300.0, 300.0], phase: 0, direction: [1.4901161193847656e-8, 0.0, 0.0, 0.01, 0.0, 0.0, 0.0, 0.0, 0.0, 0.0, 0.0, 0.0, 0.0, 0.0, 0.0, 0.0, 0.0, 0.0, 0.0, 0.0, 0.0] }, PreEvaluatorTrialDomain([300.00000001490116, 300.0, 300.0, 0.02, 1000.0, 0.0, 300.0, 300.0, 300.0, 0.01, 1000.0, 0.0, 300.0, 0.01, 300.0, 300.0, 300.0, 300.0, 300.0, 300.0, 300.0]), Evaluate([300.00000001490116, 300.0, 300.0, 0.02, 1000.0, 0.0, 300.0, 300.0, 300.0, 0.01, 1000.0, 0.0, 300.0, 0.01, 300.0, 300.0, 300.0, 300.0, 300.0, 300.0, 300.0]), SelectPhase { base: [300.0, 300.0, 300.0, 0.01, 1000.0, 0.0, 300.0, 300.0, 300.0, 0.01, 1000.0, 0.0, 300.0, 0.01, 300.0, 300.0, 300.0, 300.0, 300.0, 300.0, 300.0], step: [3.725290298461914e-9, 0.0, 0.0, 0.0025, 0.0, 0.0, 0.0, 0.0, 0.0, 0.0, 0.0, 0.0, 0.0, 0.0, 0.0, 0.0, 0.0, 0.0, 0.0, 0.0, 0.0] }, SelectedSideProbe { base: [300.0, 300.0, 300.0, 0.01, 1000.0, 0.0, 300.0, 300.0, 300.0, 0.01, 1000.0, 0.0, 300.0, 0.01, 300.0, 300.0, 300.0, 300.0, 300.0, 300.0, 300.0], phase: 0, direction: [3.725290298461914e-9, 0.0, 0.0, 0.0025, 0.0, 0.0, 0.0, 0.0, 0.0, 0.0, 0.0, 0.0, 0.0, 0.0, 0.0, 0.0, 0.0, 0.0, 0.0, 0.0, 0.0] }, PreEvaluatorTrialDomain([300.0000000037253, 300.0, 300.0, 0.0125, 1000.0, 0.0, 300.0, 300.0, 300.0, 0.01, 1000.0, 0.0, 300.0, 0.01, 300.0, 300.0, 300.0, 300.0, 300.0, 300.0, 300.0]), Evaluate([300.0000000037253, 300.0, 300.0, 0.0125, 1000.0, 0.0, 300.0, 300.0, 300.0, 0.01, 1000.0, 0.0, 300.0, 0.01, 300.0, 300.0, 300.0, 300.0, 300.0, 300.0, 300.0]), Materialize([300.0, 300.0, 300.0, 0.01, 1000.0, 0.0, 300.0, 300.0, 300.0, 0.01, 1000.0, 0.0, 300.0, 0.01, 300.0, 300.0, 300.0, 300.0, 300.0, 300.0, 300.0])]
     right: [Evaluate([300.0, 300.0, 300.0, 0.01, 1000.0, 0.0, 300.0, 300.0, 300.0, 0.01, 1000.0, 0.0, 300.0, 0.01, 300.0, 300.0, 300.0, 300.0, 300.0, 300.0, 300.0]), SelectPhase { base: [300.0, 300.0, 300.0, 0.01, 1000.0, 0.0, 300.0, 300.0, 300.0, 0.01, 1000.0, 0.0, 300.0, 0.01, 300.0, 300.0, 300.0, 300.0, 300.0, 300.0, 300.0], step: [0.0, 0.0, 0.0, 0.0, 0.0, 0.0, 0.0, 0.0, 0.0, 0.0, 0.0, 0.0, 0.0, 0.0, 0.0, 0.0, 0.0, 0.0, 0.0, 0.0, 0.0] }, RawJacobian { base: [300.0, 300.0, 300.0, 0.01, 1000.0, 0.0, 300.0, 300.0, 300.0, 0.01, 1000.0, 0.0, 300.0, 0.01, 300.0, 300.0, 300.0, 300.0, 300.0, 300.0, 300.0], selected_phase: None, predictor_direction: [0.0, 0.0, 0.0, 0.0, 0.0, 0.0, 0.0, 0.0, 0.0, 0.0, 0.0, 0.0, 0.0, 0.0, 0.0, 0.0, 0.0, 0.0, 0.0, 0.0, 0.0] }, SelectPhase { base: [300.0, 300.0, 300.0, 0.01, 1000.0, 0.0, 300.0, 300.0, 300.0, 0.01, 1000.0, 0.0, 300.0, 0.01, 300.0, 300.0, 300.0, 300.0, 300.0, 300.0, 300.0], step: [1.4901161193847656e-8, 0.0, 0.0, 0.01, 0.0, 0.0, 0.0, 0.0, 0.0, 0.0, 0.0, 0.0, 0.0, 0.0, 0.0, 0.0, 0.0, 0.0, 0.0, 0.0, 0.0] }, SelectedSideProbe { base: [300.0, 300.0, 300.0, 0.01, 1000.0, 0.0, 300.0, 300.0, 300.0, 0.01, 1000.0, 0.0, 300.0, 0.01, 300.0, 300.0, 300.0, 300.0, 300.0, 300.0, 300.0], phase: 0, direction: [1.4901161193847656e-8, 0.0, 0.0, 0.01, 0.0, 0.0, 0.0, 0.0, 0.0, 0.0, 0.0, 0.0, 0.0, 0.0, 0.0, 0.0, 0.0, 0.0, 0.0, 0.0, 0.0] }, PreEvaluatorTrialDomain([300.00000001490116, 300.0, 300.0, 0.02, 1000.0, 0.0, 300.0, 300.0, 300.0, 0.01, 1000.0, 0.0, 300.0, 0.01, 300.0, 300.0, 300.0, 300.0, 300.0, 300.0, 300.0]), Evaluate([300.00000001490116, 300.0, 300.0, 0.02, 1000.0, 0.0, 300.0, 300.0, 300.0, 0.01, 1000.0, 0.0, 300.0, 0.01, 300.0, 300.0, 300.0, 300.0, 300.0, 300.0, 300.0]), SelectPhase { base: [300.0, 300.0, 300.0, 0.01, 1000.0, 0.0, 300.0, 300.0, 300.0, 0.01, 1000.0, 0.0, 300.0, 0.01, 300.0, 300.0, 300.0, 300.0, 300.0, 300.0, 300.0], step: [3.725290298461914e-9, 0.0, 0.0, 0.0025000000000000005, 0.0, 0.0, 0.0, 0.0, 0.0, 0.0, 0.0, 0.0, 0.0, 0.0, 0.0, 0.0, 0.0, 0.0, 0.0, 0.0, 0.0] }, SelectedSideProbe { base: [300.0, 300.0, 300.0, 0.01, 1000.0, 0.0, 300.0, 300.0, 300.0, 0.01, 1000.0, 0.0, 300.0, 0.01, 300.0, 300.0, 300.0, 300.0, 300.0, 300.0, 300.0], phase: 0, direction: [3.725290298461914e-9, 0.0, 0.0, 0.0025000000000000005, 0.0, 0.0, 0.0, 0.0, 0.0, 0.0, 0.0, 0.0, 0.0, 0.0, 0.0, 0.0, 0.0, 0.0, 0.0, 0.0, 0.0] }, PreEvaluatorTrialDomain([300.0000000037253, 300.0, 300.0, 0.0125, 1000.0, 0.0, 300.0, 300.0, 300.0, 0.01, 1000.0, 0.0, 300.0, 0.01, 300.0, 300.0, 300.0, 300.0, 300.0, 300.0, 300.0]), Evaluate([300.0000000037253, 300.0, 300.0, 0.0125, 1000.0, 0.0, 300.0, 300.0, 300.0, 0.01, 1000.0, 0.0, 300.0, 0.01, 300.0, 300.0, 300.0, 300.0, 300.0, 300.0, 300.0]), Materialize([300.0, 300.0, 300.0, 0.01, 1000.0, 0.0, 300.0, 300.0, 300.0, 0.01, 1000.0, 0.0, 300.0, 0.01, 300.0, 300.0, 300.0, 300.0, 300.0, 300.0, 300.0])]
    note: run with `RUST_BACKTRACE=1` environment variable to display a backtrace

  stdout ───

    running 1 test
    test m1_trust_region_stage2_controls::m1_stage2_ordinary_four_radius_cases_use_actual_state ... ok

    test result: ok. 1 passed; 0 failed; 0 ignored; 0 measured; 264 filtered out; finished in 0.04s


  stdout ───

    running 1 test
    test m1_trust_region_stage2_controls::m1_stage2_stationarity_exhausts_after_eleven_proposals_and_twenty_two_faces ... ok

    test result: ok. 1 passed; 0 failed; 0 ignored; 0 measured; 264 filtered out; finished in 0.12s


────────────
     Summary [   0.125s] 9 tests run: 6 passed, 3 failed, 256 skipped
        FAIL [   0.004s] (3/9) openwepp-land-surface-energy m1_trust_region_stage2_controls::m1_stage2_negative_humidity_excess_never_admits_or_materializes
        FAIL [   0.004s] (4/9) openwepp-land-surface-energy m1_trust_region_stage2_controls::m1_stage2_post_update_root_materializes_installed_base_before_reassembly
        FAIL [   0.029s] (7/9) openwepp-land-surface-energy m1_trust_region_stage2_controls::m1_stage2_first_valid_radius_replacement_materializes_original_base
error: test run failed
