warning: Git tree '/workdir/openWEPP' is dirty
   Compiling openwepp-land-surface-energy v0.1.0 (/home/roger/openwepp-experiments/cold-canopy-m1-20260920/crates/openwepp-land-surface-energy)
warning: variants `TrustRegionRadiusExhausted` and `TrustRegionWorkCap` are never constructed
   --> crates/openwepp-land-surface-energy/src/lib.rs:159:5
    |
152 | pub(crate) enum M1TrustRegionRefusalKind {
    |                 ------------------------ variants in this enum
...
159 |     TrustRegionRadiusExhausted,
    |     ^^^^^^^^^^^^^^^^^^^^^^^^^^
160 |     TrustRegionWorkCap,
    |     ^^^^^^^^^^^^^^^^^^
    |
    = note: `M1TrustRegionRefusalKind` has derived impls for the traits `Debug` and `Clone`, but these are intentionally ignored during dead code analysis
    = note: `#[warn(dead_code)]` (part of `#[warn(unused)]`) on by default

warning: field `active_upper` is never read
   --> crates/openwepp-land-surface-energy/src/lib.rs:290:16
    |
272 | pub(crate) struct M1TrustRegionSubproblemObservation {
    |                   ---------------------------------- field in this struct
...
290 |     pub(crate) active_upper: [bool; 21],
    |                ^^^^^^^^^^^^
    |
    = note: `M1TrustRegionSubproblemObservation` has derived impls for the traits `Debug` and `Clone`, but these are intentionally ignored during dead code analysis

warning: `openwepp-land-surface-energy` (lib test) generated 2 warnings
    Finished `test` profile [unoptimized + debuginfo] target(s) in 3.11s
────────────
 Nextest run ID 3f329139-0671-4d33-b25b-38b34c3d94b9 with nextest profile: default
    Starting 10 tests across 1 binary (243 tests skipped)
────────────
     Summary [   0.008s] 10 tests run: 10 passed, 243 skipped
