warning: Git tree '/workdir/openWEPP' is dirty
    Checking openwepp-land-surface-energy v0.1.0 (/home/roger/openwepp-experiments/cold-canopy-m1-20260920/crates/openwepp-land-surface-energy)
error[E0425]: cannot find function `m1_trust_region_controller_post_update_admission_for_test` in module `super`
   --> crates/openwepp-land-surface-energy/src/m1_trust_region_stage2_controls.rs:898:16
    |
898 |           super::m1_trust_region_controller_post_update_admission_for_test(&mut fixture).unwrap();
    |                  ^^^^^^^^^^^^^^^^^^^^^^^^^^^^^^^^^^^^^^^^^^^^^^^^^^^^^^^^^
    |
   ::: crates/openwepp-land-surface-energy/src/m1_trust_region_controller.rs:399:1
    |
399 | / pub(crate) fn m1_trust_region_controller_transition_for_test<E, P, Phase, V>(
400 | |     evaluator: &mut V,
401 | | ) -> Result<
402 | |     super::m1_trust_region_controller_interface::M1TrustRegionControllerTransition,
...   |
411 | |     state.transition(evaluator)
412 | | }
    | |_- similarly named function `m1_trust_region_controller_transition_for_test` defined here
    |
help: a function with a similar name exists
    |
898 -         super::m1_trust_region_controller_post_update_admission_for_test(&mut fixture).unwrap();
898 +         super::m1_trust_region_controller_transition_for_test(&mut fixture).unwrap();
    |

error[E0425]: cannot find function `m1_trust_region_controller_replacement_witness_for_test` in module `super`
   --> crates/openwepp-land-surface-energy/src/m1_trust_region_stage2_controls.rs:937:22
    |
937 |       let run = super::m1_trust_region_controller_replacement_witness_for_test(&mut fixture).unwrap();
    |                        ^^^^^^^^^^^^^^^^^^^^^^^^^^^^^^^^^^^^^^^^^^^^^^^^^^^^^^^
    |
   ::: crates/openwepp-land-surface-energy/src/m1_trust_region_controller.rs:399:1
    |
399 | / pub(crate) fn m1_trust_region_controller_transition_for_test<E, P, Phase, V>(
400 | |     evaluator: &mut V,
401 | | ) -> Result<
402 | |     super::m1_trust_region_controller_interface::M1TrustRegionControllerTransition,
...   |
411 | |     state.transition(evaluator)
412 | | }
    | |_- similarly named function `m1_trust_region_controller_transition_for_test` defined here
    |
help: a function with a similar name exists
    |
937 -     let run = super::m1_trust_region_controller_replacement_witness_for_test(&mut fixture).unwrap();
937 +     let run = super::m1_trust_region_controller_transition_for_test(&mut fixture).unwrap();
    |

warning: variable does not need to be mutable
   --> crates/openwepp-land-surface-energy/src/m1_trust_region_controller.rs:264:13
    |
264 |         let mut trace = |disposition,
    |             ----^^^^^
    |             |
    |             help: remove this `mut`
    |
    = note: `#[warn(unused_mut)]` (part of `#[warn(unused)]`) on by default

For more information about this error, try `rustc --explain E0425`.
warning: `openwepp-land-surface-energy` (lib test) generated 1 warning
error: could not compile `openwepp-land-surface-energy` (lib test) due to 2 previous errors; 1 warning emitted
