warning: Git tree '/workdir/openWEPP' is dirty
   Compiling openwepp-land-surface-energy v0.1.0 (/home/roger/openwepp-experiments/cold-canopy-m1-20260920/crates/openwepp-land-surface-energy)
error[E0425]: cannot find function `m1_trust_region_solve_subproblem_for_test` in module `super`
   --> crates/openwepp-land-surface-energy/src/m1_coupled_tests.rs:300:25
    |
300 |     let result = super::m1_trust_region_solve_subproblem_for_test(
    |                         ^^^^^^^^^^^^^^^^^^^^^^^^^^^^^^^^^^^^^^^^^ not found in `super`

error[E0425]: cannot find function `m1_trust_region_frozen_merit_for_test` in module `super`
   --> crates/openwepp-land-surface-energy/src/m1_coupled_tests.rs:371:24
    |
371 |     let merit = super::m1_trust_region_frozen_merit_for_test(
    |                        ^^^^^^^^^^^^^^^^^^^^^^^^^^^^^^^^^^^^^ not found in `super`

error[E0425]: cannot find function `m1_trust_region_solve_subproblem_for_test` in module `super`
   --> crates/openwepp-land-surface-energy/src/m1_coupled_tests.rs:395:23
    |
395 |     let face = super::m1_trust_region_solve_subproblem_for_test(
    |                       ^^^^^^^^^^^^^^^^^^^^^^^^^^^^^^^^^^^^^^^^^ not found in `super`

error[E0425]: cannot find function `m1_trust_region_solve_subproblem_for_test` in module `super`
   --> crates/openwepp-land-surface-energy/src/m1_coupled_tests.rs:464:25
    |
464 |     let result = super::m1_trust_region_solve_subproblem_for_test(
    |                         ^^^^^^^^^^^^^^^^^^^^^^^^^^^^^^^^^^^^^^^^^ not found in `super`

error[E0425]: cannot find function `m1_trust_region_solve_subproblem_for_test` in module `super`
   --> crates/openwepp-land-surface-energy/src/m1_coupled_tests.rs:521:25
    |
521 |     let result = super::m1_trust_region_solve_subproblem_for_test(
    |                         ^^^^^^^^^^^^^^^^^^^^^^^^^^^^^^^^^^^^^^^^^ not found in `super`

error[E0425]: cannot find function `m1_trust_region_solve_subproblem_for_test` in module `super`
   --> crates/openwepp-land-surface-energy/src/m1_coupled_tests.rs:668:30
    |
668 |         let refusal = super::m1_trust_region_solve_subproblem_for_test(&input, &trial(), case)
    |                              ^^^^^^^^^^^^^^^^^^^^^^^^^^^^^^^^^^^^^^^^^ not found in `super`

error[E0425]: cannot find function `m1_trust_region_solve_subproblem_for_test` in module `super`
   --> crates/openwepp-land-surface-energy/src/m1_coupled_tests.rs:714:16
    |
714 |         super::m1_trust_region_solve_subproblem_for_test(&input, &trial(), lower_start)
    |                ^^^^^^^^^^^^^^^^^^^^^^^^^^^^^^^^^^^^^^^^^ not found in `super`

error[E0425]: cannot find function `m1_trust_region_solve_subproblem_for_test` in module `super`
   --> crates/openwepp-land-surface-energy/src/m1_coupled_tests.rs:724:16
    |
724 |         super::m1_trust_region_solve_subproblem_for_test(&input, &trial(), upper_start)
    |                ^^^^^^^^^^^^^^^^^^^^^^^^^^^^^^^^^^^^^^^^^ not found in `super`

error[E0425]: cannot find function `m1_trust_region_validate_ball_endpoint_for_test` in module `super`
   --> crates/openwepp-land-surface-energy/src/m1_coupled_tests.rs:751:29
    |
751 |         let result = super::m1_trust_region_validate_ball_endpoint_for_test(
    |                             ^^^^^^^^^^^^^^^^^^^^^^^^^^^^^^^^^^^^^^^^^^^^^^^ not found in `super`

error[E0425]: cannot find function `m1_trust_region_jacobi_observation_for_test` in module `super`
    --> crates/openwepp-land-surface-energy/src/m1_coupled_tests.rs:772:16
     |
 772 |         super::m1_trust_region_jacobi_observation_for_test(super::M1TrustRegionJacobiInput {
     |                ^^^^^^^^^^^^^^^^^^^^^^^^^^^^^^^^^^^^^^^^^^^
     |
    ::: crates/openwepp-land-surface-energy/src/solver_covered_evaluation/m1_coupled.rs:1616:1
     |
1616 | pub(crate) fn m1_reset_loop_activity_observation_for_test() {
     | ----------------------------------------------------------- similarly named function `m1_reset_loop_activity_observation_for_test` defined here
     |
help: a function with a similar name exists
     |
 772 -         super::m1_trust_region_jacobi_observation_for_test(super::M1TrustRegionJacobiInput {
 772 +         super::m1_reset_loop_activity_observation_for_test(super::M1TrustRegionJacobiInput {
     |

error[E0425]: cannot find function `m1_trust_region_jacobi_observation_for_test` in module `super`
    --> crates/openwepp-land-surface-energy/src/m1_coupled_tests.rs:782:16
     |
 782 |         super::m1_trust_region_jacobi_observation_for_test(super::M1TrustRegionJacobiInput {
     |                ^^^^^^^^^^^^^^^^^^^^^^^^^^^^^^^^^^^^^^^^^^^
     |
    ::: crates/openwepp-land-surface-energy/src/solver_covered_evaluation/m1_coupled.rs:1616:1
     |
1616 | pub(crate) fn m1_reset_loop_activity_observation_for_test() {
     | ----------------------------------------------------------- similarly named function `m1_reset_loop_activity_observation_for_test` defined here
     |
help: a function with a similar name exists
     |
 782 -         super::m1_trust_region_jacobi_observation_for_test(super::M1TrustRegionJacobiInput {
 782 +         super::m1_reset_loop_activity_observation_for_test(super::M1TrustRegionJacobiInput {
     |

error[E0425]: cannot find function `m1_trust_region_solve_subproblem_for_test` in module `super`
   --> crates/openwepp-land-surface-energy/src/m1_coupled_tests.rs:814:25
    |
814 |     let result = super::m1_trust_region_solve_subproblem_for_test(
    |                         ^^^^^^^^^^^^^^^^^^^^^^^^^^^^^^^^^^^^^^^^^ not found in `super`

error[E0425]: cannot find function `m1_trust_region_solve_subproblem_for_test` in module `super`
   --> crates/openwepp-land-surface-energy/src/m1_coupled_tests.rs:893:29
    |
893 |         let result = super::m1_trust_region_solve_subproblem_for_test(
    |                             ^^^^^^^^^^^^^^^^^^^^^^^^^^^^^^^^^^^^^^^^^ not found in `super`

For more information about this error, try `rustc --explain E0425`.
error: could not compile `openwepp-land-surface-energy` (lib test) due to 13 previous errors
error: command `/nix/store/rai05nypxnmj22l65nwsk5xjsaq8s4vc-cargo-1.95.0/bin/cargo test --no-run --message-format json-render-diagnostics --package openwepp-land-surface-energy --lib` exited with code 101
