warning: Git tree '/workdir/openWEPP' is dirty
    Finished `test` profile [unoptimized + debuginfo] target(s) in 0.03s
────────────
 Nextest run ID 21c99231-a9ab-47fa-9d88-f94584e77797 with nextest profile: default
    Starting 21 tests across 1 binary (256 tests skipped)
  stdout ───

    running 1 test
    test m1_trust_region_stage2_controls::m1_stage2_full_no_update_materializes_current_base ... ok

    test result: ok. 1 passed; 0 failed; 0 ignored; 0 measured; 276 filtered out; finished in 0.00s


  stdout ───

    running 1 test
    test m1_trust_region_stage2_controls::m1_stage2_post_update_root_materializes_installed_base_before_reassembly ... ok

    test result: ok. 1 passed; 0 failed; 0 ignored; 0 measured; 276 filtered out; finished in 0.00s


  stdout ───

    running 1 test
    test m1_trust_region_stage2_controls::m1_stage2_negative_humidity_excess_never_admits_or_materializes ... ok

    test result: ok. 1 passed; 0 failed; 0 ignored; 0 measured; 276 filtered out; finished in 0.00s


  stdout ───

    running 1 test
    test m1_trust_region_stage2_controls::m1_stage2_seeded_work_guard_records_actual_pre_entry_refusal ... ok

    test result: ok. 1 passed; 0 failed; 0 ignored; 0 measured; 276 filtered out; finished in 0.00s


        FAIL [   0.026s] ( 5/21) openwepp-land-surface-energy m1_trust_region_stage2_controls::m1_stage2_changed_predictor_phase_reassembles_once_and_resolves_stage1
  stdout ───

    running 1 test
    test m1_trust_region_stage2_controls::m1_stage2_changed_predictor_phase_reassembles_once_and_resolves_stage1 ... FAILED

    failures:

    failures:
        m1_trust_region_stage2_controls::m1_stage2_changed_predictor_phase_reassembles_once_and_resolves_stage1

    test result: FAILED. 0 passed; 1 failed; 0 ignored; 0 measured; 276 filtered out; finished in 0.02s

  stderr ───

    thread 'm1_trust_region_stage2_controls::m1_stage2_changed_predictor_phase_reassembles_once_and_resolves_stage1' (2683138) panicked at crates/openwepp-land-surface-energy/src/m1_trust_region_stage2_controls.rs:1198:90:
    called `Result::unwrap()` on an `Err` value: IncompleteScope
    note: run with `RUST_BACKTRACE=1` environment variable to display a backtrace

  stdout ───

    running 1 test
    test m1_trust_region_stage2_controls::m1_stage2_constrained_stationarity_is_nonterminal_rejection ... ok

    test result: ok. 1 passed; 0 failed; 0 ignored; 0 measured; 276 filtered out; finished in 0.02s


  stdout ───

    running 1 test
    test m1_trust_region_stage2_controls::m1_stage2_incomplete_full_governed_evaluation_is_terminal_and_opens_no_witness ... ok

    test result: ok. 1 passed; 0 failed; 0 ignored; 0 measured; 276 filtered out; finished in 0.02s


  stdout ───

    running 1 test
    test m1_trust_region_stage2_controls::m1_stage2_full_incomplete_evaluation_is_terminal_and_opens_no_witness ... ok

    test result: ok. 1 passed; 0 failed; 0 ignored; 0 measured; 276 filtered out; finished in 0.02s


        FAIL [   0.028s] ( 9/21) openwepp-land-surface-energy m1_trust_region_stage2_controls::m1_stage2_final_phase_disagreement_is_owning_and_precedes_trial
  stdout ───

    running 1 test
    test m1_trust_region_stage2_controls::m1_stage2_final_phase_disagreement_is_owning_and_precedes_trial ... FAILED

    failures:

    failures:
        m1_trust_region_stage2_controls::m1_stage2_final_phase_disagreement_is_owning_and_precedes_trial

    test result: FAILED. 0 passed; 1 failed; 0 ignored; 0 measured; 276 filtered out; finished in 0.02s

  stderr ───

    thread 'm1_trust_region_stage2_controls::m1_stage2_final_phase_disagreement_is_owning_and_precedes_trial' (2683143) panicked at crates/openwepp-land-surface-energy/src/m1_trust_region_stage2_controls.rs:1265:5:
    assertion failed: matches!(super::m1_trust_region_controller_transition_for_test(&mut fixture),
        Err(M1TrustRegionControllerError::Own("PhaseActiveSetInconsistent")))
    note: run with `RUST_BACKTRACE=1` environment variable to display a backtrace

  stdout ───

    running 1 test
    test m1_trust_region_stage2_controls::m1_stage2_raw_jacobian_and_frozen_merit_are_actual ... ok

    test result: ok. 1 passed; 0 failed; 0 ignored; 0 measured; 276 filtered out; finished in 0.02s


        FAIL [   0.023s] (11/21) openwepp-land-surface-energy m1_trust_region_stage2_controls::m1_stage2_selected_side_owner_error_follows_final_phase_verification
  stdout ───

    running 1 test
    test m1_trust_region_stage2_controls::m1_stage2_selected_side_owner_error_follows_final_phase_verification ... FAILED

    failures:

    failures:
        m1_trust_region_stage2_controls::m1_stage2_selected_side_owner_error_follows_final_phase_verification

    test result: FAILED. 0 passed; 1 failed; 0 ignored; 0 measured; 276 filtered out; finished in 0.02s

  stderr ───

    thread 'm1_trust_region_stage2_controls::m1_stage2_selected_side_owner_error_follows_final_phase_verification' (2683157) panicked at crates/openwepp-land-surface-energy/src/m1_trust_region_stage2_controls.rs:1284:5:
    assertion failed: matches!(super::m1_trust_region_controller_transition_for_test(&mut fixture),
        Err(M1TrustRegionControllerError::Own("selected-side owning error")))
    note: run with `RUST_BACKTRACE=1` environment variable to display a backtrace

  stdout ───

    running 1 test
    test m1_trust_region_stage2_controls::m1_stage2_first_valid_radius_replacement_materializes_original_base ... ok

    test result: ok. 1 passed; 0 failed; 0 ignored; 0 measured; 276 filtered out; finished in 0.03s


        FAIL [   0.040s] (13/21) openwepp-land-surface-energy m1_trust_region_stage2_controls::m1_stage2_phase_selection_errors_retain_owning_error_and_chronology
  stdout ───

    running 1 test
    test m1_trust_region_stage2_controls::m1_stage2_phase_selection_errors_retain_owning_error_and_chronology ... FAILED

    failures:

    failures:
        m1_trust_region_stage2_controls::m1_stage2_phase_selection_errors_retain_owning_error_and_chronology

    test result: FAILED. 0 passed; 1 failed; 0 ignored; 0 measured; 276 filtered out; finished in 0.03s

  stderr ───

    thread 'm1_trust_region_stage2_controls::m1_stage2_phase_selection_errors_retain_owning_error_and_chronology' (2683152) panicked at crates/openwepp-land-surface-energy/src/m1_trust_region_stage2_controls.rs:1235:9:
    assertion failed: matches!(super::m1_trust_region_controller_transition_for_test(&mut fixture),
        Err(M1TrustRegionControllerError::Own("PhaseActiveSetUnrepresentable")))
    note: run with `RUST_BACKTRACE=1` environment variable to display a backtrace

  stdout ───

    running 1 test
    test m1_trust_region_stage2_controls::m1_stage2_full_domain_invalid_opens_one_domain_valid_replacement_witness ... ok

    test result: ok. 1 passed; 0 failed; 0 ignored; 0 measured; 276 filtered out; finished in 0.04s


  stdout ───

    running 1 test
    test m1_trust_region_stage2_controls::m1_stage2_first_domain_valid_replacement_terminal_error_cannot_open_third_witness ... ok

    test result: ok. 1 passed; 0 failed; 0 ignored; 0 measured; 276 filtered out; finished in 0.04s


  stdout ───

    running 1 test
    test m1_trust_region_stage2_controls::m1_stage2_unchanged_predictor_phase_uses_one_assembly_and_final_probe ... ok

    test result: ok. 1 passed; 0 failed; 0 ignored; 0 measured; 276 filtered out; finished in 0.01s


  stdout ───

    running 1 test
    test m1_trust_region_stage2_controls::m1_stage2_intervening_domain_invalid_does_not_consume_replacement_witness ... ok

    test result: ok. 1 passed; 0 failed; 0 ignored; 0 measured; 276 filtered out; finished in 0.05s


  stdout ───

    running 1 test
    test m1_trust_region_stage2_controls::m1_stage2_exhausted_witness_still_allows_ordinary_update_and_resets_at_new_base ... ok

    test result: ok. 1 passed; 0 failed; 0 ignored; 0 measured; 276 filtered out; finished in 0.06s


  stdout ───

    running 1 test
    test m1_trust_region_stage2_controls::m1_stage2_ordinary_four_radius_cases_use_actual_state ... ok

    test result: ok. 1 passed; 0 failed; 0 ignored; 0 measured; 276 filtered out; finished in 0.06s


  stdout ───

    running 1 test
    test m1_trust_region_stage2_controls::m1_stage2_first_two_governed_temperature_excesses_block_third_small_proposal ... ok

    test result: ok. 1 passed; 0 failed; 0 ignored; 0 measured; 276 filtered out; finished in 0.13s


  stdout ───

    running 1 test
    test m1_trust_region_stage2_controls::m1_stage2_stationarity_exhausts_after_eleven_proposals_and_twenty_two_faces ... ok

    test result: ok. 1 passed; 0 failed; 0 ignored; 0 measured; 276 filtered out; finished in 0.13s


────────────
     Summary [   0.146s] 21 tests run: 17 passed, 4 failed, 256 skipped
        FAIL [   0.026s] ( 5/21) openwepp-land-surface-energy m1_trust_region_stage2_controls::m1_stage2_changed_predictor_phase_reassembles_once_and_resolves_stage1
        FAIL [   0.028s] ( 9/21) openwepp-land-surface-energy m1_trust_region_stage2_controls::m1_stage2_final_phase_disagreement_is_owning_and_precedes_trial
        FAIL [   0.023s] (11/21) openwepp-land-surface-energy m1_trust_region_stage2_controls::m1_stage2_selected_side_owner_error_follows_final_phase_verification
        FAIL [   0.040s] (13/21) openwepp-land-surface-energy m1_trust_region_stage2_controls::m1_stage2_phase_selection_errors_retain_owning_error_and_chronology
error: test run failed
