warning: Git tree '/workdir/openWEPP' is dirty
    Finished `test` profile [unoptimized + debuginfo] target(s) in 0.03s
────────────
 Nextest run ID 9c2e33bc-bd73-48bd-b3c0-bf4d11b5da6f with nextest profile: default
    Starting 21 tests across 1 binary (256 tests skipped)
        FAIL [   0.026s] ( 6/21) openwepp-land-surface-energy m1_trust_region_stage2_controls::m1_stage2_final_phase_disagreement_is_owning_and_precedes_trial
  stdout ───

    running 1 test
    test m1_trust_region_stage2_controls::m1_stage2_final_phase_disagreement_is_owning_and_precedes_trial ... FAILED

    failures:

    failures:
        m1_trust_region_stage2_controls::m1_stage2_final_phase_disagreement_is_owning_and_precedes_trial

    test result: FAILED. 0 passed; 1 failed; 0 ignored; 0 measured; 276 filtered out; finished in 0.02s

  stderr ───

    thread 'm1_trust_region_stage2_controls::m1_stage2_final_phase_disagreement_is_owning_and_precedes_trial' (2680945) panicked at crates/openwepp-land-surface-energy/src/m1_trust_region_stage2_controls.rs:1265:5:
    assertion failed: matches!(super::m1_trust_region_controller_transition_for_test(&mut fixture),
        Err(M1TrustRegionControllerError::Own("PhaseActiveSetInconsistent")))
    note: run with `RUST_BACKTRACE=1` environment variable to display a backtrace

        FAIL [   0.026s] ( 7/21) openwepp-land-surface-energy m1_trust_region_stage2_controls::m1_stage2_changed_predictor_phase_reassembles_once_and_resolves_stage1
  stdout ───

    running 1 test
    test m1_trust_region_stage2_controls::m1_stage2_changed_predictor_phase_reassembles_once_and_resolves_stage1 ... FAILED

    failures:

    failures:
        m1_trust_region_stage2_controls::m1_stage2_changed_predictor_phase_reassembles_once_and_resolves_stage1

    test result: FAILED. 0 passed; 1 failed; 0 ignored; 0 measured; 276 filtered out; finished in 0.02s

  stderr ───

    thread 'm1_trust_region_stage2_controls::m1_stage2_changed_predictor_phase_reassembles_once_and_resolves_stage1' (2680940) panicked at crates/openwepp-land-surface-energy/src/m1_trust_region_stage2_controls.rs:1198:90:
    called `Result::unwrap()` on an `Err` value: IncompleteScope
    note: run with `RUST_BACKTRACE=1` environment variable to display a backtrace

        FAIL [   0.018s] ( 8/21) openwepp-land-surface-energy m1_trust_region_stage2_controls::m1_stage2_selected_side_owner_error_follows_final_phase_verification
  stdout ───

    running 1 test
    test m1_trust_region_stage2_controls::m1_stage2_selected_side_owner_error_follows_final_phase_verification ... FAILED

    failures:

    failures:
        m1_trust_region_stage2_controls::m1_stage2_selected_side_owner_error_follows_final_phase_verification

    test result: FAILED. 0 passed; 1 failed; 0 ignored; 0 measured; 276 filtered out; finished in 0.01s

  stderr ───

    thread 'm1_trust_region_stage2_controls::m1_stage2_selected_side_owner_error_follows_final_phase_verification' (2680962) panicked at crates/openwepp-land-surface-energy/src/m1_trust_region_stage2_controls.rs:1284:5:
    assertion failed: matches!(super::m1_trust_region_controller_transition_for_test(&mut fixture),
        Err(M1TrustRegionControllerError::Own("selected-side owning error")))
    note: run with `RUST_BACKTRACE=1` environment variable to display a backtrace

        FAIL [   0.048s] (13/21) openwepp-land-surface-energy m1_trust_region_stage2_controls::m1_stage2_phase_selection_errors_retain_owning_error_and_chronology
  stdout ───

    running 1 test
    test m1_trust_region_stage2_controls::m1_stage2_phase_selection_errors_retain_owning_error_and_chronology ... FAILED

    failures:

    failures:
        m1_trust_region_stage2_controls::m1_stage2_phase_selection_errors_retain_owning_error_and_chronology

    test result: FAILED. 0 passed; 1 failed; 0 ignored; 0 measured; 276 filtered out; finished in 0.04s

  stderr ───

    thread 'm1_trust_region_stage2_controls::m1_stage2_phase_selection_errors_retain_owning_error_and_chronology' (2680941) panicked at crates/openwepp-land-surface-energy/src/m1_trust_region_stage2_controls.rs:1235:9:
    assertion failed: matches!(super::m1_trust_region_controller_transition_for_test(&mut fixture),
        Err(M1TrustRegionControllerError::Own("PhaseActiveSetUnrepresentable")))
    note: run with `RUST_BACKTRACE=1` environment variable to display a backtrace

────────────
     Summary [   0.154s] 21 tests run: 17 passed, 4 failed, 256 skipped
        FAIL [   0.026s] ( 6/21) openwepp-land-surface-energy m1_trust_region_stage2_controls::m1_stage2_final_phase_disagreement_is_owning_and_precedes_trial
  stdout ───

    running 1 test
    test m1_trust_region_stage2_controls::m1_stage2_final_phase_disagreement_is_owning_and_precedes_trial ... FAILED

    failures:

    failures:
        m1_trust_region_stage2_controls::m1_stage2_final_phase_disagreement_is_owning_and_precedes_trial

    test result: FAILED. 0 passed; 1 failed; 0 ignored; 0 measured; 276 filtered out; finished in 0.02s

  stderr ───

    thread 'm1_trust_region_stage2_controls::m1_stage2_final_phase_disagreement_is_owning_and_precedes_trial' (2680945) panicked at crates/openwepp-land-surface-energy/src/m1_trust_region_stage2_controls.rs:1265:5:
    assertion failed: matches!(super::m1_trust_region_controller_transition_for_test(&mut fixture),
        Err(M1TrustRegionControllerError::Own("PhaseActiveSetInconsistent")))
    note: run with `RUST_BACKTRACE=1` environment variable to display a backtrace

        FAIL [   0.026s] ( 7/21) openwepp-land-surface-energy m1_trust_region_stage2_controls::m1_stage2_changed_predictor_phase_reassembles_once_and_resolves_stage1
  stdout ───

    running 1 test
    test m1_trust_region_stage2_controls::m1_stage2_changed_predictor_phase_reassembles_once_and_resolves_stage1 ... FAILED

    failures:

    failures:
        m1_trust_region_stage2_controls::m1_stage2_changed_predictor_phase_reassembles_once_and_resolves_stage1

    test result: FAILED. 0 passed; 1 failed; 0 ignored; 0 measured; 276 filtered out; finished in 0.02s

  stderr ───

    thread 'm1_trust_region_stage2_controls::m1_stage2_changed_predictor_phase_reassembles_once_and_resolves_stage1' (2680940) panicked at crates/openwepp-land-surface-energy/src/m1_trust_region_stage2_controls.rs:1198:90:
    called `Result::unwrap()` on an `Err` value: IncompleteScope
    note: run with `RUST_BACKTRACE=1` environment variable to display a backtrace

        FAIL [   0.018s] ( 8/21) openwepp-land-surface-energy m1_trust_region_stage2_controls::m1_stage2_selected_side_owner_error_follows_final_phase_verification
  stdout ───

    running 1 test
    test m1_trust_region_stage2_controls::m1_stage2_selected_side_owner_error_follows_final_phase_verification ... FAILED

    failures:

    failures:
        m1_trust_region_stage2_controls::m1_stage2_selected_side_owner_error_follows_final_phase_verification

    test result: FAILED. 0 passed; 1 failed; 0 ignored; 0 measured; 276 filtered out; finished in 0.01s

  stderr ───

    thread 'm1_trust_region_stage2_controls::m1_stage2_selected_side_owner_error_follows_final_phase_verification' (2680962) panicked at crates/openwepp-land-surface-energy/src/m1_trust_region_stage2_controls.rs:1284:5:
    assertion failed: matches!(super::m1_trust_region_controller_transition_for_test(&mut fixture),
        Err(M1TrustRegionControllerError::Own("selected-side owning error")))
    note: run with `RUST_BACKTRACE=1` environment variable to display a backtrace

        FAIL [   0.048s] (13/21) openwepp-land-surface-energy m1_trust_region_stage2_controls::m1_stage2_phase_selection_errors_retain_owning_error_and_chronology
  stdout ───

    running 1 test
    test m1_trust_region_stage2_controls::m1_stage2_phase_selection_errors_retain_owning_error_and_chronology ... FAILED

    failures:

    failures:
        m1_trust_region_stage2_controls::m1_stage2_phase_selection_errors_retain_owning_error_and_chronology

    test result: FAILED. 0 passed; 1 failed; 0 ignored; 0 measured; 276 filtered out; finished in 0.04s

  stderr ───

    thread 'm1_trust_region_stage2_controls::m1_stage2_phase_selection_errors_retain_owning_error_and_chronology' (2680941) panicked at crates/openwepp-land-surface-energy/src/m1_trust_region_stage2_controls.rs:1235:9:
    assertion failed: matches!(super::m1_trust_region_controller_transition_for_test(&mut fixture),
        Err(M1TrustRegionControllerError::Own("PhaseActiveSetUnrepresentable")))
    note: run with `RUST_BACKTRACE=1` environment variable to display a backtrace

error: test run failed
