warning: Git tree '/workdir/openWEPP' is dirty
   Compiling openwepp-land-surface-energy v0.1.0 (/home/roger/openwepp-experiments/cold-canopy-m1-20260920/crates/openwepp-land-surface-energy)
    Finished `test` profile [unoptimized + debuginfo] target(s) in 3.64s
────────────
 Nextest run ID 79aeb2c7-2af6-4b44-92bb-3a2ebf465abb with nextest profile: default
    Starting 28 tests across 1 binary (256 tests skipped)
        FAIL [   0.007s] ( 1/28) openwepp-land-surface-energy m1_trust_region_stage2_controls::m1_stage2_exact_root_full_rank_admits_complete_no_update_witness
  stdout ───

    running 1 test
    test m1_trust_region_stage2_controls::m1_stage2_exact_root_full_rank_admits_complete_no_update_witness ... FAILED

    failures:

    failures:
        m1_trust_region_stage2_controls::m1_stage2_exact_root_full_rank_admits_complete_no_update_witness

    test result: FAILED. 0 passed; 1 failed; 0 ignored; 0 measured; 283 filtered out; finished in 0.00s

  stderr ───

    thread 'm1_trust_region_stage2_controls::m1_stage2_exact_root_full_rank_admits_complete_no_update_witness' (2742011) panicked at crates/openwepp-land-surface-energy/src/m1_trust_region_stage2_controls.rs:1470:76:
    called `Result::unwrap()` on an `Err` value: IncompleteScope
    note: run with `RUST_BACKTRACE=1` environment variable to display a backtrace

────────────
     Summary [   0.164s] 28 tests run: 27 passed, 1 failed, 256 skipped
        FAIL [   0.007s] ( 1/28) openwepp-land-surface-energy m1_trust_region_stage2_controls::m1_stage2_exact_root_full_rank_admits_complete_no_update_witness
  stdout ───

    running 1 test
    test m1_trust_region_stage2_controls::m1_stage2_exact_root_full_rank_admits_complete_no_update_witness ... FAILED

    failures:

    failures:
        m1_trust_region_stage2_controls::m1_stage2_exact_root_full_rank_admits_complete_no_update_witness

    test result: FAILED. 0 passed; 1 failed; 0 ignored; 0 measured; 283 filtered out; finished in 0.00s

  stderr ───

    thread 'm1_trust_region_stage2_controls::m1_stage2_exact_root_full_rank_admits_complete_no_update_witness' (2742011) panicked at crates/openwepp-land-surface-energy/src/m1_trust_region_stage2_controls.rs:1470:76:
    called `Result::unwrap()` on an `Err` value: IncompleteScope
    note: run with `RUST_BACKTRACE=1` environment variable to display a backtrace

error: test run failed
