warning: Git tree '/workdir/openWEPP' is dirty
   Compiling openwepp-land-surface-energy v0.1.0 (/home/roger/openwepp-experiments/cold-canopy-m1-20260920/crates/openwepp-land-surface-energy)
    Finished `test` profile [unoptimized + debuginfo] target(s) in 3.81s
────────────
 Nextest run ID 726127f4-2066-4424-908f-7d73ceb701c1 with nextest profile: default
    Starting 21 tests across 1 binary (256 tests skipped)
        FAIL [   0.028s] ( 6/21) openwepp-land-surface-energy m1_trust_region_stage2_controls::m1_stage2_final_phase_disagreement_is_owning_and_precedes_trial
  stdout ───

    running 1 test
    test m1_trust_region_stage2_controls::m1_stage2_final_phase_disagreement_is_owning_and_precedes_trial ... FAILED

    failures:

    failures:
        m1_trust_region_stage2_controls::m1_stage2_final_phase_disagreement_is_owning_and_precedes_trial

    test result: FAILED. 0 passed; 1 failed; 0 ignored; 0 measured; 276 filtered out; finished in 0.02s

  stderr ───

    thread 'm1_trust_region_stage2_controls::m1_stage2_final_phase_disagreement_is_owning_and_precedes_trial' (2678179) panicked at crates/openwepp-land-surface-energy/src/m1_trust_region_stage2_controls.rs:1277:5:
    assertion failed: matches!(super::m1_trust_region_controller_transition_for_test(&mut fixture),
        Err(M1TrustRegionControllerError::Own("PhaseActiveSetInconsistent")))
    note: run with `RUST_BACKTRACE=1` environment variable to display a backtrace

        FAIL [   0.029s] ( 7/21) openwepp-land-surface-energy m1_trust_region_stage2_controls::m1_stage2_changed_predictor_phase_reassembles_once_and_resolves_stage1
  stdout ───

    running 1 test
    test m1_trust_region_stage2_controls::m1_stage2_changed_predictor_phase_reassembles_once_and_resolves_stage1 ... FAILED

    failures:

    failures:
        m1_trust_region_stage2_controls::m1_stage2_changed_predictor_phase_reassembles_once_and_resolves_stage1

    test result: FAILED. 0 passed; 1 failed; 0 ignored; 0 measured; 276 filtered out; finished in 0.02s

  stderr ───

    thread 'm1_trust_region_stage2_controls::m1_stage2_changed_predictor_phase_reassembles_once_and_resolves_stage1' (2678186) panicked at crates/openwepp-land-surface-energy/src/m1_trust_region_stage2_controls.rs:1186:90:
    called `Result::unwrap()` on an `Err` value: IncompleteScope
    note: run with `RUST_BACKTRACE=1` environment variable to display a backtrace

        FAIL [   0.023s] (10/21) openwepp-land-surface-energy m1_trust_region_stage2_controls::m1_stage2_selected_side_owner_error_follows_final_phase_verification
  stdout ───

    running 1 test
    test m1_trust_region_stage2_controls::m1_stage2_selected_side_owner_error_follows_final_phase_verification ... FAILED

    failures:

    failures:
        m1_trust_region_stage2_controls::m1_stage2_selected_side_owner_error_follows_final_phase_verification

    test result: FAILED. 0 passed; 1 failed; 0 ignored; 0 measured; 276 filtered out; finished in 0.02s

  stderr ───

    thread 'm1_trust_region_stage2_controls::m1_stage2_selected_side_owner_error_follows_final_phase_verification' (2678197) panicked at crates/openwepp-land-surface-energy/src/m1_trust_region_stage2_controls.rs:1304:5:
    assertion failed: matches!(super::m1_trust_region_controller_transition_for_test(&mut fixture),
        Err(M1TrustRegionControllerError::Own("selected-side owning error")))
    note: run with `RUST_BACKTRACE=1` environment variable to display a backtrace

        FAIL [   0.047s] (16/21) openwepp-land-surface-energy m1_trust_region_stage2_controls::m1_stage2_phase_selection_errors_retain_owning_error_and_chronology
  stdout ───

    running 1 test
    test m1_trust_region_stage2_controls::m1_stage2_phase_selection_errors_retain_owning_error_and_chronology ... FAILED

    failures:

    failures:
        m1_trust_region_stage2_controls::m1_stage2_phase_selection_errors_retain_owning_error_and_chronology

    test result: FAILED. 0 passed; 1 failed; 0 ignored; 0 measured; 276 filtered out; finished in 0.04s

  stderr ───

    thread 'm1_trust_region_stage2_controls::m1_stage2_phase_selection_errors_retain_owning_error_and_chronology' (2678182) panicked at crates/openwepp-land-surface-energy/src/m1_trust_region_stage2_controls.rs:1239:9:
    assertion failed: matches!(super::m1_trust_region_controller_transition_for_test(&mut fixture),
        Err(M1TrustRegionControllerError::Own("PhaseActiveSetUnrepresentable")))
    note: run with `RUST_BACKTRACE=1` environment variable to display a backtrace

────────────
     Summary [   0.148s] 21 tests run: 17 passed, 4 failed, 256 skipped
        FAIL [   0.028s] ( 6/21) openwepp-land-surface-energy m1_trust_region_stage2_controls::m1_stage2_final_phase_disagreement_is_owning_and_precedes_trial
  stdout ───

    running 1 test
    test m1_trust_region_stage2_controls::m1_stage2_final_phase_disagreement_is_owning_and_precedes_trial ... FAILED

    failures:

    failures:
        m1_trust_region_stage2_controls::m1_stage2_final_phase_disagreement_is_owning_and_precedes_trial

    test result: FAILED. 0 passed; 1 failed; 0 ignored; 0 measured; 276 filtered out; finished in 0.02s

  stderr ───

    thread 'm1_trust_region_stage2_controls::m1_stage2_final_phase_disagreement_is_owning_and_precedes_trial' (2678179) panicked at crates/openwepp-land-surface-energy/src/m1_trust_region_stage2_controls.rs:1277:5:
    assertion failed: matches!(super::m1_trust_region_controller_transition_for_test(&mut fixture),
        Err(M1TrustRegionControllerError::Own("PhaseActiveSetInconsistent")))
    note: run with `RUST_BACKTRACE=1` environment variable to display a backtrace

        FAIL [   0.029s] ( 7/21) openwepp-land-surface-energy m1_trust_region_stage2_controls::m1_stage2_changed_predictor_phase_reassembles_once_and_resolves_stage1
  stdout ───

    running 1 test
    test m1_trust_region_stage2_controls::m1_stage2_changed_predictor_phase_reassembles_once_and_resolves_stage1 ... FAILED

    failures:

    failures:
        m1_trust_region_stage2_controls::m1_stage2_changed_predictor_phase_reassembles_once_and_resolves_stage1

    test result: FAILED. 0 passed; 1 failed; 0 ignored; 0 measured; 276 filtered out; finished in 0.02s

  stderr ───

    thread 'm1_trust_region_stage2_controls::m1_stage2_changed_predictor_phase_reassembles_once_and_resolves_stage1' (2678186) panicked at crates/openwepp-land-surface-energy/src/m1_trust_region_stage2_controls.rs:1186:90:
    called `Result::unwrap()` on an `Err` value: IncompleteScope
    note: run with `RUST_BACKTRACE=1` environment variable to display a backtrace

        FAIL [   0.023s] (10/21) openwepp-land-surface-energy m1_trust_region_stage2_controls::m1_stage2_selected_side_owner_error_follows_final_phase_verification
  stdout ───

    running 1 test
    test m1_trust_region_stage2_controls::m1_stage2_selected_side_owner_error_follows_final_phase_verification ... FAILED

    failures:

    failures:
        m1_trust_region_stage2_controls::m1_stage2_selected_side_owner_error_follows_final_phase_verification

    test result: FAILED. 0 passed; 1 failed; 0 ignored; 0 measured; 276 filtered out; finished in 0.02s

  stderr ───

    thread 'm1_trust_region_stage2_controls::m1_stage2_selected_side_owner_error_follows_final_phase_verification' (2678197) panicked at crates/openwepp-land-surface-energy/src/m1_trust_region_stage2_controls.rs:1304:5:
    assertion failed: matches!(super::m1_trust_region_controller_transition_for_test(&mut fixture),
        Err(M1TrustRegionControllerError::Own("selected-side owning error")))
    note: run with `RUST_BACKTRACE=1` environment variable to display a backtrace

        FAIL [   0.047s] (16/21) openwepp-land-surface-energy m1_trust_region_stage2_controls::m1_stage2_phase_selection_errors_retain_owning_error_and_chronology
  stdout ───

    running 1 test
    test m1_trust_region_stage2_controls::m1_stage2_phase_selection_errors_retain_owning_error_and_chronology ... FAILED

    failures:

    failures:
        m1_trust_region_stage2_controls::m1_stage2_phase_selection_errors_retain_owning_error_and_chronology

    test result: FAILED. 0 passed; 1 failed; 0 ignored; 0 measured; 276 filtered out; finished in 0.04s

  stderr ───

    thread 'm1_trust_region_stage2_controls::m1_stage2_phase_selection_errors_retain_owning_error_and_chronology' (2678182) panicked at crates/openwepp-land-surface-energy/src/m1_trust_region_stage2_controls.rs:1239:9:
    assertion failed: matches!(super::m1_trust_region_controller_transition_for_test(&mut fixture),
        Err(M1TrustRegionControllerError::Own("PhaseActiveSetUnrepresentable")))
    note: run with `RUST_BACKTRACE=1` environment variable to display a backtrace

error: test run failed
