warning: Git tree '/workdir/openWEPP' is dirty
   Compiling openwepp-land-surface-energy v0.1.0 (/home/roger/openwepp-experiments/cold-canopy-m1-20260920/crates/openwepp-land-surface-energy)
error[E0308]: mismatched types
   --> crates/openwepp-land-surface-energy/src/m1_trust_region_stage2_controls.rs:225:13
    |
185 |           match (self.kind, i) {
    |                 -------------- this expression has type `(FixtureKind, usize)`
...
225 | /             (
226 | |                 FixtureKind::ReplacementWitness
227 | |                 | FixtureKind::ReplacementWitnessThreeExcess
228 | |                 | FixtureKind::ReplacementWitnessFullDomainInvalid
...   |
234 | |                 0,
235 | |             ) => {
    | |_____________^ expected a tuple with 2 elements, found one with 3 elements
    |
    = note: expected tuple `(FixtureKind, usize)`
               found tuple `(_, _, _)`

For more information about this error, try `rustc --explain E0308`.
error: could not compile `openwepp-land-surface-energy` (lib test) due to 1 previous error
error: command `/nix/store/rai05nypxnmj22l65nwsk5xjsaq8s4vc-cargo-1.95.0/bin/cargo test --no-run --message-format json-render-diagnostics --package openwepp-land-surface-energy --lib --features m1-trust-region-analytic-stage` exited with code 101
