warning: Git tree '/workdir/openWEPP' is dirty
   Compiling openwepp-hillslope-orchestrator v0.1.0 (/home/roger/openwepp-experiments/b01-wb14-integrated-promotion-20260917/crates/openwepp-hillslope-orchestrator)
warning: variable does not need to be mutable
    --> crates/openwepp-hillslope-orchestrator/src/v9_real_consumer_shadow/frozen_litter_v4_adoption.rs:1635:13
     |
1635 |         let mut accepted_restart = accepted_custody.seals().restart.clone();
     |             ----^^^^^^^^^^^^^^^^
     |             |
     |             help: remove this `mut`
     |
     = note: `#[warn(unused_mut)]` (part of `#[warn(unused)]`) on by default

warning: method `restart_authority_state_derived_active_snow_lanes_v1` is never used
   --> crates/openwepp-hillslope-orchestrator/src/snow_stage3_v11_attachment.rs:981:19
    |
973 | impl DirectSnowStage3V11PreparedSupport {
    | --------------------------------------- method in this implementation
...
981 |     pub(crate) fn restart_authority_state_derived_active_snow_lanes_v1(
    |                   ^^^^^^^^^^^^^^^^^^^^^^^^^^^^^^^^^^^^^^^^^^^^^^^^^^^^
    |
    = note: `#[warn(dead_code)]` (part of `#[warn(unused)]`) on by default

warning: function `diagnostic_restore_parent_receipt_archive_with_configured_scope_v3` is never used
    --> crates/openwepp-hillslope-orchestrator/src/snow_stage3_v11_restart.rs:1818:15
     |
1818 | pub(crate) fn diagnostic_restore_parent_receipt_archive_with_configured_scope_v3(
     |               ^^^^^^^^^^^^^^^^^^^^^^^^^^^^^^^^^^^^^^^^^^^^^^^^^^^^^^^^^^^^^^^^^^

warning: struct `RestoredStage3PublicationDayEvidenceV1` is never constructed
    --> crates/openwepp-hillslope-orchestrator/src/v9_real_consumer_shadow_publication_retention.rs:1731:19
     |
1731 | pub(crate) struct RestoredStage3PublicationDayEvidenceV1 {
     |                   ^^^^^^^^^^^^^^^^^^^^^^^^^^^^^^^^^^^^^^

warning: function `restart_authority_restore_archived_publication_day_v1` is never used
    --> crates/openwepp-hillslope-orchestrator/src/v9_real_consumer_shadow_publication_retention.rs:1759:15
     |
1759 | pub(crate) fn restart_authority_restore_archived_publication_day_v1(
     |               ^^^^^^^^^^^^^^^^^^^^^^^^^^^^^^^^^^^^^^^^^^^^^^^^^^^^^

warning: method `diagnostic_install_hydrology_constructor_inputs_v1` is never used
    --> crates/openwepp-hillslope-orchestrator/src/v9_real_consumer_shadow.rs:4038:19
     |
3119 | impl DirectV10RealConsumerShadow {
     | -------------------------------- method in this implementation
...
4038 |     pub(crate) fn diagnostic_install_hydrology_constructor_inputs_v1(
     |                   ^^^^^^^^^^^^^^^^^^^^^^^^^^^^^^^^^^^^^^^^^^^^^^^^^^

warning: associated function `restart_authority_from_canonical_bytes` is never used
   --> crates/openwepp-hillslope-orchestrator/src/direct_runtime/surface_liquid_owner/v2.rs:207:19
    |
161 | impl SurfaceLiquidOwnerModelDefinitionV2 {
    | ---------------------------------------- associated function in this implementation
...
207 |     pub(crate) fn restart_authority_from_canonical_bytes(
    |                   ^^^^^^^^^^^^^^^^^^^^^^^^^^^^^^^^^^^^^^

warning: field `ending_snow_hint` is never read
    --> crates/openwepp-hillslope-orchestrator/src/hydrology/support_helpers_mod/runoff_reconciliation.rs:1193:9
     |
1173 | pub(crate) struct CoveredTerminalTrialRequestV1 {
     |                   ----------------------------- field in this struct
...
1193 |     pub ending_snow_hint: Option<CoveredTerminalEndingSnowHintV1>,
     |         ^^^^^^^^^^^^^^^^
     |
     = note: `CoveredTerminalTrialRequestV1` has derived impls for the traits `Debug` and `Clone`, but these are intentionally ignored during dead code analysis

warning: function `restore_covered_interval` is never used
   --> crates/openwepp-hillslope-orchestrator/src/snow_stage3_v11_current_context_capture.rs:669:4
    |
669 | fn restore_covered_interval(
    |    ^^^^^^^^^^^^^^^^^^^^^^^^

warning: function `restore_destination_capability` is never used
   --> crates/openwepp-hillslope-orchestrator/src/snow_stage3_v11_current_context_capture.rs:685:4
    |
685 | fn restore_destination_capability(
    |    ^^^^^^^^^^^^^^^^^^^^^^^^^^^^^^

warning: function `provider_interval_for_destination` is never used
   --> crates/openwepp-hillslope-orchestrator/src/snow_stage3_v11_current_context_capture.rs:733:4
    |
733 | fn provider_interval_for_destination<'a>(
    |    ^^^^^^^^^^^^^^^^^^^^^^^^^^^^^^^^^

warning: function `restore_prepared_support` is never used
   --> crates/openwepp-hillslope-orchestrator/src/snow_stage3_v11_current_context_capture.rs:771:4
    |
771 | fn restore_prepared_support(
    |    ^^^^^^^^^^^^^^^^^^^^^^^^

warning: function `restore_support_forcing` is never used
   --> crates/openwepp-hillslope-orchestrator/src/snow_stage3_v11_current_context_capture.rs:889:4
    |
889 | fn restore_support_forcing(
    |    ^^^^^^^^^^^^^^^^^^^^^^^

warning: function `active_snow_restore` is never used
    --> crates/openwepp-hillslope-orchestrator/src/snow_stage3_v11_current_context_capture.rs:1002:4
     |
1002 | fn active_snow_restore(
     |    ^^^^^^^^^^^^^^^^^^^

warning: method `validate_against` is never used
    --> crates/openwepp-hillslope-orchestrator/src/snow_stage3_v11_current_context_capture.rs:1226:19
     |
1204 | impl ProviderStaticConfigurationCaptureV1 {
     | ----------------------------------------- method in this implementation
...
1226 |     pub(crate) fn validate_against(
     |                   ^^^^^^^^^^^^^^^^

warning: struct `PreparedDayCaptureV1` is never constructed
    --> crates/openwepp-hillslope-orchestrator/src/snow_stage3_v11_current_context_capture.rs:1260:8
     |
1260 | struct PreparedDayCaptureV1 {
     |        ^^^^^^^^^^^^^^^^^^^^

warning: function `capture_prepared_day` is never used
    --> crates/openwepp-hillslope-orchestrator/src/snow_stage3_v11_current_context_capture.rs:1268:4
     |
1268 | fn capture_prepared_day(
     |    ^^^^^^^^^^^^^^^^^^^^

warning: function `validate_prepared_day` is never used
    --> crates/openwepp-hillslope-orchestrator/src/snow_stage3_v11_current_context_capture.rs:1285:4
     |
1285 | fn validate_prepared_day(
     |    ^^^^^^^^^^^^^^^^^^^^^

warning: function `restore_provider_day` is never used
    --> crates/openwepp-hillslope-orchestrator/src/snow_stage3_v11_current_context_capture.rs:1331:4
     |
1331 | fn restore_provider_day(
     |    ^^^^^^^^^^^^^^^^^^^^

error[E0277]: `?` couldn't convert the error to `v9_real_consumer_shadow::DirectV11RealConsumerError`
    --> crates/openwepp-hillslope-orchestrator/src/v9_real_consumer_shadow.rs:2630:76
     |
2630 |                     let wrong_original = disposable.inner.soil_thermal.v2()?.owner().clone();
     |                                                                        ----^ the trait `From<v9_real_consumer_shadow::DirectV9RealConsumerError>` is not implemented for `v9_real_consumer_shadow::DirectV11RealConsumerError`
     |                                                                        |
     |                                                                        this can't be annotated with `?` because it has type `Result<_, v9_real_consumer_shadow::DirectV9RealConsumerError>`
     |
note: `v9_real_consumer_shadow::DirectV11RealConsumerError` needs to implement `From<v9_real_consumer_shadow::DirectV9RealConsumerError>`
    --> crates/openwepp-hillslope-orchestrator/src/v9_real_consumer_shadow_v11_error.rs:20:1
     |
  20 | pub enum DirectV11RealConsumerError {
     | ^^^^^^^^^^^^^^^^^^^^^^^^^^^^^^^^^^^
     = note: the question mark operation (`?`) implicitly performs a conversion on the error value using the `From` trait
     = help: the following other types implement trait `From<T>`:
               `v9_real_consumer_shadow::DirectV11RealConsumerError` implements `From<V11Error>`
               `v9_real_consumer_shadow::DirectV11RealConsumerError` implements `From<hydrology::DirectSnowStage3EvaluationError>`
               `v9_real_consumer_shadow::DirectV11RealConsumerError` implements `From<openwepp_coupled_time::CoupledTimeError>`
               `v9_real_consumer_shadow::DirectV11RealConsumerError` implements `From<serde_json::Error>`
               `v9_real_consumer_shadow::DirectV11RealConsumerError` implements `From<snow_stage3_terminal_handoff::SnowStage3HandoffError>`
               `v9_real_consumer_shadow::DirectV11RealConsumerError` implements `From<v9_real_consumer_shadow::DirectV10RealConsumerError>`

warning: `openwepp-hillslope-orchestrator` (lib) generated 19 warnings (run `cargo fix --lib -p openwepp-hillslope-orchestrator` to apply 1 suggestion)
For more information about this error, try `rustc --explain E0277`.
error: could not compile `openwepp-hillslope-orchestrator` (lib test) due to 1 previous error
