Breakpoint 1 at 0x29df40
warning: File "/nix/store/avld9cdn23zab2ssl30h2r6444rqh6ms-glibc-2.42-67/lib/libthread_db.so.1" auto-loading has been declined by your `auto-load safe-path' set to "$debugdir:$datadir/auto-load".
To enable execution of this file add
	add-auto-load-safe-path /nix/store/avld9cdn23zab2ssl30h2r6444rqh6ms-glibc-2.42-67/lib/libthread_db.so.1
line to your configuration file "/home/roger/.config/gdb/gdbinit".
To completely disable this security protection add
	set auto-load safe-path /
line to your configuration file "/home/roger/.config/gdb/gdbinit".
For more information about this security protection see the
"Auto-loading safe path" section in the GDB manual.  E.g., run from the shell:
	info "(gdb)Auto-loading safe path"
warning: Unable to find libthread_db matching inferior's thread library, thread debugging will not be available.

running 1 test
test hillslope::tests::stage3_laned_release_one_ofe_positive_baseline_profile ... [New LWP 3291825]
[Detaching after vfork from child process 3291908]
[Detaching after vfork from child process 3291977]
[Switching to LWP 3291825]
BREAK_AGGREGATE
RDI=0x7ffff7bfc950 RSI=0x7ffff1814940 RDX=0x7d0 RCX=(nil)
CALLER_SP=0x7ffff7bfc8d0 SECOND_TAKE_STORAGE=0x7ffff7bfd090
0x7ffff7bfd090:	0x0000000000000800	0x00007ffff1814940
0x7ffff7bfd0a0:	0x00000000000007d0	0x0000000000000400
0x7ffff7bfd0b0:	0x00007ffff16f3f70	0x0000000000000320
0x7ffff7bfd0c0:	0x46bb348fb5204925	0x01240146dcc36e05
0x7ffff7bfd0d0:	0x960d92be2298db35	0xfb2c61d566c6e3c4
0x7ffff7bfd0e0:	0x7a307dca22e97adb	0x9eb0d6be5d97e1cd
0x7ffff7bfd0f0:	0x4c09c9309bd20d25	0xe82afbc01bdd09b8
0x7ffff7bfd100:	0x6e6bcb9224c11651	0x6a0f4c929e829e06
RETURN_STORAGE_RDI
0x7ffff7bfc950:	0x0000000000000020	0x00007ffff06f6970
0x7ffff7bfc960:	0x0000000000000020	0x0000000000000000
0x7ffff7bfc970:	0x0000000000000000	0x0000000000000000
0x7ffff7bfc980:	0x0000000000000000	0x0000000000000002
0x7ffff7bfc990:	0x0000000000000000	0x00000000000000fa
0x7ffff7bfc9a0:	0x0000000000000000	0x0000000000000000
0x7ffff7bfc9b0:	0x0000000000000000	0x0000000000000000
0x7ffff7bfc9c0:	0x0000000000000000	0x0000000000000000
AUDIT_CANDIDATE_RSI
0x7ffff1814940:	0x0000000000000020	0x00007ffff042bda0
0x7ffff1814950:	0x0000000000000020	0x000000000000001d
0x7ffff1814960:	0x00007ffff0428080	0x000000000000001d
0x7ffff1814970:	0x000000000000002b	0x00007ffff0429030
0x7ffff1814980:	0x000000000000002b	0x0000000000000040
0x7ffff1814990:	0x00007ffff0415510	0x0000000000000040
0x7ffff18149a0:	0x0000000000000000	0x0000000000000000
0x7ffff18149b0:	0x0000000000000002	0x0000000000000006
0x7ffff18149c0:	0x0000000000000000	0x0000000e00000030
0x7ffff18149d0:	0x000000180000000a	0x8000000000010001
0x7ffff18149e0:	0x0000000000000020	0x00007ffff0406af0
0x7ffff18149f0:	0x0000000000000020	0x000000000000001d
0x7ffff1814a00:	0x00007ffff042b3b0	0x000000000000001d
0x7ffff1814a10:	0x000000000000002b	0x00007ffff040c1a0
0x7ffff1814a20:	0x000000000000002b	0x0000000000000040
0x7ffff1814a30:	0x00007ffff042f710	0x0000000000000040
0x7ffff1814a40:	0x0000000000000000	0x0000000000000000
0x7ffff1814a50:	0x0000000000000002	0x0000000000000006
0x7ffff1814a60:	0x0000000100000001	0x0000000e00000030
0x7ffff1814a70:	0x000000180000000a	0x8000000000010001
0x7ffff1814a80:	0x0000000000000020	0x00007ffff0428c90
0x7ffff1814a90:	0x0000000000000020	0x000000000000001d
0x7ffff1814aa0:	0x00007ffff0415430	0x000000000000001d
0x7ffff1814ab0:	0x000000000000002b	0x00007ffff03faa40
0x7ffff1814ac0:	0x000000000000002b	0x0000000000000040
0x7ffff1814ad0:	0x00007ffff040b060	0x0000000000000040
0x7ffff1814ae0:	0x0000000000000000	0x0000000000000000
0x7ffff1814af0:	0x0000000000000002	0x0000000000000006
0x7ffff1814b00:	0x0000000200000002	0x0000000e00000036
0x7ffff1814b10:	0x0000001800000010	0x8000000000010001
0x7ffff1814b20:	0x0000000000000020	0x00007ffff040c100
0x7ffff1814b30:	0x0000000000000020	0x000000000000001d
AUDIT_HEAP_CANDIDATES
P0=0x7ffff042bda0 P1=0x7ffff0428080 P2=0x2b P3=0x2b
0x7ffff042bda0:	0x3030303030303030	0x3030303030303030
0x7ffff042bdb0:	0x3030303030303030	0x3932303030303030
0x7ffff042bdc0:	0x0000000000000030	0x00000000000000f5
0x7ffff042bdd0:	0x0000000000000000	0x0000000000000000
0x7ffff042bde0:	0x0000000000000000	0x0000000000000000
0x7ffff042bdf0:	0x0000000000000000	0x0000000000000000
0x7ffff042be00:	0x0000000000000000	0x0000000000000000
0x7ffff042be10:	0x0000000000000000	0x0000000000000000
0x7ffff042be20:	0x0000000000000000	0x0000000000000000
0x7ffff042be30:	0x0000000000000000	0x0000000000000000
0x7ffff042be40:	0x0000000000000000	0x0000000000000000
0x7ffff042be50:	0x0000000000000000	0x3ff0000000000000
0x7ffff042be60:	0x0000000000000000	0x0000000000000000
0x7ffff042be70:	0x0000000000000000	0x0000000000000000
0x7ffff042be80:	0x0000000000000000	0x0000000000000000
0x7ffff042be90:	0x0000000000000000	0x0000000000000000
0x7ffff042bea0:	0x0000000000000000	0x0000000000000000
0x7ffff042beb0:	0x0000000000000000	0x00000000000000f5
0x7ffff042bec0:	0x0000000000000000	0x0000000000000000
0x7ffff042bed0:	0x0000000000000000	0x0000000000000000
0x7ffff042bee0:	0x0000000000000000	0x0000000000000000
0x7ffff042bef0:	0x0000000000000000	0x0000000000000000
0x7ffff042bf00:	0x0000000000000000	0x0000000000000000
0x7ffff042bf10:	0x0000000000000000	0x0000000000000000
0x7ffff042bf20:	0x0000000000000000	0x0000000000000000
0x7ffff042bf30:	0x0000000000000000	0x0000000000000000
0x7ffff042bf40:	0x0000000000000000	0x0000000000000000
0x7ffff042bf50:	0x3ff0000000000000	0x0000000000000000
0x7ffff042bf60:	0x0000000000000000	0x0000000000000000
0x7ffff042bf70:	0x0000000000000000	0x0000000000000000
0x7ffff042bf80:	0x0000000000000000	0x0000000000000000
0x7ffff042bf90:	0x0000000000000000	0x0000000000000000
0x7ffff042bfa0:	0x0000000000000000	0x00000000000000f5
0x7ffff042bfb0:	0x0000000000000000	0x0000000000000000
0x7ffff042bfc0:	0x0000000000000000	0x0000000000000000
0x7ffff042bfd0:	0x0000000000000000	0x0000000000000000
0x7ffff042bfe0:	0x0000000000000000	0x0000000000000000
0x7ffff042bff0:	0x0000000000000000	0x0000000000000000
0x7ffff042c000:	0x0000000000000000	0x0000000000000000
0x7ffff042c010:	0x0000000000000000	0x0000000000000000
0x7ffff042c020:	0x0000000000000000	0x0000000000000000
0x7ffff042c030:	0x0000000000000000	0x0000000000000000
0x7ffff042c040:	0x0000000000000000	0x3ff0000000000000
0x7ffff042c050:	0x0000000000000000	0x0000000000000000
0x7ffff042c060:	0x0000000000000000	0x0000000000000000
0x7ffff042c070:	0x0000000000000000	0x0000000000000000
0x7ffff042c080:	0x0000000000000000	0x0000000000000000
0x7ffff042c090:	0x0000000000000000	0x0000000000000045
0x7ffff0428080:	0x0101020200000000	0x0202000000000001
0x7ffff0428090:	0x0000000000010101	0x0000000000000000
0x7ffff04280a0:	0x0000000000000030	0x0000000000000025
0x7ffff04280b0:	0x6c635f65766c6f73	0x00007ffff0737361
0x7ffff04280c0:	0x00007ffff16cc020	0x0000000000000025
0x7ffff04280d0:	0x69665f6465786966	0x00007ffff06c616e
0x7ffff04280e0:	0x0000000000000004	0x0000000000000025
0x7ffff04280f0:	0x746361736e617274	0x6e6564695f6e6f69
0x7ffff0428100:	0x0000000079746974	0x0000000000000035
0x7ffff0428110:	0x3030303030303030	0x3030303030303030
0x7ffff0428120:	0x3030303030303030	0x6132303030303030
0x7ffff0428130:	0x0000000000000009	0x0000000000000025
0x7ffff0428140:	0x6465747065636361	0x000072656e776f5f
0x7ffff0428150:	0x3ff599999999999a	0x0000000000000025
0x7ffff0428160:	0x6f635f646c656966	0x00007ffff0746e75
0x7ffff0428170:	0x0000000000000006	0x0000000000000025
0x7ffff0428180:	0x0000363532616873	0x00007ffff0000130
0x7ffff0428190:	0x0000000000000006	0x0000000000000055
0x7ffff04281a0:	0x3965303036643932	0x6131623763656437
0x7ffff04281b0:	0x6565333035633437	0x6566616263306138
0x7ffff04281c0:	0x6431383832303231	0x6436316334343134
0x7ffff04281d0:	0x6566663030636435	0x3165323938613863
0x7ffff04281e0:	0x3ff599999999999a	0x0000000000000025
0x7ffff04281f0:	0x74616469646e6163	0x00007ffff0000065
0x7ffff0428200:	0x000000000000000b	0x0000000000000025
0x7ffff0428210:	0x6f635f646c656966	0x0000000000746e75
0x7ffff0428220:	0x0000000000000020	0x00000000000000f5
0x7ffff0428230:	0x0000000000000000	0x0000000000000000
0x7ffff0428240:	0x0000000000000000	0x0000000000000000
0x7ffff0428250:	0x3ff0000000000000	0x0000000000000000
0x7ffff0428260:	0x0000000000000000	0x0000000000000000
0x7ffff0428270:	0x0000000000000000	0x0000000000000000
0x7ffff0428280:	0x0000000000000000	0x0000000000000000
0x7ffff0428290:	0x0000000000000000	0x0000000000000000
0x7ffff04282a0:	0x0000000000000000	0x0000000000000000
0x7ffff04282b0:	0x0000000000000000	0x0000000000000000
0x7ffff04282c0:	0x0000000000000000	0x0000000000000000
0x7ffff04282d0:	0x0000000000000000	0x0000000000000000
0x7ffff04282e0:	0x0000000000000000	0x0000000000000000
0x7ffff04282f0:	0x0000000000000000	0x0000000000000000
0x7ffff0428300:	0x0000000000000000	0x0000000000000000
0x7ffff0428310:	0x0000000000000000	0x00000000000000f5
0x7ffff0428320:	0x0000000000000000	0x0000000000000000
0x7ffff0428330:	0x0000000000000000	0x3ff0000000000000
0x7ffff0428340:	0x0000000000000000	0x0000000000000000
0x7ffff0428350:	0x0000000000000000	0x0000000000000000
0x7ffff0428360:	0x0000000000000000	0x0000000000000000
0x7ffff0428370:	0x0000000000000000	0x0000000000000000
0x2b:	docs/work-packages/20260904-stage3-authentic-coverage-memory-attribution-001/artifacts/raw/historical_v31_gdb_preassert_dump.gdb:28: Error in sourced command file:
Cannot access memory at address 0x2b
