warning: Git tree '/tmp/openwepp-v61-candidate-cut' is dirty
openWEPP Nix shell
  target:  /workdir/.cache/openwepp/targets/openwepp-v61-candidate-cut-adec69f6c6e5
  scratch: /tmp/openwepp-roger-openwepp-v61-candidate-cut-adec69f6c6e5
  cache:   /workdir/.cache/openwepp
   Compiling proc-macro2 v1.0.106
   Compiling quote v1.0.45
   Compiling unicode-ident v1.0.24
   Compiling autocfg v1.5.1
   Compiling libm v0.2.16
   Compiling version_check v0.9.5
    Checking cfg-if v1.0.4
   Compiling serde_core v1.0.228
   Compiling serde v1.0.228
    Checking typenum v1.20.0
    Checking itoa v1.0.18
   Compiling zerocopy v0.8.48
   Compiling libc v0.2.186
    Checking equivalent v1.0.2
    Checking ryu v1.0.23
    Checking cpufeatures v0.2.17
    Checking openwepp-sim-contract v0.1.0 (/tmp/openwepp-v61-candidate-cut/crates/openwepp-sim-contract)
    Checking hashbrown v0.17.1
   Compiling getrandom v0.3.4
    Checking bytes v1.11.1
   Compiling thiserror v2.0.20
    Checking lexical-util v1.0.7
   Compiling generic-array v0.14.7
   Compiling ahash v0.8.12
   Compiling num-traits v0.2.19
    Checking openwepp-unit-boundary v0.1.0 (/tmp/openwepp-v61-candidate-cut/crates/openwepp-unit-boundary)
   Compiling crc32fast v1.5.0
    Checking unsafe-libyaml v0.2.11
    Checking adler2 v2.0.1
    Checking iana-time-zone v0.1.65
    Checking base64 v0.22.1
    Checking arrow-schema v54.3.1
    Checking once_cell v1.21.4
   Compiling semver v1.0.28
    Checking simd-adler32 v0.3.9
   Compiling zmij v1.0.21
    Checking hashbrown v0.15.5
    Checking indexmap v2.14.0
    Checking miniz_oxide v0.8.9
   Compiling serde_json v1.0.150
    Checking lexical-write-integer v1.0.6
    Checking lexical-parse-integer v1.0.6
   Compiling rustc_version v0.4.1
    Checking memchr v2.8.0
    Checking lexical-parse-float v1.0.6
    Checking bitflags v1.3.2
   Compiling paste v1.0.15
    Checking lexical-write-float v1.0.6
   Compiling snap v1.1.1
    Checking flate2 v1.1.9
   Compiling syn v2.0.117
    Checking crypto-common v0.1.7
    Checking block-buffer v0.10.4
   Compiling syn v3.0.3
   Compiling flatbuffers v24.12.23
    Checking openwepp-topology v0.1.0 (/tmp/openwepp-v61-candidate-cut/crates/openwepp-topology)
    Checking digest v0.10.7
    Checking static_assertions v1.1.0
    Checking byteorder v1.5.0
    Checking integer-encoding v3.0.4
    Checking twox-hash v1.6.3
    Checking lexical-core v1.0.6
    Checking sha2 v0.10.9
   Compiling seq-macro v0.3.6
    Checking winnow v0.7.15
    Checking powerfmt v0.2.0
    Checking toml_write v0.1.2
    Checking openwepp-plant-phenology v0.1.0 (/tmp/openwepp-v61-candidate-cut/crates/openwepp-plant-phenology)
    Checking openwepp-comparator-metadata v0.1.0 (/tmp/openwepp-v61-candidate-cut/crates/openwepp-comparator-metadata)
    Checking num-conv v0.2.2
    Checking time-core v0.1.8
    Checking openwepp-summary-accumulator v0.1.0 (/tmp/openwepp-v61-candidate-cut/crates/openwepp-summary-accumulator)
    Checking deranged v0.5.8
    Checking openwepp-legacy-bridge v0.1.0 (/tmp/openwepp-v61-candidate-cut/crates/openwepp-legacy-bridge)
    Checking num-integer v0.1.46
    Checking num-complex v0.4.6
    Checking chrono v0.4.44
    Checking ordered-float v2.10.1
    Checking atoi v2.0.0
    Checking thrift v0.17.0
    Checking num-bigint v0.4.6
    Checking num-iter v0.1.45
    Checking time v0.3.47
   Compiling thiserror-impl v2.0.20
    Checking num-rational v0.4.2
    Checking num v0.4.3
   Compiling serde_derive v1.0.228
   Compiling zerocopy-derive v0.8.48
    Checking openwepp-meteorology v0.1.0 (/tmp/openwepp-v61-candidate-cut/crates/openwepp-meteorology)
    Checking openwepp-kernel-contract v0.1.0 (/tmp/openwepp-v61-candidate-cut/crates/openwepp-kernel-contract)
    Checking serde_yaml v0.9.34+deprecated
    Checking openwepp-coupled-time v0.1.0 (/tmp/openwepp-v61-candidate-cut/crates/openwepp-coupled-time)
    Checking toml_datetime v0.6.11
    Checking serde_spanned v0.6.9
    Checking toml_edit v0.22.27
    Checking openwepp-land-surface-energy v0.1.0 (/tmp/openwepp-v61-candidate-cut/crates/openwepp-land-surface-energy)
    Checking openwepp-biogeochemistry v0.1.0 (/tmp/openwepp-v61-candidate-cut/crates/openwepp-biogeochemistry)
    Checking openwepp-management-schema v0.1.0 (/tmp/openwepp-v61-candidate-cut/crates/openwepp-management-schema)
    Checking openwepp-vegetation v0.1.0 (/tmp/openwepp-v61-candidate-cut/crates/openwepp-vegetation)
    Checking toml v0.8.23
    Checking half v2.7.1
    Checking arrow-buffer v54.3.1
    Checking openwepp-input-contract v0.1.0 (/tmp/openwepp-v61-candidate-cut/crates/openwepp-input-contract)
    Checking arrow-data v54.3.1
    Checking arrow-array v54.3.1
    Checking openwepp-climate-runtime-adapter v0.1.0 (/tmp/openwepp-v61-candidate-cut/crates/openwepp-climate-runtime-adapter)
    Checking arrow-select v54.3.1
    Checking arrow-ipc v54.3.1
    Checking openwepp-watershed-orchestrator v0.1.0 (/tmp/openwepp-v61-candidate-cut/crates/openwepp-watershed-orchestrator)
    Checking arrow-cast v54.3.1
    Checking parquet v54.3.1
    Checking openwepp-hillslope-orchestrator v0.1.0 (/tmp/openwepp-v61-candidate-cut/crates/openwepp-hillslope-orchestrator)
error[E0432]: unresolved import `crate::hydrology::FeedForwardTerminalCarrierRequestV1`
  --> crates/openwepp-hillslope-orchestrator/src/v11_covered/carrier_phase.rs:10:38
   |
10 |     CoveredTerminalLaneTrialStateV2, FeedForwardTerminalCarrierRequestV1,
   |                                      ^^^^^^^^^^^^^^^^^^^^^^^^^^^^^^^^^^^ no `FeedForwardTerminalCarrierRequestV1` in `hydrology`

error[E0425]: cannot find value `provider_call_count` in this scope
   --> crates/openwepp-hillslope-orchestrator/src/snow_stage3_v11_profile.rs:474:12
    |
474 |         if provider_call_count != 1 {
    |            ^^^^^^^^^^^^^^^^^^^ not found in this scope

error[E0425]: cannot find type `FeedForwardTerminalCarrierRequestV1` in module `crate::hydrology`
   --> crates/openwepp-hillslope-orchestrator/src/snow_stage3_v11_terminal_execution.rs:511:52
    |
511 |     let mut provider = |request: crate::hydrology::FeedForwardTerminalCarrierRequestV1| {
    |                                                    ^^^^^^^^^^^^^^^^^^^^^^^^^^^^^^^^^^^ not found in `crate::hydrology`

error[E0425]: cannot find type `FeedForwardTerminalCarrierRequestV1` in this scope
    --> crates/openwepp-hillslope-orchestrator/src/hydrology/support_helpers_mod/runoff_reconciliation/stage3_solver/evaluation.rs:12:14
     |
  12 |     request: FeedForwardTerminalCarrierRequestV1,
     |              ^^^^^^^^^^^^^^^^^^^^^^^^^^^^^^^^^^^
     |
    ::: crates/openwepp-hillslope-orchestrator/src/hydrology/support_helpers_mod/runoff_reconciliation.rs:1636:1
     |
1636 | pub(crate) struct FeedForwardTerminalCarrierAuditV1 {
     | --------------------------------------------------- similarly named struct `FeedForwardTerminalCarrierAuditV1` defined here
     |
help: a struct with a similar name exists
     |
  12 -     request: FeedForwardTerminalCarrierRequestV1,
  12 +     request: FeedForwardTerminalCarrierAuditV1,
     |

error[E0422]: cannot find struct, variant or union type `FeedForwardTerminalCarrierRequestV1` in this scope
    --> crates/openwepp-hillslope-orchestrator/src/hydrology/support_helpers_mod/runoff_reconciliation/stage3_solver/evaluation.rs:502:59
     |
 502 | ...                   let request = FeedForwardTerminalCarrierRequestV1 {
     |                                     ^^^^^^^^^^^^^^^^^^^^^^^^^^^^^^^^^^^
     |
    ::: crates/openwepp-hillslope-orchestrator/src/hydrology/support_helpers_mod/runoff_reconciliation.rs:1636:1
     |
1636 | pub(crate) struct FeedForwardTerminalCarrierAuditV1 {
     | --------------------------------------------------- similarly named struct `FeedForwardTerminalCarrierAuditV1` defined here
     |
help: a struct with a similar name exists
     |
 502 -                                             let request = FeedForwardTerminalCarrierRequestV1 {
 502 +                                             let request = FeedForwardTerminalCarrierAuditV1 {
     |

error[E0422]: cannot find struct, variant or union type `FeedForwardTerminalCarrierRequestV1` in this scope
    --> crates/openwepp-hillslope-orchestrator/src/hydrology/support_helpers_mod/runoff_reconciliation/stage3_solver/evaluation.rs:965:25
     |
 965 |                         FeedForwardTerminalCarrierRequestV1 {
     |                         ^^^^^^^^^^^^^^^^^^^^^^^^^^^^^^^^^^^
     |
    ::: crates/openwepp-hillslope-orchestrator/src/hydrology/support_helpers_mod/runoff_reconciliation.rs:1636:1
     |
1636 | pub(crate) struct FeedForwardTerminalCarrierAuditV1 {
     | --------------------------------------------------- similarly named struct `FeedForwardTerminalCarrierAuditV1` defined here
     |
help: a struct with a similar name exists
     |
 965 -                         FeedForwardTerminalCarrierRequestV1 {
 965 +                         FeedForwardTerminalCarrierAuditV1 {
     |

error[E0425]: cannot find type `FeedForwardTerminalCarrierRequestV1` in this scope
    --> crates/openwepp-hillslope-orchestrator/src/hydrology/support_helpers_mod/runoff_reconciliation.rs:1631:9
     |
1631 |         FeedForwardTerminalCarrierRequestV1,
     |         ^^^^^^^^^^^^^^^^^^^^^^^^^^^^^^^^^^^
...
1636 | pub(crate) struct FeedForwardTerminalCarrierAuditV1 {
     | --------------------------------------------------- similarly named struct `FeedForwardTerminalCarrierAuditV1` defined here
     |
help: a struct with a similar name exists
     |
1631 -         FeedForwardTerminalCarrierRequestV1,
1631 +         FeedForwardTerminalCarrierAuditV1,
     |

warning: unused import: `CoveredTerminalTrialRequestV1`
    --> crates/openwepp-hillslope-orchestrator/src/hydrology/03_kernel_support_00_support_helpers.rs:1549:39
     |
1549 |     CoveredTerminalTrialTransitionV1, CoveredTerminalTrialRequestV1, JointTrialAuthorityV1,
     |                                       ^^^^^^^^^^^^^^^^^^^^^^^^^^^^^
     |
     = note: `#[warn(unused_imports)]` (part of `#[warn(unused)]`) on by default

    Checking openwepp-hillslope-output v0.1.0 (/tmp/openwepp-v61-candidate-cut/crates/openwepp-hillslope-output)
    Checking openwepp-watershed-output v0.1.0 (/tmp/openwepp-v61-candidate-cut/crates/openwepp-watershed-output)
Some errors have detailed explanations: E0422, E0425, E0432.
For more information about an error, try `rustc --explain E0422`.
warning: `openwepp-hillslope-orchestrator` (lib) generated 1 warning
error: could not compile `openwepp-hillslope-orchestrator` (lib) due to 7 previous errors; 1 warning emitted

EXIT_STATUS 101
