CLIHILL-E-011 runtime surface failure for r7c_direct_production_executor: HS-SIMPIPE-E-001 direct publication sink failed: laned shadow cascade: NegativeOutletBin
Command exited with non-zero status 1
	Command being timed: "taskset -c 4 target/release/openwepp-cli-hill --run-dir docs/work-packages/20260705-mofefid-d15-opt-in-production-activation-001/artifacts/phaseA-refresh/run_on --run-file p2637.run.toml --output-dir docs/work-packages/20260705-mofefid-d15-opt-in-production-activation-001/artifacts/phaseA-refresh/run_on/output"
	User time (seconds): 20.05
	System time (seconds): 0.00
	Percent of CPU this job got: 99%
	Elapsed (wall clock) time (h:mm:ss or m:ss): 0:20.06
	Average shared text size (kbytes): 0
	Average unshared data size (kbytes): 0
	Average stack size (kbytes): 0
	Average total size (kbytes): 0
	Maximum resident set size (kbytes): 9984
	Average resident set size (kbytes): 0
	Major (requiring I/O) page faults: 0
	Minor (reclaiming a frame) page faults: 1446
	Voluntary context switches: 1
	Involuntary context switches: 65
	Swaps: 0
	File system inputs: 0
	File system outputs: 16
	Socket messages sent: 0
	Socket messages received: 0
	Signals delivered: 0
	Page size (bytes): 4096
	Exit status: 1
