warning: The old format conversion subcommands of `nix hash` were deprecated in favor of `nix hash convert`.
1/183 verified 01szcipjf73sxljrsymi6ly378x7zyf2-source archive=367.8MiB seconds=5.366
warning: The old format conversion subcommands of `nix hash` were deprecated in favor of `nix hash convert`.
2/183 verified 0630anbbcgy13gicp0qagyg6103k8c0b-source archive=654.4MiB seconds=13.41
warning: The old format conversion subcommands of `nix hash` were deprecated in favor of `nix hash convert`.
3/183 verified 0820k35gb3d39kl7c81pfdvjf5n72as0-source archive=762.6MiB seconds=11.08
warning: The old format conversion subcommands of `nix hash` were deprecated in favor of `nix hash convert`.
4/183 verified 0c4g03zckf50rr7jdycxvxrgfy18gx3j-source archive=367.7MiB seconds=5.454
warning: The old format conversion subcommands of `nix hash` were deprecated in favor of `nix hash convert`.
5/183 verified 10ibrybpppx0g0x7wk9yrxxbfjxf06si-source archive=730.1MiB seconds=10.308
warning: The old format conversion subcommands of `nix hash` were deprecated in favor of `nix hash convert`.
6/183 verified 11d8sq6w3nh2gllq28sb0h9qkh62a058-source archive=183.5MiB seconds=3.589
warning: The old format conversion subcommands of `nix hash` were deprecated in favor of `nix hash convert`.
7/183 verified 138k1353r8vsd30bh48m94z2v5mfqgvd-source archive=4.0MiB seconds=0.305
warning: The old format conversion subcommands of `nix hash` were deprecated in favor of `nix hash convert`.
8/183 verified 14wrm77rgwcb9fwn42qfak67i6awsi2j-source archive=183.6MiB seconds=3.398
warning: The old format conversion subcommands of `nix hash` were deprecated in favor of `nix hash convert`.
9/183 verified 194viw79lybvrimwqdx5v43yh94ssax4-source archive=3.7MiB seconds=0.33
warning: The old format conversion subcommands of `nix hash` were deprecated in favor of `nix hash convert`.
10/183 verified 1qmrmbqahmnf1swyf0rs8sdxvbv1pgzs-source archive=367.8MiB seconds=5.376
warning: The old format conversion subcommands of `nix hash` were deprecated in favor of `nix hash convert`.
11/183 verified 1yc7ran6r19jl7w6xn306amfwq29wdqx-source archive=655.1MiB seconds=12.288
warning: The old format conversion subcommands of `nix hash` were deprecated in favor of `nix hash convert`.
12/183 verified 22wq8wvvnqks2vppm8qsxm8ybwa4dsgj-source archive=367.7MiB seconds=5.449
warning: The old format conversion subcommands of `nix hash` were deprecated in favor of `nix hash convert`.
13/183 verified 24izjv0ag19775mrf2x2zh3hwkfpb5r3-source archive=655.0MiB seconds=11.974
warning: The old format conversion subcommands of `nix hash` were deprecated in favor of `nix hash convert`.
14/183 verified 29n2z04a6n8g8p312xwyfks58nij0gnr-source archive=367.7MiB seconds=5.524
warning: The old format conversion subcommands of `nix hash` were deprecated in favor of `nix hash convert`.
15/183 verified 2dvpycfxjkhacp4l0sv8hxzpdapnksbd-source archive=183.5MiB seconds=3.417
warning: The old format conversion subcommands of `nix hash` were deprecated in favor of `nix hash convert`.
16/183 verified 2gi9gjik615g1k1wkqilwabqc2a88dky-source archive=3.7MiB seconds=0.314
warning: The old format conversion subcommands of `nix hash` were deprecated in favor of `nix hash convert`.
17/183 verified 2pdgz63ark8fmdlnbdrmrd50fim7kk8f-source archive=295.4MiB seconds=4.719
warning: The old format conversion subcommands of `nix hash` were deprecated in favor of `nix hash convert`.
18/183 verified 38ib8c1vidxdyg6j41srs0394hw02qsy-source archive=183.6MiB seconds=3.457
warning: The old format conversion subcommands of `nix hash` were deprecated in favor of `nix hash convert`.
19/183 verified 3dr23yfgxcjq4csi3vpk414269gxc2mw-source archive=367.7MiB seconds=5.367
warning: The old format conversion subcommands of `nix hash` were deprecated in favor of `nix hash convert`.
20/183 verified 3l6ic961v9ppa5rpv9mji0lzn1lhibxp-source archive=367.7MiB seconds=5.351
warning: The old format conversion subcommands of `nix hash` were deprecated in favor of `nix hash convert`.
21/183 verified 40m4illrgp2rvmn243z0lg0inz8jrnj3-source archive=367.8MiB seconds=5.458
warning: The old format conversion subcommands of `nix hash` were deprecated in favor of `nix hash convert`.
22/183 verified 4137vglnl9nlvs040s2k19n5nlz4pg2f-source archive=654.3MiB seconds=12.554
warning: The old format conversion subcommands of `nix hash` were deprecated in favor of `nix hash convert`.
23/183 verified 426lyhmvcyirgmiq2hnv12hdi63wm9zh-source archive=730.1MiB seconds=10.427
warning: The old format conversion subcommands of `nix hash` were deprecated in favor of `nix hash convert`.
24/183 verified 495q8zalyzx7i5fp3sc7fijzwhh1gqd1-source archive=295.4MiB seconds=4.81
warning: The old format conversion subcommands of `nix hash` were deprecated in favor of `nix hash convert`.
25/183 verified 4frwr8q4yryqiviawjkmfxgpcjkcczv2-source archive=295.4MiB seconds=4.683
warning: The old format conversion subcommands of `nix hash` were deprecated in favor of `nix hash convert`.
26/183 verified 4gnhd520ja24f12w3f5h1akmmr94h2br-source archive=183.6MiB seconds=3.526
warning: The old format conversion subcommands of `nix hash` were deprecated in favor of `nix hash convert`.
27/183 verified 57bp3mwsc4xm79alama5xj0g0g0yy8kp-source archive=183.6MiB seconds=3.454
warning: The old format conversion subcommands of `nix hash` were deprecated in favor of `nix hash convert`.
28/183 verified 5988jaikdar3ww5gvxicqm1rmkj162xj-source archive=183.5MiB seconds=3.599
warning: The old format conversion subcommands of `nix hash` were deprecated in favor of `nix hash convert`.
29/183 verified 5icji59qdd61nfwzbfar57rk4xzg9k9w-source archive=655.7MiB seconds=12.712
warning: The old format conversion subcommands of `nix hash` were deprecated in favor of `nix hash convert`.
30/183 verified 5lv26xhfwlbg4mz39wirbrw8fc4jmjrb-source archive=183.5MiB seconds=3.752
warning: The old format conversion subcommands of `nix hash` were deprecated in favor of `nix hash convert`.
31/183 verified 5mh5kaqnyllyfzq70963vs8ak1s5w8z6-source archive=183.5MiB seconds=3.456
warning: The old format conversion subcommands of `nix hash` were deprecated in favor of `nix hash convert`.
32/183 verified 5s4yddw3bnnh2c9x007iw45ml7kiq0c1-source archive=653.7MiB seconds=13.294
warning: The old format conversion subcommands of `nix hash` were deprecated in favor of `nix hash convert`.
33/183 verified 5vsrx3jjpmssi4d855v47dsd56wvx814-source archive=367.8MiB seconds=5.366
warning: The old format conversion subcommands of `nix hash` were deprecated in favor of `nix hash convert`.
34/183 verified 64qi58x5c94djdxf8caz39ic7q5cc9h8-source archive=3.8MiB seconds=0.31
warning: The old format conversion subcommands of `nix hash` were deprecated in favor of `nix hash convert`.
35/183 verified 6vs7wrag4jfvcz3zhi1nvkpdl7ji6ahy-source archive=295.4MiB seconds=4.566
warning: The old format conversion subcommands of `nix hash` were deprecated in favor of `nix hash convert`.
36/183 verified 73lb0ckggnzw7fj9cnnf1y6wx2p830xj-source archive=3.7MiB seconds=0.331
warning: The old format conversion subcommands of `nix hash` were deprecated in favor of `nix hash convert`.
37/183 verified 77hswzap2grgy41c8mxq8g5liairrmj5-source archive=183.5MiB seconds=3.377
warning: The old format conversion subcommands of `nix hash` were deprecated in favor of `nix hash convert`.
38/183 verified 7lk257l9i027x6hgiikwdzm43lqmq5rd-source archive=655.6MiB seconds=12.755
warning: The old format conversion subcommands of `nix hash` were deprecated in favor of `nix hash convert`.
39/183 verified 7qvjr1ijwn8k4idy4dfz8sjnzc4jgqg1-source archive=183.6MiB seconds=3.777
warning: The old format conversion subcommands of `nix hash` were deprecated in favor of `nix hash convert`.
40/183 verified 7sa754h9h47m812w5r6gy74bipgid92a-source archive=183.6MiB seconds=3.69
warning: The old format conversion subcommands of `nix hash` were deprecated in favor of `nix hash convert`.
41/183 verified 7za9j8zqw2i5m79z5v2zvqlcfxdlxnyk-source archive=367.8MiB seconds=5.618
warning: The old format conversion subcommands of `nix hash` were deprecated in favor of `nix hash convert`.
42/183 verified 85i0zhax4l9ghmgbqwqk9qqb851687xr-source archive=367.8MiB seconds=5.684
warning: The old format conversion subcommands of `nix hash` were deprecated in favor of `nix hash convert`.
43/183 verified 89rxl5519r9y2857ymq18vbfcxkpv8d4-source archive=295.4MiB seconds=4.747
warning: The old format conversion subcommands of `nix hash` were deprecated in favor of `nix hash convert`.
44/183 verified 8fg03lyj51pidzf2y9jrnnidasirzxns-source archive=295.4MiB seconds=5.009
warning: The old format conversion subcommands of `nix hash` were deprecated in favor of `nix hash convert`.
45/183 verified 8lvvsgnp1ywlmwgmjdz47aaz7ywg5d6v-source archive=183.6MiB seconds=3.539
warning: The old format conversion subcommands of `nix hash` were deprecated in favor of `nix hash convert`.
46/183 verified 8w7gfc5qynvi8k04b6k8mpwiyhj3wvmc-source archive=4.0MiB seconds=0.347
warning: The old format conversion subcommands of `nix hash` were deprecated in favor of `nix hash convert`.
47/183 verified 8x6mnfykxg06gif4n4h0yx2ama02bdhn-source archive=183.6MiB seconds=3.433
warning: The old format conversion subcommands of `nix hash` were deprecated in favor of `nix hash convert`.
48/183 verified 91nqwhm04q0ygiwn0kf3hry580ndgzdi-source archive=3.7MiB seconds=0.312
warning: The old format conversion subcommands of `nix hash` were deprecated in favor of `nix hash convert`.
49/183 verified 91rrqhkaklmf51df2pq50k5qwgy0ph7b-source archive=367.8MiB seconds=5.645
warning: The old format conversion subcommands of `nix hash` were deprecated in favor of `nix hash convert`.
50/183 verified 964yjflmpi02f2c8k61v2pzxjh2jvnjf-source archive=183.6MiB seconds=3.621
warning: The old format conversion subcommands of `nix hash` were deprecated in favor of `nix hash convert`.
51/183 verified 97s3xj6991jawzvil9lajmwhm5pma3hy-source archive=367.7MiB seconds=5.41
warning: The old format conversion subcommands of `nix hash` were deprecated in favor of `nix hash convert`.
52/183 verified 9in7n88028kks58dblvc974r6x7xaapz-source archive=295.4MiB seconds=4.518
warning: The old format conversion subcommands of `nix hash` were deprecated in favor of `nix hash convert`.
53/183 verified 9kwf7y2dr2ri1rqxm4f8ya9dd1ps17m4-source archive=4.0MiB seconds=0.356
warning: The old format conversion subcommands of `nix hash` were deprecated in favor of `nix hash convert`.
54/183 verified 9mq97qdab2cx5hink6dz1r5216fk1sbj-source archive=4.0MiB seconds=0.331
warning: The old format conversion subcommands of `nix hash` were deprecated in favor of `nix hash convert`.
55/183 verified 9s9c5vyxzrbb5rx451qpgj7gkczgpb78-source archive=183.5MiB seconds=3.379
warning: The old format conversion subcommands of `nix hash` were deprecated in favor of `nix hash convert`.
56/183 verified 9wpgv5bx0nq71scc24935jx6zyff78yj-source archive=367.7MiB seconds=5.331
warning: The old format conversion subcommands of `nix hash` were deprecated in favor of `nix hash convert`.
57/183 verified a0rjk3cih6x9fxfaqsr0mqd9ydgxnp5h-source archive=3.8MiB seconds=0.317
warning: The old format conversion subcommands of `nix hash` were deprecated in favor of `nix hash convert`.
58/183 verified a6kmi35hr6qcl4sr89jjyg0qagsy4spc-source archive=183.5MiB seconds=3.447
warning: The old format conversion subcommands of `nix hash` were deprecated in favor of `nix hash convert`.
59/183 verified a6nsb6ngf564zc0xwk7mp6l2fd8pjq6h-source archive=367.7MiB seconds=5.42
warning: The old format conversion subcommands of `nix hash` were deprecated in favor of `nix hash convert`.
60/183 verified a9bg75g9bj4s01v3b0dcq57r29s92vzm-source archive=183.6MiB seconds=3.544
warning: The old format conversion subcommands of `nix hash` were deprecated in favor of `nix hash convert`.
61/183 verified ac7jf73nr4mh9j95cbpwvdcbh5k15cyk-source archive=4.0MiB seconds=0.36
warning: The old format conversion subcommands of `nix hash` were deprecated in favor of `nix hash convert`.
62/183 verified anvqyad0zzfdy7438admvqshjbp881ri-source archive=183.5MiB seconds=3.465
warning: The old format conversion subcommands of `nix hash` were deprecated in favor of `nix hash convert`.
63/183 verified axhvg2mdm68yfxidp2lwif557l9d8bxs-source archive=183.6MiB seconds=3.387
warning: The old format conversion subcommands of `nix hash` were deprecated in favor of `nix hash convert`.
64/183 verified ayx4zy2ac2piysl1sxcigazql49k00jy-source archive=183.6MiB seconds=3.664
warning: The old format conversion subcommands of `nix hash` were deprecated in favor of `nix hash convert`.
65/183 verified b09wyx0wpvkvfg901xb6pvl1v39ls0ym-source archive=183.6MiB seconds=3.415
warning: The old format conversion subcommands of `nix hash` were deprecated in favor of `nix hash convert`.
66/183 verified b7jpb20m91wcv63mkrhxpvcxk8affmdy-source archive=367.8MiB seconds=5.385
warning: The old format conversion subcommands of `nix hash` were deprecated in favor of `nix hash convert`.
67/183 verified bi7qdkcq15f44d7z44skkk07j59qhmw7-source archive=653.9MiB seconds=12.657
warning: The old format conversion subcommands of `nix hash` were deprecated in favor of `nix hash convert`.
68/183 verified bxvg6mw9afngyy2x4qz9pvcgrr48ijr0-source archive=183.5MiB seconds=3.408
warning: The old format conversion subcommands of `nix hash` were deprecated in favor of `nix hash convert`.
69/183 verified c1k4qgcqijja3rv1xsagjsb1rwxs1jkv-source archive=183.5MiB seconds=3.422
warning: The old format conversion subcommands of `nix hash` were deprecated in favor of `nix hash convert`.
70/183 verified ckgg42schbnj9pxm4m05hvx99b0q0jay-source archive=4.0MiB seconds=0.312
warning: The old format conversion subcommands of `nix hash` were deprecated in favor of `nix hash convert`.
71/183 verified ckmg6avvkl37hzjd8f5hzyyxzxaczbws-source archive=183.5MiB seconds=3.441
warning: The old format conversion subcommands of `nix hash` were deprecated in favor of `nix hash convert`.
72/183 verified clas7caax30c6wbrmr36g7fyhinirnna-source archive=183.5MiB seconds=3.335
warning: The old format conversion subcommands of `nix hash` were deprecated in favor of `nix hash convert`.
73/183 verified cryw9yxdn431f5dk01izxn6hjlwirw1m-source archive=183.5MiB seconds=3.444
warning: The old format conversion subcommands of `nix hash` were deprecated in favor of `nix hash convert`.
74/183 verified cx0p33b4iy834f76g5dyk8ziii8g1425-source archive=183.5MiB seconds=3.559
warning: The old format conversion subcommands of `nix hash` were deprecated in favor of `nix hash convert`.
75/183 verified di31n81804v2n55z81w47sk8cl38r7mp-source archive=183.5MiB seconds=3.585
warning: The old format conversion subcommands of `nix hash` were deprecated in favor of `nix hash convert`.
76/183 verified diq7wnmwspd6mdy005bzaw84ncq89sdr-source archive=3.7MiB seconds=0.334
warning: The old format conversion subcommands of `nix hash` were deprecated in favor of `nix hash convert`.
77/183 verified djp6x2wdmnaddk29fm2lkwk5k6r95fh1-source archive=183.5MiB seconds=3.382
warning: The old format conversion subcommands of `nix hash` were deprecated in favor of `nix hash convert`.
78/183 verified dk77f13sqj9q6svxjn3f9ah7pd5laxfr-source archive=367.8MiB seconds=5.428
warning: The old format conversion subcommands of `nix hash` were deprecated in favor of `nix hash convert`.
79/183 verified dss6z324i646vc4vx5khvjxw6n5624mv-source archive=655.2MiB seconds=14.376
warning: The old format conversion subcommands of `nix hash` were deprecated in favor of `nix hash convert`.
80/183 verified f4f44kimx270gdqzal4nlrinqxnl0iah-source archive=295.3MiB seconds=6.84
warning: The old format conversion subcommands of `nix hash` were deprecated in favor of `nix hash convert`.
81/183 verified f654yfqb45kmd87shhashgfr98dpj2m7-source archive=367.7MiB seconds=7.324
warning: The old format conversion subcommands of `nix hash` were deprecated in favor of `nix hash convert`.
82/183 verified ff0swxqplnwlrxz6x3b3i1ia4m9ml5j4-source archive=4.0MiB seconds=0.434
warning: The old format conversion subcommands of `nix hash` were deprecated in favor of `nix hash convert`.
83/183 verified fh53fyn3n1a1gah7plw3m3f0infksfsf-source archive=183.5MiB seconds=4.081
warning: The old format conversion subcommands of `nix hash` were deprecated in favor of `nix hash convert`.
84/183 verified fl760fhdkl35q41cqlphlcyprwibdj0q-source archive=367.7MiB seconds=6.022
warning: The old format conversion subcommands of `nix hash` were deprecated in favor of `nix hash convert`.
85/183 verified fldcf4y21gmgxj44k39jnc7y0b7s9qrg-source archive=295.4MiB seconds=5.286
warning: The old format conversion subcommands of `nix hash` were deprecated in favor of `nix hash convert`.
86/183 verified fyg5r64dakbiip1fj6gzsm5n3m2n64x6-source archive=4.0MiB seconds=0.392
warning: The old format conversion subcommands of `nix hash` were deprecated in favor of `nix hash convert`.
87/183 verified gpci1dx0v1dbnmi6j1sm0wi170hynfs2-source archive=3.7MiB seconds=0.338
warning: The old format conversion subcommands of `nix hash` were deprecated in favor of `nix hash convert`.
88/183 verified gr6j4za9yb798lghfrgyhmh10nhscbrx-source archive=295.4MiB seconds=5.249
warning: The old format conversion subcommands of `nix hash` were deprecated in favor of `nix hash convert`.
89/183 verified h699f0kw1ybxlg6hgmnwygzrmwaacrqf-source archive=655.1MiB seconds=20.058
warning: The old format conversion subcommands of `nix hash` were deprecated in favor of `nix hash convert`.
90/183 verified h91d1jx668lmpbl86vgf224lymri1pyf-source archive=654.5MiB seconds=22.777
warning: The old format conversion subcommands of `nix hash` were deprecated in favor of `nix hash convert`.
91/183 verified hfb13nzmlxripxjdr5jx1va6n3lrfxhv-source archive=4.0MiB seconds=0.62
warning: The old format conversion subcommands of `nix hash` were deprecated in favor of `nix hash convert`.
92/183 verified hysp3y4zg55p392imak1cm8j6m48q922-source archive=183.5MiB seconds=5.762
warning: The old format conversion subcommands of `nix hash` were deprecated in favor of `nix hash convert`.
93/183 verified i3viqy0jngxzj5y3621qaazs16jc214k-source archive=4.0MiB seconds=0.454
warning: The old format conversion subcommands of `nix hash` were deprecated in favor of `nix hash convert`.
94/183 verified ibh3m5d9q297h1m82gnb34f8pfl5yhc5-source archive=367.7MiB seconds=9.51
warning: The old format conversion subcommands of `nix hash` were deprecated in favor of `nix hash convert`.
95/183 verified icks9hjcy3ilv07dg5izx5gq50n7plp6-source archive=183.5MiB seconds=6.107
warning: The old format conversion subcommands of `nix hash` were deprecated in favor of `nix hash convert`.
96/183 verified im7ayrqxqgrwa3jmgf1jhr2wm03s0aaw-source archive=367.8MiB seconds=11.953
warning: The old format conversion subcommands of `nix hash` were deprecated in favor of `nix hash convert`.
97/183 verified iyc0s2dk24a6r5416x7d9jc8742l4p9g-source archive=295.4MiB seconds=7.915
warning: The old format conversion subcommands of `nix hash` were deprecated in favor of `nix hash convert`.
98/183 verified j0synva8zxs49bmw0q38mk82g4xv2kmp-source archive=730.1MiB seconds=18.506
warning: The old format conversion subcommands of `nix hash` were deprecated in favor of `nix hash convert`.
99/183 verified j2ihypx1hky2dd83qnwm6hm3cylqrbsq-source archive=183.6MiB seconds=6.261
warning: The old format conversion subcommands of `nix hash` were deprecated in favor of `nix hash convert`.
100/183 verified jd9h0wcn4814f66dinkg6ycbrdqd4xk0-source archive=367.8MiB seconds=9.746
warning: The old format conversion subcommands of `nix hash` were deprecated in favor of `nix hash convert`.
101/183 verified jgklj66x6dxhslmmdb212gl4lyy2pg3f-source archive=367.8MiB seconds=9.294
warning: The old format conversion subcommands of `nix hash` were deprecated in favor of `nix hash convert`.
102/183 verified jh15mfm26kgkq0fzb7312acgih86aar2-source archive=367.7MiB seconds=9.233
warning: The old format conversion subcommands of `nix hash` were deprecated in favor of `nix hash convert`.
103/183 verified jjs0dh3ngzl8jsmmn0ddbghji9h9g3zk-source archive=367.8MiB seconds=7.097
warning: The old format conversion subcommands of `nix hash` were deprecated in favor of `nix hash convert`.
104/183 verified jnzjfyjhnf1bm03kwigvrpn2mimq8krd-source archive=367.7MiB seconds=8.063
warning: The old format conversion subcommands of `nix hash` were deprecated in favor of `nix hash convert`.
105/183 verified jpa2vlydn9q0ww27a6qs7675rf95i7m2-source archive=280.7MiB seconds=7.902
warning: The old format conversion subcommands of `nix hash` were deprecated in favor of `nix hash convert`.
106/183 verified k0bhyvq02wb1z2g2fa0k7ffcj97ygcqj-source archive=655.2MiB seconds=16.877
warning: The old format conversion subcommands of `nix hash` were deprecated in favor of `nix hash convert`.
107/183 verified k7pbg0dxzyxvii4l6iriwvfl7cn94p6m-source archive=367.8MiB seconds=6.849
warning: The old format conversion subcommands of `nix hash` were deprecated in favor of `nix hash convert`.
108/183 verified km8adgmw7xf6qhfss8s0vy4vpc8sid2n-source archive=367.8MiB seconds=6.149
warning: The old format conversion subcommands of `nix hash` were deprecated in favor of `nix hash convert`.
109/183 verified kx589pky7rcp739203nq6v917gnxl2n9-source archive=654.9MiB seconds=14.453
warning: The old format conversion subcommands of `nix hash` were deprecated in favor of `nix hash convert`.
110/183 verified l4famxr775qnnxk05sxbwq7sf6w311ai-source archive=295.4MiB seconds=5.071
warning: The old format conversion subcommands of `nix hash` were deprecated in favor of `nix hash convert`.
111/183 verified lgzmaiaxxlxixfydc8nph49ghvb1i5v3-source archive=3.7MiB seconds=0.339
warning: The old format conversion subcommands of `nix hash` were deprecated in favor of `nix hash convert`.
112/183 verified lm3ic1z3l7yxn5b57nfg49ciws1s41rx-source archive=295.4MiB seconds=4.812
warning: The old format conversion subcommands of `nix hash` were deprecated in favor of `nix hash convert`.
113/183 verified lnxm2nq4f356pp24lf73mir5ljbxb261-source archive=654.0MiB seconds=13.373
warning: The old format conversion subcommands of `nix hash` were deprecated in favor of `nix hash convert`.
114/183 verified ly8xgdjk64z9v29ac730ab9iqsb73ww5-source archive=295.4MiB seconds=5.145
warning: The old format conversion subcommands of `nix hash` were deprecated in favor of `nix hash convert`.
115/183 verified m1kgs048hsv75n98p2qnijbijscz121l-source archive=4.0MiB seconds=0.464
warning: The old format conversion subcommands of `nix hash` were deprecated in favor of `nix hash convert`.
116/183 verified m51i2jxk356bb823jvqfs7bmhmjrplm9-source archive=4.0MiB seconds=0.463
warning: The old format conversion subcommands of `nix hash` were deprecated in favor of `nix hash convert`.
117/183 verified m761da443awx2b82liykn15qmpxm2r7q-source archive=183.5MiB seconds=5.222
warning: The old format conversion subcommands of `nix hash` were deprecated in favor of `nix hash convert`.
118/183 verified m8mbxidl94nxlqpnpjc6ydv259wx6s7m-source archive=367.8MiB seconds=8.094
warning: The old format conversion subcommands of `nix hash` were deprecated in favor of `nix hash convert`.
119/183 verified mkdrc41abijafa3xgc2iqsvq2jjckns4-source archive=183.6MiB seconds=5.434
warning: The old format conversion subcommands of `nix hash` were deprecated in favor of `nix hash convert`.
120/183 verified msrawh0iqc4srplpd2lg0ri6f9qccpan-source archive=367.7MiB seconds=8.525
warning: The old format conversion subcommands of `nix hash` were deprecated in favor of `nix hash convert`.
121/183 verified n79w500yx1sijya1gv6v4s49jyv0hcj4-source archive=730.1MiB seconds=16.817
warning: The old format conversion subcommands of `nix hash` were deprecated in favor of `nix hash convert`.
122/183 verified n8vmc56xi0ggw21yi6kwa13samb11gs1-source archive=4.0MiB seconds=0.696
warning: The old format conversion subcommands of `nix hash` were deprecated in favor of `nix hash convert`.
123/183 verified nav2pn56xwap008x65g1q0hfis1z8785-source archive=654.8MiB seconds=22.623
warning: The old format conversion subcommands of `nix hash` were deprecated in favor of `nix hash convert`.
124/183 verified nfbblhc5lrwx5siv0ag2hsg7kj8qxc8x-source archive=3.7MiB seconds=0.639
warning: The old format conversion subcommands of `nix hash` were deprecated in favor of `nix hash convert`.
125/183 verified njygxq121w00c4v0j2cymi1vy4l9sdml-source archive=367.8MiB seconds=6.455
warning: The old format conversion subcommands of `nix hash` were deprecated in favor of `nix hash convert`.
126/183 verified nr032rf0avd0b3bginfc399y33mlffap-source archive=762.6MiB seconds=17.793
warning: The old format conversion subcommands of `nix hash` were deprecated in favor of `nix hash convert`.
127/183 verified nr6hjnjda2vq1549dd5wa03j4mxys02b-source archive=183.5MiB seconds=4.103
warning: The old format conversion subcommands of `nix hash` were deprecated in favor of `nix hash convert`.
128/183 verified nxi7gajn7jh8y5fhhz1hajisviqs15xd-source archive=183.5MiB seconds=3.529
warning: The old format conversion subcommands of `nix hash` were deprecated in favor of `nix hash convert`.
129/183 verified p3b4dx96vy4jqfsw24a1f0b8dmfk2jn7-source archive=183.5MiB seconds=3.66
warning: The old format conversion subcommands of `nix hash` were deprecated in favor of `nix hash convert`.
130/183 verified plw6l4jig3f02862glwg7yjj3dfka5y5-source archive=183.5MiB seconds=3.421
warning: The old format conversion subcommands of `nix hash` were deprecated in favor of `nix hash convert`.
131/183 verified pmnw9yfnizb1i6zbbp158p1zc9s0q8sz-source archive=183.6MiB seconds=3.431
warning: The old format conversion subcommands of `nix hash` were deprecated in favor of `nix hash convert`.
132/183 verified pp43bp972w2vxfn6xn4mgf17d0617f0j-source archive=4.0MiB seconds=0.352
warning: The old format conversion subcommands of `nix hash` were deprecated in favor of `nix hash convert`.
133/183 verified pz8mvspna3cznrik0ms2i73r1sy1s1nc-source archive=367.7MiB seconds=5.825
warning: The old format conversion subcommands of `nix hash` were deprecated in favor of `nix hash convert`.
134/183 verified q59v44fhpzbkkkc03sxpj9v15j9k7sk6-source archive=4.0MiB seconds=0.349
warning: The old format conversion subcommands of `nix hash` were deprecated in favor of `nix hash convert`.
135/183 verified q9rqy6kv42yz6a6iqwa0qbrc4dla02bn-source archive=183.5MiB seconds=3.414
warning: The old format conversion subcommands of `nix hash` were deprecated in favor of `nix hash convert`.
136/183 verified qwc4mbrz82c92yxy9k6j3bp7ivgi95q3-source archive=295.4MiB seconds=4.617
warning: The old format conversion subcommands of `nix hash` were deprecated in favor of `nix hash convert`.
137/183 verified qx288849232xmxkh83yh89x75s0l320h-source archive=183.5MiB seconds=3.489
warning: The old format conversion subcommands of `nix hash` were deprecated in favor of `nix hash convert`.
138/183 verified rkz560n4fcxy1l1zh887p7hxsdyaad4d-source archive=653.8MiB seconds=12.724
warning: The old format conversion subcommands of `nix hash` were deprecated in favor of `nix hash convert`.
139/183 verified rn7qmggq7pjj9hwwp8ic4zw7hf69yph3-source archive=367.8MiB seconds=12.896
warning: The old format conversion subcommands of `nix hash` were deprecated in favor of `nix hash convert`.
140/183 verified rqp32gbj330diwpbkaplqqp0vln6vi70-source archive=4.0MiB seconds=0.58
warning: The old format conversion subcommands of `nix hash` were deprecated in favor of `nix hash convert`.
141/183 verified rryj6by91w8dqccmlnlw3aabm1dkyqcs-source archive=762.6MiB seconds=15.159
warning: The old format conversion subcommands of `nix hash` were deprecated in favor of `nix hash convert`.
142/183 verified rs7l6p2c949pmgxhzqxgk0ljkqygb033-source archive=654.4MiB seconds=16.466
warning: The old format conversion subcommands of `nix hash` were deprecated in favor of `nix hash convert`.
143/183 verified rv15msd5aw0n9dn2qhm6igmq1n51m1ay-source archive=183.6MiB seconds=4.568
warning: The old format conversion subcommands of `nix hash` were deprecated in favor of `nix hash convert`.
144/183 verified s6djzsdwrir75ys4332r8h96pvxik88c-source archive=4.0MiB seconds=0.418
warning: The old format conversion subcommands of `nix hash` were deprecated in favor of `nix hash convert`.
145/183 verified sm4s18abvx6mlxmq6w8s48ckd79r9jlm-source archive=730.1MiB seconds=12.554
warning: The old format conversion subcommands of `nix hash` were deprecated in favor of `nix hash convert`.
146/183 verified syswfkl15pmgaifn6x05vax7zw6ihyir-source archive=183.5MiB seconds=4.073
warning: The old format conversion subcommands of `nix hash` were deprecated in favor of `nix hash convert`.
147/183 verified szh9d9nb0xrfhc6jjhkiaa42523z812p-source archive=653.7MiB seconds=15.501
warning: The old format conversion subcommands of `nix hash` were deprecated in favor of `nix hash convert`.
148/183 verified v3nkn98lwqvrc6z7cdrqw7iwxmwf9lpg-source archive=654.2MiB seconds=15.254
warning: The old format conversion subcommands of `nix hash` were deprecated in favor of `nix hash convert`.
149/183 verified v9ynr77lhfkdq0mc8df3qlnz6hncg0qw-source archive=728.8MiB seconds=11.021
warning: The old format conversion subcommands of `nix hash` were deprecated in favor of `nix hash convert`.
150/183 verified vc644ynim0fiq9psmdmmfgh507k4ss3x-source archive=183.5MiB seconds=3.565
warning: The old format conversion subcommands of `nix hash` were deprecated in favor of `nix hash convert`.
151/183 verified vcs4w3s19ibd6aa7rn0rd1j1v61n87xn-source archive=367.8MiB seconds=5.704
warning: The old format conversion subcommands of `nix hash` were deprecated in favor of `nix hash convert`.
152/183 verified w57ag8w2mxkpd9njiv84krzmmsvxz8vb-source archive=183.5MiB seconds=3.896
warning: The old format conversion subcommands of `nix hash` were deprecated in favor of `nix hash convert`.
153/183 verified waalgyhnn66a2v7wrmwni7vqc2i6cy5q-source archive=4.0MiB seconds=0.401
warning: The old format conversion subcommands of `nix hash` were deprecated in favor of `nix hash convert`.
154/183 verified wbhm0wy7wlpp05ydlclj9326fas4lfc7-source archive=4.0MiB seconds=0.292
warning: The old format conversion subcommands of `nix hash` were deprecated in favor of `nix hash convert`.
155/183 verified wlrb0xdfmwyvkva4lzzxc95jjlkvd2rr-source archive=295.4MiB seconds=5.159
warning: The old format conversion subcommands of `nix hash` were deprecated in favor of `nix hash convert`.
156/183 verified ww7cdw75zjdgsyfd2mskj8rmzx4bccs1-source archive=183.6MiB seconds=5.225
warning: The old format conversion subcommands of `nix hash` were deprecated in favor of `nix hash convert`.
157/183 verified x87zax0b6hl91v31wr4l5j8wpnchy3gk-source archive=183.6MiB seconds=5.102
warning: The old format conversion subcommands of `nix hash` were deprecated in favor of `nix hash convert`.
158/183 verified x9pp29plbl306whzd01k83jxxn8mk0vn-source archive=4.0MiB seconds=0.505
warning: The old format conversion subcommands of `nix hash` were deprecated in favor of `nix hash convert`.
159/183 verified xcgys9khqhwm61b14imlg78649h0499y-source archive=4.0MiB seconds=0.474
warning: The old format conversion subcommands of `nix hash` were deprecated in favor of `nix hash convert`.
160/183 verified xjij9pkx0jh4pzrxf4qahvq8dmc04y4j-source archive=295.4MiB seconds=7.428
warning: The old format conversion subcommands of `nix hash` were deprecated in favor of `nix hash convert`.
161/183 verified xr5qanl0p806x2xhqclhy5pq8a7mhrw7-source archive=4.0MiB seconds=0.445
warning: The old format conversion subcommands of `nix hash` were deprecated in favor of `nix hash convert`.
162/183 verified xrg5gx8kcx1aiisxlz5ym5lnhs3p8z6b-source archive=730.1MiB seconds=15.969
warning: The old format conversion subcommands of `nix hash` were deprecated in favor of `nix hash convert`.
163/183 verified xzf24qw6m8d49z3slshbb8xmiq2623ly-source archive=4.0MiB seconds=0.614
warning: The old format conversion subcommands of `nix hash` were deprecated in favor of `nix hash convert`.
164/183 verified y77lf6077wb3hkwbn5lw9lnhqbww6p6k-source archive=3.7MiB seconds=0.627
warning: The old format conversion subcommands of `nix hash` were deprecated in favor of `nix hash convert`.
165/183 verified yczi98i778ykl27wscihys6fzha1pn21-source archive=183.6MiB seconds=5.158
warning: The old format conversion subcommands of `nix hash` were deprecated in favor of `nix hash convert`.
166/183 verified ygbc59iah69k09gncx21i189d1mw72hm-source archive=280.8MiB seconds=9.388
warning: The old format conversion subcommands of `nix hash` were deprecated in favor of `nix hash convert`.
167/183 verified yhxycs9pgcqcfm7zn7hznymkjqq69ssm-source archive=183.5MiB seconds=5.255
warning: The old format conversion subcommands of `nix hash` were deprecated in favor of `nix hash convert`.
168/183 verified yll7agd21ppx1djg8j20czcjdpaqi3sz-source archive=367.7MiB seconds=8.576
warning: The old format conversion subcommands of `nix hash` were deprecated in favor of `nix hash convert`.
169/183 verified ylzjkrp6k4lzw4wy2av1hx3db7lr2qz7-source archive=3.7MiB seconds=0.511
warning: The old format conversion subcommands of `nix hash` were deprecated in favor of `nix hash convert`.
170/183 verified ymgp32jv5h4knk1mww92ccmx9aa7g51l-source archive=655.1MiB seconds=19.229
warning: The old format conversion subcommands of `nix hash` were deprecated in favor of `nix hash convert`.
171/183 verified yrjk3w8mrzvxmjhx6r6m1761645d67hd-source archive=4.0MiB seconds=0.51
warning: The old format conversion subcommands of `nix hash` were deprecated in favor of `nix hash convert`.
172/183 verified z05k10yfd9k9y5lizhznx5bvdh32szra-source archive=183.5MiB seconds=4.184
warning: The old format conversion subcommands of `nix hash` were deprecated in favor of `nix hash convert`.
173/183 verified z213psyh9qg9dhbdjp5n00r35z3bby64-source archive=367.8MiB seconds=8.592
warning: The old format conversion subcommands of `nix hash` were deprecated in favor of `nix hash convert`.
174/183 verified z4p7670ghajz4bavc5aak6b22nqfdn6n-source archive=3.7MiB seconds=0.407
warning: The old format conversion subcommands of `nix hash` were deprecated in favor of `nix hash convert`.
175/183 verified z68a1m1rknrw9kkyb0zg29p6056n31d7-source archive=728.7MiB seconds=18.286
warning: The old format conversion subcommands of `nix hash` were deprecated in favor of `nix hash convert`.
176/183 verified z6b3rxybd3gv5i2i5bm739ilyjgdib64-source archive=295.4MiB seconds=9.313
warning: The old format conversion subcommands of `nix hash` were deprecated in favor of `nix hash convert`.
177/183 verified z8qf77q1jmbbvmf6k8vmi12csihjx2jl-source archive=183.6MiB seconds=5.913
warning: The old format conversion subcommands of `nix hash` were deprecated in favor of `nix hash convert`.
178/183 verified zf8d0nf2lr69aazng3zmh044ii7lnlx4-source archive=183.5MiB seconds=5.609
warning: The old format conversion subcommands of `nix hash` were deprecated in favor of `nix hash convert`.
179/183 verified zhwmjfqjg7dw693flyyyqgxmmipvjkqq-source archive=367.7MiB seconds=9.678
warning: The old format conversion subcommands of `nix hash` were deprecated in favor of `nix hash convert`.
180/183 verified zlcs7prgvmdz41n5lam15nmpdsv2q6aw-source archive=367.7MiB seconds=8.811
warning: The old format conversion subcommands of `nix hash` were deprecated in favor of `nix hash convert`.
181/183 verified zmjjify5axyqzr1l6cka981ww9my2fy2-source archive=367.8MiB seconds=9.822
warning: The old format conversion subcommands of `nix hash` were deprecated in favor of `nix hash convert`.
182/183 verified zx7lpdvyl0ad82ha0amxfi9hw2q321i9-source archive=3.7MiB seconds=0.59
warning: The old format conversion subcommands of `nix hash` were deprecated in favor of `nix hash convert`.
183/183 verified zy6bfi8xy3i1rvva7ymyj2sg76w838d3-source archive=730.1MiB seconds=17.581
COMPLETE 183 source snapshots; archive bytes=54765810380
