removing stale link from "/nix/var/nix/gcroots/auto/c7bi3rb6g1sp6fp5qyfg8cknr42dy6aa" to "/tmp/openwepp-nix-concurrency-wrsn1g75/state/profiles/7225c606280be677d8b3ac062406cc8c002ad22cdef3bf4394e5fc4c8bfa8e4d-1-link"
All 183 archives rehashed and source identities checked.
1/183 exit=0 /nix/store/01szcipjf73sxljrsymi6ly378x7zyf2-source
2/183 exit=0 /nix/store/0630anbbcgy13gicp0qagyg6103k8c0b-source
3/183 exit=0 /nix/store/0820k35gb3d39kl7c81pfdvjf5n72as0-source
4/183 exit=0 /nix/store/0c4g03zckf50rr7jdycxvxrgfy18gx3j-source
5/183 exit=0 /nix/store/10ibrybpppx0g0x7wk9yrxxbfjxf06si-source
6/183 exit=0 /nix/store/11d8sq6w3nh2gllq28sb0h9qkh62a058-source
7/183 exit=0 /nix/store/138k1353r8vsd30bh48m94z2v5mfqgvd-source
8/183 exit=0 /nix/store/14wrm77rgwcb9fwn42qfak67i6awsi2j-source
9/183 exit=0 /nix/store/194viw79lybvrimwqdx5v43yh94ssax4-source
10/183 exit=0 /nix/store/1qmrmbqahmnf1swyf0rs8sdxvbv1pgzs-source
11/183 exit=0 /nix/store/1yc7ran6r19jl7w6xn306amfwq29wdqx-source
12/183 exit=0 /nix/store/22wq8wvvnqks2vppm8qsxm8ybwa4dsgj-source
13/183 exit=0 /nix/store/24izjv0ag19775mrf2x2zh3hwkfpb5r3-source
14/183 exit=0 /nix/store/29n2z04a6n8g8p312xwyfks58nij0gnr-source
15/183 exit=0 /nix/store/2dvpycfxjkhacp4l0sv8hxzpdapnksbd-source
16/183 exit=0 /nix/store/2gi9gjik615g1k1wkqilwabqc2a88dky-source
17/183 exit=0 /nix/store/2pdgz63ark8fmdlnbdrmrd50fim7kk8f-source
18/183 exit=0 /nix/store/38ib8c1vidxdyg6j41srs0394hw02qsy-source
19/183 exit=0 /nix/store/3dr23yfgxcjq4csi3vpk414269gxc2mw-source
20/183 exit=0 /nix/store/3l6ic961v9ppa5rpv9mji0lzn1lhibxp-source
21/183 exit=0 /nix/store/40m4illrgp2rvmn243z0lg0inz8jrnj3-source
22/183 exit=0 /nix/store/4137vglnl9nlvs040s2k19n5nlz4pg2f-source
23/183 exit=0 /nix/store/426lyhmvcyirgmiq2hnv12hdi63wm9zh-source
24/183 exit=0 /nix/store/495q8zalyzx7i5fp3sc7fijzwhh1gqd1-source
25/183 exit=0 /nix/store/4frwr8q4yryqiviawjkmfxgpcjkcczv2-source
26/183 exit=0 /nix/store/4gnhd520ja24f12w3f5h1akmmr94h2br-source
27/183 exit=0 /nix/store/57bp3mwsc4xm79alama5xj0g0g0yy8kp-source
28/183 exit=0 /nix/store/5988jaikdar3ww5gvxicqm1rmkj162xj-source
29/183 exit=0 /nix/store/5icji59qdd61nfwzbfar57rk4xzg9k9w-source
30/183 exit=0 /nix/store/5lv26xhfwlbg4mz39wirbrw8fc4jmjrb-source
31/183 exit=0 /nix/store/5mh5kaqnyllyfzq70963vs8ak1s5w8z6-source
32/183 exit=0 /nix/store/5s4yddw3bnnh2c9x007iw45ml7kiq0c1-source
33/183 exit=0 /nix/store/5vsrx3jjpmssi4d855v47dsd56wvx814-source
34/183 exit=0 /nix/store/64qi58x5c94djdxf8caz39ic7q5cc9h8-source
35/183 exit=0 /nix/store/6vs7wrag4jfvcz3zhi1nvkpdl7ji6ahy-source
36/183 exit=0 /nix/store/73lb0ckggnzw7fj9cnnf1y6wx2p830xj-source
37/183 exit=0 /nix/store/77hswzap2grgy41c8mxq8g5liairrmj5-source
38/183 exit=0 /nix/store/7lk257l9i027x6hgiikwdzm43lqmq5rd-source
39/183 exit=0 /nix/store/7qvjr1ijwn8k4idy4dfz8sjnzc4jgqg1-source
40/183 exit=0 /nix/store/7sa754h9h47m812w5r6gy74bipgid92a-source
41/183 exit=0 /nix/store/7za9j8zqw2i5m79z5v2zvqlcfxdlxnyk-source
42/183 exit=0 /nix/store/85i0zhax4l9ghmgbqwqk9qqb851687xr-source
43/183 exit=0 /nix/store/89rxl5519r9y2857ymq18vbfcxkpv8d4-source
44/183 exit=0 /nix/store/8fg03lyj51pidzf2y9jrnnidasirzxns-source
45/183 exit=0 /nix/store/8lvvsgnp1ywlmwgmjdz47aaz7ywg5d6v-source
46/183 exit=0 /nix/store/8w7gfc5qynvi8k04b6k8mpwiyhj3wvmc-source
47/183 exit=0 /nix/store/8x6mnfykxg06gif4n4h0yx2ama02bdhn-source
48/183 exit=0 /nix/store/91nqwhm04q0ygiwn0kf3hry580ndgzdi-source
49/183 exit=0 /nix/store/91rrqhkaklmf51df2pq50k5qwgy0ph7b-source
50/183 exit=0 /nix/store/964yjflmpi02f2c8k61v2pzxjh2jvnjf-source
51/183 exit=0 /nix/store/97s3xj6991jawzvil9lajmwhm5pma3hy-source
52/183 exit=0 /nix/store/9in7n88028kks58dblvc974r6x7xaapz-source
53/183 exit=0 /nix/store/9kwf7y2dr2ri1rqxm4f8ya9dd1ps17m4-source
54/183 exit=0 /nix/store/9mq97qdab2cx5hink6dz1r5216fk1sbj-source
55/183 exit=0 /nix/store/9s9c5vyxzrbb5rx451qpgj7gkczgpb78-source
56/183 exit=0 /nix/store/9wpgv5bx0nq71scc24935jx6zyff78yj-source
57/183 exit=0 /nix/store/a0rjk3cih6x9fxfaqsr0mqd9ydgxnp5h-source
58/183 exit=0 /nix/store/a6kmi35hr6qcl4sr89jjyg0qagsy4spc-source
59/183 exit=0 /nix/store/a6nsb6ngf564zc0xwk7mp6l2fd8pjq6h-source
60/183 exit=0 /nix/store/a9bg75g9bj4s01v3b0dcq57r29s92vzm-source
61/183 exit=0 /nix/store/ac7jf73nr4mh9j95cbpwvdcbh5k15cyk-source
62/183 exit=0 /nix/store/anvqyad0zzfdy7438admvqshjbp881ri-source
63/183 exit=0 /nix/store/axhvg2mdm68yfxidp2lwif557l9d8bxs-source
64/183 exit=0 /nix/store/ayx4zy2ac2piysl1sxcigazql49k00jy-source
65/183 exit=0 /nix/store/b09wyx0wpvkvfg901xb6pvl1v39ls0ym-source
66/183 exit=0 /nix/store/b7jpb20m91wcv63mkrhxpvcxk8affmdy-source
67/183 exit=0 /nix/store/bi7qdkcq15f44d7z44skkk07j59qhmw7-source
68/183 exit=0 /nix/store/bxvg6mw9afngyy2x4qz9pvcgrr48ijr0-source
69/183 exit=0 /nix/store/c1k4qgcqijja3rv1xsagjsb1rwxs1jkv-source
70/183 exit=0 /nix/store/ckgg42schbnj9pxm4m05hvx99b0q0jay-source
71/183 exit=0 /nix/store/ckmg6avvkl37hzjd8f5hzyyxzxaczbws-source
72/183 exit=0 /nix/store/clas7caax30c6wbrmr36g7fyhinirnna-source
73/183 exit=0 /nix/store/cryw9yxdn431f5dk01izxn6hjlwirw1m-source
74/183 exit=0 /nix/store/cx0p33b4iy834f76g5dyk8ziii8g1425-source
75/183 exit=0 /nix/store/di31n81804v2n55z81w47sk8cl38r7mp-source
76/183 exit=0 /nix/store/diq7wnmwspd6mdy005bzaw84ncq89sdr-source
77/183 exit=0 /nix/store/djp6x2wdmnaddk29fm2lkwk5k6r95fh1-source
78/183 exit=0 /nix/store/dk77f13sqj9q6svxjn3f9ah7pd5laxfr-source
79/183 exit=0 /nix/store/dss6z324i646vc4vx5khvjxw6n5624mv-source
80/183 exit=0 /nix/store/f4f44kimx270gdqzal4nlrinqxnl0iah-source
81/183 exit=0 /nix/store/f654yfqb45kmd87shhashgfr98dpj2m7-source
82/183 exit=0 /nix/store/ff0swxqplnwlrxz6x3b3i1ia4m9ml5j4-source
83/183 exit=0 /nix/store/fh53fyn3n1a1gah7plw3m3f0infksfsf-source
84/183 exit=0 /nix/store/fl760fhdkl35q41cqlphlcyprwibdj0q-source
85/183 exit=0 /nix/store/fldcf4y21gmgxj44k39jnc7y0b7s9qrg-source
86/183 exit=0 /nix/store/fyg5r64dakbiip1fj6gzsm5n3m2n64x6-source
87/183 exit=0 /nix/store/gpci1dx0v1dbnmi6j1sm0wi170hynfs2-source
88/183 exit=0 /nix/store/gr6j4za9yb798lghfrgyhmh10nhscbrx-source
89/183 exit=0 /nix/store/h699f0kw1ybxlg6hgmnwygzrmwaacrqf-source
90/183 exit=0 /nix/store/h91d1jx668lmpbl86vgf224lymri1pyf-source
91/183 exit=0 /nix/store/hfb13nzmlxripxjdr5jx1va6n3lrfxhv-source
92/183 exit=0 /nix/store/hysp3y4zg55p392imak1cm8j6m48q922-source
93/183 exit=0 /nix/store/i3viqy0jngxzj5y3621qaazs16jc214k-source
94/183 exit=0 /nix/store/ibh3m5d9q297h1m82gnb34f8pfl5yhc5-source
95/183 exit=0 /nix/store/icks9hjcy3ilv07dg5izx5gq50n7plp6-source
96/183 exit=0 /nix/store/im7ayrqxqgrwa3jmgf1jhr2wm03s0aaw-source
97/183 exit=0 /nix/store/iyc0s2dk24a6r5416x7d9jc8742l4p9g-source
98/183 exit=0 /nix/store/j0synva8zxs49bmw0q38mk82g4xv2kmp-source
99/183 exit=0 /nix/store/j2ihypx1hky2dd83qnwm6hm3cylqrbsq-source
100/183 exit=0 /nix/store/jd9h0wcn4814f66dinkg6ycbrdqd4xk0-source
101/183 exit=0 /nix/store/jgklj66x6dxhslmmdb212gl4lyy2pg3f-source
102/183 exit=0 /nix/store/jh15mfm26kgkq0fzb7312acgih86aar2-source
103/183 exit=0 /nix/store/jjs0dh3ngzl8jsmmn0ddbghji9h9g3zk-source
104/183 exit=0 /nix/store/jnzjfyjhnf1bm03kwigvrpn2mimq8krd-source
105/183 exit=0 /nix/store/jpa2vlydn9q0ww27a6qs7675rf95i7m2-source
106/183 exit=0 /nix/store/k0bhyvq02wb1z2g2fa0k7ffcj97ygcqj-source
107/183 exit=0 /nix/store/k7pbg0dxzyxvii4l6iriwvfl7cn94p6m-source
108/183 exit=0 /nix/store/km8adgmw7xf6qhfss8s0vy4vpc8sid2n-source
109/183 exit=0 /nix/store/kx589pky7rcp739203nq6v917gnxl2n9-source
110/183 exit=0 /nix/store/l4famxr775qnnxk05sxbwq7sf6w311ai-source
111/183 exit=0 /nix/store/lgzmaiaxxlxixfydc8nph49ghvb1i5v3-source
112/183 exit=0 /nix/store/lm3ic1z3l7yxn5b57nfg49ciws1s41rx-source
113/183 exit=0 /nix/store/lnxm2nq4f356pp24lf73mir5ljbxb261-source
114/183 exit=0 /nix/store/ly8xgdjk64z9v29ac730ab9iqsb73ww5-source
115/183 exit=0 /nix/store/m1kgs048hsv75n98p2qnijbijscz121l-source
116/183 exit=0 /nix/store/m51i2jxk356bb823jvqfs7bmhmjrplm9-source
117/183 exit=0 /nix/store/m761da443awx2b82liykn15qmpxm2r7q-source
118/183 exit=0 /nix/store/m8mbxidl94nxlqpnpjc6ydv259wx6s7m-source
119/183 exit=0 /nix/store/mkdrc41abijafa3xgc2iqsvq2jjckns4-source
120/183 exit=0 /nix/store/msrawh0iqc4srplpd2lg0ri6f9qccpan-source
121/183 exit=0 /nix/store/n79w500yx1sijya1gv6v4s49jyv0hcj4-source
122/183 exit=0 /nix/store/n8vmc56xi0ggw21yi6kwa13samb11gs1-source
123/183 exit=0 /nix/store/nav2pn56xwap008x65g1q0hfis1z8785-source
124/183 exit=0 /nix/store/nfbblhc5lrwx5siv0ag2hsg7kj8qxc8x-source
125/183 exit=0 /nix/store/njygxq121w00c4v0j2cymi1vy4l9sdml-source
126/183 exit=0 /nix/store/nr032rf0avd0b3bginfc399y33mlffap-source
127/183 exit=0 /nix/store/nr6hjnjda2vq1549dd5wa03j4mxys02b-source
128/183 exit=0 /nix/store/nxi7gajn7jh8y5fhhz1hajisviqs15xd-source
129/183 exit=0 /nix/store/p3b4dx96vy4jqfsw24a1f0b8dmfk2jn7-source
130/183 exit=0 /nix/store/plw6l4jig3f02862glwg7yjj3dfka5y5-source
131/183 exit=0 /nix/store/pmnw9yfnizb1i6zbbp158p1zc9s0q8sz-source
132/183 exit=0 /nix/store/pp43bp972w2vxfn6xn4mgf17d0617f0j-source
133/183 exit=0 /nix/store/pz8mvspna3cznrik0ms2i73r1sy1s1nc-source
134/183 exit=0 /nix/store/q59v44fhpzbkkkc03sxpj9v15j9k7sk6-source
135/183 exit=0 /nix/store/q9rqy6kv42yz6a6iqwa0qbrc4dla02bn-source
136/183 exit=0 /nix/store/qwc4mbrz82c92yxy9k6j3bp7ivgi95q3-source
137/183 exit=0 /nix/store/qx288849232xmxkh83yh89x75s0l320h-source
138/183 exit=0 /nix/store/rkz560n4fcxy1l1zh887p7hxsdyaad4d-source
139/183 exit=0 /nix/store/rn7qmggq7pjj9hwwp8ic4zw7hf69yph3-source
140/183 exit=0 /nix/store/rqp32gbj330diwpbkaplqqp0vln6vi70-source
141/183 exit=0 /nix/store/rryj6by91w8dqccmlnlw3aabm1dkyqcs-source
142/183 exit=0 /nix/store/rs7l6p2c949pmgxhzqxgk0ljkqygb033-source
143/183 exit=0 /nix/store/rv15msd5aw0n9dn2qhm6igmq1n51m1ay-source
144/183 exit=0 /nix/store/s6djzsdwrir75ys4332r8h96pvxik88c-source
145/183 exit=0 /nix/store/sm4s18abvx6mlxmq6w8s48ckd79r9jlm-source
146/183 exit=0 /nix/store/syswfkl15pmgaifn6x05vax7zw6ihyir-source
147/183 exit=0 /nix/store/szh9d9nb0xrfhc6jjhkiaa42523z812p-source
148/183 exit=0 /nix/store/v3nkn98lwqvrc6z7cdrqw7iwxmwf9lpg-source
149/183 exit=0 /nix/store/v9ynr77lhfkdq0mc8df3qlnz6hncg0qw-source
150/183 exit=0 /nix/store/vc644ynim0fiq9psmdmmfgh507k4ss3x-source
151/183 exit=0 /nix/store/vcs4w3s19ibd6aa7rn0rd1j1v61n87xn-source
152/183 exit=0 /nix/store/w57ag8w2mxkpd9njiv84krzmmsvxz8vb-source
153/183 exit=0 /nix/store/waalgyhnn66a2v7wrmwni7vqc2i6cy5q-source
154/183 exit=0 /nix/store/wbhm0wy7wlpp05ydlclj9326fas4lfc7-source
155/183 exit=0 /nix/store/wlrb0xdfmwyvkva4lzzxc95jjlkvd2rr-source
156/183 exit=0 /nix/store/ww7cdw75zjdgsyfd2mskj8rmzx4bccs1-source
157/183 exit=0 /nix/store/x87zax0b6hl91v31wr4l5j8wpnchy3gk-source
158/183 exit=0 /nix/store/x9pp29plbl306whzd01k83jxxn8mk0vn-source
159/183 exit=0 /nix/store/xcgys9khqhwm61b14imlg78649h0499y-source
160/183 exit=0 /nix/store/xjij9pkx0jh4pzrxf4qahvq8dmc04y4j-source
161/183 exit=0 /nix/store/xr5qanl0p806x2xhqclhy5pq8a7mhrw7-source
162/183 exit=0 /nix/store/xrg5gx8kcx1aiisxlz5ym5lnhs3p8z6b-source
163/183 exit=0 /nix/store/xzf24qw6m8d49z3slshbb8xmiq2623ly-source
164/183 exit=0 /nix/store/y77lf6077wb3hkwbn5lw9lnhqbww6p6k-source
165/183 exit=0 /nix/store/yczi98i778ykl27wscihys6fzha1pn21-source
166/183 exit=0 /nix/store/ygbc59iah69k09gncx21i189d1mw72hm-source
167/183 exit=0 /nix/store/yhxycs9pgcqcfm7zn7hznymkjqq69ssm-source
168/183 exit=0 /nix/store/yll7agd21ppx1djg8j20czcjdpaqi3sz-source
169/183 exit=0 /nix/store/ylzjkrp6k4lzw4wy2av1hx3db7lr2qz7-source
170/183 exit=0 /nix/store/ymgp32jv5h4knk1mww92ccmx9aa7g51l-source
171/183 exit=0 /nix/store/yrjk3w8mrzvxmjhx6r6m1761645d67hd-source
172/183 exit=0 /nix/store/z05k10yfd9k9y5lizhznx5bvdh32szra-source
173/183 exit=0 /nix/store/z213psyh9qg9dhbdjp5n00r35z3bby64-source
174/183 exit=0 /nix/store/z4p7670ghajz4bavc5aak6b22nqfdn6n-source
175/183 exit=0 /nix/store/z68a1m1rknrw9kkyb0zg29p6056n31d7-source
176/183 exit=0 /nix/store/z6b3rxybd3gv5i2i5bm739ilyjgdib64-source
177/183 exit=0 /nix/store/z8qf77q1jmbbvmf6k8vmi12csihjx2jl-source
178/183 exit=0 /nix/store/zf8d0nf2lr69aazng3zmh044ii7lnlx4-source
179/183 exit=0 /nix/store/zhwmjfqjg7dw693flyyyqgxmmipvjkqq-source
180/183 exit=0 /nix/store/zlcs7prgvmdz41n5lam15nmpdsv2q6aw-source
181/183 exit=0 /nix/store/zmjjify5axyqzr1l6cka981ww9my2fy2-source
182/183 exit=0 /nix/store/zx7lpdvyl0ad82ha0amxfi9hw2q321i9-source
183/183 exit=0 /nix/store/zy6bfi8xy3i1rvva7ymyj2sg76w838d3-source
Recovered 239.899 GiB
