laned_active_profile {"solver_runs":185,"solver_steps":95691,"solver_steps_homogeneous":20717,"solver_steps_source_free":20717,"alpha_evaluations":2699685,"solver_cfl_ns":940836703,"solver_step_ns":160972618,"solver_sample_ns":5980435}
	Command being timed: "target/release/openwepp-cli-hill --run-dir /home/workdir/openWEPP/docs/work-packages/20260708-laned-router-tier2-dx-target-mesh-policy-rescope-001/artifacts/mesh-ladder-runs/n_idaho_forest_h1/dx20/run_dir --run-file p1.plain.run.toml --output-dir /home/workdir/openWEPP/docs/work-packages/20260708-laned-router-tier2-dx-target-mesh-policy-rescope-001/artifacts/mesh-ladder-runs/n_idaho_forest_h1/dx20/run_dir/output"
	User time (seconds): 1.48
	System time (seconds): 0.01
	Percent of CPU this job got: 99%
	Elapsed (wall clock) time (h:mm:ss or m:ss): 0:01.49
	Average shared text size (kbytes): 0
	Average unshared data size (kbytes): 0
	Average stack size (kbytes): 0
	Average total size (kbytes): 0
	Maximum resident set size (kbytes): 22396
	Average resident set size (kbytes): 0
	Major (requiring I/O) page faults: 0
	Minor (reclaiming a frame) page faults: 4519
	Voluntary context switches: 5
	Involuntary context switches: 3
	Swaps: 0
	File system inputs: 0
	File system outputs: 1952
	Socket messages sent: 0
	Socket messages received: 0
	Signals delivered: 0
	Page size (bytes): 4096
	Exit status: 0
