warning: Git tree '/workdir/openWEPP' is dirty
   Compiling proc-macro2 v1.0.106
   Compiling unicode-ident v1.0.24
   Compiling quote v1.0.45
   Compiling serde_core v1.0.228
   Compiling version_check v0.9.5
   Compiling generic-array v0.14.7
   Compiling syn v2.0.117
   Compiling typenum v1.20.0
   Compiling serde v1.0.228
   Compiling serde_derive v1.0.228
   Compiling cfg-if v1.0.4
   Compiling crypto-common v0.1.7
   Compiling block-buffer v0.10.4
   Compiling itoa v1.0.18
   Compiling digest v0.10.7
   Compiling syn v3.0.3
   Compiling cpufeatures v0.2.17
   Compiling autocfg v1.5.1
   Compiling thiserror v2.0.20
   Compiling num-traits v0.2.19
   Compiling sha2 v0.10.9
   Compiling thiserror-impl v2.0.20
   Compiling zmij v1.0.21
   Compiling openwepp-sim-contract v0.1.0 (/workdir/openwepp-experiments/b01-wb14-cadence/native-context-restoration-reader-20260916/crates/openwepp-sim-contract)
   Compiling hashbrown v0.17.1
   Compiling equivalent v1.0.2
   Compiling openwepp-unit-boundary v0.1.0 (/workdir/openwepp-experiments/b01-wb14-cadence/native-context-restoration-reader-20260916/crates/openwepp-unit-boundary)
   Compiling crc32fast v1.5.0
   Compiling serde_json v1.0.150
   Compiling indexmap v2.14.0
   Compiling unsafe-libyaml v0.2.11
   Compiling adler2 v2.0.1
   Compiling simd-adler32 v0.3.9
   Compiling memchr v2.8.0
   Compiling ryu v1.0.23
   Compiling serde_yaml v0.9.34+deprecated
   Compiling miniz_oxide v0.8.9
   Compiling num-integer v0.1.46
   Compiling openwepp-kernel-contract v0.1.0 (/workdir/openwepp-experiments/b01-wb14-cadence/native-context-restoration-reader-20260916/crates/openwepp-kernel-contract)
   Compiling num-bigint v0.4.6
   Compiling flate2 v1.1.9
   Compiling openwepp-management-schema v0.1.0 (/workdir/openwepp-experiments/b01-wb14-cadence/native-context-restoration-reader-20260916/crates/openwepp-management-schema)
   Compiling base64 v0.22.1
   Compiling libm v0.2.16
   Compiling openwepp-coupled-time v0.1.0 (/workdir/openwepp-experiments/b01-wb14-cadence/native-context-restoration-reader-20260916/crates/openwepp-coupled-time)
   Compiling openwepp-input-contract v0.1.0 (/workdir/openwepp-experiments/b01-wb14-cadence/native-context-restoration-reader-20260916/crates/openwepp-input-contract)
   Compiling openwepp-vegetation v0.1.0 (/workdir/openwepp-experiments/b01-wb14-cadence/native-context-restoration-reader-20260916/crates/openwepp-vegetation)
   Compiling openwepp-climate-runtime-adapter v0.1.0 (/workdir/openwepp-experiments/b01-wb14-cadence/native-context-restoration-reader-20260916/crates/openwepp-climate-runtime-adapter)
   Compiling openwepp-land-surface-energy v0.1.0 (/workdir/openwepp-experiments/b01-wb14-cadence/native-context-restoration-reader-20260916/crates/openwepp-land-surface-energy)
   Compiling openwepp-biogeochemistry v0.1.0 (/workdir/openwepp-experiments/b01-wb14-cadence/native-context-restoration-reader-20260916/crates/openwepp-biogeochemistry)
   Compiling openwepp-meteorology v0.1.0 (/workdir/openwepp-experiments/b01-wb14-cadence/native-context-restoration-reader-20260916/crates/openwepp-meteorology)
   Compiling openwepp-topology v0.1.0 (/workdir/openwepp-experiments/b01-wb14-cadence/native-context-restoration-reader-20260916/crates/openwepp-topology)
   Compiling openwepp-plant-phenology v0.1.0 (/workdir/openwepp-experiments/b01-wb14-cadence/native-context-restoration-reader-20260916/crates/openwepp-plant-phenology)
   Compiling openwepp-hillslope-orchestrator v0.1.0 (/workdir/openwepp-experiments/b01-wb14-cadence/native-context-restoration-reader-20260916/crates/openwepp-hillslope-orchestrator)
warning: method `restart_authority_state_derived_active_snow_lanes_v1` is never used
   --> crates/openwepp-hillslope-orchestrator/src/snow_stage3_v11_attachment.rs:981:19
    |
973 | impl DirectSnowStage3V11PreparedSupport {
    | --------------------------------------- method in this implementation
...
981 |     pub(crate) fn restart_authority_state_derived_active_snow_lanes_v1(
    |                   ^^^^^^^^^^^^^^^^^^^^^^^^^^^^^^^^^^^^^^^^^^^^^^^^^^^^
    |
    = note: `#[warn(dead_code)]` (part of `#[warn(unused)]`) on by default

warning: function `diagnostic_restore_parent_receipt_archive_with_configured_scope_v3` is never used
    --> crates/openwepp-hillslope-orchestrator/src/snow_stage3_v11_restart.rs:1818:15
     |
1818 | pub(crate) fn diagnostic_restore_parent_receipt_archive_with_configured_scope_v3(
     |               ^^^^^^^^^^^^^^^^^^^^^^^^^^^^^^^^^^^^^^^^^^^^^^^^^^^^^^^^^^^^^^^^^^

warning: struct `RestoredStage3PublicationDayEvidenceV1` is never constructed
    --> crates/openwepp-hillslope-orchestrator/src/v9_real_consumer_shadow_publication_retention.rs:1731:19
     |
1731 | pub(crate) struct RestoredStage3PublicationDayEvidenceV1 {
     |                   ^^^^^^^^^^^^^^^^^^^^^^^^^^^^^^^^^^^^^^

warning: function `restart_authority_restore_archived_publication_day_v1` is never used
    --> crates/openwepp-hillslope-orchestrator/src/v9_real_consumer_shadow_publication_retention.rs:1759:15
     |
1759 | pub(crate) fn restart_authority_restore_archived_publication_day_v1(
     |               ^^^^^^^^^^^^^^^^^^^^^^^^^^^^^^^^^^^^^^^^^^^^^^^^^^^^^

warning: method `diagnostic_install_hydrology_constructor_inputs_v1` is never used
    --> crates/openwepp-hillslope-orchestrator/src/v9_real_consumer_shadow.rs:2966:19
     |
2047 | impl DirectV10RealConsumerShadow {
     | -------------------------------- method in this implementation
...
2966 |     pub(crate) fn diagnostic_install_hydrology_constructor_inputs_v1(
     |                   ^^^^^^^^^^^^^^^^^^^^^^^^^^^^^^^^^^^^^^^^^^^^^^^^^^

warning: associated function `restart_authority_from_canonical_bytes` is never used
   --> crates/openwepp-hillslope-orchestrator/src/direct_runtime/surface_liquid_owner/v2.rs:207:19
    |
161 | impl SurfaceLiquidOwnerModelDefinitionV2 {
    | ---------------------------------------- associated function in this implementation
...
207 |     pub(crate) fn restart_authority_from_canonical_bytes(
    |                   ^^^^^^^^^^^^^^^^^^^^^^^^^^^^^^^^^^^^^^

warning: field `ending_snow_hint` is never read
    --> crates/openwepp-hillslope-orchestrator/src/hydrology/support_helpers_mod/runoff_reconciliation.rs:1193:9
     |
1173 | pub(crate) struct CoveredTerminalTrialRequestV1 {
     |                   ----------------------------- field in this struct
...
1193 |     pub ending_snow_hint: Option<CoveredTerminalEndingSnowHintV1>,
     |         ^^^^^^^^^^^^^^^^
     |
     = note: `CoveredTerminalTrialRequestV1` has derived impls for the traits `Debug` and `Clone`, but these are intentionally ignored during dead code analysis

warning: function `restore_covered_interval` is never used
   --> crates/openwepp-hillslope-orchestrator/src/snow_stage3_v11_current_context_capture.rs:669:4
    |
669 | fn restore_covered_interval(
    |    ^^^^^^^^^^^^^^^^^^^^^^^^

warning: function `restore_destination_capability` is never used
   --> crates/openwepp-hillslope-orchestrator/src/snow_stage3_v11_current_context_capture.rs:685:4
    |
685 | fn restore_destination_capability(
    |    ^^^^^^^^^^^^^^^^^^^^^^^^^^^^^^

warning: function `provider_interval_for_destination` is never used
   --> crates/openwepp-hillslope-orchestrator/src/snow_stage3_v11_current_context_capture.rs:733:4
    |
733 | fn provider_interval_for_destination<'a>(
    |    ^^^^^^^^^^^^^^^^^^^^^^^^^^^^^^^^^

warning: function `restore_prepared_support` is never used
   --> crates/openwepp-hillslope-orchestrator/src/snow_stage3_v11_current_context_capture.rs:771:4
    |
771 | fn restore_prepared_support(
    |    ^^^^^^^^^^^^^^^^^^^^^^^^

warning: function `restore_support_forcing` is never used
   --> crates/openwepp-hillslope-orchestrator/src/snow_stage3_v11_current_context_capture.rs:889:4
    |
889 | fn restore_support_forcing(
    |    ^^^^^^^^^^^^^^^^^^^^^^^

warning: function `active_snow_restore` is never used
    --> crates/openwepp-hillslope-orchestrator/src/snow_stage3_v11_current_context_capture.rs:1002:4
     |
1002 | fn active_snow_restore(
     |    ^^^^^^^^^^^^^^^^^^^

warning: method `validate_against` is never used
    --> crates/openwepp-hillslope-orchestrator/src/snow_stage3_v11_current_context_capture.rs:1226:19
     |
1204 | impl ProviderStaticConfigurationCaptureV1 {
     | ----------------------------------------- method in this implementation
...
1226 |     pub(crate) fn validate_against(
     |                   ^^^^^^^^^^^^^^^^

warning: struct `PreparedDayCaptureV1` is never constructed
    --> crates/openwepp-hillslope-orchestrator/src/snow_stage3_v11_current_context_capture.rs:1260:8
     |
1260 | struct PreparedDayCaptureV1 {
     |        ^^^^^^^^^^^^^^^^^^^^

warning: function `capture_prepared_day` is never used
    --> crates/openwepp-hillslope-orchestrator/src/snow_stage3_v11_current_context_capture.rs:1268:4
     |
1268 | fn capture_prepared_day(
     |    ^^^^^^^^^^^^^^^^^^^^

warning: function `validate_prepared_day` is never used
    --> crates/openwepp-hillslope-orchestrator/src/snow_stage3_v11_current_context_capture.rs:1285:4
     |
1285 | fn validate_prepared_day(
     |    ^^^^^^^^^^^^^^^^^^^^^

warning: function `restore_provider_day` is never used
    --> crates/openwepp-hillslope-orchestrator/src/snow_stage3_v11_current_context_capture.rs:1331:4
     |
1331 | fn restore_provider_day(
     |    ^^^^^^^^^^^^^^^^^^^^

warning: `openwepp-hillslope-orchestrator` (lib) generated 18 warnings
   Compiling openwepp-persisted-restart-v1 v0.1.0 (/workdir/openwepp-experiments/b01-wb14-cadence/native-context-restoration-reader-20260916/crates/openwepp-persisted-restart-v1)
warning: unused import: `checkpoint_identities_v1`
    --> crates/openwepp-persisted-restart-v1/src/snow_stage3_v11.rs:1869:34
     |
1869 | use crate::{admit_checkpoint_v1, checkpoint_identities_v1};
     |                                  ^^^^^^^^^^^^^^^^^^^^^^^^
     |
     = note: `#[warn(unused_imports)]` (part of `#[warn(unused)]`) on by default

warning: `openwepp-persisted-restart-v1` (lib test) generated 1 warning (run `cargo fix --lib -p openwepp-persisted-restart-v1 --tests` to apply 1 suggestion)
    Finished `test` profile [unoptimized + debuginfo] target(s) in 1m 33s
  Executable unittests src/lib.rs (/tmp/openwepp-b01-wb14-deferred-admission-target/debug/deps/openwepp_persisted_restart_v1-73bced1bbd894120)
