warning: Git tree '/workdir/openWEPP' is dirty
    Checking serde_core v1.0.228
    Checking typenum v1.20.0
    Checking generic-array v0.14.7
    Checking cfg-if v1.0.4
    Checking block-buffer v0.10.4
    Checking crypto-common v0.1.7
    Checking itoa v1.0.18
    Checking digest v0.10.7
    Checking cpufeatures v0.2.17
    Checking sha2 v0.10.9
    Checking serde v1.0.228
    Checking thiserror v2.0.20
    Checking hashbrown v0.17.1
    Checking openwepp-sim-contract v0.1.0 (/workdir/openwepp-experiments/b01-wb14-cadence/native-context-restoration-reader-20260916/crates/openwepp-sim-contract)
    Checking openwepp-unit-boundary v0.1.0 (/workdir/openwepp-experiments/b01-wb14-cadence/native-context-restoration-reader-20260916/crates/openwepp-unit-boundary)
    Checking equivalent v1.0.2
    Checking num-traits v0.2.19
    Checking indexmap v2.14.0
    Checking zmij v1.0.21
    Checking adler2 v2.0.1
    Checking unsafe-libyaml v0.2.11
    Checking simd-adler32 v0.3.9
    Checking memchr v2.8.0
    Checking ryu v1.0.23
    Checking serde_json v1.0.150
    Checking serde_yaml v0.9.34+deprecated
    Checking miniz_oxide v0.8.9
    Checking num-integer v0.1.46
    Checking crc32fast v1.5.0
    Checking openwepp-kernel-contract v0.1.0 (/workdir/openwepp-experiments/b01-wb14-cadence/native-context-restoration-reader-20260916/crates/openwepp-kernel-contract)
    Checking flate2 v1.1.9
    Checking num-bigint v0.4.6
    Checking openwepp-management-schema v0.1.0 (/workdir/openwepp-experiments/b01-wb14-cadence/native-context-restoration-reader-20260916/crates/openwepp-management-schema)
    Checking base64 v0.22.1
    Checking openwepp-coupled-time v0.1.0 (/workdir/openwepp-experiments/b01-wb14-cadence/native-context-restoration-reader-20260916/crates/openwepp-coupled-time)
    Checking openwepp-input-contract v0.1.0 (/workdir/openwepp-experiments/b01-wb14-cadence/native-context-restoration-reader-20260916/crates/openwepp-input-contract)
    Checking libm v0.2.16
    Checking openwepp-vegetation v0.1.0 (/workdir/openwepp-experiments/b01-wb14-cadence/native-context-restoration-reader-20260916/crates/openwepp-vegetation)
    Checking openwepp-climate-runtime-adapter v0.1.0 (/workdir/openwepp-experiments/b01-wb14-cadence/native-context-restoration-reader-20260916/crates/openwepp-climate-runtime-adapter)
    Checking openwepp-biogeochemistry v0.1.0 (/workdir/openwepp-experiments/b01-wb14-cadence/native-context-restoration-reader-20260916/crates/openwepp-biogeochemistry)
    Checking openwepp-land-surface-energy v0.1.0 (/workdir/openwepp-experiments/b01-wb14-cadence/native-context-restoration-reader-20260916/crates/openwepp-land-surface-energy)
    Checking openwepp-topology v0.1.0 (/workdir/openwepp-experiments/b01-wb14-cadence/native-context-restoration-reader-20260916/crates/openwepp-topology)
    Checking openwepp-meteorology v0.1.0 (/workdir/openwepp-experiments/b01-wb14-cadence/native-context-restoration-reader-20260916/crates/openwepp-meteorology)
    Checking openwepp-plant-phenology v0.1.0 (/workdir/openwepp-experiments/b01-wb14-cadence/native-context-restoration-reader-20260916/crates/openwepp-plant-phenology)
    Checking openwepp-hillslope-orchestrator v0.1.0 (/workdir/openwepp-experiments/b01-wb14-cadence/native-context-restoration-reader-20260916/crates/openwepp-hillslope-orchestrator)
warning: method `restart_authority_state_derived_active_snow_lanes_v1` is never used
   --> crates/openwepp-hillslope-orchestrator/src/snow_stage3_v11_attachment.rs:981:19
    |
973 | impl DirectSnowStage3V11PreparedSupport {
    | --------------------------------------- method in this implementation
...
981 |     pub(crate) fn restart_authority_state_derived_active_snow_lanes_v1(
    |                   ^^^^^^^^^^^^^^^^^^^^^^^^^^^^^^^^^^^^^^^^^^^^^^^^^^^^
    |
    = note: `#[warn(dead_code)]` (part of `#[warn(unused)]`) on by default

warning: function `diagnostic_restore_parent_receipt_archive_with_configured_scope_v3` is never used
    --> crates/openwepp-hillslope-orchestrator/src/snow_stage3_v11_restart.rs:1818:15
     |
1818 | pub(crate) fn diagnostic_restore_parent_receipt_archive_with_configured_scope_v3(
     |               ^^^^^^^^^^^^^^^^^^^^^^^^^^^^^^^^^^^^^^^^^^^^^^^^^^^^^^^^^^^^^^^^^^

warning: struct `RestoredStage3PublicationDayEvidenceV1` is never constructed
    --> crates/openwepp-hillslope-orchestrator/src/v9_real_consumer_shadow_publication_retention.rs:1731:19
     |
1731 | pub(crate) struct RestoredStage3PublicationDayEvidenceV1 {
     |                   ^^^^^^^^^^^^^^^^^^^^^^^^^^^^^^^^^^^^^^

warning: function `restart_authority_restore_archived_publication_day_v1` is never used
    --> crates/openwepp-hillslope-orchestrator/src/v9_real_consumer_shadow_publication_retention.rs:1759:15
     |
1759 | pub(crate) fn restart_authority_restore_archived_publication_day_v1(
     |               ^^^^^^^^^^^^^^^^^^^^^^^^^^^^^^^^^^^^^^^^^^^^^^^^^^^^^

warning: method `diagnostic_install_hydrology_constructor_inputs_v1` is never used
    --> crates/openwepp-hillslope-orchestrator/src/v9_real_consumer_shadow.rs:2966:19
     |
2047 | impl DirectV10RealConsumerShadow {
     | -------------------------------- method in this implementation
...
2966 |     pub(crate) fn diagnostic_install_hydrology_constructor_inputs_v1(
     |                   ^^^^^^^^^^^^^^^^^^^^^^^^^^^^^^^^^^^^^^^^^^^^^^^^^^

warning: associated function `restart_authority_from_canonical_bytes` is never used
   --> crates/openwepp-hillslope-orchestrator/src/direct_runtime/surface_liquid_owner/v2.rs:207:19
    |
161 | impl SurfaceLiquidOwnerModelDefinitionV2 {
    | ---------------------------------------- associated function in this implementation
...
207 |     pub(crate) fn restart_authority_from_canonical_bytes(
    |                   ^^^^^^^^^^^^^^^^^^^^^^^^^^^^^^^^^^^^^^

warning: field `ending_snow_hint` is never read
    --> crates/openwepp-hillslope-orchestrator/src/hydrology/support_helpers_mod/runoff_reconciliation.rs:1193:9
     |
1173 | pub(crate) struct CoveredTerminalTrialRequestV1 {
     |                   ----------------------------- field in this struct
...
1193 |     pub ending_snow_hint: Option<CoveredTerminalEndingSnowHintV1>,
     |         ^^^^^^^^^^^^^^^^
     |
     = note: `CoveredTerminalTrialRequestV1` has derived impls for the traits `Debug` and `Clone`, but these are intentionally ignored during dead code analysis

warning: function `restore_covered_interval` is never used
   --> crates/openwepp-hillslope-orchestrator/src/snow_stage3_v11_current_context_capture.rs:669:4
    |
669 | fn restore_covered_interval(
    |    ^^^^^^^^^^^^^^^^^^^^^^^^

warning: function `restore_destination_capability` is never used
   --> crates/openwepp-hillslope-orchestrator/src/snow_stage3_v11_current_context_capture.rs:685:4
    |
685 | fn restore_destination_capability(
    |    ^^^^^^^^^^^^^^^^^^^^^^^^^^^^^^

warning: function `provider_interval_for_destination` is never used
   --> crates/openwepp-hillslope-orchestrator/src/snow_stage3_v11_current_context_capture.rs:733:4
    |
733 | fn provider_interval_for_destination<'a>(
    |    ^^^^^^^^^^^^^^^^^^^^^^^^^^^^^^^^^

warning: function `restore_prepared_support` is never used
   --> crates/openwepp-hillslope-orchestrator/src/snow_stage3_v11_current_context_capture.rs:771:4
    |
771 | fn restore_prepared_support(
    |    ^^^^^^^^^^^^^^^^^^^^^^^^

warning: function `restore_support_forcing` is never used
   --> crates/openwepp-hillslope-orchestrator/src/snow_stage3_v11_current_context_capture.rs:889:4
    |
889 | fn restore_support_forcing(
    |    ^^^^^^^^^^^^^^^^^^^^^^^

warning: function `active_snow_restore` is never used
    --> crates/openwepp-hillslope-orchestrator/src/snow_stage3_v11_current_context_capture.rs:1002:4
     |
1002 | fn active_snow_restore(
     |    ^^^^^^^^^^^^^^^^^^^

warning: method `validate_against` is never used
    --> crates/openwepp-hillslope-orchestrator/src/snow_stage3_v11_current_context_capture.rs:1226:19
     |
1204 | impl ProviderStaticConfigurationCaptureV1 {
     | ----------------------------------------- method in this implementation
...
1226 |     pub(crate) fn validate_against(
     |                   ^^^^^^^^^^^^^^^^

warning: struct `PreparedDayCaptureV1` is never constructed
    --> crates/openwepp-hillslope-orchestrator/src/snow_stage3_v11_current_context_capture.rs:1260:8
     |
1260 | struct PreparedDayCaptureV1 {
     |        ^^^^^^^^^^^^^^^^^^^^

warning: function `capture_prepared_day` is never used
    --> crates/openwepp-hillslope-orchestrator/src/snow_stage3_v11_current_context_capture.rs:1268:4
     |
1268 | fn capture_prepared_day(
     |    ^^^^^^^^^^^^^^^^^^^^

warning: function `validate_prepared_day` is never used
    --> crates/openwepp-hillslope-orchestrator/src/snow_stage3_v11_current_context_capture.rs:1285:4
     |
1285 | fn validate_prepared_day(
     |    ^^^^^^^^^^^^^^^^^^^^^

warning: function `restore_provider_day` is never used
    --> crates/openwepp-hillslope-orchestrator/src/snow_stage3_v11_current_context_capture.rs:1331:4
     |
1331 | fn restore_provider_day(
     |    ^^^^^^^^^^^^^^^^^^^^

warning: `openwepp-hillslope-orchestrator` (lib) generated 18 warnings
    Checking openwepp-persisted-restart-v1 v0.1.0 (/workdir/openwepp-experiments/b01-wb14-cadence/native-context-restoration-reader-20260916/crates/openwepp-persisted-restart-v1)
    Finished `dev` profile [unoptimized + debuginfo] target(s) in 29.29s
