patching file crates/openwepp-coupled-time/src/policy14_lse_owner.rs
patching file crates/openwepp-coupled-time/src/transaction.rs
patching file crates/openwepp-hillslope-orchestrator/src/canonical_owner_bytes.rs
patching file crates/openwepp-hillslope-orchestrator/src/direct_runtime.rs
patching file crates/openwepp-hillslope-orchestrator/src/direct_runtime/laned_active.rs
patching file crates/openwepp-hillslope-orchestrator/src/direct_runtime/snow_stage3_v11_scheduler_tests.rs
patching file crates/openwepp-hillslope-orchestrator/src/direct_runtime/stage3_committed_publication.rs
patching file crates/openwepp-hillslope-orchestrator/src/direct_runtime/stage3_committed_publication_tests.rs
patching file crates/openwepp-hillslope-orchestrator/src/direct_runtime/surface_liquid_closure.rs
patching file crates/openwepp-hillslope-orchestrator/src/direct_runtime/surface_liquid_ingress.rs
patching file crates/openwepp-hillslope-orchestrator/src/direct_runtime/surface_liquid_ingress_tests.rs
patching file crates/openwepp-hillslope-orchestrator/src/direct_runtime/surface_liquid_owner/v2_ingress_adapter.rs
patching file crates/openwepp-hillslope-orchestrator/src/direct_runtime/surface_liquid_owner/v2_ingress_tests.rs
patching file crates/openwepp-hillslope-orchestrator/src/direct_runtime/surface_liquid_owner/v3_exact_enthalpy.rs
patching file crates/openwepp-hillslope-orchestrator/src/land_surface_energy_shadow/covered_derived_ingress.rs
patching file crates/openwepp-hillslope-orchestrator/src/land_surface_energy_shadow/covered_v8_owner.rs
patching file crates/openwepp-hillslope-orchestrator/src/land_surface_energy_shadow/multi_tile_runtime.rs
patching file crates/openwepp-hillslope-orchestrator/src/land_surface_energy_shadow/receiver_validation.rs
patching file crates/openwepp-hillslope-orchestrator/src/land_surface_energy_shadow/unified_entry_preflight.rs
patching file crates/openwepp-hillslope-orchestrator/src/land_surface_energy_shadow/v3_input_projection.rs
patching file crates/openwepp-hillslope-orchestrator/src/land_surface_energy_shadow/v3_multitile_adoption.rs
patching file crates/openwepp-hillslope-orchestrator/src/land_surface_energy_shadow/v3_tests.rs
patching file crates/openwepp-hillslope-orchestrator/src/runtime_inputs/09_snow_free_half_hour_forcing.rs
patching file crates/openwepp-hillslope-orchestrator/src/snow_accuracy_bulk.rs
patching file crates/openwepp-hillslope-orchestrator/src/snow_accuracy_observer.rs
patching file crates/openwepp-hillslope-orchestrator/src/snow_stage3_terminal_handoff.rs
patching file crates/openwepp-hillslope-orchestrator/src/snow_stage3_v11_current_context_capture.rs
patching file crates/openwepp-hillslope-orchestrator/src/snow_stage3_v11_member_restoration.rs
patching file crates/openwepp-hillslope-orchestrator/src/v11_covered/physical_outcome_ledger.rs
patching file crates/openwepp-hillslope-orchestrator/src/v9_real_consumer_shadow.rs
patching file crates/openwepp-hillslope-orchestrator/src/v9_real_consumer_shadow/composite_lse_owner.rs
patching file crates/openwepp-hillslope-orchestrator/src/v9_real_consumer_shadow/frozen_litter_v3_adoption.rs
patching file crates/openwepp-hillslope-orchestrator/src/v9_real_consumer_shadow/frozen_litter_v3_publication_retention.rs
patching file crates/openwepp-hillslope-orchestrator/src/v9_real_consumer_shadow/native_snow_liquid_custody.rs
patching file crates/openwepp-hillslope-orchestrator/src/v9_real_consumer_shadow/native_snow_liquid_publication.rs
patching file crates/openwepp-hillslope-orchestrator/src/v9_real_consumer_shadow/native_soil_restart_admission.rs
patching file crates/openwepp-hillslope-orchestrator/src/v9_real_consumer_shadow/snow_free_physical_reuse.rs
patching file crates/openwepp-hillslope-orchestrator/src/v9_real_consumer_shadow/v3_publication_retention_tests.rs
patching file crates/openwepp-land-surface-energy/src/covered_liquid.rs
patching file crates/openwepp-land-surface-energy/src/forcing.rs
patching file crates/openwepp-land-surface-energy/src/solver.rs
patching file crates/openwepp-land-surface-energy/src/solver_litter_phase.rs
patching file crates/openwepp-land-surface-energy/src/solver_tests.rs
patching file crates/openwepp-land-surface-energy/src/transaction.rs
patching file crates/openwepp-land-surface-energy/src/transaction_v3_bridge.rs
patching file crates/openwepp-land-surface-energy/src/transaction_v3_open.rs
patching file crates/openwepp-land-surface-energy/src/transaction_v3_tests.rs
patching file crates/openwepp-land-surface-energy/src/transparent_canopy.rs
patching file crates/openwepp-persisted-restart-v1/src/checkpoint.rs
patching file crates/openwepp-persisted-restart-v1/src/evidence_fixture.rs
patching file crates/openwepp-persisted-restart-v1/src/frozen_litter_v3_tests.rs
patching file crates/openwepp-persisted-restart-v1/src/gsi_forcing.rs
patching file crates/openwepp-persisted-restart-v1/src/host.rs
patching file crates/openwepp-persisted-restart-v1/src/hydrology_restart.rs
patching file crates/openwepp-persisted-restart-v1/src/lib.rs
patching file crates/openwepp-persisted-restart-v1/src/projection.rs
patching file crates/openwepp-persisted-restart-v1/src/projection_v2.rs
patching file crates/openwepp-persisted-restart-v1/src/scientific_owners.rs
patching file crates/openwepp-persisted-restart-v1/src/snow_stage3_v11.rs
patching file crates/openwepp-persisted-restart-v1/src/snow_stage3_v11_native_custody.rs
patching file crates/openwepp-persisted-restart-v1/src/snow_stage3_v11_v3.rs
patching file crates/openwepp-persisted-restart-v1/src/snow_stage3_v11_v4_exact_enthalpy.rs
patching file crates/openwepp-persisted-restart-v1/src/snow_stage3_v11_v5_snow_enthalpy.rs
patching file crates/openwepp-runner/src/hillslope/native_custody_restart_experiment.rs
patching file crates/openwepp-runner/src/hillslope/snow_stage3_v11_production_seed.rs
patching file crates/openwepp-runner/src/hillslope/snow_stage3_v11_production_seed_v2_bootstrap_tests.rs
patching file crates/openwepp-vegetation/src/v11.rs
