warning: Git tree '/workdir/openWEPP' is dirty
openWEPP Nix shell
  target:  /workdir/.cache/openwepp/targets/openWEPP-295c6e060aa9
  scratch: /tmp/openwepp-roger-openWEPP-295c6e060aa9
  cache:   /workdir/.cache/openwepp
   Compiling openwepp-land-surface-energy v0.1.0 (/workdir/openWEPP/crates/openwepp-land-surface-energy)
   Compiling openwepp-hillslope-orchestrator v0.1.0 (/workdir/openWEPP/crates/openwepp-hillslope-orchestrator)
warning: field `ending_snow_hint` is never read
    --> crates/openwepp-hillslope-orchestrator/src/hydrology/support_helpers_mod/runoff_reconciliation.rs:1176:9
     |
1156 | pub(crate) struct CoveredTerminalTrialRequestV1 {
     |                   ----------------------------- field in this struct
...
1176 |     pub ending_snow_hint: Option<CoveredTerminalEndingSnowHintV1>,
     |         ^^^^^^^^^^^^^^^^
     |
     = note: `CoveredTerminalTrialRequestV1` has derived impls for the traits `Debug` and `Clone`, but these are intentionally ignored during dead code analysis
     = note: `#[warn(dead_code)]` (part of `#[warn(unused)]`) on by default

   Compiling openwepp-persisted-restart-v1 v0.1.0 (/workdir/openWEPP/crates/openwepp-persisted-restart-v1)
   Compiling openwepp-runner v0.1.0 (/workdir/openWEPP/crates/openwepp-runner)
   Compiling openwepp v0.1.0 (/workdir/openWEPP)
warning: `openwepp-hillslope-orchestrator` (lib) generated 1 warning
    Finished `test` profile [unoptimized + debuginfo] target(s) in 10.65s
────────────
 Nextest run ID e26b8190-9556-4373-ad8e-f707bb99ce08 with nextest profile: default
    Starting 3 tests across 1 binary
────────────
     Summary [   0.005s] 3 tests run: 3 passed, 0 skipped
