argv: nix develop --offline -c cargo check -p openwepp-runner --tests
cwd: /workdir/openWEPP
start_utc: 2026-09-06T20:32:54-07:00
git_head: e89befa46
git_diff_sha256: 8aa92c07b68dfb786d80aa88ce785814e00d831657ec6b9935945b2fc8b41a24
warning: Git tree '/workdir/openWEPP' is dirty
openWEPP Nix shell
  target:  /workdir/.cache/openwepp/targets/openWEPP-295c6e060aa9
  scratch: /tmp/openwepp-roger-openWEPP-295c6e060aa9
  cache:   /workdir/.cache/openwepp
warning: field `ending_snow_hint` is never read
    --> crates/openwepp-hillslope-orchestrator/src/hydrology/support_helpers_mod/runoff_reconciliation.rs:1176:9
     |
1156 | pub(crate) struct CoveredTerminalTrialRequestV1 {
     |                   ----------------------------- field in this struct
...
1176 |     pub ending_snow_hint: Option<CoveredTerminalEndingSnowHintV1>,
     |         ^^^^^^^^^^^^^^^^
     |
     = note: `CoveredTerminalTrialRequestV1` has derived impls for the traits `Debug` and `Clone`, but these are intentionally ignored during dead code analysis
     = note: `#[warn(dead_code)]` (part of `#[warn(unused)]`) on by default

warning: `openwepp-hillslope-orchestrator` (lib) generated 1 warning
    Checking openwepp-runner v0.1.0 (/workdir/openWEPP/crates/openwepp-runner)
error[E0425]: cannot find function `begin_mechanism_audit` in module `openwepp_land_surface_energy::solver_mechanism_audit`
   --> crates/openwepp-runner/src/hillslope/tests03/controlled_mechanism_experiments.rs:159:77
    |
159 |     let lse_session = openwepp_land_surface_energy::solver_mechanism_audit::begin_mechanism_audit(
    |                                                                             ^^^^^^^^^^^^^^^^^^^^^ not found in `openwepp_land_surface_energy::solver_mechanism_audit`
    |
note: found an item that was configured out
   --> crates/openwepp-land-surface-energy/src/solver_mechanism_audit.rs:183:8
    |
182 | #[cfg(any(test, feature = "test-support"))]
    |          -------------------------------- the item is gated here
183 | pub fn begin_mechanism_audit(detailed: bool, max_events: usize) -> Result<Session, AuditError> {
    |        ^^^^^^^^^^^^^^^^^^^^^

For more information about this error, try `rustc --explain E0425`.
error: could not compile `openwepp-runner` (lib test) due to 1 previous error
exit_code: 101
duration_ms: 3613821066
