argv: nix develop --offline -c cargo check -p openwepp-runner --tests
cwd: /workdir/openWEPP
start_utc: 2026-09-06T20:42:04-07:00
git_head: e89befa46
git_diff_sha256: 19c37c8759fe0ffebba8d0ad53b68eb0060407a4e902a665f2ea8a50503ec66b
warning: Git tree '/workdir/openWEPP' is dirty
openWEPP Nix shell
  target:  /workdir/.cache/openwepp/targets/openWEPP-295c6e060aa9
  scratch: /tmp/openwepp-roger-openWEPP-295c6e060aa9
  cache:   /workdir/.cache/openwepp
   Compiling rustix v1.1.4
warning: field `ending_snow_hint` is never read
    --> crates/openwepp-hillslope-orchestrator/src/hydrology/support_helpers_mod/runoff_reconciliation.rs:1176:9
     |
1156 | pub(crate) struct CoveredTerminalTrialRequestV1 {
     |                   ----------------------------- field in this struct
...
1176 |     pub ending_snow_hint: Option<CoveredTerminalEndingSnowHintV1>,
     |         ^^^^^^^^^^^^^^^^
     |
     = note: `CoveredTerminalTrialRequestV1` has derived impls for the traits `Debug` and `Clone`, but these are intentionally ignored during dead code analysis
     = note: `#[warn(dead_code)]` (part of `#[warn(unused)]`) on by default

warning: `openwepp-hillslope-orchestrator` (lib) generated 1 warning
    Checking openwepp-runner v0.1.0 (/workdir/openWEPP/crates/openwepp-runner)
    Finished `dev` profile [unoptimized + debuginfo] target(s) in 5.68s
exit_code: 0
duration_ms_monotonic: 9255
