warning: Git tree '/tmp/openwepp-controlled-mechanisms-Hb6uS2/F' is dirty
openWEPP Nix shell
  target:  /workdir/.cache/openwepp/targets/F-af041db248b7
  scratch: /tmp/openwepp-roger-F-af041db248b7
  cache:   /workdir/.cache/openwepp
warning: fields `coupling_iteration` and `ending_snow_hint` are never read
    --> crates/openwepp-hillslope-orchestrator/src/hydrology/support_helpers_mod/runoff_reconciliation.rs:1168:9
     |
1161 | pub(crate) struct CoveredTerminalTrialRequestV1 {
     |                   ----------------------------- fields in this struct
...
1168 |     pub coupling_iteration: u32,
     |         ^^^^^^^^^^^^^^^^^^
...
1181 |     pub ending_snow_hint: Option<CoveredTerminalEndingSnowHintV1>,
     |         ^^^^^^^^^^^^^^^^
     |
     = note: `CoveredTerminalTrialRequestV1` has derived impls for the traits `Debug` and `Clone`, but these are intentionally ignored during dead code analysis
     = note: `#[warn(dead_code)]` (part of `#[warn(unused)]`) on by default

   Compiling openwepp-hillslope-orchestrator v0.1.0 (/tmp/openwepp-controlled-mechanisms-Hb6uS2/F/crates/openwepp-hillslope-orchestrator)
warning: `openwepp-hillslope-orchestrator` (lib) generated 1 warning
    Finished `test` profile [unoptimized + debuginfo] target(s) in 14.38s
────────────
 Nextest run ID 03c61d10-46ea-43a3-8cf6-94a169e7bbbf with nextest profile: default
    Starting 5 tests across 1 binary (1417 tests skipped)
────────────
     Summary [  39.090s] 5 tests run: 5 passed, 1417 skipped
        PASS [   0.005s] (1/5) openwepp-hillslope-orchestrator hydrology::support_helpers_mod::runoff_reconciliation::stage3_solver::terminal_feed_forward_tests::feed_forward_outer_guards_precede_provider_poison_and_preserve_state
  stdout ───

    running 1 test
    test hydrology::support_helpers_mod::runoff_reconciliation::stage3_solver::terminal_feed_forward_tests::feed_forward_outer_guards_precede_provider_poison_and_preserve_state ... ok

    test result: ok. 1 passed; 0 failed; 0 ignored; 0 measured; 1421 filtered out; finished in 0.00s


        PASS [   0.006s] (2/5) openwepp-hillslope-orchestrator hydrology::support_helpers_mod::runoff_reconciliation::stage3_solver::terminal_feed_forward_tests::feed_forward_stale_support_role_attempt_and_beginning_fail_before_surface_math
  stdout ───

    running 1 test
    test hydrology::support_helpers_mod::runoff_reconciliation::stage3_solver::terminal_feed_forward_tests::feed_forward_stale_support_role_attempt_and_beginning_fail_before_surface_math ... ok

    test result: ok. 1 passed; 0 failed; 0 ignored; 0 measured; 1421 filtered out; finished in 0.00s


        PASS [   0.006s] (3/5) openwepp-hillslope-orchestrator hydrology::support_helpers_mod::runoff_reconciliation::stage3_solver::terminal_feed_forward_tests::feed_forward_equal_payload_invocations_and_exact_path_each_call_provider
  stdout ───

    running 1 test
    test hydrology::support_helpers_mod::runoff_reconciliation::stage3_solver::terminal_feed_forward_tests::feed_forward_equal_payload_invocations_and_exact_path_each_call_provider ... ok

    test result: ok. 1 passed; 0 failed; 0 ignored; 0 measured; 1421 filtered out; finished in 0.00s


        PASS [   0.006s] (4/5) openwepp-hillslope-orchestrator hydrology::support_helpers_mod::runoff_reconciliation::stage3_solver::terminal_feed_forward_tests::feed_forward_one_call_matches_both_feedback_results_for_every_role
  stdout ───

    running 1 test
    test hydrology::support_helpers_mod::runoff_reconciliation::stage3_solver::terminal_feed_forward_tests::feed_forward_one_call_matches_both_feedback_results_for_every_role ... ok

    test result: ok. 1 passed; 0 failed; 0 ignored; 0 measured; 1421 filtered out; finished in 0.00s


        PASS [  39.086s] (5/5) openwepp-hillslope-orchestrator v9_real_consumer_shadow::tests::adaptive_production_path_coverage::feed_forward_actual_complete_carrier_matches_both_forced_reference_calls
  stdout ───

    running 1 test
    test v9_real_consumer_shadow::tests::adaptive_production_path_coverage::feed_forward_actual_complete_carrier_matches_both_forced_reference_calls ... ok

    test result: ok. 1 passed; 0 failed; 0 ignored; 0 measured; 1421 filtered out; finished in 39.08s

  stderr ───
    F_COMPLETE_REFERENCE_ROLE role=Full count=36
    F_COMPLETE_REFERENCE_ROLE role=Retry count=24
    F_COMPLETE_REFERENCE_ROLE role=Half1 count=24
    F_COMPLETE_REFERENCE_ROLE role=Half2 count=17
    F_COMPLETE_REFERENCE_ROLE role=Root count=0
    F_COMPLETE_REFERENCE_INVOCATIONS=[(DiscoveryProbe, Full, TimeSupport { start_ns: ModelTimeNs(0), end_ns: ModelTimeNs(60000000000) }, 0), (DiscoveryProbe, Full, TimeSupport { start_ns: ModelTimeNs(60000000000), end_ns: ModelTimeNs(180000000000) }, 0), (DiscoveryProbe, Half1, TimeSupport { start_ns: ModelTimeNs(60000000000), end_ns: ModelTimeNs(120000000000) }, 1), (DiscoveryProbe, Half2, TimeSupport { start_ns: ModelTimeNs(120000000000), end_ns: ModelTimeNs(180000000000) }, 2), (DiscoveryProbe, Retry, TimeSupport { start_ns: ModelTimeNs(60000000000), end_ns: ModelTimeNs(120000000000) }, 3), (DiscoveryProbe, Full, TimeSupport { start_ns: ModelTimeNs(120000000000), end_ns: ModelTimeNs(180000000000) }, 4), (DiscoveryProbe, Full, TimeSupport { start_ns: ModelTimeNs(60000000000), end_ns: ModelTimeNs(120000000000) }, 0), (DiscoveryProbe, Full, TimeSupport { start_ns: ModelTimeNs(120000000000), end_ns: ModelTimeNs(180000000000) }, 0), (DiscoveryProbe, Full, TimeSupport { start_ns: ModelTimeNs(180000000000), end_ns: ModelTimeNs(420000000000) }, 0), (DiscoveryProbe, Half1, TimeSupport { start_ns: ModelTimeNs(180000000000), end_ns: ModelTimeNs(300000000000) }, 1), (DiscoveryProbe, Half2, TimeSupport { start_ns: ModelTimeNs(300000000000), end_ns: ModelTimeNs(420000000000) }, 2), (DiscoveryProbe, Retry, TimeSupport { start_ns: ModelTimeNs(180000000000), end_ns: ModelTimeNs(300000000000) }, 3), (DiscoveryProbe, Half1, TimeSupport { start_ns: ModelTimeNs(180000000000), end_ns: ModelTimeNs(240000000000) }, 4), (DiscoveryProbe, Half2, TimeSupport { start_ns: ModelTimeNs(240000000000), end_ns: ModelTimeNs(300000000000) }, 5), (DiscoveryProbe, Retry, TimeSupport { start_ns: ModelTimeNs(180000000000), end_ns: ModelTimeNs(240000000000) }, 6), (DiscoveryProbe, Full, TimeSupport { start_ns: ModelTimeNs(240000000000), end_ns: ModelTimeNs(360000000000) }, 7), (DiscoveryProbe, Half1, TimeSupport { start_ns: ModelTimeNs(240000000000), end_ns: ModelTimeNs(300000000000) }, 8), (DiscoveryProbe, Half2, TimeSupport { start_ns: ModelTimeNs(300000000000), end_ns: ModelTimeNs(360000000000) }, 9), (DiscoveryProbe, Retry, TimeSupport { start_ns: ModelTimeNs(240000000000), end_ns: ModelTimeNs(300000000000) }, 10), (DiscoveryProbe, Full, TimeSupport { start_ns: ModelTimeNs(300000000000), end_ns: ModelTimeNs(420000000000) }, 11), (DiscoveryProbe, Half1, TimeSupport { start_ns: ModelTimeNs(300000000000), end_ns: ModelTimeNs(360000000000) }, 12), (DiscoveryProbe, Half2, TimeSupport { start_ns: ModelTimeNs(360000000000), end_ns: ModelTimeNs(420000000000) }, 13), (DiscoveryProbe, Retry, TimeSupport { start_ns: ModelTimeNs(300000000000), end_ns: ModelTimeNs(360000000000) }, 14), (DiscoveryProbe, Full, TimeSupport { start_ns: ModelTimeNs(360000000000), end_ns: ModelTimeNs(420000000000) }, 15), (DiscoveryProbe, Full, TimeSupport { start_ns: ModelTimeNs(180000000000), end_ns: ModelTimeNs(300000000000) }, 0), (DiscoveryProbe, Half1, TimeSupport { start_ns: ModelTimeNs(180000000000), end_ns: ModelTimeNs(240000000000) }, 1), (DiscoveryProbe, Half2, TimeSupport { start_ns: ModelTimeNs(240000000000), end_ns: ModelTimeNs(300000000000) }, 2), (DiscoveryProbe, Retry, TimeSupport { start_ns: ModelTimeNs(180000000000), end_ns: ModelTimeNs(240000000000) }, 3), (DiscoveryProbe, Full, TimeSupport { start_ns: ModelTimeNs(240000000000), end_ns: ModelTimeNs(300000000000) }, 4), (DiscoveryProbe, Full, TimeSupport { start_ns: ModelTimeNs(300000000000), end_ns: ModelTimeNs(420000000000) }, 0), (DiscoveryProbe, Half1, TimeSupport { start_ns: ModelTimeNs(300000000000), end_ns: ModelTimeNs(360000000000) }, 1), (DiscoveryProbe, Half2, TimeSupport { start_ns: ModelTimeNs(360000000000), end_ns: ModelTimeNs(420000000000) }, 2), (DiscoveryProbe, Retry, TimeSupport { start_ns: ModelTimeNs(300000000000), end_ns: ModelTimeNs(360000000000) }, 3), (DiscoveryProbe, Full, TimeSupport { start_ns: ModelTimeNs(360000000000), end_ns: ModelTimeNs(420000000000) }, 4), (DiscoveryProbe, Full, TimeSupport { start_ns: ModelTimeNs(420000000000), end_ns: ModelTimeNs(900000000000) }, 0), (DiscoveryProbe, Half1, TimeSupport { start_ns: ModelTimeNs(420000000000), end_ns: ModelTimeNs(660000000000) }, 1), (DiscoveryProbe, Retry, TimeSupport { start_ns: ModelTimeNs(420000000000), end_ns: ModelTimeNs(660000000000) }, 2), (DiscoveryProbe, Half1, TimeSupport { start_ns: ModelTimeNs(420000000000), end_ns: ModelTimeNs(540000000000) }, 3), (DiscoveryProbe, Retry, TimeSupport { start_ns: ModelTimeNs(420000000000), end_ns: ModelTimeNs(540000000000) }, 4), (DiscoveryProbe, Half1, TimeSupport { start_ns: ModelTimeNs(420000000000), end_ns: ModelTimeNs(480000000000) }, 5), (DiscoveryProbe, Half2, TimeSupport { start_ns: ModelTimeNs(480000000000), end_ns: ModelTimeNs(540000000000) }, 6), (DiscoveryProbe, Retry, TimeSupport { start_ns: ModelTimeNs(420000000000), end_ns: ModelTimeNs(480000000000) }, 7), (DiscoveryProbe, Full, TimeSupport { start_ns: ModelTimeNs(480000000000), end_ns: ModelTimeNs(600000000000) }, 8), (DiscoveryProbe, Half1, TimeSupport { start_ns: ModelTimeNs(480000000000), end_ns: ModelTimeNs(540000000000) }, 9), (DiscoveryProbe, Retry, TimeSupport { start_ns: ModelTimeNs(480000000000), end_ns: ModelTimeNs(540000000000) }, 10), (ExactEndpoint { expected_tick: ModelTimeNs(540000000000) }, Full, TimeSupport { start_ns: ModelTimeNs(420000000000), end_ns: ModelTimeNs(540000000000) }, 0), (ExactEndpoint { expected_tick: ModelTimeNs(540000000000) }, Half1, TimeSupport { start_ns: ModelTimeNs(420000000000), end_ns: ModelTimeNs(480000000000) }, 1), (ExactEndpoint { expected_tick: ModelTimeNs(540000000000) }, Half2, TimeSupport { start_ns: ModelTimeNs(480000000000), end_ns: ModelTimeNs(540000000000) }, 2), (ExactEndpoint { expected_tick: ModelTimeNs(540000000000) }, Retry, TimeSupport { start_ns: ModelTimeNs(420000000000), end_ns: ModelTimeNs(480000000000) }, 3), (ExactEndpoint { expected_tick: ModelTimeNs(540000000000) }, Full, TimeSupport { start_ns: ModelTimeNs(480000000000), end_ns: ModelTimeNs(540000000000) }, 4), (DiscoveryProbe, Full, TimeSupport { start_ns: ModelTimeNs(420000000000), end_ns: ModelTimeNs(660000000000) }, 0), (DiscoveryProbe, Half1, TimeSupport { start_ns: ModelTimeNs(420000000000), end_ns: ModelTimeNs(540000000000) }, 1), (DiscoveryProbe, Retry, TimeSupport { start_ns: ModelTimeNs(420000000000), end_ns: ModelTimeNs(540000000000) }, 2), (DiscoveryProbe, Half1, TimeSupport { start_ns: ModelTimeNs(420000000000), end_ns: ModelTimeNs(480000000000) }, 3), (DiscoveryProbe, Half2, TimeSupport { start_ns: ModelTimeNs(480000000000), end_ns: ModelTimeNs(540000000000) }, 4), (DiscoveryProbe, Retry, TimeSupport { start_ns: ModelTimeNs(420000000000), end_ns: ModelTimeNs(480000000000) }, 5), (DiscoveryProbe, Full, TimeSupport { start_ns: ModelTimeNs(480000000000), end_ns: ModelTimeNs(600000000000) }, 6), (DiscoveryProbe, Half1, TimeSupport { start_ns: ModelTimeNs(480000000000), end_ns: ModelTimeNs(540000000000) }, 7), (DiscoveryProbe, Retry, TimeSupport { start_ns: ModelTimeNs(480000000000), end_ns: ModelTimeNs(540000000000) }, 8), (ExactEndpoint { expected_tick: ModelTimeNs(540000000000) }, Full, TimeSupport { start_ns: ModelTimeNs(420000000000), end_ns: ModelTimeNs(540000000000) }, 0), (ExactEndpoint { expected_tick: ModelTimeNs(540000000000) }, Half1, TimeSupport { start_ns: ModelTimeNs(420000000000), end_ns: ModelTimeNs(480000000000) }, 1), (ExactEndpoint { expected_tick: ModelTimeNs(540000000000) }, Half2, TimeSupport { start_ns: ModelTimeNs(480000000000), end_ns: ModelTimeNs(540000000000) }, 2), (ExactEndpoint { expected_tick: ModelTimeNs(540000000000) }, Retry, TimeSupport { start_ns: ModelTimeNs(420000000000), end_ns: ModelTimeNs(480000000000) }, 3), (ExactEndpoint { expected_tick: ModelTimeNs(540000000000) }, Full, TimeSupport { start_ns: ModelTimeNs(480000000000), end_ns: ModelTimeNs(540000000000) }, 4), (DiscoveryProbe, Full, TimeSupport { start_ns: ModelTimeNs(420000000000), end_ns: ModelTimeNs(660000000000) }, 0), (DiscoveryProbe, Half1, TimeSupport { start_ns: ModelTimeNs(420000000000), end_ns: ModelTimeNs(540000000000) }, 1), (DiscoveryProbe, Retry, TimeSupport { start_ns: ModelTimeNs(420000000000), end_ns: ModelTimeNs(540000000000) }, 2), (DiscoveryProbe, Half1, TimeSupport { start_ns: ModelTimeNs(420000000000), end_ns: ModelTimeNs(480000000000) }, 3), (DiscoveryProbe, Half2, TimeSupport { start_ns: ModelTimeNs(480000000000), end_ns: ModelTimeNs(540000000000) }, 4), (DiscoveryProbe, Retry, TimeSupport { start_ns: ModelTimeNs(420000000000), end_ns: ModelTimeNs(480000000000) }, 5), (DiscoveryProbe, Full, TimeSupport { start_ns: ModelTimeNs(480000000000), end_ns: ModelTimeNs(600000000000) }, 6), (DiscoveryProbe, Half1, TimeSupport { start_ns: ModelTimeNs(480000000000), end_ns: ModelTimeNs(540000000000) }, 7), (DiscoveryProbe, Retry, TimeSupport { start_ns: ModelTimeNs(480000000000), end_ns: ModelTimeNs(540000000000) }, 8), (ExactEndpoint { expected_tick: ModelTimeNs(540000000000) }, Full, TimeSupport { start_ns: ModelTimeNs(420000000000), end_ns: ModelTimeNs(540000000000) }, 0), (ExactEndpoint { expected_tick: ModelTimeNs(540000000000) }, Half1, TimeSupport { start_ns: ModelTimeNs(420000000000), end_ns: ModelTimeNs(480000000000) }, 1), (ExactEndpoint { expected_tick: ModelTimeNs(540000000000) }, Half2, TimeSupport { start_ns: ModelTimeNs(480000000000), end_ns: ModelTimeNs(540000000000) }, 2), (ExactEndpoint { expected_tick: ModelTimeNs(540000000000) }, Retry, TimeSupport { start_ns: ModelTimeNs(420000000000), end_ns: ModelTimeNs(480000000000) }, 3), (ExactEndpoint { expected_tick: ModelTimeNs(540000000000) }, Full, TimeSupport { start_ns: ModelTimeNs(480000000000), end_ns: ModelTimeNs(540000000000) }, 4), (DiscoveryProbe, Full, TimeSupport { start_ns: ModelTimeNs(420000000000), end_ns: ModelTimeNs(540000000000) }, 0), (DiscoveryProbe, Half1, TimeSupport { start_ns: ModelTimeNs(420000000000), end_ns: ModelTimeNs(480000000000) }, 1), (DiscoveryProbe, Half2, TimeSupport { start_ns: ModelTimeNs(480000000000), end_ns: ModelTimeNs(540000000000) }, 2), (DiscoveryProbe, Retry, TimeSupport { start_ns: ModelTimeNs(420000000000), end_ns: ModelTimeNs(480000000000) }, 3), (DiscoveryProbe, Full, TimeSupport { start_ns: ModelTimeNs(480000000000), end_ns: ModelTimeNs(540000000000) }, 4), (ExactEndpoint { expected_tick: ModelTimeNs(540000000000) }, Full, TimeSupport { start_ns: ModelTimeNs(420000000000), end_ns: ModelTimeNs(540000000000) }, 0), (ExactEndpoint { expected_tick: ModelTimeNs(540000000000) }, Half1, TimeSupport { start_ns: ModelTimeNs(420000000000), end_ns: ModelTimeNs(480000000000) }, 1), (ExactEndpoint { expected_tick: ModelTimeNs(540000000000) }, Half2, TimeSupport { start_ns: ModelTimeNs(480000000000), end_ns: ModelTimeNs(540000000000) }, 2), (ExactEndpoint { expected_tick: ModelTimeNs(540000000000) }, Retry, TimeSupport { start_ns: ModelTimeNs(420000000000), end_ns: ModelTimeNs(480000000000) }, 3), (ExactEndpoint { expected_tick: ModelTimeNs(540000000000) }, Full, TimeSupport { start_ns: ModelTimeNs(480000000000), end_ns: ModelTimeNs(540000000000) }, 4), (DiscoveryProbe, Full, TimeSupport { start_ns: ModelTimeNs(420000000000), end_ns: ModelTimeNs(540000000000) }, 0), (DiscoveryProbe, Half1, TimeSupport { start_ns: ModelTimeNs(420000000000), end_ns: ModelTimeNs(480000000000) }, 1), (DiscoveryProbe, Half2, TimeSupport { start_ns: ModelTimeNs(480000000000), end_ns: ModelTimeNs(540000000000) }, 2), (DiscoveryProbe, Retry, TimeSupport { start_ns: ModelTimeNs(420000000000), end_ns: ModelTimeNs(480000000000) }, 3), (DiscoveryProbe, Full, TimeSupport { start_ns: ModelTimeNs(480000000000), end_ns: ModelTimeNs(540000000000) }, 4), (ExactEndpoint { expected_tick: ModelTimeNs(540000000000) }, Full, TimeSupport { start_ns: ModelTimeNs(420000000000), end_ns: ModelTimeNs(540000000000) }, 0), (ExactEndpoint { expected_tick: ModelTimeNs(540000000000) }, Half1, TimeSupport { start_ns: ModelTimeNs(420000000000), end_ns: ModelTimeNs(480000000000) }, 1), (ExactEndpoint { expected_tick: ModelTimeNs(540000000000) }, Half2, TimeSupport { start_ns: ModelTimeNs(480000000000), end_ns: ModelTimeNs(540000000000) }, 2), (ExactEndpoint { expected_tick: ModelTimeNs(540000000000) }, Retry, TimeSupport { start_ns: ModelTimeNs(420000000000), end_ns: ModelTimeNs(480000000000) }, 3), (ExactEndpoint { expected_tick: ModelTimeNs(540000000000) }, Full, TimeSupport { start_ns: ModelTimeNs(480000000000), end_ns: ModelTimeNs(540000000000) }, 4), (DiscoveryProbe, Full, TimeSupport { start_ns: ModelTimeNs(420000000000), end_ns: ModelTimeNs(480000000000) }, 0), (DiscoveryProbe, Full, TimeSupport { start_ns: ModelTimeNs(480000000000), end_ns: ModelTimeNs(540000000000) }, 0), (ExactEndpoint { expected_tick: ModelTimeNs(540000000000) }, Full, TimeSupport { start_ns: ModelTimeNs(480000000000), end_ns: ModelTimeNs(540000000000) }, 0)]

