{
  "status": "PASS",
  "comparison": "all record fields, no exceptions",
  "arms": {
    "A": {
      "log": "docs/work-packages/20260906-stage3-prospective-mechanism-experiments-001/artifacts/raw/A-natural-diagnostic-01.log",
      "log_sha256": "e369038d997f4ac1d232be449d085fb72b6b43bd0ec14375408b490712f40c02",
      "record_sha256": "0dc8f2a9c1a0a4cacaad0394da2bbd7bf4b69f70d1555d657d7fb7c5fcdd0b66",
      "record_bytes": 699864,
      "audit_events": 9163,
      "newton_sweep_bases": 50,
      "failure_iterations": 50,
      "failure_kind": "iteration_limit",
      "component_replay_starts": 0,
      "identity_anchor_starts": 0
    },
    "F": {
      "log": "docs/work-packages/20260906-stage3-prospective-mechanism-experiments-001/artifacts/raw/F-natural-diagnostic-01.log",
      "log_sha256": "b7b5344bf4857194bbd0602f8a426ff6b0f52e06f020c898a84dca10309333f8",
      "record_sha256": "0dc8f2a9c1a0a4cacaad0394da2bbd7bf4b69f70d1555d657d7fb7c5fcdd0b66",
      "record_bytes": 699864,
      "audit_events": 9163,
      "newton_sweep_bases": 50,
      "failure_iterations": 50,
      "failure_kind": "iteration_limit",
      "component_replay_starts": 0,
      "identity_anchor_starts": 0
    },
    "R": {
      "log": "docs/work-packages/20260906-stage3-prospective-mechanism-experiments-001/artifacts/raw/R-natural-diagnostic-01.log",
      "log_sha256": "7945ba49243470c345bf32ba81b44bf2f730b47b95026c5071d5598671c738d1",
      "record_sha256": "0dc8f2a9c1a0a4cacaad0394da2bbd7bf4b69f70d1555d657d7fb7c5fcdd0b66",
      "record_bytes": 699864,
      "audit_events": 9163,
      "newton_sweep_bases": 50,
      "failure_iterations": 50,
      "failure_kind": "iteration_limit",
      "component_replay_starts": 0,
      "identity_anchor_starts": 0
    }
  },
  "limits": "Preserved HistoricalV8 failure route only; unchanged golden FAIL remains separate. Newton bases are not a full LU or per-line-search-trial trace. DTO owner hashes are conversion lineage, not an executed external-owner workflow."
}
