warning: Git tree '/tmp/openwepp-controlled-mechanisms-Hb6uS2/R' is dirty
openWEPP Nix shell
  target:  /workdir/.cache/openwepp/targets/R-344ae65295ff
  scratch: /tmp/openwepp-roger-R-344ae65295ff
  cache:   /workdir/.cache/openwepp
   Compiling syn v2.0.117
   Compiling libm v0.2.16
   Compiling autocfg v1.5.1
    Checking cfg-if v1.0.4
    Checking typenum v1.20.0
   Compiling zerocopy v0.8.48
    Checking itoa v1.0.18
    Checking openwepp-sim-contract v0.1.0 (/tmp/openwepp-controlled-mechanisms-Hb6uS2/R/crates/openwepp-sim-contract)
    Checking hashbrown v0.17.1
   Compiling libc v0.2.186
    Checking equivalent v1.0.2
    Checking cpufeatures v0.2.17
    Checking ryu v1.0.23
    Checking serde_core v1.0.228
   Compiling getrandom v0.3.4
   Compiling ahash v0.8.12
    Checking bytes v1.11.1
   Compiling crc32fast v1.5.0
    Checking lexical-util v1.0.7
    Checking openwepp-unit-boundary v0.1.0 (/tmp/openwepp-controlled-mechanisms-Hb6uS2/R/crates/openwepp-unit-boundary)
   Compiling semver v1.0.28
    Checking iana-time-zone v0.1.65
    Checking once_cell v1.21.4
    Checking simd-adler32 v0.3.9
    Checking adler2 v2.0.1
    Checking arrow-schema v54.3.1
    Checking unsafe-libyaml v0.2.11
    Checking base64 v0.22.1
   Compiling rustc_version v0.4.1
    Checking miniz_oxide v0.8.9
   Compiling num-traits v0.2.19
    Checking thiserror v2.0.20
    Checking hashbrown v0.15.5
    Checking zmij v1.0.21
    Checking lexical-write-integer v1.0.6
    Checking lexical-parse-integer v1.0.6
    Checking memchr v2.8.0
    Checking lexical-parse-float v1.0.6
   Compiling snap v1.1.1
    Checking indexmap v2.14.0
   Compiling flatbuffers v24.12.23
    Checking generic-array v0.14.7
   Compiling paste v1.0.15
    Checking flate2 v1.1.9
    Checking lexical-write-float v1.0.6
    Checking bitflags v1.3.2
    Checking openwepp-topology v0.1.0 (/tmp/openwepp-controlled-mechanisms-Hb6uS2/R/crates/openwepp-topology)
    Checking integer-encoding v3.0.4
    Checking static_assertions v1.1.0
    Checking byteorder v1.5.0
    Checking twox-hash v1.6.3
   Compiling seq-macro v0.3.6
    Checking openwepp-meteorology v0.1.0 (/tmp/openwepp-controlled-mechanisms-Hb6uS2/R/crates/openwepp-meteorology)
    Checking lexical-core v1.0.6
    Checking toml_write v0.1.2
    Checking winnow v0.7.15
    Checking powerfmt v0.2.0
    Checking openwepp-plant-phenology v0.1.0 (/tmp/openwepp-controlled-mechanisms-Hb6uS2/R/crates/openwepp-plant-phenology)
   Compiling rustix v1.1.4
    Checking num-conv v0.2.2
    Checking deranged v0.5.8
    Checking crypto-common v0.1.7
    Checking block-buffer v0.10.4
    Checking time-core v0.1.8
    Checking openwepp-comparator-metadata v0.1.0 (/tmp/openwepp-controlled-mechanisms-Hb6uS2/R/crates/openwepp-comparator-metadata)
    Checking bitflags v2.13.0
    Checking openwepp-legacy-bridge v0.1.0 (/tmp/openwepp-controlled-mechanisms-Hb6uS2/R/crates/openwepp-legacy-bridge)
    Checking linux-raw-sys v0.12.1
    Checking digest v0.10.7
    Checking openwepp-summary-accumulator v0.1.0 (/tmp/openwepp-controlled-mechanisms-Hb6uS2/R/crates/openwepp-summary-accumulator)
    Checking sha2 v0.10.9
    Checking num-integer v0.1.46
    Checking num-complex v0.4.6
    Checking chrono v0.4.44
    Checking atoi v2.0.0
    Checking ordered-float v2.10.1
    Checking num-bigint v0.4.6
    Checking num-iter v0.1.45
    Checking thrift v0.17.0
    Checking serde_json v1.0.150
    Checking time v0.3.47
    Checking num-rational v0.4.2
   Compiling serde_derive v1.0.228
   Compiling zerocopy-derive v0.8.48
    Checking num v0.4.3
    Checking serde v1.0.228
    Checking serde_yaml v0.9.34+deprecated
    Checking openwepp-kernel-contract v0.1.0 (/tmp/openwepp-controlled-mechanisms-Hb6uS2/R/crates/openwepp-kernel-contract)
    Checking openwepp-coupled-time v0.1.0 (/tmp/openwepp-controlled-mechanisms-Hb6uS2/R/crates/openwepp-coupled-time)
    Checking serde_spanned v0.6.9
    Checking toml_datetime v0.6.11
    Checking toml_edit v0.22.27
    Checking openwepp-biogeochemistry v0.1.0 (/tmp/openwepp-controlled-mechanisms-Hb6uS2/R/crates/openwepp-biogeochemistry)
    Checking openwepp-land-surface-energy v0.1.0 (/tmp/openwepp-controlled-mechanisms-Hb6uS2/R/crates/openwepp-land-surface-energy)
    Checking openwepp-management-schema v0.1.0 (/tmp/openwepp-controlled-mechanisms-Hb6uS2/R/crates/openwepp-management-schema)
    Checking openwepp-vegetation v0.1.0 (/tmp/openwepp-controlled-mechanisms-Hb6uS2/R/crates/openwepp-vegetation)
    Checking toml v0.8.23
    Checking half v2.7.1
    Checking arrow-buffer v54.3.1
    Checking openwepp-input-contract v0.1.0 (/tmp/openwepp-controlled-mechanisms-Hb6uS2/R/crates/openwepp-input-contract)
    Checking arrow-data v54.3.1
    Checking arrow-array v54.3.1
    Checking openwepp-climate-runtime-adapter v0.1.0 (/tmp/openwepp-controlled-mechanisms-Hb6uS2/R/crates/openwepp-climate-runtime-adapter)
    Checking arrow-select v54.3.1
    Checking arrow-ipc v54.3.1
    Checking openwepp-watershed-orchestrator v0.1.0 (/tmp/openwepp-controlled-mechanisms-Hb6uS2/R/crates/openwepp-watershed-orchestrator)
    Checking arrow-cast v54.3.1
    Checking parquet v54.3.1
    Checking openwepp-hillslope-orchestrator v0.1.0 (/tmp/openwepp-controlled-mechanisms-Hb6uS2/R/crates/openwepp-hillslope-orchestrator)
    Checking openwepp-watershed-output v0.1.0 (/tmp/openwepp-controlled-mechanisms-Hb6uS2/R/crates/openwepp-watershed-output)
    Checking openwepp-hillslope-output v0.1.0 (/tmp/openwepp-controlled-mechanisms-Hb6uS2/R/crates/openwepp-hillslope-output)
warning: field `ending_snow_hint` is never read
    --> crates/openwepp-hillslope-orchestrator/src/hydrology/support_helpers_mod/runoff_reconciliation.rs:1176:9
     |
1156 | pub(crate) struct CoveredTerminalTrialRequestV1 {
     |                   ----------------------------- field in this struct
...
1176 |     pub ending_snow_hint: Option<CoveredTerminalEndingSnowHintV1>,
     |         ^^^^^^^^^^^^^^^^
     |
     = note: `CoveredTerminalTrialRequestV1` has derived impls for the traits `Debug` and `Clone`, but these are intentionally ignored during dead code analysis
     = note: `#[warn(dead_code)]` (part of `#[warn(unused)]`) on by default

warning: `openwepp-hillslope-orchestrator` (lib) generated 1 warning
    Checking openwepp-persisted-restart-v1 v0.1.0 (/tmp/openwepp-controlled-mechanisms-Hb6uS2/R/crates/openwepp-persisted-restart-v1)
    Checking openwepp-runner v0.1.0 (/tmp/openwepp-controlled-mechanisms-Hb6uS2/R/crates/openwepp-runner)
    Finished `dev` profile [unoptimized + debuginfo] target(s) in 35.84s
