laned_active_profile {"solver_runs":11163,"solver_steps":2197536,"solver_steps_homogeneous":299245,"solver_steps_source_free":426991,"solver_steps_implicit":500560,"implicit_equilibrium_map_evaluations":98192634,"implicit_branch_evaluations":11836532,"alpha_evaluations":28176940,"solver_cfl_ns":8501788552,"solver_step_ns":1924337938,"solver_sample_ns":103202654}
	Command being timed: "target/release/openwepp-cli-hill --run-dir /home/workdir/openWEPP/docs/work-packages/20260707-laned-router-d16-rowcrop-canhgt-active-runtime-publication-001/artifacts/selected-cohort-runs/wa_cascades_forest_h1 --run-file p1.hybrid.run.toml --output-dir /home/workdir/openWEPP/docs/work-packages/20260707-laned-router-d16-rowcrop-canhgt-active-runtime-publication-001/artifacts/selected-cohort-runs/wa_cascades_forest_h1/output-hybrid"
	User time (seconds): 24.50
	System time (seconds): 0.02
	Percent of CPU this job got: 99%
	Elapsed (wall clock) time (h:mm:ss or m:ss): 0:24.52
	Average shared text size (kbytes): 0
	Average unshared data size (kbytes): 0
	Average stack size (kbytes): 0
	Average total size (kbytes): 0
	Maximum resident set size (kbytes): 25888
	Average resident set size (kbytes): 0
	Major (requiring I/O) page faults: 0
	Minor (reclaiming a frame) page faults: 6614
	Voluntary context switches: 4
	Involuntary context switches: 65
	Swaps: 0
	File system inputs: 0
	File system outputs: 1440
	Socket messages sent: 0
	Socket messages received: 0
	Signals delivered: 0
	Page size (bytes): 4096
	Exit status: 0
