snotel_mica_creek_st_joe_id/B: PASS
snotel_mica_creek_st_joe_id/L: PASS
snotel_mica_creek_st_joe_id/S: PASS
snotel_mica_creek_st_joe_id/LS: PASS
snotel_paradise_wa/B: PASS
snotel_paradise_wa/L: PASS
snotel_paradise_wa/LS: PASS
snotel_paradise_wa/S: PASS
snotel_css_lab_ca/B: PASS
snotel_css_lab_ca/L: PASS
snotel_css_lab_ca/S: PASS
snotel_css_lab_ca/LS: PASS
snotel_snowbird_ut/B: PASS
snotel_snowbird_ut/L: PASS
snotel_snowbird_ut/S: PASS
snotel_snowbird_ut/LS: PASS
snotel_niwot_co/B: PASS
snotel_niwot_co/L: PASS
snotel_niwot_co/S: PASS
snotel_niwot_co/LS: PASS
harvard_open/B: PASS
harvard_open/L: PASS
harvard_open/S: PASS
harvard_open/LS: PASS
harvard_hardwood/B: PASS
harvard_hardwood/L: PASS
harvard_hardwood/S: PASS
harvard_hardwood/LS: PASS
marcell_conifer/B: PASS
marcell_conifer/L: PASS
marcell_conifer/S: PASS
marcell_conifer/LS: PASS
marcell_deciduous/B: PASS
marcell_deciduous/L: PASS
marcell_deciduous/S: PASS
marcell_open/B: PASS
marcell_deciduous/LS: PASS
marcell_open/L: PASS
sleepers_south_open/B: PASS
marcell_open/S: PASS
marcell_open/LS: PASS
sleepers_south_open/L: PASS
sleepers_south_open/S: PASS
sleepers_south_open/LS: PASS
sleepers_w9_hardwood/B: PASS
sleepers_w9_hardwood/L: PASS
sleepers_w9_hardwood/S: PASS
sleepers_w9_hardwood/LS: PASS
{
  "acceptance": {
    "all_cells_complete": true,
    "all_former_failures_complete": true,
    "all_trace_identity": true,
    "inventory_12_lanes_48_cells": true,
    "longwave_reaches_all_enabled_cells": true,
    "no_observation_scoring_or_factorial_effects": true,
    "sublimation_reaches_enabled_population": true
  },
  "acceptance_passes": true,
  "process_reach": {
    "longwave_nonzero_cells": 24,
    "lower_collapse_cells": 48,
    "represented_subnanometer_cells": 4,
    "sublimation_nonzero_cells": 24,
    "thermal_suspension_cells": 48
  }
}
