Diff in /home/workdir/openWEPP/tests/integration/infile_hbp_parser_contract.rs:13:
 use std::sync::atomic::{AtomicU64, Ordering};
 use std::time::{SystemTime, UNIX_EPOCH};
 
-use flate2::write::ZlibEncoder;
 use flate2::Compression;
+use flate2::write::ZlibEncoder;
 use openwepp_input_contract::parsers::hbp::{
-    parse_hbp_from_bytes, parse_hbp_from_path, HbpFormatErrorCode, HbpParseError, HbpParseMode,
-    HbpParseOptions, HbpPathResolution, HbpSchemaProfile, HbpWarningCode as ParserHbpWarningCode,
+    HbpFormatErrorCode, HbpParseError, HbpParseMode, HbpParseOptions, HbpPathResolution,
+    HbpSchemaProfile, HbpWarningCode as ParserHbpWarningCode, parse_hbp_from_bytes,
+    parse_hbp_from_path,
 };
 use openwepp_legacy_bridge::hbp::{
-    adapt_hbp_header, HbpAdapterRequest, HbpHeaderContract, HbpMagicSource,
-    HbpWarningCode as BridgeHbpWarningCode,
+    HbpAdapterRequest, HbpHeaderContract, HbpMagicSource, HbpWarningCode as BridgeHbpWarningCode,
+    adapt_hbp_header,
 };
 use openwepp_legacy_bridge::policy::CompatibilityPolicy;
 
Diff in /home/workdir/openWEPP/tests/integration/infile_hbp_parser_contract.rs:500:
         HbpPathResolution::DerivedFromLegacyPassDat
     );
     assert_eq!(parsed.resolved_path, temp_hbp_path);
-    assert!(parsed
-        .warnings
-        .iter()
-        .any(|warning| warning.code == ParserHbpWarningCode::HbpW001));
+    assert!(
+        parsed
+            .warnings
+            .iter()
+            .any(|warning| warning.code == ParserHbpWarningCode::HbpW001)
+    );
 }
 
 #[test]
Diff in /home/workdir/openWEPP/tests/integration/infile_hbp_parser_contract.rs:697:
         parser_parsed.path_resolution,
         HbpPathResolution::DerivedFromLegacyPassDat
     );
-    assert!(parser_parsed
-        .warnings
-        .iter()
-        .any(|warning| warning.code == ParserHbpWarningCode::HbpW001));
+    assert!(
+        parser_parsed
+            .warnings
+            .iter()
+            .any(|warning| warning.code == ParserHbpWarningCode::HbpW001)
+    );
 
     let bridge_response = adapt_hbp_header(&HbpAdapterRequest {
         policy: CompatibilityPolicy::Compat,
