Command exited with non-zero status 1
	Command being timed: "timeout --signal=TERM --kill-after=5s 900s prlimit --as=1073741824:1073741824 /workdir/openWEPP/.venv/bin/python docs/work-packages/20260911-b01-wb14-verified-cadence-repair-001/artifacts/prechild-diagnosis-20260914/select_pair.py /workdir/openwepp-experiments/b01-wb14-cadence/authentic-raw-capture-20260914-1/observations.json docs/work-packages/20260911-b01-wb14-verified-cadence-repair-001/artifacts/prechild-diagnosis-20260914/real-pass"
	User time (seconds): 0.02
	System time (seconds): 0.00
	Percent of CPU this job got: 36%
	Elapsed (wall clock) time (h:mm:ss or m:ss): 0:00.10
	Average shared text size (kbytes): 0
	Average unshared data size (kbytes): 0
	Average stack size (kbytes): 0
	Average total size (kbytes): 0
	Maximum resident set size (kbytes): 22396
	Average resident set size (kbytes): 0
	Major (requiring I/O) page faults: 0
	Minor (reclaiming a frame) page faults: 3367
	Voluntary context switches: 5
	Involuntary context switches: 6
	Swaps: 0
	File system inputs: 0
	File system outputs: 24
	Socket messages sent: 0
	Socket messages received: 0
	Signals delivered: 0
	Page size (bytes): 4096
	Exit status: 1
