warning: Git tree '/workdir/openWEPP' is dirty
   Compiling proc-macro2 v1.0.106
   Compiling quote v1.0.45
   Compiling unicode-ident v1.0.24
   Compiling version_check v0.9.5
   Compiling serde_core v1.0.228
   Compiling typenum v1.20.0
   Compiling serde v1.0.228
   Compiling cfg-if v1.0.4
   Compiling itoa v1.0.18
   Compiling autocfg v1.5.1
   Compiling cpufeatures v0.2.17
   Compiling thiserror v2.0.20
   Compiling zmij v1.0.21
   Compiling hashbrown v0.17.1
   Compiling crc32fast v1.5.0
   Compiling serde_json v1.0.150
   Compiling openwepp-unit-boundary v0.1.0 (/workdir/openwepp-experiments/b01-wb14-cadence/native-context-restoration-reader-20260916/crates/openwepp-unit-boundary)
   Compiling equivalent v1.0.2
   Compiling openwepp-sim-contract v0.1.0 (/workdir/openwepp-experiments/b01-wb14-cadence/native-context-restoration-reader-20260916/crates/openwepp-sim-contract)
   Compiling ryu v1.0.23
   Compiling adler2 v2.0.1
   Compiling simd-adler32 v0.3.9
   Compiling unsafe-libyaml v0.2.11
   Compiling memchr v2.8.0
   Compiling libm v0.2.16
   Compiling generic-array v0.14.7
   Compiling base64 v0.22.1
   Compiling num-traits v0.2.19
   Compiling miniz_oxide v0.8.9
   Compiling openwepp-plant-phenology v0.1.0 (/workdir/openwepp-experiments/b01-wb14-cadence/native-context-restoration-reader-20260916/crates/openwepp-plant-phenology)
   Compiling indexmap v2.14.0
   Compiling openwepp-topology v0.1.0 (/workdir/openwepp-experiments/b01-wb14-cadence/native-context-restoration-reader-20260916/crates/openwepp-topology)
   Compiling flate2 v1.1.9
   Compiling syn v2.0.117
   Compiling syn v3.0.3
   Compiling num-integer v0.1.46
   Compiling num-bigint v0.4.6
   Compiling block-buffer v0.10.4
   Compiling crypto-common v0.1.7
   Compiling digest v0.10.7
   Compiling sha2 v0.10.9
   Compiling serde_derive v1.0.228
   Compiling thiserror-impl v2.0.20
   Compiling openwepp-meteorology v0.1.0 (/workdir/openwepp-experiments/b01-wb14-cadence/native-context-restoration-reader-20260916/crates/openwepp-meteorology)
   Compiling openwepp-kernel-contract v0.1.0 (/workdir/openwepp-experiments/b01-wb14-cadence/native-context-restoration-reader-20260916/crates/openwepp-kernel-contract)
   Compiling serde_yaml v0.9.34+deprecated
   Compiling openwepp-coupled-time v0.1.0 (/workdir/openwepp-experiments/b01-wb14-cadence/native-context-restoration-reader-20260916/crates/openwepp-coupled-time)
   Compiling openwepp-biogeochemistry v0.1.0 (/workdir/openwepp-experiments/b01-wb14-cadence/native-context-restoration-reader-20260916/crates/openwepp-biogeochemistry)
   Compiling openwepp-land-surface-energy v0.1.0 (/workdir/openwepp-experiments/b01-wb14-cadence/native-context-restoration-reader-20260916/crates/openwepp-land-surface-energy)
   Compiling openwepp-management-schema v0.1.0 (/workdir/openwepp-experiments/b01-wb14-cadence/native-context-restoration-reader-20260916/crates/openwepp-management-schema)
   Compiling openwepp-vegetation v0.1.0 (/workdir/openwepp-experiments/b01-wb14-cadence/native-context-restoration-reader-20260916/crates/openwepp-vegetation)
   Compiling openwepp-input-contract v0.1.0 (/workdir/openwepp-experiments/b01-wb14-cadence/native-context-restoration-reader-20260916/crates/openwepp-input-contract)
   Compiling openwepp-climate-runtime-adapter v0.1.0 (/workdir/openwepp-experiments/b01-wb14-cadence/native-context-restoration-reader-20260916/crates/openwepp-climate-runtime-adapter)
   Compiling openwepp-hillslope-orchestrator v0.1.0 (/workdir/openwepp-experiments/b01-wb14-cadence/native-context-restoration-reader-20260916/crates/openwepp-hillslope-orchestrator)
warning: struct `PreparedDayCaptureV1` is never constructed
    --> crates/openwepp-hillslope-orchestrator/src/snow_stage3_v11_current_context_capture.rs:1250:8
     |
1250 | struct PreparedDayCaptureV1 {
     |        ^^^^^^^^^^^^^^^^^^^^
     |
     = note: `#[warn(dead_code)]` (part of `#[warn(unused)]`) on by default

warning: function `capture_prepared_day` is never used
    --> crates/openwepp-hillslope-orchestrator/src/snow_stage3_v11_current_context_capture.rs:1258:4
     |
1258 | fn capture_prepared_day(
     |    ^^^^^^^^^^^^^^^^^^^^

warning: function `validate_prepared_day` is never used
    --> crates/openwepp-hillslope-orchestrator/src/snow_stage3_v11_current_context_capture.rs:1275:4
     |
1275 | fn validate_prepared_day(
     |    ^^^^^^^^^^^^^^^^^^^^^

warning: function `capture_prepared_day_row_for_test` is never used
    --> crates/openwepp-hillslope-orchestrator/src/snow_stage3_v11_current_context_capture.rs:1880:15
     |
1880 | pub(crate) fn capture_prepared_day_row_for_test(
     |               ^^^^^^^^^^^^^^^^^^^^^^^^^^^^^^^^^

warning: function `restore_captured_prepared_support_from_provider` is never used
    --> crates/openwepp-hillslope-orchestrator/src/snow_stage3_v11_current_context_capture.rs:2880:15
     |
2880 | pub(crate) fn restore_captured_prepared_support_from_provider(
     |               ^^^^^^^^^^^^^^^^^^^^^^^^^^^^^^^^^^^^^^^^^^^^^^^

warning: fields `prepared_support`, `forcing_receipt`, and `snow_enthalpy_material_resident` are never read
    --> crates/openwepp-hillslope-orchestrator/src/snow_stage3_v11_current_context_capture.rs:2903:9
     |
2898 | pub(crate) struct RestoredProviderBoundContextV1 {
     |                   ------------------------------ fields in this struct
...
2903 |     pub prepared_support: crate::DirectSnowStage3V11PreparedSupport,
     |         ^^^^^^^^^^^^^^^^
2904 |     pub forcing_receipt: openwepp_coupled_time::Digest32,
     |         ^^^^^^^^^^^^^^^
...
2907 |     pub snow_enthalpy_material_resident:
     |         ^^^^^^^^^^^^^^^^^^^^^^^^^^^^^^^

warning: fields `entry`, `canonical_record`, `parent_receipt`, and `qualification_delta` are never read
    --> crates/openwepp-hillslope-orchestrator/src/snow_stage3_v11_current_context_capture.rs:2920:9
     |
2919 | pub(crate) struct AuthenticatedArchivedDayV1 {
     |                   -------------------------- fields in this struct
2920 |     pub entry: crate::Stage3CommittedDayArchiveEntryV1,
     |         ^^^^^
2921 |     pub canonical_record: Vec<u8>,
     |         ^^^^^^^^^^^^^^^^
2922 |     pub parent_receipt: crate::DirectSnowStage3V11ParentReceipt,
     |         ^^^^^^^^^^^^^^
2923 |     pub publication: crate::v9_real_consumer_shadow::RestoredStage3PublicationDayEvidenceV1,
2924 |     pub qualification_delta: crate::SnowStage3V11QualificationDayDeltaV1,
     |         ^^^^^^^^^^^^^^^^^^^

warning: fields `parent`, `pending_terminal_parcels`, `reduction`, `ledger`, `receipt`, and `binding` are never read
    --> crates/openwepp-hillslope-orchestrator/src/snow_stage3_v11_current_context_capture.rs:3082:9
     |
3081 | pub(crate) struct RestoredCapturedPreChildContextV1 {
     |                   --------------------------------- fields in this struct
3082 |     pub parent: V11ParentTransaction,
     |         ^^^^^^
...
3085 |     pub pending_terminal_parcels:
     |         ^^^^^^^^^^^^^^^^^^^^^^^^
...
3089 |     pub reduction: ConstraintReductionReceiptV1,
     |         ^^^^^^^^^
3090 |     pub ledger: LedgerEntryV1,
     |         ^^^^^^
3091 |     pub receipt: AcceptedSlabReceiptV1,
     |         ^^^^^^^
3092 |     pub binding: serde_json::Value,
     |         ^^^^^^^

warning: function `restore_snow_free_pre_child_context_from_member_export` is never used
    --> crates/openwepp-hillslope-orchestrator/src/snow_stage3_v11_current_context_capture.rs:4046:15
     |
4046 | pub(crate) fn restore_snow_free_pre_child_context_from_member_export(
     |               ^^^^^^^^^^^^^^^^^^^^^^^^^^^^^^^^^^^^^^^^^^^^^^^^^^^^^^

warning: `openwepp-hillslope-orchestrator` (lib test) generated 9 warnings
    Finished `test` profile [unoptimized + debuginfo] target(s) in 1m 18s
  Executable unittests src/lib.rs (/tmp/openwepp-b01-wb14-final-build/debug/deps/openwepp_hillslope_orchestrator-6acf9a74daf335ab)
