warning: Git tree '/workdir/openWEPP' is dirty
   Compiling proc-macro2 v1.0.106
   Compiling unicode-ident v1.0.24
   Compiling quote v1.0.45
   Compiling serde_core v1.0.228
   Compiling version_check v0.9.5
    Checking typenum v1.20.0
   Compiling serde v1.0.228
    Checking cfg-if v1.0.4
    Checking itoa v1.0.18
   Compiling thiserror v2.0.20
    Checking cpufeatures v0.2.17
   Compiling autocfg v1.5.1
   Compiling zmij v1.0.21
   Compiling serde_json v1.0.150
   Compiling crc32fast v1.5.0
    Checking openwepp-sim-contract v0.1.0 (/workdir/openwepp-experiments/b01-wb14-cadence/snowfree-recorder-candidate-20260915/crates/openwepp-sim-contract)
    Checking hashbrown v0.17.1
    Checking openwepp-unit-boundary v0.1.0 (/workdir/openwepp-experiments/b01-wb14-cadence/snowfree-recorder-candidate-20260915/crates/openwepp-unit-boundary)
    Checking equivalent v1.0.2
    Checking memchr v2.8.0
    Checking adler2 v2.0.1
    Checking simd-adler32 v0.3.9
    Checking unsafe-libyaml v0.2.11
    Checking ryu v1.0.23
    Checking miniz_oxide v0.8.9
   Compiling generic-array v0.14.7
   Compiling libm v0.2.16
   Compiling num-traits v0.2.19
    Checking base64 v0.22.1
    Checking openwepp-topology v0.1.0 (/workdir/openwepp-experiments/b01-wb14-cadence/snowfree-recorder-candidate-20260915/crates/openwepp-topology)
    Checking openwepp-plant-phenology v0.1.0 (/workdir/openwepp-experiments/b01-wb14-cadence/snowfree-recorder-candidate-20260915/crates/openwepp-plant-phenology)
    Checking flate2 v1.1.9
    Checking indexmap v2.14.0
   Compiling syn v2.0.117
   Compiling syn v3.0.3
    Checking num-integer v0.1.46
    Checking crypto-common v0.1.7
    Checking block-buffer v0.10.4
    Checking num-bigint v0.4.6
    Checking digest v0.10.7
    Checking sha2 v0.10.9
   Compiling serde_derive v1.0.228
   Compiling thiserror-impl v2.0.20
    Checking openwepp-meteorology v0.1.0 (/workdir/openwepp-experiments/b01-wb14-cadence/snowfree-recorder-candidate-20260915/crates/openwepp-meteorology)
    Checking serde_yaml v0.9.34+deprecated
    Checking openwepp-kernel-contract v0.1.0 (/workdir/openwepp-experiments/b01-wb14-cadence/snowfree-recorder-candidate-20260915/crates/openwepp-kernel-contract)
    Checking openwepp-coupled-time v0.1.0 (/workdir/openwepp-experiments/b01-wb14-cadence/snowfree-recorder-candidate-20260915/crates/openwepp-coupled-time)
    Checking openwepp-biogeochemistry v0.1.0 (/workdir/openwepp-experiments/b01-wb14-cadence/snowfree-recorder-candidate-20260915/crates/openwepp-biogeochemistry)
    Checking openwepp-land-surface-energy v0.1.0 (/workdir/openwepp-experiments/b01-wb14-cadence/snowfree-recorder-candidate-20260915/crates/openwepp-land-surface-energy)
    Checking openwepp-management-schema v0.1.0 (/workdir/openwepp-experiments/b01-wb14-cadence/snowfree-recorder-candidate-20260915/crates/openwepp-management-schema)
    Checking openwepp-vegetation v0.1.0 (/workdir/openwepp-experiments/b01-wb14-cadence/snowfree-recorder-candidate-20260915/crates/openwepp-vegetation)
    Checking openwepp-input-contract v0.1.0 (/workdir/openwepp-experiments/b01-wb14-cadence/snowfree-recorder-candidate-20260915/crates/openwepp-input-contract)
    Checking openwepp-climate-runtime-adapter v0.1.0 (/workdir/openwepp-experiments/b01-wb14-cadence/snowfree-recorder-candidate-20260915/crates/openwepp-climate-runtime-adapter)
    Checking openwepp-hillslope-orchestrator v0.1.0 (/workdir/openwepp-experiments/b01-wb14-cadence/snowfree-recorder-candidate-20260915/crates/openwepp-hillslope-orchestrator)
error[E0425]: cannot find function `restore_provider_bound_context_from_file` in module `crate::snow_stage3_v11_current_context_capture`
    --> crates/openwepp-hillslope-orchestrator/src/v9_real_consumer_shadow_tests.rs:1628:13
     |
1628 |             restore_provider_bound_context_from_file(
     |             ^^^^^^^^^^^^^^^^^^^^^^^^^^^^^^^^^^^^^^^^ not found in `crate::snow_stage3_v11_current_context_capture`
     |
note: found an item that was configured out
    --> crates/openwepp-hillslope-orchestrator/src/snow_stage3_v11_current_context_capture.rs:3480:15
     |
3479 | #[cfg(feature = "persisted-restart-v1")]
     |       -------------------------------- the item is gated behind the `persisted-restart-v1` feature
3480 | pub(crate) fn restore_provider_bound_context_from_file(
     |               ^^^^^^^^^^^^^^^^^^^^^^^^^^^^^^^^^^^^^^^^

error[E0425]: cannot find function `restore_provider_bound_context_from_file` in module `crate::snow_stage3_v11_current_context_capture`
    --> crates/openwepp-hillslope-orchestrator/src/v9_real_consumer_shadow_tests.rs:1674:13
     |
1674 |             restore_provider_bound_context_from_file(
     |             ^^^^^^^^^^^^^^^^^^^^^^^^^^^^^^^^^^^^^^^^ not found in `crate::snow_stage3_v11_current_context_capture`
     |
note: found an item that was configured out
    --> crates/openwepp-hillslope-orchestrator/src/snow_stage3_v11_current_context_capture.rs:3480:15
     |
3479 | #[cfg(feature = "persisted-restart-v1")]
     |       -------------------------------- the item is gated behind the `persisted-restart-v1` feature
3480 | pub(crate) fn restore_provider_bound_context_from_file(
     |               ^^^^^^^^^^^^^^^^^^^^^^^^^^^^^^^^^^^^^^^^

error[E0425]: cannot find function `restart_authority_v11_bgc_debit_scope_v1` in module `crate::v9_real_consumer_shadow`
    --> crates/openwepp-hillslope-orchestrator/src/snow_stage3_v11_current_context_capture.rs:2520:49
     |
2520 |     let scope = crate::v9_real_consumer_shadow::restart_authority_v11_bgc_debit_scope_v1(
     |                                                 ^^^^^^^^^^^^^^^^^^^^^^^^^^^^^^^^^^^^^^^^ not found in `crate::v9_real_consumer_shadow`
     |
note: found an item that was configured out
    --> crates/openwepp-hillslope-orchestrator/src/v9_real_consumer_shadow_v11_error.rs:5:8
     |
   4 | #[cfg(any(feature = "persisted-restart-v1", feature = "restart-authority-evidence"))]
     |          -------------------------------------------------------------------------- the item is gated here
   5 | pub fn restart_authority_v11_bgc_debit_scope_v1(
     |        ^^^^^^^^^^^^^^^^^^^^^^^^^^^^^^^^^^^^^^^^

warning: unused import: `RealHydrologyOfeLaneId`
   --> crates/openwepp-hillslope-orchestrator/src/v9_real_consumer_shadow.rs:107:32
    |
107 |     RealHydrologyLaneLayerMap, RealHydrologyOfeLaneId, RealHydrologyShadowAdapter,
    |                                ^^^^^^^^^^^^^^^^^^^^^^
    |
    = note: `#[warn(unused_imports)]` (part of `#[warn(unused)]`) on by default

warning: unused import: `DirectRunConstructorInputs`
   --> crates/openwepp-hillslope-orchestrator/src/v9_real_consumer_shadow.rs:111:73
    |
111 |     DirectDayFrame, DirectOfeWb14Parameters, DirectPublicationDayInput, DirectRunConstructorInputs,
    |                                                                         ^^^^^^^^^^^^^^^^^^^^^^^^^^

error[E0599]: no method named `restart_authority_wb14_parent_canonical_bytes` found for struct `v9_real_consumer_shadow::DirectV10RealConsumerShadow` in the current scope
    --> crates/openwepp-hillslope-orchestrator/src/v9_real_consumer_shadow/v10_soil_thermal_v2_tests.rs:3071:21
     |
3071 |     let wb14 = base.restart_authority_wb14_parent_canonical_bytes().unwrap();
     |                     ^^^^^^^^^^^^^^^^^^^^^^^^^^^^^^^^^^^^^^^^^^^^^ method not found in `v9_real_consumer_shadow::DirectV10RealConsumerShadow`
     |
    ::: crates/openwepp-hillslope-orchestrator/src/v9_real_consumer_shadow.rs:420:1
     |
 420 | pub struct DirectV10RealConsumerShadow {
     | -------------------------------------- method `restart_authority_wb14_parent_canonical_bytes` not found for this struct

error[E0599]: no method named `restart_authority_restore_wb14_parent_canonical_bytes` found for struct `v9_real_consumer_shadow::DirectV10RealConsumerShadow` in the current scope
    --> crates/openwepp-hillslope-orchestrator/src/v9_real_consumer_shadow/v10_soil_thermal_v2_tests.rs:3073:18
     |
3073 |     assert!(host.restart_authority_restore_wb14_parent_canonical_bytes(None).is_err());
     |                  ^^^^^^^^^^^^^^^^^^^^^^^^^^^^^^^^^^^^^^^^^^^^^^^^^^^^^ method not found in `v9_real_consumer_shadow::DirectV10RealConsumerShadow`
     |
    ::: crates/openwepp-hillslope-orchestrator/src/v9_real_consumer_shadow.rs:420:1
     |
 420 | pub struct DirectV10RealConsumerShadow {
     | -------------------------------------- method `restart_authority_restore_wb14_parent_canonical_bytes` not found for this struct

error[E0599]: no method named `restart_authority_restore_native_wb14_parent_canonical_bytes` found for struct `v9_real_consumer_shadow::DirectV10RealConsumerShadow` in the current scope
    --> crates/openwepp-hillslope-orchestrator/src/v9_real_consumer_shadow/v10_soil_thermal_v2_tests.rs:3075:18
     |
3075 |     assert!(host.restart_authority_restore_native_wb14_parent_canonical_bytes(None,&proof,&clock,Position::PendingCandidate).is_er...
     |                  ^^^^^^^^^^^^^^^^^^^^^^^^^^^^^^^^^^^^^^^^^^^^^^^^^^^^^^^^^^^^ method not found in `v9_real_consumer_shadow::DirectV10RealConsumerShadow`
     |
    ::: crates/openwepp-hillslope-orchestrator/src/v9_real_consumer_shadow.rs:420:1
     |
 420 | pub struct DirectV10RealConsumerShadow {
     | -------------------------------------- method `restart_authority_restore_native_wb14_parent_canonical_bytes` not found for this struct

error[E0599]: no method named `restart_authority_restore_native_wb14_parent_canonical_bytes` found for struct `v9_real_consumer_shadow::DirectV10RealConsumerShadow` in the current scope
    --> crates/openwepp-hillslope-orchestrator/src/v9_real_consumer_shadow/v10_soil_thermal_v2_tests.rs:3077:10
     |
3077 |     host.restart_authority_restore_native_wb14_parent_canonical_bytes(None,&proof,&clock,Position::Committed).unwrap();
     |          ^^^^^^^^^^^^^^^^^^^^^^^^^^^^^^^^^^^^^^^^^^^^^^^^^^^^^^^^^^^^ method not found in `v9_real_consumer_shadow::DirectV10RealConsumerShadow`
     |
    ::: crates/openwepp-hillslope-orchestrator/src/v9_real_consumer_shadow.rs:420:1
     |
 420 | pub struct DirectV10RealConsumerShadow {
     | -------------------------------------- method `restart_authority_restore_native_wb14_parent_canonical_bytes` not found for this struct

error[E0599]: no method named `restart_authority_install_scheduler_position` found for struct `v9_real_consumer_shadow::DirectV10RealConsumerShadow` in the current scope
    --> crates/openwepp-hillslope-orchestrator/src/v9_real_consumer_shadow/v10_soil_thermal_v2_tests.rs:3114:10
     |
3114 |     host.restart_authority_install_scheduler_position(48).unwrap();
     |          ^^^^^^^^^^^^^^^^^^^^^^^^^^^^^^^^^^^^^^^^^^^^ method not found in `v9_real_consumer_shadow::DirectV10RealConsumerShadow`
     |
    ::: crates/openwepp-hillslope-orchestrator/src/v9_real_consumer_shadow.rs:420:1
     |
 420 | pub struct DirectV10RealConsumerShadow {
     | -------------------------------------- method `restart_authority_install_scheduler_position` not found for this struct

error[E0599]: no method named `restart_authority_install_scheduler_position` found for struct `v9_real_consumer_shadow::DirectV10RealConsumerShadow` in the current scope
    --> crates/openwepp-hillslope-orchestrator/src/v9_real_consumer_shadow/v10_soil_thermal_v2_tests.rs:3115:18
     |
3115 |     assert!(host.restart_authority_install_scheduler_position(0).is_err());
     |                  ^^^^^^^^^^^^^^^^^^^^^^^^^^^^^^^^^^^^^^^^^^^^ method not found in `v9_real_consumer_shadow::DirectV10RealConsumerShadow`
     |
    ::: crates/openwepp-hillslope-orchestrator/src/v9_real_consumer_shadow.rs:420:1
     |
 420 | pub struct DirectV10RealConsumerShadow {
     | -------------------------------------- method `restart_authority_install_scheduler_position` not found for this struct

error[E0599]: no method named `restart_authority_install_native_inactive_scheduler_position` found for struct `v9_real_consumer_shadow::DirectV10RealConsumerShadow` in the current scope
    --> crates/openwepp-hillslope-orchestrator/src/v9_real_consumer_shadow/v10_soil_thermal_v2_tests.rs:3116:18
     |
3116 |     assert!(host.restart_authority_install_native_inactive_scheduler_position(&scheduler_proof,&clock,Position::PendingCandidate)....
     |                  ^^^^^^^^^^^^^^^^^^^^^^^^^^^^^^^^^^^^^^^^^^^^^^^^^^^^^^^^^^^^ method not found in `v9_real_consumer_shadow::DirectV10RealConsumerShadow`
     |
    ::: crates/openwepp-hillslope-orchestrator/src/v9_real_consumer_shadow.rs:420:1
     |
 420 | pub struct DirectV10RealConsumerShadow {
     | -------------------------------------- method `restart_authority_install_native_inactive_scheduler_position` not found for this struct

error[E0599]: no method named `restart_authority_accepted_interval_count` found for struct `v9_real_consumer_shadow::DirectV10RealConsumerShadow` in the current scope
    --> crates/openwepp-hillslope-orchestrator/src/v9_real_consumer_shadow/v10_soil_thermal_v2_tests.rs:3117:21
     |
3117 |     assert_eq!(host.restart_authority_accepted_interval_count(),48);
     |                     ^^^^^^^^^^^^^^^^^^^^^^^^^^^^^^^^^^^^^^^^^ method not found in `v9_real_consumer_shadow::DirectV10RealConsumerShadow`
     |
    ::: crates/openwepp-hillslope-orchestrator/src/v9_real_consumer_shadow.rs:420:1
     |
 420 | pub struct DirectV10RealConsumerShadow {
     | -------------------------------------- method `restart_authority_accepted_interval_count` not found for this struct

error[E0599]: no method named `restart_authority_install_native_inactive_scheduler_position` found for struct `v9_real_consumer_shadow::DirectV10RealConsumerShadow` in the current scope
    --> crates/openwepp-hillslope-orchestrator/src/v9_real_consumer_shadow/v10_soil_thermal_v2_tests.rs:3118:10
     |
3118 |     host.restart_authority_install_native_inactive_scheduler_position(&scheduler_proof,&clock,Position::Committed).unwrap();
     |          ^^^^^^^^^^^^^^^^^^^^^^^^^^^^^^^^^^^^^^^^^^^^^^^^^^^^^^^^^^^^ method not found in `v9_real_consumer_shadow::DirectV10RealConsumerShadow`
     |
    ::: crates/openwepp-hillslope-orchestrator/src/v9_real_consumer_shadow.rs:420:1
     |
 420 | pub struct DirectV10RealConsumerShadow {
     | -------------------------------------- method `restart_authority_install_native_inactive_scheduler_position` not found for this struct

error[E0599]: no method named `restart_authority_accepted_interval_count` found for struct `v9_real_consumer_shadow::DirectV10RealConsumerShadow` in the current scope
    --> crates/openwepp-hillslope-orchestrator/src/v9_real_consumer_shadow/v10_soil_thermal_v2_tests.rs:3119:21
     |
3119 |     assert_eq!(host.restart_authority_accepted_interval_count(),0);
     |                     ^^^^^^^^^^^^^^^^^^^^^^^^^^^^^^^^^^^^^^^^^ method not found in `v9_real_consumer_shadow::DirectV10RealConsumerShadow`
     |
    ::: crates/openwepp-hillslope-orchestrator/src/v9_real_consumer_shadow.rs:420:1
     |
 420 | pub struct DirectV10RealConsumerShadow {
     | -------------------------------------- method `restart_authority_accepted_interval_count` not found for this struct

error[E0599]: no method named `restart_authority_restore_parent_finalization_logical_owners` found for struct `v9_real_consumer_shadow::DirectV10RealConsumerShadow` in the current scope
    --> crates/openwepp-hillslope-orchestrator/src/v9_real_consumer_shadow/v10_soil_thermal_v2_tests.rs:3124:18
     |
3124 |     assert!(host.restart_authority_restore_parent_finalization_logical_owners(finalized.clone(),bgc.clone()).is_err());
     |                  ^^^^^^^^^^^^^^^^^^^^^^^^^^^^^^^^^^^^^^^^^^^^^^^^^^^^^^^^^^^^ method not found in `v9_real_consumer_shadow::DirectV10RealConsumerShadow`
     |
    ::: crates/openwepp-hillslope-orchestrator/src/v9_real_consumer_shadow.rs:420:1
     |
 420 | pub struct DirectV10RealConsumerShadow {
     | -------------------------------------- method `restart_authority_restore_parent_finalization_logical_owners` not found for this struct

error[E0599]: no method named `restart_authority_restore_native_parent_finalization_logical_owners` found for struct `v9_real_consumer_shadow::DirectV10RealConsumerShadow` in the current scope
    --> crates/openwepp-hillslope-orchestrator/src/v9_real_consumer_shadow/v10_soil_thermal_v2_tests.rs:3126:10
     |
3126 |     host.restart_authority_restore_native_parent_finalization_logical_owners(finalized.clone(),bgc.clone(),&proof,&clock,Position:...
     |          ^^^^^^^^^^^^^^^^^^^^^^^^^^^^^^^^^^^^^^^^^^^^^^^^^^^^^^^^^^^^^^^^^^^ method not found in `v9_real_consumer_shadow::DirectV10RealConsumerShadow`
     |
    ::: crates/openwepp-hillslope-orchestrator/src/v9_real_consumer_shadow.rs:420:1
     |
 420 | pub struct DirectV10RealConsumerShadow {
     | -------------------------------------- method `restart_authority_restore_native_parent_finalization_logical_owners` not found for this struct

error[E0599]: no method named `restart_authority_restore_native_wb14_parent_canonical_bytes` found for struct `v9_real_consumer_shadow::DirectV10RealConsumerShadow` in the current scope
    --> crates/openwepp-hillslope-orchestrator/src/v9_real_consumer_shadow/v10_soil_thermal_v2_tests.rs:3131:18
     |
3131 |     assert!(host.restart_authority_restore_native_wb14_parent_canonical_bytes(None,&proof,&clock,Position::Committed).is_err(),"ol...
     |                  ^^^^^^^^^^^^^^^^^^^^^^^^^^^^^^^^^^^^^^^^^^^^^^^^^^^^^^^^^^^^ method not found in `v9_real_consumer_shadow::DirectV10RealConsumerShadow`
     |
    ::: crates/openwepp-hillslope-orchestrator/src/v9_real_consumer_shadow.rs:420:1
     |
 420 | pub struct DirectV10RealConsumerShadow {
     | -------------------------------------- method `restart_authority_restore_native_wb14_parent_canonical_bytes` not found for this struct

error[E0599]: no method named `restart_authority_validate_native_exact_adoption` found for struct `FrozenLitterV4Resident` in the current scope
    --> crates/openwepp-hillslope-orchestrator/src/v9_real_consumer_shadow/v3_publication_retention_tests.rs:1848:11
     |
1848 |     exact.restart_authority_validate_native_exact_adoption(&physical, &authentic).unwrap();
     |           ^^^^^^^^^^^^^^^^^^^^^^^^^^^^^^^^^^^^^^^^^^^^^^^^ method not found in `FrozenLitterV4Resident`
     |
    ::: crates/openwepp-hillslope-orchestrator/src/v9_real_consumer_shadow/frozen_litter_v4_adoption.rs:345:1
     |
 345 | pub struct FrozenLitterV4Resident {
     | --------------------------------- method `restart_authority_validate_native_exact_adoption` not found for this struct

error[E0599]: no method named `restart_authority_validate_native_exact_adoption` found for struct `FrozenLitterV4Resident` in the current scope
    --> crates/openwepp-hillslope-orchestrator/src/v9_real_consumer_shadow/v3_publication_retention_tests.rs:1859:26
     |
1859 |     assert!(forged_exact.restart_authority_validate_native_exact_adoption(&physical, &authentic).is_err());
     |                          ^^^^^^^^^^^^^^^^^^^^^^^^^^^^^^^^^^^^^^^^^^^^^^^^ method not found in `FrozenLitterV4Resident`
     |
    ::: crates/openwepp-hillslope-orchestrator/src/v9_real_consumer_shadow/frozen_litter_v4_adoption.rs:345:1
     |
 345 | pub struct FrozenLitterV4Resident {
     | --------------------------------- method `restart_authority_validate_native_exact_adoption` not found for this struct

error[E0599]: no method named `restart_authority_validate_native_exact_adoption` found for struct `FrozenLitterV4Resident` in the current scope
    --> crates/openwepp-hillslope-orchestrator/src/v9_real_consumer_shadow/v3_publication_retention_tests.rs:1866:27
     |
1866 |     assert!(reconstructed.restart_authority_validate_native_exact_adoption(&after, &authentic).is_err());
     |                           ^^^^^^^^^^^^^^^^^^^^^^^^^^^^^^^^^^^^^^^^^^^^^^^^ method not found in `FrozenLitterV4Resident`
     |
    ::: crates/openwepp-hillslope-orchestrator/src/v9_real_consumer_shadow/frozen_litter_v4_adoption.rs:345:1
     |
 345 | pub struct FrozenLitterV4Resident {
     | --------------------------------- method `restart_authority_validate_native_exact_adoption` not found for this struct

error[E0599]: no method named `restart_authority_validate_native_exact_adoption` found for struct `FrozenLitterV4Resident` in the current scope
    --> crates/openwepp-hillslope-orchestrator/src/v9_real_consumer_shadow/v3_publication_retention_tests.rs:1874:17
     |
1874 |     phase_exact.restart_authority_validate_native_exact_adoption(&phase_physical, &authentic).unwrap();
     |                 ^^^^^^^^^^^^^^^^^^^^^^^^^^^^^^^^^^^^^^^^^^^^^^^^ method not found in `FrozenLitterV4Resident`
     |
    ::: crates/openwepp-hillslope-orchestrator/src/v9_real_consumer_shadow/frozen_litter_v4_adoption.rs:345:1
     |
 345 | pub struct FrozenLitterV4Resident {
     | --------------------------------- method `restart_authority_validate_native_exact_adoption` not found for this struct

error[E0599]: no method named `restart_authority_validate_native_exact_adoption` found for struct `FrozenLitterV4Resident` in the current scope
    --> crates/openwepp-hillslope-orchestrator/src/v9_real_consumer_shadow/v3_publication_retention_tests.rs:1876:25
     |
1876 |     assert!(phase_exact.restart_authority_validate_native_exact_adoption(&phase_physical, &foreign).is_err());
     |                         ^^^^^^^^^^^^^^^^^^^^^^^^^^^^^^^^^^^^^^^^^^^^^^^^ method not found in `FrozenLitterV4Resident`
     |
    ::: crates/openwepp-hillslope-orchestrator/src/v9_real_consumer_shadow/frozen_litter_v4_adoption.rs:345:1
     |
 345 | pub struct FrozenLitterV4Resident {
     | --------------------------------- method `restart_authority_validate_native_exact_adoption` not found for this struct

error[E0599]: no method named `diagnostic_hydrology_constructor_inputs_v1` found for struct `v9_real_consumer_shadow::DirectV10RealConsumerShadow` in the current scope
    --> crates/openwepp-hillslope-orchestrator/src/v9_real_consumer_shadow_tests.rs:1393:18
     |
1392 |               let mut expanded_hydrology = shadow
     |  __________________________________________-
1393 | |                 .diagnostic_hydrology_constructor_inputs_v1()
     | |                 -^^^^^^^^^^^^^^^^^^^^^^^^^^^^^^^^^^^^^^^^^^ method not found in `v9_real_consumer_shadow::DirectV10RealConsumerShadow`
     | |_________________|
     |
     |
    ::: crates/openwepp-hillslope-orchestrator/src/v9_real_consumer_shadow.rs:420:1
     |
 420 |   pub struct DirectV10RealConsumerShadow {
     |   -------------------------------------- method `diagnostic_hydrology_constructor_inputs_v1` not found for this struct

error[E0599]: no method named `restart_authority_hydrology_frame` found for struct `v9_real_consumer_shadow::DirectV10RealConsumerShadow` in the current scope
    --> crates/openwepp-hillslope-orchestrator/src/v9_real_consumer_shadow_tests.rs:1398:44
     |
1398 |             let initial_hydrology = shadow.restart_authority_hydrology_frame().clone();
     |                                            ^^^^^^^^^^^^^^^^^^^^^^^^^^^^^^^^^ method not found in `v9_real_consumer_shadow::DirectV10RealConsumerShadow`
     |
    ::: crates/openwepp-hillslope-orchestrator/src/v9_real_consumer_shadow.rs:420:1
     |
 420 | pub struct DirectV10RealConsumerShadow {
     | -------------------------------------- method `restart_authority_hydrology_frame` not found for this struct

error[E0599]: no method named `diagnostic_constructor_inputs_snapshot_v1` found for struct `direct_runtime::DirectRunFrame` in the current scope
    --> crates/openwepp-hillslope-orchestrator/src/v9_real_consumer_shadow_tests.rs:1422:37
     |
1422 |                 validated_hydrology.diagnostic_constructor_inputs_snapshot_v1(),
     |                                     ^^^^^^^^^^^^^^^^^^^^^^^^^^^^^^^^^^^^^^^^^ method not found in `direct_runtime::DirectRunFrame`
     |
    ::: crates/openwepp-hillslope-orchestrator/src/direct_runtime/00_core_frames.rs:580:1
     |
 580 | pub struct DirectRunFrame {
     | ------------------------- method `diagnostic_constructor_inputs_snapshot_v1` not found for this struct

error[E0599]: no method named `restart_authority_install_hydrology_continuation_inputs_v3` found for struct `v9_real_consumer_shadow::DirectV10RealConsumerShadow` in the current scope
    --> crates/openwepp-hillslope-orchestrator/src/v9_real_consumer_shadow_tests.rs:1431:18
     |
1430 | /             shadow
1431 | |                 .restart_authority_install_hydrology_continuation_inputs_v3(&continuation_inputs)
     | |                 -^^^^^^^^^^^^^^^^^^^^^^^^^^^^^^^^^^^^^^^^^^^^^^^^^^^^^^^^^^ method not found in `v9_real_consumer_shadow::DirectV10RealConsumerShadow`
     | |_________________|
     |
     |
    ::: crates/openwepp-hillslope-orchestrator/src/v9_real_consumer_shadow.rs:420:1
     |
 420 |   pub struct DirectV10RealConsumerShadow {
     |   -------------------------------------- method `restart_authority_install_hydrology_continuation_inputs_v3` not found for this struct

error[E0599]: no method named `restart_authority_hydrology_frame` found for struct `v9_real_consumer_shadow::DirectV10RealConsumerShadow` in the current scope
    --> crates/openwepp-hillslope-orchestrator/src/v9_real_consumer_shadow_tests.rs:1435:22
     |
1434 | /                 shadow
1435 | |                     .restart_authority_hydrology_frame()
     | |                     -^^^^^^^^^^^^^^^^^^^^^^^^^^^^^^^^^ method not found in `v9_real_consumer_shadow::DirectV10RealConsumerShadow`
     | |_____________________|
     |
     |
    ::: crates/openwepp-hillslope-orchestrator/src/v9_real_consumer_shadow.rs:420:1
     |
 420 |   pub struct DirectV10RealConsumerShadow {
     |   -------------------------------------- method `restart_authority_hydrology_frame` not found for this struct

error[E0599]: no method named `diagnostic_install_hydrology_constructor_inputs_v1` found for struct `v9_real_consumer_shadow::DirectV10RealConsumerShadow` in the current scope
    --> crates/openwepp-hillslope-orchestrator/src/v9_real_consumer_shadow_tests.rs:1439:20
     |
1439 |             shadow.diagnostic_install_hydrology_constructor_inputs_v1(std::sync::Arc::new(
     |             -------^^^^^^^^^^^^^^^^^^^^^^^^^^^^^^^^^^^^^^^^^^^^^^^^^^ method not found in `v9_real_consumer_shadow::DirectV10RealConsumerShadow`
     |
    ::: crates/openwepp-hillslope-orchestrator/src/v9_real_consumer_shadow.rs:420:1
     |
 420 | pub struct DirectV10RealConsumerShadow {
     | -------------------------------------- method `diagnostic_install_hydrology_constructor_inputs_v1` not found for this struct

error[E0599]: no method named `diagnostic_hydrology_constructor_inputs_v1` found for struct `v9_real_consumer_shadow::DirectV10RealConsumerShadow` in the current scope
    --> crates/openwepp-hillslope-orchestrator/src/v9_real_consumer_shadow_tests.rs:1451:18
     |
1450 |               let pinned_hydrology = shadow
     |  ____________________________________-
1451 | |                 .diagnostic_hydrology_constructor_inputs_v1()
     | |                 -^^^^^^^^^^^^^^^^^^^^^^^^^^^^^^^^^^^^^^^^^^ method not found in `v9_real_consumer_shadow::DirectV10RealConsumerShadow`
     | |_________________|
     |
     |
    ::: crates/openwepp-hillslope-orchestrator/src/v9_real_consumer_shadow.rs:420:1
     |
 420 |   pub struct DirectV10RealConsumerShadow {
     |   -------------------------------------- method `diagnostic_hydrology_constructor_inputs_v1` not found for this struct

error[E0599]: no method named `restart_authority_hydrology_frame` found for struct `v9_real_consumer_shadow::DirectV10RealConsumerShadow` in the current scope
    --> crates/openwepp-hillslope-orchestrator/src/v9_real_consumer_shadow_tests.rs:1465:22
     |
1464 | /                 shadow
1465 | |                     .restart_authority_hydrology_frame()
     | |                     -^^^^^^^^^^^^^^^^^^^^^^^^^^^^^^^^^ method not found in `v9_real_consumer_shadow::DirectV10RealConsumerShadow`
     | |_____________________|
     |
     |
    ::: crates/openwepp-hillslope-orchestrator/src/v9_real_consumer_shadow.rs:420:1
     |
 420 |   pub struct DirectV10RealConsumerShadow {
     |   -------------------------------------- method `restart_authority_hydrology_frame` not found for this struct

error[E0599]: no method named `restart_authority_hydrology_frame` found for struct `v9_real_consumer_shadow::DirectV10RealConsumerShadow` in the current scope
    --> crates/openwepp-hillslope-orchestrator/src/v9_real_consumer_shadow_tests.rs:1472:30
     |
1472 |                 .zip(&shadow.restart_authority_hydrology_frame().lanes)
     |                              ^^^^^^^^^^^^^^^^^^^^^^^^^^^^^^^^^ method not found in `v9_real_consumer_shadow::DirectV10RealConsumerShadow`
     |
    ::: crates/openwepp-hillslope-orchestrator/src/v9_real_consumer_shadow.rs:420:1
     |
 420 | pub struct DirectV10RealConsumerShadow {
     | -------------------------------------- method `restart_authority_hydrology_frame` not found for this struct

error[E0599]: no method named `restart_authority_hydrology_frame` found for struct `v9_real_consumer_shadow::DirectV10RealConsumerShadow` in the current scope
    --> crates/openwepp-hillslope-orchestrator/src/v9_real_consumer_shadow_tests.rs:1542:22
     |
1539 |                   let live_initial_storage = attachment
     |  ____________________________________________-
1540 | |                     .committed
1541 | |                     .real_consumer
1542 | |                     .restart_authority_hydrology_frame()
     | |                     -^^^^^^^^^^^^^^^^^^^^^^^^^^^^^^^^^ method not found in `v9_real_consumer_shadow::DirectV10RealConsumerShadow`
     | |_____________________|
     |
     |
    ::: crates/openwepp-hillslope-orchestrator/src/v9_real_consumer_shadow.rs:420:1
     |
 420 |   pub struct DirectV10RealConsumerShadow {
     |   -------------------------------------- method `restart_authority_hydrology_frame` not found for this struct

error[E0599]: no method named `restart_authority_complete_commit_and_stage_archive_day_v3` found for struct `snow_stage3_v11_attachment::DirectSnowStage3V11ShadowAttachment` in the current scope
    --> crates/openwepp-hillslope-orchestrator/src/v9_real_consumer_shadow_tests.rs:1570:22
     |
1569 | /                 attachment
1570 | |                     .restart_authority_complete_commit_and_stage_archive_day_v3(&publication_inputs)
     | |                     -^^^^^^^^^^^^^^^^^^^^^^^^^^^^^^^^^^^^^^^^^^^^^^^^^^^^^^^^^^ method not found in `snow_stage3_v11_attachment::DirectSnowStage3V11ShadowAttachment`
     | |_____________________|
     |
     |
    ::: crates/openwepp-hillslope-orchestrator/src/snow_stage3_v11_attachment.rs:2893:1
     |
2893 |   pub struct DirectSnowStage3V11ShadowAttachment {
     |   ---------------------------------------------- method `restart_authority_complete_commit_and_stage_archive_day_v3` not found for this struct

error[E0277]: the trait bound `direct_runtime::DirectPublicationFrame: serde::Serialize` is not satisfied
    --> crates/openwepp-hillslope-orchestrator/src/snow_stage3_v11_current_context_capture.rs:1524:13
     |
1524 | /             serde_json::json!({
1525 | |                 "lane_id": lane.lane_id, "upstream_lane_id": lane.upstream_lane_id,
1526 | |                 "downstream_lane_id": lane.downstream_lane_id,
1527 | |                 "upstream_area_ratio": lane.upstream_area_ratio, "area_m2": lane.area_m2,
...    |
1541 | |                 "day_inputs": lane.day_inputs,
1542 | |             })
     | |              ^
     | |              |
     | |______________unsatisfied trait bound
     |                required by a bound introduced by this call
     |
help: the trait `coupled_time_reference::_::_serde::Serialize` is not implemented for `direct_runtime::DirectPublicationFrame`
    --> crates/openwepp-hillslope-orchestrator/src/direct_runtime/01_publication.rs:3:1
     |
   3 | pub struct DirectPublicationFrame {
     | ^^^^^^^^^^^^^^^^^^^^^^^^^^^^^^^^^
     = note: for local types consider adding `#[derive(serde::Serialize)]` to your `direct_runtime::DirectPublicationFrame` type
     = note: for types from other crates check whether the crate offers a `serde` feature flag
     = help: the following other types implement trait `coupled_time_reference::_::_serde::Serialize`:
               &'a T
               &'a mut T
               ()
               (T,)
               (T0, T1)
               (T0, T1, T2)
               (T0, T1, T2, T3)
               (T0, T1, T2, T3, T4)
             and 687 others
     = note: required for `&direct_runtime::DirectPublicationFrame` to implement `coupled_time_reference::_::_serde::Serialize`
note: required by a bound in `to_value`
    --> /workdir/.cache/openwepp/cargo-home/registry/src/index.crates.io-1949cf8c6b5b557f/serde_json-1.0.150/src/value/mod.rs:997:8
     |
 995 | pub fn to_value<T>(value: T) -> Result<Value, Error>
     |        -------- required by a bound in this function
 996 | where
 997 |     T: Serialize,
     |        ^^^^^^^^^ required by this bound in `to_value`
     = note: the full name for the type has been written to '/tmp/openwepp-b01-wb14-default-baseline/debug/deps/openwepp_hillslope_orchestrator-20247ec05875d928.long-type-9276513521162185254.txt'
     = note: consider using `--verbose` to print the full type name to the console
     = note: this error originates in the macro `$crate::json_internal` which comes from the expansion of the macro `serde_json::json` (in Nightly builds, run with -Z macro-backtrace for more info)

error[E0277]: the trait bound `subsurface::DirectSubsurfaceLayerState: serde::Serialize` is not satisfied
    --> crates/openwepp-hillslope-orchestrator/src/snow_stage3_v11_current_context_capture.rs:1524:13
     |
1524 | /             serde_json::json!({
1525 | |                 "lane_id": lane.lane_id, "upstream_lane_id": lane.upstream_lane_id,
1526 | |                 "downstream_lane_id": lane.downstream_lane_id,
1527 | |                 "upstream_area_ratio": lane.upstream_area_ratio, "area_m2": lane.area_m2,
...    |
1541 | |                 "day_inputs": lane.day_inputs,
1542 | |             })
     | |              ^
     | |              |
     | |______________unsatisfied trait bound
     |                required by a bound introduced by this call
     |
help: the trait `coupled_time_reference::_::_serde::Serialize` is not implemented for `subsurface::DirectSubsurfaceLayerState`
    --> crates/openwepp-hillslope-orchestrator/src/direct_runtime/subsurface.rs:713:1
     |
 713 | pub struct DirectSubsurfaceLayerState {
     | ^^^^^^^^^^^^^^^^^^^^^^^^^^^^^^^^^^^^^
     = note: for local types consider adding `#[derive(serde::Serialize)]` to your `subsurface::DirectSubsurfaceLayerState` type
     = note: for types from other crates check whether the crate offers a `serde` feature flag
     = help: the following other types implement trait `coupled_time_reference::_::_serde::Serialize`:
               &'a T
               &'a mut T
               ()
               (T,)
               (T0, T1)
               (T0, T1, T2)
               (T0, T1, T2, T3)
               (T0, T1, T2, T3, T4)
             and 687 others
     = note: required for `Vec<subsurface::DirectSubsurfaceLayerState>` to implement `coupled_time_reference::_::_serde::Serialize`
     = note: 1 redundant requirement hidden
     = note: required for `&Vec<subsurface::DirectSubsurfaceLayerState>` to implement `coupled_time_reference::_::_serde::Serialize`
note: required by a bound in `to_value`
    --> /workdir/.cache/openwepp/cargo-home/registry/src/index.crates.io-1949cf8c6b5b557f/serde_json-1.0.150/src/value/mod.rs:997:8
     |
 995 | pub fn to_value<T>(value: T) -> Result<Value, Error>
     |        -------- required by a bound in this function
 996 | where
 997 |     T: Serialize,
     |        ^^^^^^^^^ required by this bound in `to_value`
     = note: the full name for the type has been written to '/tmp/openwepp-b01-wb14-default-baseline/debug/deps/openwepp_hillslope_orchestrator-20247ec05875d928.long-type-9276513521162185254.txt'
     = note: consider using `--verbose` to print the full type name to the console
     = note: this error originates in the macro `$crate::json_internal` which comes from the expansion of the macro `serde_json::json` (in Nightly builds, run with -Z macro-backtrace for more info)

error[E0277]: the trait bound `evapotranspiration::DirectEvapotranspirationStageState: serde::Serialize` is not satisfied
    --> crates/openwepp-hillslope-orchestrator/src/snow_stage3_v11_current_context_capture.rs:1524:13
     |
1524 | /             serde_json::json!({
1525 | |                 "lane_id": lane.lane_id, "upstream_lane_id": lane.upstream_lane_id,
1526 | |                 "downstream_lane_id": lane.downstream_lane_id,
1527 | |                 "upstream_area_ratio": lane.upstream_area_ratio, "area_m2": lane.area_m2,
...    |
1541 | |                 "day_inputs": lane.day_inputs,
1542 | |             })
     | |              ^
     | |              |
     | |______________unsatisfied trait bound
     |                required by a bound introduced by this call
     |
help: the trait `coupled_time_reference::_::_serde::Serialize` is not implemented for `evapotranspiration::DirectEvapotranspirationStageState`
    --> crates/openwepp-hillslope-orchestrator/src/direct_runtime/evapotranspiration.rs:605:1
     |
 605 | pub struct DirectEvapotranspirationStageState {
     | ^^^^^^^^^^^^^^^^^^^^^^^^^^^^^^^^^^^^^^^^^^^^^
     = note: for local types consider adding `#[derive(serde::Serialize)]` to your `evapotranspiration::DirectEvapotranspirationStageState` type
     = note: for types from other crates check whether the crate offers a `serde` feature flag
     = help: the following other types implement trait `coupled_time_reference::_::_serde::Serialize`:
               &'a T
               &'a mut T
               ()
               (T,)
               (T0, T1)
               (T0, T1, T2)
               (T0, T1, T2, T3)
               (T0, T1, T2, T3, T4)
             and 687 others
     = note: required for `Box<evapotranspiration::DirectEvapotranspirationStageState>` to implement `coupled_time_reference::_::_serde::Serialize`
     = note: 2 redundant requirements hidden
     = note: required for `&std::option::Option<Box<evapotranspiration::DirectEvapotranspirationStageState>>` to implement `coupled_time_reference::_::_serde::Serialize`
note: required by a bound in `to_value`
    --> /workdir/.cache/openwepp/cargo-home/registry/src/index.crates.io-1949cf8c6b5b557f/serde_json-1.0.150/src/value/mod.rs:997:8
     |
 995 | pub fn to_value<T>(value: T) -> Result<Value, Error>
     |        -------- required by a bound in this function
 996 | where
 997 |     T: Serialize,
     |        ^^^^^^^^^ required by this bound in `to_value`
     = note: the full name for the type has been written to '/tmp/openwepp-b01-wb14-default-baseline/debug/deps/openwepp_hillslope_orchestrator-20247ec05875d928.long-type-9276513521162185254.txt'
     = note: consider using `--verbose` to print the full type name to the console
     = note: this error originates in the macro `$crate::json_internal` which comes from the expansion of the macro `serde_json::json` (in Nightly builds, run with -Z macro-backtrace for more info)

error[E0277]: the trait bound `growth::DirectGrowthStateSurface: serde::Serialize` is not satisfied
    --> crates/openwepp-hillslope-orchestrator/src/snow_stage3_v11_current_context_capture.rs:1524:13
     |
1524 | /             serde_json::json!({
1525 | |                 "lane_id": lane.lane_id, "upstream_lane_id": lane.upstream_lane_id,
1526 | |                 "downstream_lane_id": lane.downstream_lane_id,
1527 | |                 "upstream_area_ratio": lane.upstream_area_ratio, "area_m2": lane.area_m2,
...    |
1541 | |                 "day_inputs": lane.day_inputs,
1542 | |             })
     | |              ^
     | |              |
     | |______________unsatisfied trait bound
     |                required by a bound introduced by this call
     |
help: the trait `coupled_time_reference::_::_serde::Serialize` is not implemented for `growth::DirectGrowthStateSurface`
    --> crates/openwepp-hillslope-orchestrator/src/direct_runtime/growth.rs:361:1
     |
 361 | pub struct DirectGrowthStateSurface {
     | ^^^^^^^^^^^^^^^^^^^^^^^^^^^^^^^^^^^
     = note: for local types consider adding `#[derive(serde::Serialize)]` to your `growth::DirectGrowthStateSurface` type
     = note: for types from other crates check whether the crate offers a `serde` feature flag
     = help: the following other types implement trait `coupled_time_reference::_::_serde::Serialize`:
               &'a T
               &'a mut T
               ()
               (T,)
               (T0, T1)
               (T0, T1, T2)
               (T0, T1, T2, T3)
               (T0, T1, T2, T3, T4)
             and 687 others
     = note: required for `Box<growth::DirectGrowthStateSurface>` to implement `coupled_time_reference::_::_serde::Serialize`
     = note: 1 redundant requirement hidden
     = note: required for `&Box<growth::DirectGrowthStateSurface>` to implement `coupled_time_reference::_::_serde::Serialize`
note: required by a bound in `to_value`
    --> /workdir/.cache/openwepp/cargo-home/registry/src/index.crates.io-1949cf8c6b5b557f/serde_json-1.0.150/src/value/mod.rs:997:8
     |
 995 | pub fn to_value<T>(value: T) -> Result<Value, Error>
     |        -------- required by a bound in this function
 996 | where
 997 |     T: Serialize,
     |        ^^^^^^^^^ required by this bound in `to_value`
     = note: the full name for the type has been written to '/tmp/openwepp-b01-wb14-default-baseline/debug/deps/openwepp_hillslope_orchestrator-20247ec05875d928.long-type-9276513521162185254.txt'
     = note: consider using `--verbose` to print the full type name to the console
     = note: this error originates in the macro `$crate::json_internal` which comes from the expansion of the macro `serde_json::json` (in Nightly builds, run with -Z macro-backtrace for more info)

error[E0277]: the trait bound `direct_runtime::DirectSnowRuntimeCarry: serde::Serialize` is not satisfied
    --> crates/openwepp-hillslope-orchestrator/src/snow_stage3_v11_current_context_capture.rs:1524:13
     |
1524 | /             serde_json::json!({
1525 | |                 "lane_id": lane.lane_id, "upstream_lane_id": lane.upstream_lane_id,
1526 | |                 "downstream_lane_id": lane.downstream_lane_id,
1527 | |                 "upstream_area_ratio": lane.upstream_area_ratio, "area_m2": lane.area_m2,
...    |
1541 | |                 "day_inputs": lane.day_inputs,
1542 | |             })
     | |              ^
     | |              |
     | |______________unsatisfied trait bound
     |                required by a bound introduced by this call
     |
help: the trait `coupled_time_reference::_::_serde::Serialize` is not implemented for `direct_runtime::DirectSnowRuntimeCarry`
    --> crates/openwepp-hillslope-orchestrator/src/direct_runtime/00_core_frames.rs:172:1
     |
 172 | pub struct DirectSnowRuntimeCarry {
     | ^^^^^^^^^^^^^^^^^^^^^^^^^^^^^^^^^
     = note: for local types consider adding `#[derive(serde::Serialize)]` to your `direct_runtime::DirectSnowRuntimeCarry` type
     = note: for types from other crates check whether the crate offers a `serde` feature flag
     = help: the following other types implement trait `coupled_time_reference::_::_serde::Serialize`:
               &'a T
               &'a mut T
               ()
               (T,)
               (T0, T1)
               (T0, T1, T2)
               (T0, T1, T2, T3)
               (T0, T1, T2, T3, T4)
             and 687 others
     = note: required for `&direct_runtime::DirectSnowRuntimeCarry` to implement `coupled_time_reference::_::_serde::Serialize`
note: required by a bound in `to_value`
    --> /workdir/.cache/openwepp/cargo-home/registry/src/index.crates.io-1949cf8c6b5b557f/serde_json-1.0.150/src/value/mod.rs:997:8
     |
 995 | pub fn to_value<T>(value: T) -> Result<Value, Error>
     |        -------- required by a bound in this function
 996 | where
 997 |     T: Serialize,
     |        ^^^^^^^^^ required by this bound in `to_value`
     = note: the full name for the type has been written to '/tmp/openwepp-b01-wb14-default-baseline/debug/deps/openwepp_hillslope_orchestrator-20247ec05875d928.long-type-9276513521162185254.txt'
     = note: consider using `--verbose` to print the full type name to the console
     = note: this error originates in the macro `$crate::json_internal` which comes from the expansion of the macro `serde_json::json` (in Nightly builds, run with -Z macro-backtrace for more info)

error[E0277]: the trait bound `direct_runtime::DirectFrostRuntimeCarry: serde::Serialize` is not satisfied
    --> crates/openwepp-hillslope-orchestrator/src/snow_stage3_v11_current_context_capture.rs:1524:13
     |
1524 | /             serde_json::json!({
1525 | |                 "lane_id": lane.lane_id, "upstream_lane_id": lane.upstream_lane_id,
1526 | |                 "downstream_lane_id": lane.downstream_lane_id,
1527 | |                 "upstream_area_ratio": lane.upstream_area_ratio, "area_m2": lane.area_m2,
...    |
1541 | |                 "day_inputs": lane.day_inputs,
1542 | |             })
     | |              ^
     | |              |
     | |______________unsatisfied trait bound
     |                required by a bound introduced by this call
     |
help: the trait `coupled_time_reference::_::_serde::Serialize` is not implemented for `direct_runtime::DirectFrostRuntimeCarry`
    --> crates/openwepp-hillslope-orchestrator/src/direct_runtime/00_core_frames.rs:252:1
     |
 252 | pub struct DirectFrostRuntimeCarry {
     | ^^^^^^^^^^^^^^^^^^^^^^^^^^^^^^^^^^
     = note: for local types consider adding `#[derive(serde::Serialize)]` to your `direct_runtime::DirectFrostRuntimeCarry` type
     = note: for types from other crates check whether the crate offers a `serde` feature flag
     = help: the following other types implement trait `coupled_time_reference::_::_serde::Serialize`:
               &'a T
               &'a mut T
               ()
               (T,)
               (T0, T1)
               (T0, T1, T2)
               (T0, T1, T2, T3)
               (T0, T1, T2, T3, T4)
             and 687 others
     = note: required for `&direct_runtime::DirectFrostRuntimeCarry` to implement `coupled_time_reference::_::_serde::Serialize`
note: required by a bound in `to_value`
    --> /workdir/.cache/openwepp/cargo-home/registry/src/index.crates.io-1949cf8c6b5b557f/serde_json-1.0.150/src/value/mod.rs:997:8
     |
 995 | pub fn to_value<T>(value: T) -> Result<Value, Error>
     |        -------- required by a bound in this function
 996 | where
 997 |     T: Serialize,
     |        ^^^^^^^^^ required by this bound in `to_value`
     = note: the full name for the type has been written to '/tmp/openwepp-b01-wb14-default-baseline/debug/deps/openwepp_hillslope_orchestrator-20247ec05875d928.long-type-9276513521162185254.txt'
     = note: consider using `--verbose` to print the full type name to the console
     = note: this error originates in the macro `$crate::json_internal` which comes from the expansion of the macro `serde_json::json` (in Nightly builds, run with -Z macro-backtrace for more info)

error[E0277]: the trait bound `direct_runtime::DirectSnowRuntimeCarry: serde::Serialize` is not satisfied
    --> crates/openwepp-hillslope-orchestrator/src/snow_stage3_v11_current_context_capture.rs:1524:13
     |
1524 | /             serde_json::json!({
1525 | |                 "lane_id": lane.lane_id, "upstream_lane_id": lane.upstream_lane_id,
1526 | |                 "downstream_lane_id": lane.downstream_lane_id,
1527 | |                 "upstream_area_ratio": lane.upstream_area_ratio, "area_m2": lane.area_m2,
...    |
1541 | |                 "day_inputs": lane.day_inputs,
1542 | |             })
     | |              ^
     | |              |
     | |______________unsatisfied trait bound
     |                required by a bound introduced by this call
     |
help: the trait `coupled_time_reference::_::_serde::Serialize` is not implemented for `direct_runtime::DirectSnowRuntimeCarry`
    --> crates/openwepp-hillslope-orchestrator/src/direct_runtime/00_core_frames.rs:172:1
     |
 172 | pub struct DirectSnowRuntimeCarry {
     | ^^^^^^^^^^^^^^^^^^^^^^^^^^^^^^^^^
     = note: for local types consider adding `#[derive(serde::Serialize)]` to your `direct_runtime::DirectSnowRuntimeCarry` type
     = note: for types from other crates check whether the crate offers a `serde` feature flag
     = help: the following other types implement trait `coupled_time_reference::_::_serde::Serialize`:
               &'a T
               &'a mut T
               ()
               (T,)
               (T0, T1)
               (T0, T1, T2)
               (T0, T1, T2, T3)
               (T0, T1, T2, T3, T4)
             and 687 others
     = note: required for `std::option::Option<direct_runtime::DirectSnowRuntimeCarry>` to implement `coupled_time_reference::_::_serde::Serialize`
     = note: 1 redundant requirement hidden
     = note: required for `&std::option::Option<direct_runtime::DirectSnowRuntimeCarry>` to implement `coupled_time_reference::_::_serde::Serialize`
note: required by a bound in `to_value`
    --> /workdir/.cache/openwepp/cargo-home/registry/src/index.crates.io-1949cf8c6b5b557f/serde_json-1.0.150/src/value/mod.rs:997:8
     |
 995 | pub fn to_value<T>(value: T) -> Result<Value, Error>
     |        -------- required by a bound in this function
 996 | where
 997 |     T: Serialize,
     |        ^^^^^^^^^ required by this bound in `to_value`
     = note: the full name for the type has been written to '/tmp/openwepp-b01-wb14-default-baseline/debug/deps/openwepp_hillslope_orchestrator-20247ec05875d928.long-type-9276513521162185254.txt'
     = note: consider using `--verbose` to print the full type name to the console
     = note: this error originates in the macro `$crate::json_internal` which comes from the expansion of the macro `serde_json::json` (in Nightly builds, run with -Z macro-backtrace for more info)

error[E0277]: the trait bound `direct_runtime::DirectFrostRuntimeCarry: serde::Serialize` is not satisfied
    --> crates/openwepp-hillslope-orchestrator/src/snow_stage3_v11_current_context_capture.rs:1524:13
     |
1524 | /             serde_json::json!({
1525 | |                 "lane_id": lane.lane_id, "upstream_lane_id": lane.upstream_lane_id,
1526 | |                 "downstream_lane_id": lane.downstream_lane_id,
1527 | |                 "upstream_area_ratio": lane.upstream_area_ratio, "area_m2": lane.area_m2,
...    |
1541 | |                 "day_inputs": lane.day_inputs,
1542 | |             })
     | |              ^
     | |              |
     | |______________unsatisfied trait bound
     |                required by a bound introduced by this call
     |
help: the trait `coupled_time_reference::_::_serde::Serialize` is not implemented for `direct_runtime::DirectFrostRuntimeCarry`
    --> crates/openwepp-hillslope-orchestrator/src/direct_runtime/00_core_frames.rs:252:1
     |
 252 | pub struct DirectFrostRuntimeCarry {
     | ^^^^^^^^^^^^^^^^^^^^^^^^^^^^^^^^^^
     = note: for local types consider adding `#[derive(serde::Serialize)]` to your `direct_runtime::DirectFrostRuntimeCarry` type
     = note: for types from other crates check whether the crate offers a `serde` feature flag
     = help: the following other types implement trait `coupled_time_reference::_::_serde::Serialize`:
               &'a T
               &'a mut T
               ()
               (T,)
               (T0, T1)
               (T0, T1, T2)
               (T0, T1, T2, T3)
               (T0, T1, T2, T3, T4)
             and 687 others
     = note: required for `std::option::Option<direct_runtime::DirectFrostRuntimeCarry>` to implement `coupled_time_reference::_::_serde::Serialize`
     = note: 1 redundant requirement hidden
     = note: required for `&std::option::Option<direct_runtime::DirectFrostRuntimeCarry>` to implement `coupled_time_reference::_::_serde::Serialize`
note: required by a bound in `to_value`
    --> /workdir/.cache/openwepp/cargo-home/registry/src/index.crates.io-1949cf8c6b5b557f/serde_json-1.0.150/src/value/mod.rs:997:8
     |
 995 | pub fn to_value<T>(value: T) -> Result<Value, Error>
     |        -------- required by a bound in this function
 996 | where
 997 |     T: Serialize,
     |        ^^^^^^^^^ required by this bound in `to_value`
     = note: the full name for the type has been written to '/tmp/openwepp-b01-wb14-default-baseline/debug/deps/openwepp_hillslope_orchestrator-20247ec05875d928.long-type-9276513521162185254.txt'
     = note: consider using `--verbose` to print the full type name to the console
     = note: this error originates in the macro `$crate::json_internal` which comes from the expansion of the macro `serde_json::json` (in Nightly builds, run with -Z macro-backtrace for more info)

error[E0277]: the trait bound `direct_runtime::DirectDayConstructorInputs: serde::Serialize` is not satisfied
    --> crates/openwepp-hillslope-orchestrator/src/snow_stage3_v11_current_context_capture.rs:1524:13
     |
1524 | /             serde_json::json!({
1525 | |                 "lane_id": lane.lane_id, "upstream_lane_id": lane.upstream_lane_id,
1526 | |                 "downstream_lane_id": lane.downstream_lane_id,
1527 | |                 "upstream_area_ratio": lane.upstream_area_ratio, "area_m2": lane.area_m2,
...    |
1541 | |                 "day_inputs": lane.day_inputs,
1542 | |             })
     | |              ^
     | |              |
     | |______________unsatisfied trait bound
     |                required by a bound introduced by this call
     |
help: the trait `coupled_time_reference::_::_serde::Serialize` is not implemented for `direct_runtime::DirectDayConstructorInputs`
    --> crates/openwepp-hillslope-orchestrator/src/direct_runtime/00_core_frames.rs:508:1
     |
 508 | pub struct DirectDayConstructorInputs {
     | ^^^^^^^^^^^^^^^^^^^^^^^^^^^^^^^^^^^^^
     = note: for local types consider adding `#[derive(serde::Serialize)]` to your `direct_runtime::DirectDayConstructorInputs` type
     = note: for types from other crates check whether the crate offers a `serde` feature flag
     = help: the following other types implement trait `coupled_time_reference::_::_serde::Serialize`:
               &'a T
               &'a mut T
               ()
               (T,)
               (T0, T1)
               (T0, T1, T2)
               (T0, T1, T2, T3)
               (T0, T1, T2, T3, T4)
             and 687 others
     = note: required for `Vec<direct_runtime::DirectDayConstructorInputs>` to implement `coupled_time_reference::_::_serde::Serialize`
     = note: 1 redundant requirement hidden
     = note: required for `&Vec<direct_runtime::DirectDayConstructorInputs>` to implement `coupled_time_reference::_::_serde::Serialize`
note: required by a bound in `to_value`
    --> /workdir/.cache/openwepp/cargo-home/registry/src/index.crates.io-1949cf8c6b5b557f/serde_json-1.0.150/src/value/mod.rs:997:8
     |
 995 | pub fn to_value<T>(value: T) -> Result<Value, Error>
     |        -------- required by a bound in this function
 996 | where
 997 |     T: Serialize,
     |        ^^^^^^^^^ required by this bound in `to_value`
     = note: the full name for the type has been written to '/tmp/openwepp-b01-wb14-default-baseline/debug/deps/openwepp_hillslope_orchestrator-20247ec05875d928.long-type-9276513521162185254.txt'
     = note: consider using `--verbose` to print the full type name to the console
     = note: this error originates in the macro `$crate::json_internal` which comes from the expansion of the macro `serde_json::json` (in Nightly builds, run with -Z macro-backtrace for more info)

error[E0599]: no method named `diagnostic_native_lane_maps_v1` found for reference `&&v9_real_consumer_shadow::DirectV10RealConsumerShadow` in the current scope
    --> crates/openwepp-hillslope-orchestrator/src/snow_stage3_v11_current_context_capture.rs:1672:37
     |
1672 |     let native_lane_maps = consumer.diagnostic_native_lane_maps_v1();
     |                                     ^^^^^^^^^^^^^^^^^^^^^^^^^^^^^^ method not found in `&&v9_real_consumer_shadow::DirectV10RealConsumerShadow`

error[E0599]: no method named `diagnostic_native_soil_v2` found for reference `&&v9_real_consumer_shadow::DirectV10RealConsumerShadow` in the current scope
    --> crates/openwepp-hillslope-orchestrator/src/snow_stage3_v11_current_context_capture.rs:1674:10
     |
1673 |       let native_soil = consumer
     |  _______________________-
1674 | |         .diagnostic_native_soil_v2()
     | |         -^^^^^^^^^^^^^^^^^^^^^^^^^ method not found in `&&v9_real_consumer_shadow::DirectV10RealConsumerShadow`
     | |_________|
     |

error[E0599]: no method named `diagnostic_hydrology_constructor_inputs_v1` found for reference `&&v9_real_consumer_shadow::DirectV10RealConsumerShadow` in the current scope
    --> crates/openwepp-hillslope-orchestrator/src/snow_stage3_v11_current_context_capture.rs:1681:10
     |
1680 |       let native_hydrology_constructor_inputs = consumer
     |  _______________________________________________-
1681 | |         .diagnostic_hydrology_constructor_inputs_v1()
     | |         -^^^^^^^^^^^^^^^^^^^^^^^^^^^^^^^^^^^^^^^^^^ method not found in `&&v9_real_consumer_shadow::DirectV10RealConsumerShadow`
     | |_________|
     |

error[E0599]: no method named `restart_authority_hydrology_frame` found for reference `&&v9_real_consumer_shadow::DirectV10RealConsumerShadow` in the current scope
    --> crates/openwepp-hillslope-orchestrator/src/snow_stage3_v11_current_context_capture.rs:1684:18
     |
1684 |         consumer.restart_authority_hydrology_frame(),
     |                  ^^^^^^^^^^^^^^^^^^^^^^^^^^^^^^^^^ method not found in `&&v9_real_consumer_shadow::DirectV10RealConsumerShadow`

error[E0599]: no method named `diagnostic_native_consumer_constructor_operands_v1` found for reference `&&v9_real_consumer_shadow::DirectV10RealConsumerShadow` in the current scope
    --> crates/openwepp-hillslope-orchestrator/src/snow_stage3_v11_current_context_capture.rs:1689:10
     |
1688 |       let native_consumer_constructor_operands = consumer
     |  ________________________________________________-
1689 | |         .diagnostic_native_consumer_constructor_operands_v1()
     | |         -^^^^^^^^^^^^^^^^^^^^^^^^^^^^^^^^^^^^^^^^^^^^^^^^^^ method not found in `&&v9_real_consumer_shadow::DirectV10RealConsumerShadow`
     | |_________|
     |

error[E0277]: the trait bound `direct_runtime::DirectPublicationFrame: serde::Serialize` is not satisfied
    --> crates/openwepp-hillslope-orchestrator/src/snow_stage3_v11_current_context_capture.rs:1948:13
     |
1948 | /             serde_json::json!({
1949 | |                 "lane_id": lane.lane_id, "upstream_lane_id": lane.upstream_lane_id,
1950 | |                 "downstream_lane_id": lane.downstream_lane_id,
1951 | |                 "upstream_area_ratio": lane.upstream_area_ratio, "area_m2": lane.area_m2,
...    |
1965 | |                 "day_inputs": lane.day_inputs,
1966 | |             })
     | |              ^
     | |              |
     | |______________unsatisfied trait bound
     |                required by a bound introduced by this call
     |
help: the trait `coupled_time_reference::_::_serde::Serialize` is not implemented for `direct_runtime::DirectPublicationFrame`
    --> crates/openwepp-hillslope-orchestrator/src/direct_runtime/01_publication.rs:3:1
     |
   3 | pub struct DirectPublicationFrame {
     | ^^^^^^^^^^^^^^^^^^^^^^^^^^^^^^^^^
     = note: for local types consider adding `#[derive(serde::Serialize)]` to your `direct_runtime::DirectPublicationFrame` type
     = note: for types from other crates check whether the crate offers a `serde` feature flag
     = help: the following other types implement trait `coupled_time_reference::_::_serde::Serialize`:
               &'a T
               &'a mut T
               ()
               (T,)
               (T0, T1)
               (T0, T1, T2)
               (T0, T1, T2, T3)
               (T0, T1, T2, T3, T4)
             and 687 others
     = note: required for `&direct_runtime::DirectPublicationFrame` to implement `coupled_time_reference::_::_serde::Serialize`
note: required by a bound in `to_value`
    --> /workdir/.cache/openwepp/cargo-home/registry/src/index.crates.io-1949cf8c6b5b557f/serde_json-1.0.150/src/value/mod.rs:997:8
     |
 995 | pub fn to_value<T>(value: T) -> Result<Value, Error>
     |        -------- required by a bound in this function
 996 | where
 997 |     T: Serialize,
     |        ^^^^^^^^^ required by this bound in `to_value`
     = note: the full name for the type has been written to '/tmp/openwepp-b01-wb14-default-baseline/debug/deps/openwepp_hillslope_orchestrator-20247ec05875d928.long-type-9276513521162185254.txt'
     = note: consider using `--verbose` to print the full type name to the console
     = note: this error originates in the macro `$crate::json_internal` which comes from the expansion of the macro `serde_json::json` (in Nightly builds, run with -Z macro-backtrace for more info)

error[E0277]: the trait bound `subsurface::DirectSubsurfaceLayerState: serde::Serialize` is not satisfied
    --> crates/openwepp-hillslope-orchestrator/src/snow_stage3_v11_current_context_capture.rs:1948:13
     |
1948 | /             serde_json::json!({
1949 | |                 "lane_id": lane.lane_id, "upstream_lane_id": lane.upstream_lane_id,
1950 | |                 "downstream_lane_id": lane.downstream_lane_id,
1951 | |                 "upstream_area_ratio": lane.upstream_area_ratio, "area_m2": lane.area_m2,
...    |
1965 | |                 "day_inputs": lane.day_inputs,
1966 | |             })
     | |              ^
     | |              |
     | |______________unsatisfied trait bound
     |                required by a bound introduced by this call
     |
help: the trait `coupled_time_reference::_::_serde::Serialize` is not implemented for `subsurface::DirectSubsurfaceLayerState`
    --> crates/openwepp-hillslope-orchestrator/src/direct_runtime/subsurface.rs:713:1
     |
 713 | pub struct DirectSubsurfaceLayerState {
     | ^^^^^^^^^^^^^^^^^^^^^^^^^^^^^^^^^^^^^
     = note: for local types consider adding `#[derive(serde::Serialize)]` to your `subsurface::DirectSubsurfaceLayerState` type
     = note: for types from other crates check whether the crate offers a `serde` feature flag
     = help: the following other types implement trait `coupled_time_reference::_::_serde::Serialize`:
               &'a T
               &'a mut T
               ()
               (T,)
               (T0, T1)
               (T0, T1, T2)
               (T0, T1, T2, T3)
               (T0, T1, T2, T3, T4)
             and 687 others
     = note: required for `Vec<subsurface::DirectSubsurfaceLayerState>` to implement `coupled_time_reference::_::_serde::Serialize`
     = note: 1 redundant requirement hidden
     = note: required for `&Vec<subsurface::DirectSubsurfaceLayerState>` to implement `coupled_time_reference::_::_serde::Serialize`
note: required by a bound in `to_value`
    --> /workdir/.cache/openwepp/cargo-home/registry/src/index.crates.io-1949cf8c6b5b557f/serde_json-1.0.150/src/value/mod.rs:997:8
     |
 995 | pub fn to_value<T>(value: T) -> Result<Value, Error>
     |        -------- required by a bound in this function
 996 | where
 997 |     T: Serialize,
     |        ^^^^^^^^^ required by this bound in `to_value`
     = note: the full name for the type has been written to '/tmp/openwepp-b01-wb14-default-baseline/debug/deps/openwepp_hillslope_orchestrator-20247ec05875d928.long-type-9276513521162185254.txt'
     = note: consider using `--verbose` to print the full type name to the console
     = note: this error originates in the macro `$crate::json_internal` which comes from the expansion of the macro `serde_json::json` (in Nightly builds, run with -Z macro-backtrace for more info)

error[E0277]: the trait bound `evapotranspiration::DirectEvapotranspirationStageState: serde::Serialize` is not satisfied
    --> crates/openwepp-hillslope-orchestrator/src/snow_stage3_v11_current_context_capture.rs:1948:13
     |
1948 | /             serde_json::json!({
1949 | |                 "lane_id": lane.lane_id, "upstream_lane_id": lane.upstream_lane_id,
1950 | |                 "downstream_lane_id": lane.downstream_lane_id,
1951 | |                 "upstream_area_ratio": lane.upstream_area_ratio, "area_m2": lane.area_m2,
...    |
1965 | |                 "day_inputs": lane.day_inputs,
1966 | |             })
     | |              ^
     | |              |
     | |______________unsatisfied trait bound
     |                required by a bound introduced by this call
     |
help: the trait `coupled_time_reference::_::_serde::Serialize` is not implemented for `evapotranspiration::DirectEvapotranspirationStageState`
    --> crates/openwepp-hillslope-orchestrator/src/direct_runtime/evapotranspiration.rs:605:1
     |
 605 | pub struct DirectEvapotranspirationStageState {
     | ^^^^^^^^^^^^^^^^^^^^^^^^^^^^^^^^^^^^^^^^^^^^^
     = note: for local types consider adding `#[derive(serde::Serialize)]` to your `evapotranspiration::DirectEvapotranspirationStageState` type
     = note: for types from other crates check whether the crate offers a `serde` feature flag
     = help: the following other types implement trait `coupled_time_reference::_::_serde::Serialize`:
               &'a T
               &'a mut T
               ()
               (T,)
               (T0, T1)
               (T0, T1, T2)
               (T0, T1, T2, T3)
               (T0, T1, T2, T3, T4)
             and 687 others
     = note: required for `Box<evapotranspiration::DirectEvapotranspirationStageState>` to implement `coupled_time_reference::_::_serde::Serialize`
     = note: 2 redundant requirements hidden
     = note: required for `&std::option::Option<Box<evapotranspiration::DirectEvapotranspirationStageState>>` to implement `coupled_time_reference::_::_serde::Serialize`
note: required by a bound in `to_value`
    --> /workdir/.cache/openwepp/cargo-home/registry/src/index.crates.io-1949cf8c6b5b557f/serde_json-1.0.150/src/value/mod.rs:997:8
     |
 995 | pub fn to_value<T>(value: T) -> Result<Value, Error>
     |        -------- required by a bound in this function
 996 | where
 997 |     T: Serialize,
     |        ^^^^^^^^^ required by this bound in `to_value`
     = note: the full name for the type has been written to '/tmp/openwepp-b01-wb14-default-baseline/debug/deps/openwepp_hillslope_orchestrator-20247ec05875d928.long-type-9276513521162185254.txt'
     = note: consider using `--verbose` to print the full type name to the console
     = note: this error originates in the macro `$crate::json_internal` which comes from the expansion of the macro `serde_json::json` (in Nightly builds, run with -Z macro-backtrace for more info)

error[E0277]: the trait bound `growth::DirectGrowthStateSurface: serde::Serialize` is not satisfied
    --> crates/openwepp-hillslope-orchestrator/src/snow_stage3_v11_current_context_capture.rs:1948:13
     |
1948 | /             serde_json::json!({
1949 | |                 "lane_id": lane.lane_id, "upstream_lane_id": lane.upstream_lane_id,
1950 | |                 "downstream_lane_id": lane.downstream_lane_id,
1951 | |                 "upstream_area_ratio": lane.upstream_area_ratio, "area_m2": lane.area_m2,
...    |
1965 | |                 "day_inputs": lane.day_inputs,
1966 | |             })
     | |              ^
     | |              |
     | |______________unsatisfied trait bound
     |                required by a bound introduced by this call
     |
help: the trait `coupled_time_reference::_::_serde::Serialize` is not implemented for `growth::DirectGrowthStateSurface`
    --> crates/openwepp-hillslope-orchestrator/src/direct_runtime/growth.rs:361:1
     |
 361 | pub struct DirectGrowthStateSurface {
     | ^^^^^^^^^^^^^^^^^^^^^^^^^^^^^^^^^^^
     = note: for local types consider adding `#[derive(serde::Serialize)]` to your `growth::DirectGrowthStateSurface` type
     = note: for types from other crates check whether the crate offers a `serde` feature flag
     = help: the following other types implement trait `coupled_time_reference::_::_serde::Serialize`:
               &'a T
               &'a mut T
               ()
               (T,)
               (T0, T1)
               (T0, T1, T2)
               (T0, T1, T2, T3)
               (T0, T1, T2, T3, T4)
             and 687 others
     = note: required for `Box<growth::DirectGrowthStateSurface>` to implement `coupled_time_reference::_::_serde::Serialize`
     = note: 1 redundant requirement hidden
     = note: required for `&Box<growth::DirectGrowthStateSurface>` to implement `coupled_time_reference::_::_serde::Serialize`
note: required by a bound in `to_value`
    --> /workdir/.cache/openwepp/cargo-home/registry/src/index.crates.io-1949cf8c6b5b557f/serde_json-1.0.150/src/value/mod.rs:997:8
     |
 995 | pub fn to_value<T>(value: T) -> Result<Value, Error>
     |        -------- required by a bound in this function
 996 | where
 997 |     T: Serialize,
     |        ^^^^^^^^^ required by this bound in `to_value`
     = note: the full name for the type has been written to '/tmp/openwepp-b01-wb14-default-baseline/debug/deps/openwepp_hillslope_orchestrator-20247ec05875d928.long-type-9276513521162185254.txt'
     = note: consider using `--verbose` to print the full type name to the console
     = note: this error originates in the macro `$crate::json_internal` which comes from the expansion of the macro `serde_json::json` (in Nightly builds, run with -Z macro-backtrace for more info)

error[E0277]: the trait bound `direct_runtime::DirectSnowRuntimeCarry: serde::Serialize` is not satisfied
    --> crates/openwepp-hillslope-orchestrator/src/snow_stage3_v11_current_context_capture.rs:1948:13
     |
1948 | /             serde_json::json!({
1949 | |                 "lane_id": lane.lane_id, "upstream_lane_id": lane.upstream_lane_id,
1950 | |                 "downstream_lane_id": lane.downstream_lane_id,
1951 | |                 "upstream_area_ratio": lane.upstream_area_ratio, "area_m2": lane.area_m2,
...    |
1965 | |                 "day_inputs": lane.day_inputs,
1966 | |             })
     | |              ^
     | |              |
     | |______________unsatisfied trait bound
     |                required by a bound introduced by this call
     |
help: the trait `coupled_time_reference::_::_serde::Serialize` is not implemented for `direct_runtime::DirectSnowRuntimeCarry`
    --> crates/openwepp-hillslope-orchestrator/src/direct_runtime/00_core_frames.rs:172:1
     |
 172 | pub struct DirectSnowRuntimeCarry {
     | ^^^^^^^^^^^^^^^^^^^^^^^^^^^^^^^^^
     = note: for local types consider adding `#[derive(serde::Serialize)]` to your `direct_runtime::DirectSnowRuntimeCarry` type
     = note: for types from other crates check whether the crate offers a `serde` feature flag
     = help: the following other types implement trait `coupled_time_reference::_::_serde::Serialize`:
               &'a T
               &'a mut T
               ()
               (T,)
               (T0, T1)
               (T0, T1, T2)
               (T0, T1, T2, T3)
               (T0, T1, T2, T3, T4)
             and 687 others
     = note: required for `&direct_runtime::DirectSnowRuntimeCarry` to implement `coupled_time_reference::_::_serde::Serialize`
note: required by a bound in `to_value`
    --> /workdir/.cache/openwepp/cargo-home/registry/src/index.crates.io-1949cf8c6b5b557f/serde_json-1.0.150/src/value/mod.rs:997:8
     |
 995 | pub fn to_value<T>(value: T) -> Result<Value, Error>
     |        -------- required by a bound in this function
 996 | where
 997 |     T: Serialize,
     |        ^^^^^^^^^ required by this bound in `to_value`
     = note: the full name for the type has been written to '/tmp/openwepp-b01-wb14-default-baseline/debug/deps/openwepp_hillslope_orchestrator-20247ec05875d928.long-type-9276513521162185254.txt'
     = note: consider using `--verbose` to print the full type name to the console
     = note: this error originates in the macro `$crate::json_internal` which comes from the expansion of the macro `serde_json::json` (in Nightly builds, run with -Z macro-backtrace for more info)

error[E0277]: the trait bound `direct_runtime::DirectFrostRuntimeCarry: serde::Serialize` is not satisfied
    --> crates/openwepp-hillslope-orchestrator/src/snow_stage3_v11_current_context_capture.rs:1948:13
     |
1948 | /             serde_json::json!({
1949 | |                 "lane_id": lane.lane_id, "upstream_lane_id": lane.upstream_lane_id,
1950 | |                 "downstream_lane_id": lane.downstream_lane_id,
1951 | |                 "upstream_area_ratio": lane.upstream_area_ratio, "area_m2": lane.area_m2,
...    |
1965 | |                 "day_inputs": lane.day_inputs,
1966 | |             })
     | |              ^
     | |              |
     | |______________unsatisfied trait bound
     |                required by a bound introduced by this call
     |
help: the trait `coupled_time_reference::_::_serde::Serialize` is not implemented for `direct_runtime::DirectFrostRuntimeCarry`
    --> crates/openwepp-hillslope-orchestrator/src/direct_runtime/00_core_frames.rs:252:1
     |
 252 | pub struct DirectFrostRuntimeCarry {
     | ^^^^^^^^^^^^^^^^^^^^^^^^^^^^^^^^^^
     = note: for local types consider adding `#[derive(serde::Serialize)]` to your `direct_runtime::DirectFrostRuntimeCarry` type
     = note: for types from other crates check whether the crate offers a `serde` feature flag
     = help: the following other types implement trait `coupled_time_reference::_::_serde::Serialize`:
               &'a T
               &'a mut T
               ()
               (T,)
               (T0, T1)
               (T0, T1, T2)
               (T0, T1, T2, T3)
               (T0, T1, T2, T3, T4)
             and 687 others
     = note: required for `&direct_runtime::DirectFrostRuntimeCarry` to implement `coupled_time_reference::_::_serde::Serialize`
note: required by a bound in `to_value`
    --> /workdir/.cache/openwepp/cargo-home/registry/src/index.crates.io-1949cf8c6b5b557f/serde_json-1.0.150/src/value/mod.rs:997:8
     |
 995 | pub fn to_value<T>(value: T) -> Result<Value, Error>
     |        -------- required by a bound in this function
 996 | where
 997 |     T: Serialize,
     |        ^^^^^^^^^ required by this bound in `to_value`
     = note: the full name for the type has been written to '/tmp/openwepp-b01-wb14-default-baseline/debug/deps/openwepp_hillslope_orchestrator-20247ec05875d928.long-type-9276513521162185254.txt'
     = note: consider using `--verbose` to print the full type name to the console
     = note: this error originates in the macro `$crate::json_internal` which comes from the expansion of the macro `serde_json::json` (in Nightly builds, run with -Z macro-backtrace for more info)

error[E0277]: the trait bound `direct_runtime::DirectSnowRuntimeCarry: serde::Serialize` is not satisfied
    --> crates/openwepp-hillslope-orchestrator/src/snow_stage3_v11_current_context_capture.rs:1948:13
     |
1948 | /             serde_json::json!({
1949 | |                 "lane_id": lane.lane_id, "upstream_lane_id": lane.upstream_lane_id,
1950 | |                 "downstream_lane_id": lane.downstream_lane_id,
1951 | |                 "upstream_area_ratio": lane.upstream_area_ratio, "area_m2": lane.area_m2,
...    |
1965 | |                 "day_inputs": lane.day_inputs,
1966 | |             })
     | |              ^
     | |              |
     | |______________unsatisfied trait bound
     |                required by a bound introduced by this call
     |
help: the trait `coupled_time_reference::_::_serde::Serialize` is not implemented for `direct_runtime::DirectSnowRuntimeCarry`
    --> crates/openwepp-hillslope-orchestrator/src/direct_runtime/00_core_frames.rs:172:1
     |
 172 | pub struct DirectSnowRuntimeCarry {
     | ^^^^^^^^^^^^^^^^^^^^^^^^^^^^^^^^^
     = note: for local types consider adding `#[derive(serde::Serialize)]` to your `direct_runtime::DirectSnowRuntimeCarry` type
     = note: for types from other crates check whether the crate offers a `serde` feature flag
     = help: the following other types implement trait `coupled_time_reference::_::_serde::Serialize`:
               &'a T
               &'a mut T
               ()
               (T,)
               (T0, T1)
               (T0, T1, T2)
               (T0, T1, T2, T3)
               (T0, T1, T2, T3, T4)
             and 687 others
     = note: required for `std::option::Option<direct_runtime::DirectSnowRuntimeCarry>` to implement `coupled_time_reference::_::_serde::Serialize`
     = note: 1 redundant requirement hidden
     = note: required for `&std::option::Option<direct_runtime::DirectSnowRuntimeCarry>` to implement `coupled_time_reference::_::_serde::Serialize`
note: required by a bound in `to_value`
    --> /workdir/.cache/openwepp/cargo-home/registry/src/index.crates.io-1949cf8c6b5b557f/serde_json-1.0.150/src/value/mod.rs:997:8
     |
 995 | pub fn to_value<T>(value: T) -> Result<Value, Error>
     |        -------- required by a bound in this function
 996 | where
 997 |     T: Serialize,
     |        ^^^^^^^^^ required by this bound in `to_value`
     = note: the full name for the type has been written to '/tmp/openwepp-b01-wb14-default-baseline/debug/deps/openwepp_hillslope_orchestrator-20247ec05875d928.long-type-9276513521162185254.txt'
     = note: consider using `--verbose` to print the full type name to the console
     = note: this error originates in the macro `$crate::json_internal` which comes from the expansion of the macro `serde_json::json` (in Nightly builds, run with -Z macro-backtrace for more info)

error[E0277]: the trait bound `direct_runtime::DirectFrostRuntimeCarry: serde::Serialize` is not satisfied
    --> crates/openwepp-hillslope-orchestrator/src/snow_stage3_v11_current_context_capture.rs:1948:13
     |
1948 | /             serde_json::json!({
1949 | |                 "lane_id": lane.lane_id, "upstream_lane_id": lane.upstream_lane_id,
1950 | |                 "downstream_lane_id": lane.downstream_lane_id,
1951 | |                 "upstream_area_ratio": lane.upstream_area_ratio, "area_m2": lane.area_m2,
...    |
1965 | |                 "day_inputs": lane.day_inputs,
1966 | |             })
     | |              ^
     | |              |
     | |______________unsatisfied trait bound
     |                required by a bound introduced by this call
     |
help: the trait `coupled_time_reference::_::_serde::Serialize` is not implemented for `direct_runtime::DirectFrostRuntimeCarry`
    --> crates/openwepp-hillslope-orchestrator/src/direct_runtime/00_core_frames.rs:252:1
     |
 252 | pub struct DirectFrostRuntimeCarry {
     | ^^^^^^^^^^^^^^^^^^^^^^^^^^^^^^^^^^
     = note: for local types consider adding `#[derive(serde::Serialize)]` to your `direct_runtime::DirectFrostRuntimeCarry` type
     = note: for types from other crates check whether the crate offers a `serde` feature flag
     = help: the following other types implement trait `coupled_time_reference::_::_serde::Serialize`:
               &'a T
               &'a mut T
               ()
               (T,)
               (T0, T1)
               (T0, T1, T2)
               (T0, T1, T2, T3)
               (T0, T1, T2, T3, T4)
             and 687 others
     = note: required for `std::option::Option<direct_runtime::DirectFrostRuntimeCarry>` to implement `coupled_time_reference::_::_serde::Serialize`
     = note: 1 redundant requirement hidden
     = note: required for `&std::option::Option<direct_runtime::DirectFrostRuntimeCarry>` to implement `coupled_time_reference::_::_serde::Serialize`
note: required by a bound in `to_value`
    --> /workdir/.cache/openwepp/cargo-home/registry/src/index.crates.io-1949cf8c6b5b557f/serde_json-1.0.150/src/value/mod.rs:997:8
     |
 995 | pub fn to_value<T>(value: T) -> Result<Value, Error>
     |        -------- required by a bound in this function
 996 | where
 997 |     T: Serialize,
     |        ^^^^^^^^^ required by this bound in `to_value`
     = note: the full name for the type has been written to '/tmp/openwepp-b01-wb14-default-baseline/debug/deps/openwepp_hillslope_orchestrator-20247ec05875d928.long-type-9276513521162185254.txt'
     = note: consider using `--verbose` to print the full type name to the console
     = note: this error originates in the macro `$crate::json_internal` which comes from the expansion of the macro `serde_json::json` (in Nightly builds, run with -Z macro-backtrace for more info)

error[E0277]: the trait bound `direct_runtime::DirectDayConstructorInputs: serde::Serialize` is not satisfied
    --> crates/openwepp-hillslope-orchestrator/src/snow_stage3_v11_current_context_capture.rs:1948:13
     |
1948 | /             serde_json::json!({
1949 | |                 "lane_id": lane.lane_id, "upstream_lane_id": lane.upstream_lane_id,
1950 | |                 "downstream_lane_id": lane.downstream_lane_id,
1951 | |                 "upstream_area_ratio": lane.upstream_area_ratio, "area_m2": lane.area_m2,
...    |
1965 | |                 "day_inputs": lane.day_inputs,
1966 | |             })
     | |              ^
     | |              |
     | |______________unsatisfied trait bound
     |                required by a bound introduced by this call
     |
help: the trait `coupled_time_reference::_::_serde::Serialize` is not implemented for `direct_runtime::DirectDayConstructorInputs`
    --> crates/openwepp-hillslope-orchestrator/src/direct_runtime/00_core_frames.rs:508:1
     |
 508 | pub struct DirectDayConstructorInputs {
     | ^^^^^^^^^^^^^^^^^^^^^^^^^^^^^^^^^^^^^
     = note: for local types consider adding `#[derive(serde::Serialize)]` to your `direct_runtime::DirectDayConstructorInputs` type
     = note: for types from other crates check whether the crate offers a `serde` feature flag
     = help: the following other types implement trait `coupled_time_reference::_::_serde::Serialize`:
               &'a T
               &'a mut T
               ()
               (T,)
               (T0, T1)
               (T0, T1, T2)
               (T0, T1, T2, T3)
               (T0, T1, T2, T3, T4)
             and 687 others
     = note: required for `Vec<direct_runtime::DirectDayConstructorInputs>` to implement `coupled_time_reference::_::_serde::Serialize`
     = note: 1 redundant requirement hidden
     = note: required for `&Vec<direct_runtime::DirectDayConstructorInputs>` to implement `coupled_time_reference::_::_serde::Serialize`
note: required by a bound in `to_value`
    --> /workdir/.cache/openwepp/cargo-home/registry/src/index.crates.io-1949cf8c6b5b557f/serde_json-1.0.150/src/value/mod.rs:997:8
     |
 995 | pub fn to_value<T>(value: T) -> Result<Value, Error>
     |        -------- required by a bound in this function
 996 | where
 997 |     T: Serialize,
     |        ^^^^^^^^^ required by this bound in `to_value`
     = note: the full name for the type has been written to '/tmp/openwepp-b01-wb14-default-baseline/debug/deps/openwepp_hillslope_orchestrator-20247ec05875d928.long-type-9276513521162185254.txt'
     = note: consider using `--verbose` to print the full type name to the console
     = note: this error originates in the macro `$crate::json_internal` which comes from the expansion of the macro `serde_json::json` (in Nightly builds, run with -Z macro-backtrace for more info)

error[E0277]: the trait bound `subsurface::DirectSubsurfaceLayerState: serde::Serialize` is not satisfied
    --> crates/openwepp-hillslope-orchestrator/src/snow_stage3_v11_current_context_capture.rs:1993:21
     |
1993 |           .map(|lane| serde_json::json!({
     |  _____________________^
1994 | |             "water": [lane.water.soil_water_m, lane.water.infiltration_m, lane.water.runoff_m,
1995 | |                 lane.water.evapotranspiration_m, lane.water.drainage_m, lane.water.lateral_flow_m],
1996 | |             "subsurface_layers": lane.subsurface_layers,
...    |
2003 | |                 lane.publication.lateral_flow_m],
2004 | |         }))
     | |          ^
     | |          |
     | |__________unsatisfied trait bound
     |            required by a bound introduced by this call
     |
help: the trait `coupled_time_reference::_::_serde::Serialize` is not implemented for `subsurface::DirectSubsurfaceLayerState`
    --> crates/openwepp-hillslope-orchestrator/src/direct_runtime/subsurface.rs:713:1
     |
 713 | pub struct DirectSubsurfaceLayerState {
     | ^^^^^^^^^^^^^^^^^^^^^^^^^^^^^^^^^^^^^
     = note: for local types consider adding `#[derive(serde::Serialize)]` to your `subsurface::DirectSubsurfaceLayerState` type
     = note: for types from other crates check whether the crate offers a `serde` feature flag
     = help: the following other types implement trait `coupled_time_reference::_::_serde::Serialize`:
               &'a T
               &'a mut T
               ()
               (T,)
               (T0, T1)
               (T0, T1, T2)
               (T0, T1, T2, T3)
               (T0, T1, T2, T3, T4)
             and 687 others
     = note: required for `Vec<subsurface::DirectSubsurfaceLayerState>` to implement `coupled_time_reference::_::_serde::Serialize`
     = note: 1 redundant requirement hidden
     = note: required for `&Vec<subsurface::DirectSubsurfaceLayerState>` to implement `coupled_time_reference::_::_serde::Serialize`
note: required by a bound in `to_value`
    --> /workdir/.cache/openwepp/cargo-home/registry/src/index.crates.io-1949cf8c6b5b557f/serde_json-1.0.150/src/value/mod.rs:997:8
     |
 995 | pub fn to_value<T>(value: T) -> Result<Value, Error>
     |        -------- required by a bound in this function
 996 | where
 997 |     T: Serialize,
     |        ^^^^^^^^^ required by this bound in `to_value`
     = note: the full name for the type has been written to '/tmp/openwepp-b01-wb14-default-baseline/debug/deps/openwepp_hillslope_orchestrator-20247ec05875d928.long-type-9276513521162185254.txt'
     = note: consider using `--verbose` to print the full type name to the console
     = note: this error originates in the macro `$crate::json_internal` which comes from the expansion of the macro `serde_json::json` (in Nightly builds, run with -Z macro-backtrace for more info)

error[E0599]: no method named `diagnostic_native_consumer_constructor_operands_v1` found for reference `&v9_real_consumer_shadow::DirectV10RealConsumerShadow` in the current scope
    --> crates/openwepp-hillslope-orchestrator/src/snow_stage3_v11_current_context_capture.rs:2382:64
     |
2382 | ...ctor_operands": input.consumer.diagnostic_native_consumer_constructor_operands_v1().expect("test live native consumer operands"),
     |                                   ^^^^^^^^^^^^^^^^^^^^^^^^^^^^^^^^^^^^^^^^^^^^^^^^^^ method not found in `&v9_real_consumer_shadow::DirectV10RealConsumerShadow`

error[E0599]: no method named `diagnostic_native_lane_maps_v1` found for reference `&v9_real_consumer_shadow::DirectV10RealConsumerShadow` in the current scope
    --> crates/openwepp-hillslope-orchestrator/src/snow_stage3_v11_current_context_capture.rs:2395:64
     |
2395 |         "native_lane_map_constructor_operands": input.consumer.diagnostic_native_lane_maps_v1(),
     |                                                                ^^^^^^^^^^^^^^^^^^^^^^^^^^^^^^ method not found in `&v9_real_consumer_shadow::DirectV10RealConsumerShadow`

error[E0599]: no method named `diagnostic_native_soil_v2` found for reference `&v9_real_consumer_shadow::DirectV10RealConsumerShadow` in the current scope
    --> crates/openwepp-hillslope-orchestrator/src/snow_stage3_v11_current_context_capture.rs:2396:63
     |
2396 | ...put.consumer.diagnostic_native_soil_v2().expect("test live native soil diagnostics"),
     |                 ^^^^^^^^^^^^^^^^^^^^^^^^^ method not found in `&v9_real_consumer_shadow::DirectV10RealConsumerShadow`

error[E0599]: no method named `restart_authority_hydrology_frame` found for reference `&v9_real_consumer_shadow::DirectV10RealConsumerShadow` in the current scope
    --> crates/openwepp-hillslope-orchestrator/src/snow_stage3_v11_current_context_capture.rs:2397:121
     |
2397 | ...consumer.restart_authority_hydrology_frame(), &input.context.surface_liquid_configuration).expect("test live hydrology frame dy...
     |             ^^^^^^^^^^^^^^^^^^^^^^^^^^^^^^^^^ method not found in `&v9_real_consumer_shadow::DirectV10RealConsumerShadow`

error[E0599]: no method named `diagnostic_hydrology_constructor_inputs_v1` found for reference `&v9_real_consumer_shadow::DirectV10RealConsumerShadow` in the current scope
    --> crates/openwepp-hillslope-orchestrator/src/snow_stage3_v11_current_context_capture.rs:2398:110
     |
2398 | ...mer.diagnostic_hydrology_constructor_inputs_v1().expect("test live hydrology constructor pin").as_ref()),
     |        ^^^^^^^^^^^^^^^^^^^^^^^^^^^^^^^^^^^^^^^^^^ method not found in `&v9_real_consumer_shadow::DirectV10RealConsumerShadow`

Some errors have detailed explanations: E0277, E0425, E0599.
For more information about an error, try `rustc --explain E0277`.
warning: `openwepp-hillslope-orchestrator` (lib test) generated 2 warnings
error: could not compile `openwepp-hillslope-orchestrator` (lib test) due to 61 previous errors; 2 warnings emitted
