warning: Git tree '/workdir/openWEPP' is dirty
openWEPP Nix shell
  target:  /workdir/.cache/openwepp/targets/openWEPP-295c6e060aa9
  scratch: /tmp/openwepp-roger-openWEPP-295c6e060aa9
  cache:   /workdir/.cache/openwepp
    Checking openwepp-hillslope-orchestrator v0.1.0 (/tmp/openwepp-b01-cycle-20260910/working019/crates/openwepp-hillslope-orchestrator)
warning: method `accept_native_snow_publication` is never used
   --> crates/openwepp-hillslope-orchestrator/src/v9_real_consumer_shadow/frozen_litter_v3_adoption.rs:627:19
    |
196 | impl FrozenLitterV3Resident {
    | --------------------------- method in this implementation
...
627 |     pub(super) fn accept_native_snow_publication(
    |                   ^^^^^^^^^^^^^^^^^^^^^^^^^^^^^^
    |
    = note: `#[warn(dead_code)]` (part of `#[warn(unused)]`) on by default

warning: method `accept_native_snow_publication` is never used
   --> crates/openwepp-hillslope-orchestrator/src/v9_real_consumer_shadow/frozen_litter_v4_adoption.rs:531:19
    |
351 | impl FrozenLitterV4Resident {
    | --------------------------- method in this implementation
...
531 |     pub(super) fn accept_native_snow_publication(
    |                   ^^^^^^^^^^^^^^^^^^^^^^^^^^^^^^

warning: associated function `try_new` is never used
   --> crates/openwepp-hillslope-orchestrator/src/v9_real_consumer_shadow/native_snow_liquid_publication.rs:225:19
    |
116 | impl NativeSnowLiquidPublicationV1 {
    | ---------------------------------- associated function in this implementation
...
225 |     pub(crate) fn try_new(configuration:&SurfaceLiquidConfigurationV2,lse_configuration:&LandSurfaceEnergyConfiguration,
    |                   ^^^^^^^

warning: field `ending_snow_hint` is never read
    --> crates/openwepp-hillslope-orchestrator/src/hydrology/support_helpers_mod/runoff_reconciliation.rs:1193:9
     |
1173 | pub(crate) struct CoveredTerminalTrialRequestV1 {
     |                   ----------------------------- field in this struct
...
1193 |     pub ending_snow_hint: Option<CoveredTerminalEndingSnowHintV1>,
     |         ^^^^^^^^^^^^^^^^
     |
     = note: `CoveredTerminalTrialRequestV1` has derived impls for the traits `Debug` and `Clone`, but these are intentionally ignored during dead code analysis

warning: `openwepp-hillslope-orchestrator` (lib) generated 4 warnings
    Finished `dev` profile [unoptimized + debuginfo] target(s) in 18.82s
