warning: Git tree '/workdir/openWEPP' is dirty
warning: struct `PreparedDayCaptureV1` is never constructed
    --> crates/openwepp-hillslope-orchestrator/src/snow_stage3_v11_current_context_capture.rs:1250:8
     |
1250 | struct PreparedDayCaptureV1 {
     |        ^^^^^^^^^^^^^^^^^^^^
     |
     = note: `#[warn(dead_code)]` (part of `#[warn(unused)]`) on by default

warning: function `capture_prepared_day` is never used
    --> crates/openwepp-hillslope-orchestrator/src/snow_stage3_v11_current_context_capture.rs:1258:4
     |
1258 | fn capture_prepared_day(
     |    ^^^^^^^^^^^^^^^^^^^^

warning: function `validate_prepared_day` is never used
    --> crates/openwepp-hillslope-orchestrator/src/snow_stage3_v11_current_context_capture.rs:1275:4
     |
1275 | fn validate_prepared_day(
     |    ^^^^^^^^^^^^^^^^^^^^^

warning: function `capture_prepared_day_row_for_test` is never used
    --> crates/openwepp-hillslope-orchestrator/src/snow_stage3_v11_current_context_capture.rs:1832:15
     |
1832 | pub(crate) fn capture_prepared_day_row_for_test(
     |               ^^^^^^^^^^^^^^^^^^^^^^^^^^^^^^^^^

warning: function `restore_captured_prepared_support_from_provider` is never used
    --> crates/openwepp-hillslope-orchestrator/src/snow_stage3_v11_current_context_capture.rs:2764:15
     |
2764 | pub(crate) fn restore_captured_prepared_support_from_provider(
     |               ^^^^^^^^^^^^^^^^^^^^^^^^^^^^^^^^^^^^^^^^^^^^^^^

warning: fields `prepared_support`, `forcing_receipt`, and `snow_enthalpy_material_resident` are never read
    --> crates/openwepp-hillslope-orchestrator/src/snow_stage3_v11_current_context_capture.rs:2787:9
     |
2782 | pub(crate) struct RestoredProviderBoundContextV1 {
     |                   ------------------------------ fields in this struct
...
2787 |     pub prepared_support: crate::DirectSnowStage3V11PreparedSupport,
     |         ^^^^^^^^^^^^^^^^
2788 |     pub forcing_receipt: openwepp_coupled_time::Digest32,
     |         ^^^^^^^^^^^^^^^
...
2791 |     pub snow_enthalpy_material_resident:
     |         ^^^^^^^^^^^^^^^^^^^^^^^^^^^^^^^

warning: fields `entry`, `canonical_record`, `parent_receipt`, and `qualification_delta` are never read
    --> crates/openwepp-hillslope-orchestrator/src/snow_stage3_v11_current_context_capture.rs:2804:9
     |
2803 | pub(crate) struct AuthenticatedArchivedDayV1 {
     |                   -------------------------- fields in this struct
2804 |     pub entry: crate::Stage3CommittedDayArchiveEntryV1,
     |         ^^^^^
2805 |     pub canonical_record: Vec<u8>,
     |         ^^^^^^^^^^^^^^^^
2806 |     pub parent_receipt: crate::DirectSnowStage3V11ParentReceipt,
     |         ^^^^^^^^^^^^^^
2807 |     pub publication: crate::v9_real_consumer_shadow::RestoredStage3PublicationDayEvidenceV1,
2808 |     pub qualification_delta: crate::SnowStage3V11QualificationDayDeltaV1,
     |         ^^^^^^^^^^^^^^^^^^^

warning: fields `parent`, `pending_terminal_parcels`, `reduction`, `ledger`, `receipt`, and `binding` are never read
    --> crates/openwepp-hillslope-orchestrator/src/snow_stage3_v11_current_context_capture.rs:2948:9
     |
2947 | pub(crate) struct RestoredCapturedPreChildContextV1 {
     |                   --------------------------------- fields in this struct
2948 |     pub parent: V11ParentTransaction,
     |         ^^^^^^
...
2951 |     pub pending_terminal_parcels:
     |         ^^^^^^^^^^^^^^^^^^^^^^^^
...
2955 |     pub reduction: ConstraintReductionReceiptV1,
     |         ^^^^^^^^^
2956 |     pub ledger: LedgerEntryV1,
     |         ^^^^^^
2957 |     pub receipt: AcceptedSlabReceiptV1,
     |         ^^^^^^^
2958 |     pub binding: serde_json::Value,
     |         ^^^^^^^

warning: `openwepp-hillslope-orchestrator` (lib test) generated 8 warnings
    Finished `test` profile [unoptimized + debuginfo] target(s) in 0.03s
────────────
 Nextest run ID 7916fbc9-74d1-4231-b8e3-7a1951af2016 with nextest profile: default
    Starting 1 test across 1 binary (1473 tests skipped)
       START [         ] (1/1) openwepp-hillslope-orchestrator v9_real_consumer_shadow::tests::interior_terminal_event_runs_covered_event_and_snow_free_remainder

thread 'interior-terminal-event-owner-path' (654953) panicked at crates/openwepp-hillslope-orchestrator/src/v9_real_consumer_shadow_wb14_tests.rs:1067:14:
real mixed covered/open OFE execution: Executor(AdaptiveRefinement("canonical covered evaluation budget"))
note: run with `RUST_BACKTRACE=1` environment variable to display a backtrace

thread 'v9_real_consumer_shadow::tests::interior_terminal_event_runs_covered_event_and_snow_free_remainder' (654952) panicked at crates/openwepp-hillslope-orchestrator/src/v9_real_consumer_shadow_wb14_covered_physical_tests.rs:1467:10:
join interior terminal-event fixture: Any { .. }
        FAIL [   0.464s] (1/1) openwepp-hillslope-orchestrator v9_real_consumer_shadow::tests::interior_terminal_event_runs_covered_event_and_snow_free_remainder
────────────
     Summary [   0.468s] 1 test run: 0 passed, 1 failed, 1473 skipped
        FAIL [   0.464s] (1/1) openwepp-hillslope-orchestrator v9_real_consumer_shadow::tests::interior_terminal_event_runs_covered_event_and_snow_free_remainder
error: test run failed
