warning: Git tree '/workdir/openWEPP' is dirty
   Compiling openwepp-hillslope-orchestrator v0.1.0 (/workdir/openwepp-experiments/b01-wb14-cadence/snowfree-recorder-candidate-20260915/crates/openwepp-hillslope-orchestrator)
warning: struct `PreparedDayCaptureV1` is never constructed
    --> crates/openwepp-hillslope-orchestrator/src/snow_stage3_v11_current_context_capture.rs:1175:8
     |
1175 | struct PreparedDayCaptureV1 {
     |        ^^^^^^^^^^^^^^^^^^^^
     |
     = note: `#[warn(dead_code)]` (part of `#[warn(unused)]`) on by default

warning: function `capture_prepared_day` is never used
    --> crates/openwepp-hillslope-orchestrator/src/snow_stage3_v11_current_context_capture.rs:1183:4
     |
1183 | fn capture_prepared_day(
     |    ^^^^^^^^^^^^^^^^^^^^

warning: function `validate_prepared_day` is never used
    --> crates/openwepp-hillslope-orchestrator/src/snow_stage3_v11_current_context_capture.rs:1200:4
     |
1200 | fn validate_prepared_day(
     |    ^^^^^^^^^^^^^^^^^^^^^

warning: function `capture_prepared_day_row_for_test` is never used
    --> crates/openwepp-hillslope-orchestrator/src/snow_stage3_v11_current_context_capture.rs:1757:15
     |
1757 | pub(crate) fn capture_prepared_day_row_for_test(
     |               ^^^^^^^^^^^^^^^^^^^^^^^^^^^^^^^^^

warning: function `restore_captured_prepared_support_from_provider` is never used
    --> crates/openwepp-hillslope-orchestrator/src/snow_stage3_v11_current_context_capture.rs:2688:15
     |
2688 | pub(crate) fn restore_captured_prepared_support_from_provider(
     |               ^^^^^^^^^^^^^^^^^^^^^^^^^^^^^^^^^^^^^^^^^^^^^^^

warning: fields `prepared_support`, `forcing_receipt`, and `snow_enthalpy_material_resident` are never read
    --> crates/openwepp-hillslope-orchestrator/src/snow_stage3_v11_current_context_capture.rs:2711:9
     |
2706 | pub(crate) struct RestoredProviderBoundContextV1 {
     |                   ------------------------------ fields in this struct
...
2711 |     pub prepared_support: crate::DirectSnowStage3V11PreparedSupport,
     |         ^^^^^^^^^^^^^^^^
2712 |     pub forcing_receipt: openwepp_coupled_time::Digest32,
     |         ^^^^^^^^^^^^^^^
...
2715 |     pub snow_enthalpy_material_resident:
     |         ^^^^^^^^^^^^^^^^^^^^^^^^^^^^^^^

warning: fields `entry`, `canonical_record`, `parent_receipt`, and `qualification_delta` are never read
    --> crates/openwepp-hillslope-orchestrator/src/snow_stage3_v11_current_context_capture.rs:2728:9
     |
2727 | pub(crate) struct AuthenticatedArchivedDayV1 {
     |                   -------------------------- fields in this struct
2728 |     pub entry: crate::Stage3CommittedDayArchiveEntryV1,
     |         ^^^^^
2729 |     pub canonical_record: Vec<u8>,
     |         ^^^^^^^^^^^^^^^^
2730 |     pub parent_receipt: crate::DirectSnowStage3V11ParentReceipt,
     |         ^^^^^^^^^^^^^^
2731 |     pub publication: crate::v9_real_consumer_shadow::RestoredStage3PublicationDayEvidenceV1,
2732 |     pub qualification_delta: crate::SnowStage3V11QualificationDayDeltaV1,
     |         ^^^^^^^^^^^^^^^^^^^

warning: fields `parent`, `pending_terminal_parcels`, `reduction`, `ledger`, `receipt`, and `binding` are never read
    --> crates/openwepp-hillslope-orchestrator/src/snow_stage3_v11_current_context_capture.rs:2872:9
     |
2871 | pub(crate) struct RestoredCapturedPreChildContextV1 {
     |                   --------------------------------- fields in this struct
2872 |     pub parent: V11ParentTransaction,
     |         ^^^^^^
...
2875 |     pub pending_terminal_parcels:
     |         ^^^^^^^^^^^^^^^^^^^^^^^^
...
2879 |     pub reduction: ConstraintReductionReceiptV1,
     |         ^^^^^^^^^
2880 |     pub ledger: LedgerEntryV1,
     |         ^^^^^^
2881 |     pub receipt: AcceptedSlabReceiptV1,
     |         ^^^^^^^
2882 |     pub binding: serde_json::Value,
     |         ^^^^^^^

warning: `openwepp-hillslope-orchestrator` (lib test) generated 8 warnings
    Finished `test` profile [unoptimized + debuginfo] target(s) in 37.36s
────────────
 Nextest run ID 79e59655-50ca-4ae3-8179-c4c9805316af with nextest profile: default
    Starting 1 test across 1 binary (1473 tests skipped)
       START [         ] (1/1) openwepp-hillslope-orchestrator v9_real_consumer_shadow::tests::adaptive_production_path_coverage::actual_covered_and_snow_free_producers_record_phase_correct_operands_without_model_effect
B01_RECORDER_CONTROL_START phase=first-snow-free mode=production-non-target-observer-enabled fixture=native-mixed-phase-terminal parent_support_ns=1800000000000 operation=producer-execution
B01_RECORDER_CONTROL_PASS phase=first-snow-free mode=production-non-target-observer-enabled fixture=native-mixed-phase-terminal parent_support_ns=1800000000000 selected_support=none operation=producer-model-complete
B01_RECORDER_CONTROL_START phase=covered mode=disabled fixture=native-mixed-phase-terminal parent_support_ns=1800000000000 operation=producer-execution
B01_RECORDER_CONTROL_PASS phase=covered mode=disabled fixture=native-mixed-phase-terminal parent_support_ns=1800000000000 selected_support=none operation=producer-model-complete
B01_RECORDER_CONTROL_START phase=covered mode=enabled-covered fixture=native-mixed-phase-terminal parent_support_ns=1800000000000 operation=producer-execution
B01_RECORDER_CONTROL_PASS phase=covered mode=enabled-covered fixture=native-mixed-phase-terminal parent_support_ns=1800000000000 selected_support={"end_ns":"60000000000","start_ns":"0"} operation=producer-model-complete
B01_RECORDER_CONTROL_START phase=covered mode=forced-covered-capture-failure fixture=native-mixed-phase-terminal parent_support_ns=1800000000000 operation=producer-execution
B01_RECORDER_CONTROL_PASS phase=covered mode=forced-covered-capture-failure fixture=native-mixed-phase-terminal parent_support_ns=1800000000000 selected_support={"end_ns":"60000000000","start_ns":"0"} operation=producer-model-complete
B01_RECORDER_CONTROL_START phase=first-snow-free mode=disabled fixture=native-mixed-phase-terminal parent_support_ns=1800000000000 operation=producer-execution
B01_RECORDER_CONTROL_PASS phase=first-snow-free mode=disabled fixture=native-mixed-phase-terminal parent_support_ns=1800000000000 selected_support=none operation=producer-model-complete
B01_RECORDER_CONTROL_START phase=first-snow-free mode=enabled-snow-free fixture=native-mixed-phase-terminal parent_support_ns=1800000000000 operation=producer-execution
B01_RECORDER_CONTROL_PASS phase=first-snow-free mode=enabled-snow-free fixture=native-mixed-phase-terminal parent_support_ns=1800000000000 selected_support={"end_ns":"420000000000","start_ns":"360000000000"} operation=producer-model-complete
B01_RECORDER_CONTROL_START phase=first-snow-free mode=forced-snow-free-capture-failure fixture=native-mixed-phase-terminal parent_support_ns=1800000000000 operation=producer-execution
B01_RECORDER_CONTROL_PASS phase=first-snow-free mode=forced-snow-free-capture-failure fixture=native-mixed-phase-terminal parent_support_ns=1800000000000 selected_support={"end_ns":"420000000000","start_ns":"360000000000"} operation=producer-model-complete
B01_RECORDER_CONTROL_START phase=first-snow-free mode=forced-snow-free-wrong-phase-failure fixture=native-mixed-phase-terminal parent_support_ns=1800000000000 operation=producer-execution
B01_RECORDER_CONTROL_PASS phase=first-snow-free mode=forced-snow-free-wrong-phase-failure fixture=native-mixed-phase-terminal parent_support_ns=1800000000000 selected_support={"end_ns":"420000000000","start_ns":"360000000000"} operation=producer-model-complete
B01_RECORDER_CONTROL_START phase=first-snow-free mode=forced-snow-free-required-omission-failure fixture=native-mixed-phase-terminal parent_support_ns=1800000000000 operation=producer-execution
        SLOW [> 90.000s] (───) openwepp-hillslope-orchestrator v9_real_consumer_shadow::tests::adaptive_production_path_coverage::actual_covered_and_snow_free_producers_record_phase_correct_operands_without_model_effect
B01_RECORDER_CONTROL_PASS phase=first-snow-free mode=forced-snow-free-required-omission-failure fixture=native-mixed-phase-terminal parent_support_ns=1800000000000 selected_support={"end_ns":"420000000000","start_ns":"360000000000"} operation=producer-model-complete

thread 'v9_real_consumer_shadow::tests::adaptive_production_path_coverage::actual_covered_and_snow_free_producers_record_phase_correct_operands_without_model_effect' (634665) panicked at crates/openwepp-hillslope-orchestrator/src/snow_stage3_v11_adaptive_production_tests.rs:318:5:
assertion `left == right` failed
  left: String("b01_wb14_pre_child_current_context_capture_error_v1")
 right: "b01_wb14_snow_free_pre_child_current_context_v1"
note: run with `RUST_BACKTRACE=1` environment variable to display a backtrace
        FAIL [  93.228s] (1/1) openwepp-hillslope-orchestrator v9_real_consumer_shadow::tests::adaptive_production_path_coverage::actual_covered_and_snow_free_producers_record_phase_correct_operands_without_model_effect
────────────
     Summary [  93.232s] 1 test run: 0 passed, 1 failed, 1473 skipped
        FAIL [  93.228s] (1/1) openwepp-hillslope-orchestrator v9_real_consumer_shadow::tests::adaptive_production_path_coverage::actual_covered_and_snow_free_producers_record_phase_correct_operands_without_model_effect
error: test run failed
