warning: Git tree '/workdir/openWEPP' is dirty
   Compiling openwepp-hillslope-orchestrator v0.1.0 (/workdir/openwepp-experiments/b01-wb14-cadence/snowfree-recorder-candidate-20260915/crates/openwepp-hillslope-orchestrator)
warning: struct `PreparedDayCaptureV1` is never constructed
    --> crates/openwepp-hillslope-orchestrator/src/snow_stage3_v11_current_context_capture.rs:1250:8
     |
1250 | struct PreparedDayCaptureV1 {
     |        ^^^^^^^^^^^^^^^^^^^^
     |
     = note: `#[warn(dead_code)]` (part of `#[warn(unused)]`) on by default

warning: function `capture_prepared_day` is never used
    --> crates/openwepp-hillslope-orchestrator/src/snow_stage3_v11_current_context_capture.rs:1258:4
     |
1258 | fn capture_prepared_day(
     |    ^^^^^^^^^^^^^^^^^^^^

warning: function `validate_prepared_day` is never used
    --> crates/openwepp-hillslope-orchestrator/src/snow_stage3_v11_current_context_capture.rs:1275:4
     |
1275 | fn validate_prepared_day(
     |    ^^^^^^^^^^^^^^^^^^^^^

warning: function `capture_prepared_day_row_for_test` is never used
    --> crates/openwepp-hillslope-orchestrator/src/snow_stage3_v11_current_context_capture.rs:1832:15
     |
1832 | pub(crate) fn capture_prepared_day_row_for_test(
     |               ^^^^^^^^^^^^^^^^^^^^^^^^^^^^^^^^^

warning: function `restore_captured_prepared_support_from_provider` is never used
    --> crates/openwepp-hillslope-orchestrator/src/snow_stage3_v11_current_context_capture.rs:2764:15
     |
2764 | pub(crate) fn restore_captured_prepared_support_from_provider(
     |               ^^^^^^^^^^^^^^^^^^^^^^^^^^^^^^^^^^^^^^^^^^^^^^^

warning: fields `prepared_support`, `forcing_receipt`, and `snow_enthalpy_material_resident` are never read
    --> crates/openwepp-hillslope-orchestrator/src/snow_stage3_v11_current_context_capture.rs:2787:9
     |
2782 | pub(crate) struct RestoredProviderBoundContextV1 {
     |                   ------------------------------ fields in this struct
...
2787 |     pub prepared_support: crate::DirectSnowStage3V11PreparedSupport,
     |         ^^^^^^^^^^^^^^^^
2788 |     pub forcing_receipt: openwepp_coupled_time::Digest32,
     |         ^^^^^^^^^^^^^^^
...
2791 |     pub snow_enthalpy_material_resident:
     |         ^^^^^^^^^^^^^^^^^^^^^^^^^^^^^^^

warning: fields `entry`, `canonical_record`, `parent_receipt`, and `qualification_delta` are never read
    --> crates/openwepp-hillslope-orchestrator/src/snow_stage3_v11_current_context_capture.rs:2804:9
     |
2803 | pub(crate) struct AuthenticatedArchivedDayV1 {
     |                   -------------------------- fields in this struct
2804 |     pub entry: crate::Stage3CommittedDayArchiveEntryV1,
     |         ^^^^^
2805 |     pub canonical_record: Vec<u8>,
     |         ^^^^^^^^^^^^^^^^
2806 |     pub parent_receipt: crate::DirectSnowStage3V11ParentReceipt,
     |         ^^^^^^^^^^^^^^
2807 |     pub publication: crate::v9_real_consumer_shadow::RestoredStage3PublicationDayEvidenceV1,
2808 |     pub qualification_delta: crate::SnowStage3V11QualificationDayDeltaV1,
     |         ^^^^^^^^^^^^^^^^^^^

warning: fields `parent`, `pending_terminal_parcels`, `reduction`, `ledger`, `receipt`, and `binding` are never read
    --> crates/openwepp-hillslope-orchestrator/src/snow_stage3_v11_current_context_capture.rs:2948:9
     |
2947 | pub(crate) struct RestoredCapturedPreChildContextV1 {
     |                   --------------------------------- fields in this struct
2948 |     pub parent: V11ParentTransaction,
     |         ^^^^^^
...
2951 |     pub pending_terminal_parcels:
     |         ^^^^^^^^^^^^^^^^^^^^^^^^
...
2955 |     pub reduction: ConstraintReductionReceiptV1,
     |         ^^^^^^^^^
2956 |     pub ledger: LedgerEntryV1,
     |         ^^^^^^
2957 |     pub receipt: AcceptedSlabReceiptV1,
     |         ^^^^^^^
2958 |     pub binding: serde_json::Value,
     |         ^^^^^^^

warning: `openwepp-hillslope-orchestrator` (lib test) generated 8 warnings
    Finished `test` profile [unoptimized + debuginfo] target(s) in 12.80s
────────────
 Nextest run ID a5187775-94b3-441e-ae85-2941fc3f98a7 with nextest profile: default
    Starting 1 test across 1 binary (1473 tests skipped)
       START [         ] (1/1) openwepp-hillslope-orchestrator v9_real_consumer_shadow::tests::adaptive_production_path_coverage::actual_covered_and_snow_free_producers_record_phase_correct_operands_without_model_effect
B01_RECORDER_CONTROL_START phase=first-snow-free mode=production-non-target-observer-enabled fixture=native-mixed-phase-terminal parent_support_ns=1800000000000 operation=producer-execution
B01_RECORDER_CONTROL_PASS phase=first-snow-free mode=production-non-target-observer-enabled fixture=native-mixed-phase-terminal parent_support_ns=1800000000000 selected_support=none operation=producer-model-complete
B01_RECORDER_CONTROL_START phase=covered mode=disabled fixture=native-mixed-phase-terminal parent_support_ns=1800000000000 operation=producer-execution
B01_RECORDER_CONTROL_PASS phase=covered mode=disabled fixture=native-mixed-phase-terminal parent_support_ns=1800000000000 selected_support=none operation=producer-model-complete
B01_RECORDER_CONTROL_START phase=covered mode=enabled-covered fixture=native-mixed-phase-terminal parent_support_ns=1800000000000 operation=producer-execution
B01_RECORDER_CONTROL_PASS phase=covered mode=enabled-covered fixture=native-mixed-phase-terminal parent_support_ns=1800000000000 selected_support={"end_ns":"60000000000","start_ns":"0"} operation=producer-model-complete
B01_RECORDER_CONTROL_START phase=covered mode=forced-covered-capture-failure fixture=native-mixed-phase-terminal parent_support_ns=1800000000000 operation=producer-execution
B01_RECORDER_CAPTURE_ERROR phase=covered mode=forced-covered-capture-failure fixture=native-mixed-phase-terminal operation=recorder-capture detail="forced capture-only recorder failure"
B01_RECORDER_CONTROL_PASS phase=covered mode=forced-covered-capture-failure fixture=native-mixed-phase-terminal parent_support_ns=1800000000000 selected_support={"end_ns":"60000000000","start_ns":"0"} operation=producer-model-complete
B01_RECORDER_CONTROL_START phase=first-snow-free mode=disabled fixture=native-mixed-phase-terminal parent_support_ns=1800000000000 operation=producer-execution
B01_RECORDER_CONTROL_PASS phase=first-snow-free mode=disabled fixture=native-mixed-phase-terminal parent_support_ns=1800000000000 selected_support=none operation=producer-model-complete
B01_RECORDER_CONTROL_START phase=first-snow-free mode=enabled-snow-free fixture=native-mixed-phase-terminal parent_support_ns=1800000000000 operation=producer-execution
B01_RECORDER_CONTROL_PASS phase=first-snow-free mode=enabled-snow-free fixture=native-mixed-phase-terminal parent_support_ns=1800000000000 selected_support={"end_ns":"420000000000","start_ns":"360000000000"} operation=producer-model-complete
B01_RECORDER_CONTROL_START phase=first-snow-free mode=forced-snow-free-capture-failure fixture=native-mixed-phase-terminal parent_support_ns=1800000000000 operation=producer-execution
B01_RECORDER_CAPTURE_ERROR phase=first-snow-free mode=forced-snow-free-capture-failure fixture=native-mixed-phase-terminal operation=recorder-capture detail="forced capture-only recorder failure"
B01_RECORDER_CONTROL_PASS phase=first-snow-free mode=forced-snow-free-capture-failure fixture=native-mixed-phase-terminal parent_support_ns=1800000000000 selected_support={"end_ns":"420000000000","start_ns":"360000000000"} operation=producer-model-complete
B01_RECORDER_CONTROL_START phase=first-snow-free mode=forced-snow-free-wrong-phase-failure fixture=native-mixed-phase-terminal parent_support_ns=1800000000000 operation=producer-execution
B01_RECORDER_CAPTURE_ERROR phase=first-snow-free mode=forced-snow-free-wrong-phase-failure fixture=native-mixed-phase-terminal operation=recorder-capture detail="capture covered support missing V11 interval"
B01_RECORDER_CONTROL_PASS phase=first-snow-free mode=forced-snow-free-wrong-phase-failure fixture=native-mixed-phase-terminal parent_support_ns=1800000000000 selected_support={"end_ns":"420000000000","start_ns":"360000000000"} operation=producer-model-complete
B01_RECORDER_CONTROL_START phase=first-snow-free mode=forced-snow-free-required-omission-failure fixture=native-mixed-phase-terminal parent_support_ns=1800000000000 operation=producer-execution
B01_RECORDER_CAPTURE_ERROR phase=first-snow-free mode=forced-snow-free-required-omission-failure fixture=native-mixed-phase-terminal operation=recorder-capture detail="snow-free capture missing transformed prepared support"
B01_RECORDER_CONTROL_PASS phase=first-snow-free mode=forced-snow-free-required-omission-failure fixture=native-mixed-phase-terminal parent_support_ns=1800000000000 selected_support={"end_ns":"420000000000","start_ns":"360000000000"} operation=producer-model-complete
        PASS [  89.924s] (1/1) openwepp-hillslope-orchestrator v9_real_consumer_shadow::tests::adaptive_production_path_coverage::actual_covered_and_snow_free_producers_record_phase_correct_operands_without_model_effect
────────────
     Summary [  89.929s] 1 test run: 1 passed, 1473 skipped
