warning: Git tree '/workdir/openWEPP' is dirty
   Compiling openwepp-hillslope-orchestrator v0.1.0 (/workdir/openwepp-experiments/b01-wb14-cadence/snowfree-recorder-candidate-20260915/crates/openwepp-hillslope-orchestrator)
warning: struct `PreparedDayCaptureV1` is never constructed
    --> crates/openwepp-hillslope-orchestrator/src/snow_stage3_v11_current_context_capture.rs:1179:8
     |
1179 | struct PreparedDayCaptureV1 {
     |        ^^^^^^^^^^^^^^^^^^^^
     |
     = note: `#[warn(dead_code)]` (part of `#[warn(unused)]`) on by default

warning: function `capture_prepared_day` is never used
    --> crates/openwepp-hillslope-orchestrator/src/snow_stage3_v11_current_context_capture.rs:1187:4
     |
1187 | fn capture_prepared_day(
     |    ^^^^^^^^^^^^^^^^^^^^

warning: function `validate_prepared_day` is never used
    --> crates/openwepp-hillslope-orchestrator/src/snow_stage3_v11_current_context_capture.rs:1204:4
     |
1204 | fn validate_prepared_day(
     |    ^^^^^^^^^^^^^^^^^^^^^

warning: function `capture_prepared_day_row_for_test` is never used
    --> crates/openwepp-hillslope-orchestrator/src/snow_stage3_v11_current_context_capture.rs:1761:15
     |
1761 | pub(crate) fn capture_prepared_day_row_for_test(
     |               ^^^^^^^^^^^^^^^^^^^^^^^^^^^^^^^^^

warning: function `restore_captured_prepared_support_from_provider` is never used
    --> crates/openwepp-hillslope-orchestrator/src/snow_stage3_v11_current_context_capture.rs:2692:15
     |
2692 | pub(crate) fn restore_captured_prepared_support_from_provider(
     |               ^^^^^^^^^^^^^^^^^^^^^^^^^^^^^^^^^^^^^^^^^^^^^^^

warning: fields `prepared_support`, `forcing_receipt`, and `snow_enthalpy_material_resident` are never read
    --> crates/openwepp-hillslope-orchestrator/src/snow_stage3_v11_current_context_capture.rs:2715:9
     |
2710 | pub(crate) struct RestoredProviderBoundContextV1 {
     |                   ------------------------------ fields in this struct
...
2715 |     pub prepared_support: crate::DirectSnowStage3V11PreparedSupport,
     |         ^^^^^^^^^^^^^^^^
2716 |     pub forcing_receipt: openwepp_coupled_time::Digest32,
     |         ^^^^^^^^^^^^^^^
...
2719 |     pub snow_enthalpy_material_resident:
     |         ^^^^^^^^^^^^^^^^^^^^^^^^^^^^^^^

warning: fields `entry`, `canonical_record`, `parent_receipt`, and `qualification_delta` are never read
    --> crates/openwepp-hillslope-orchestrator/src/snow_stage3_v11_current_context_capture.rs:2732:9
     |
2731 | pub(crate) struct AuthenticatedArchivedDayV1 {
     |                   -------------------------- fields in this struct
2732 |     pub entry: crate::Stage3CommittedDayArchiveEntryV1,
     |         ^^^^^
2733 |     pub canonical_record: Vec<u8>,
     |         ^^^^^^^^^^^^^^^^
2734 |     pub parent_receipt: crate::DirectSnowStage3V11ParentReceipt,
     |         ^^^^^^^^^^^^^^
2735 |     pub publication: crate::v9_real_consumer_shadow::RestoredStage3PublicationDayEvidenceV1,
2736 |     pub qualification_delta: crate::SnowStage3V11QualificationDayDeltaV1,
     |         ^^^^^^^^^^^^^^^^^^^

warning: fields `parent`, `pending_terminal_parcels`, `reduction`, `ledger`, `receipt`, and `binding` are never read
    --> crates/openwepp-hillslope-orchestrator/src/snow_stage3_v11_current_context_capture.rs:2876:9
     |
2875 | pub(crate) struct RestoredCapturedPreChildContextV1 {
     |                   --------------------------------- fields in this struct
2876 |     pub parent: V11ParentTransaction,
     |         ^^^^^^
...
2879 |     pub pending_terminal_parcels:
     |         ^^^^^^^^^^^^^^^^^^^^^^^^
...
2883 |     pub reduction: ConstraintReductionReceiptV1,
     |         ^^^^^^^^^
2884 |     pub ledger: LedgerEntryV1,
     |         ^^^^^^
2885 |     pub receipt: AcceptedSlabReceiptV1,
     |         ^^^^^^^
2886 |     pub binding: serde_json::Value,
     |         ^^^^^^^

warning: `openwepp-hillslope-orchestrator` (lib test) generated 8 warnings
    Finished `test` profile [unoptimized + debuginfo] target(s) in 14.83s
────────────
 Nextest run ID 27c7a74f-4874-4d4b-bee0-8e8a090dd2e8 with nextest profile: default
    Starting 1 test across 1 binary (1473 tests skipped)
       START [         ] (1/1) openwepp-hillslope-orchestrator v9_real_consumer_shadow::tests::adaptive_production_path_coverage::actual_first_snow_free_producer_recorder_controls_are_independently_selectable
B01_RECORDER_CONTROL_START phase=first-snow-free mode=production-non-target-observer-enabled fixture=native-mixed-phase-terminal parent_support_ns=1800000000000 operation=producer-execution
B01_RECORDER_CONTROL_PASS phase=first-snow-free mode=production-non-target-observer-enabled fixture=native-mixed-phase-terminal parent_support_ns=1800000000000 selected_support=none operation=producer-model-complete
B01_RECORDER_CONTROL_START phase=first-snow-free mode=disabled fixture=native-mixed-phase-terminal parent_support_ns=1800000000000 operation=producer-execution
B01_RECORDER_CONTROL_PASS phase=first-snow-free mode=disabled fixture=native-mixed-phase-terminal parent_support_ns=1800000000000 selected_support=none operation=producer-model-complete
B01_RECORDER_CONTROL_START phase=first-snow-free mode=enabled-snow-free fixture=native-mixed-phase-terminal parent_support_ns=1800000000000 operation=producer-execution
B01_RECORDER_DYNAMIC_FRAME_MISMATCH actual=DirectRunFrame {
    identity: DirectRunIdentity {
        run_id: 83,
        hillslope_id: 11,
        lane_count: 1,
        day_count: 1,
    },
    lanes: [
        DirectLaneFrame {
            lane_id: 1,
            upstream_lane_id: 0,
            downstream_lane_id: 0,
            upstream_area_ratio: 1.0,
            area_m2: 100.0,
            runoff_publication_q_scale: 1.0,
            runoff_publication_qofe_scale: 1.0,
            runoff_publication_efflen_m: 1.0,
            runoff_publication_cumulative_length_m: 1.0,
            runoff_publication_ofe_length_m: 1.0,
            water: DirectWaterState {
                soil_water_m: 0.7694932027547932,
                infiltration_m: 0.0,
                runoff_m: 0.0,
                evapotranspiration_m: 0.0,
                drainage_m: 0.0,
                lateral_flow_m: 0.0,
            },
            transfer: DirectTransferBuffers {
                surface_carry_m: [
                    0.0,
                    0.0,
                    0.0,
                    0.0,
                    0.0,
                    0.0,
                    0.0,
                    0.0,
                    0.0,
                    0.0,
                    0.0,
                    0.0,
                    0.0,
                    0.0,
                    0.0,
                    0.0,
                    0.0,
                    0.0,
                    0.0,
                    0.0,
                    0.0,
                    0.0,
                    0.0,
                    0.0,
                ],
                surface_hourly_weights: [
                    0.0,
                    0.0,
                    0.0,
                    0.0,
                    0.0,
                    0.0,
                    0.0,
                    0.0,
                    0.0,
                    0.0,
                    0.0,
                    0.0,
                    0.0,
                    0.0,
                    0.0,
                    0.0,
                    0.0,
                    0.0,
                    0.0,
                    0.0,
                    0.0,
                    0.0,
                    0.0,
                    0.0,
                ],
                lateral_carry_m: [
                    0.0,
                    0.0,
                    0.0,
                    0.0,
                    0.0,
                    0.0,
                    0.0,
                    0.0,
                    0.0,
                    0.0,
                    0.0,
                    0.0,
                    0.0,
                    0.0,
                    0.0,
                    0.0,
                    0.0,
                    0.0,
                    0.0,
                    0.0,
                    0.0,
                    0.0,
                    0.0,
                    0.0,
                ],
                upstream_flow_m: 0.0,
                subsurface_input_m: 0.0,
            },
            publication: DirectPublicationFrame {
                runoff_m: 0.0,
                infiltration_m: 0.0,
                evapotranspiration_m: 0.0,
                drainage_m: 0.0,
                lateral_flow_m: 0.0,
            },
            erosion_downstream_operands: DirectErosionDownstreamOperands {
                publication_authority: false,
                publication: DirectPublicationErosionOperands {
                    peak_runoff_rate_m_s: Some(
                        0.0,
                    ),
                    runoff_duration_s: Some(
                        0.0,
                    ),
                    total_detachment_kg: Some(
                        0.0,
                    ),
                    total_deposition_kg: Some(
                        0.0,
                    ),
                    hbp_total_detachment_kg: Some(
                        0.0,
                    ),
                    hbp_total_deposition_kg: Some(
                        0.0,
                    ),
                    hbp_sediment_concentration_kg_m3: Some(
                        0.0,
                    ),
                    sediment_concentration_kg_m3: Some(
                        [
                            0.0,
                            0.0,
                            0.0,
                            0.0,
                            0.0,
                        ],
                    ),
                    hourly_runoff_fraction: None,
                    hourly_sediment_mass_kg: None,
                    enrichment_ratio: None,
                },
            },
            erosion_inflow_intake: None,
            subsurface_layers: [
                DirectSubsurfaceLayerState {
                    theta_m: 0.12825,
                    field_capacity_m: 0.02,
                    upper_limit_m: 0.2,
                    conductivity_m_s: 1e-10,
                    depth_m: 0.3,
                    residual_theta: 0.0,
                    frozen_depth_m: 0.0,
                    frozen_water_m: 0.0,
                    porosity: 0.45,
                    field_capacity_theta: 0.25,
                    coca: 0.1,
                    lateral_conductivity_m_s: 1e-7,
                },
                DirectSubsurfaceLayerState {
                    theta_m: 0.12825,
                    field_capacity_m: 0.02,
                    upper_limit_m: 0.2,
                    conductivity_m_s: 1e-10,
                    depth_m: 0.3,
                    residual_theta: 0.0,
                    frozen_depth_m: 0.0,
                    frozen_water_m: 0.0,
                    porosity: 0.45,
                    field_capacity_theta: 0.25,
                    coca: 0.1,
                    lateral_conductivity_m_s: 1e-7,
                },
                DirectSubsurfaceLayerState {
                    theta_m: 0.1282457797136275,
                    field_capacity_m: 0.02,
                    upper_limit_m: 0.2,
                    conductivity_m_s: 1e-10,
                    depth_m: 0.3,
                    residual_theta: 0.0,
                    frozen_depth_m: 0.0,
                    frozen_water_m: 0.0,
                    porosity: 0.45,
                    field_capacity_theta: 0.25,
                    coca: 0.1,
                    lateral_conductivity_m_s: 1e-7,
                },
                DirectSubsurfaceLayerState {
                    theta_m: 0.12824742304116568,
                    field_capacity_m: 0.02,
                    upper_limit_m: 0.2,
                    conductivity_m_s: 1e-10,
                    depth_m: 0.3,
                    residual_theta: 0.0,
                    frozen_depth_m: 0.0,
                    frozen_water_m: 0.0,
                    porosity: 0.45,
                    field_capacity_theta: 0.25,
                    coca: 0.1,
                    lateral_conductivity_m_s: 1e-7,
                },
                DirectSubsurfaceLayerState {
                    theta_m: 0.12825,
                    field_capacity_m: 0.02,
                    upper_limit_m: 0.2,
                    conductivity_m_s: 1e-10,
                    depth_m: 0.3,
                    residual_theta: 0.0,
                    frozen_depth_m: 0.0,
                    frozen_water_m: 0.0,
                    porosity: 0.45,
                    field_capacity_theta: 0.25,
                    coca: 0.1,
                    lateral_conductivity_m_s: 1e-7,
                },
                DirectSubsurfaceLayerState {
                    theta_m: 0.12825,
                    field_capacity_m: 0.02,
                    upper_limit_m: 0.2,
                    conductivity_m_s: 1e-10,
                    depth_m: 0.3,
                    residual_theta: 0.0,
                    frozen_depth_m: 0.0,
                    frozen_water_m: 0.0,
                    porosity: 0.45,
                    field_capacity_theta: 0.25,
                    coca: 0.1,
                    lateral_conductivity_m_s: 1e-7,
                },
            ],
            evapotranspiration_stage_state: None,
            plant_growth_state: DirectGrowthStateSurface {
                sumgdd: 0.0,
                live_biomass_kg_m2: 0.0,
                interception_live_biomass_kg_m2: 0.0,
                canopy_height_m: 0.0,
                canopy_cover_fraction: 0.0,
                leaf_area_index: 0.0,
                root_mass_kg_m2: 0.0,
                root_depth_m: 0.0,
                harvest_index: 0.0,
            },
            plant_water_stress: 1.0,
            winter_column: DirectWinterColumnState {
                snow: DirectSnowLaneState {
                    runtime_swe_m: 0.0,
                    runtime_depth_m: 0.0,
                    runtime_density_kg_m3: 0.0,
                    runtime_settle_day_count: 0.0,
                    coe_boundary_depth_m: 0.0,
                    coe_boundary_density_kg_m3: 0.0,
                    coe_boundary_settle_day_count: 0.0,
                    liquid_water_retained_m: 0.0,
                    snow_albedo_state: None,
                    layers: [],
                },
                frost: DirectFrostLaneState {
                    active_frost_coupling: false,
                    dfrost_m: 0.0,
                    dthaw_m: 0.0,
                    nft: 0.0,
                    ws_frz_m: 0.0,
                    infcap_frz_m_s: 0.0,
                    frwatc_soil_water_before_m: 0.0,
                    frwatc_soil_water_after_m: 0.0,
                    frwatc_frozen_water_before_m: 0.0,
                    frwatc_frozen_water_after_m: 0.0,
                    frwatc_freeze_debit_m: 0.0,
                    frwatc_thaw_credit_m: 0.0,
                    frwatc_net_liquid_delta_m: 0.0,
                    frdp_m: 0.0,
                    thdp_m: 0.0,
                    tfrdp_m: 0.0,
                    tthawd_m: 0.0,
                    fgthwd_flag: 0.0,
                    total_fine_layer_count: 0.0,
                    conductivity_tilled_w_m_k: 0.0,
                    conductivity_untilled_w_m_k: 0.0,
                    conductivity_residue_w_m_k: 0.0,
                    shadow_total_water_before_m: 0.0,
                    shadow_total_water_after_m: 0.0,
                    shadow_wb_delta_m: 0.0,
                    shadow_frwatc_residual_m: 0.0,
                    watpdg_m: 0.0,
                    watbtm_m: 0.0,
                    layer_shadows: [],
                    fine_layers: [],
                },
            },
            snow_runtime_carry: None,
            frost_runtime_carry: None,
            erosion_runtime_carry: DirectErosionRuntimeCarry {
                consolidation: DirectErosionConsolidationCarry {
                    rfcum_m: 0.0,
                    daydis: 0.0,
                },
                ifrost: ErosionIfrostCarry(
                    0,
                ),
                rill_width_m: 0.0,
            },
            day_inputs: [],
        },
    ],
    phase_plan: DirectPhasePlan {
        phases: [
            Normalization,
            StorageBounds,
            DecompositionTransition,
            ResiduePartitionTransition,
            AnnualGrowthTransition,
            PerennialGrowthTransition,
            PercolationDeepSeepage,
            Evapotranspiration,
            Drainage,
            LateralTransfer,
            PlantRootUptake,
            RunoffReconciliation,
            StorageReconciliation,
            ClosureDiagnostics,
        ],
    },
    publication: DirectPublicationFrame {
        runoff_m: 0.0,
        infiltration_m: 0.0,
        evapotranspiration_m: 0.0,
        drainage_m: 0.0,
        lateral_flow_m: 0.0,
    },
    lane_transfer_ledger: [
        DirectLaneTransferLedger {
            lane_id: 0,
            upstream_lane_id: 0,
            downstream_lane_id: 0,
            upstream_area_ratio: 0.0,
            area_m2: 0.0,
            outgoing_surface_m: 0.0,
            outgoing_lateral_m: 0.0,
            received_surface_m: 0.0,
            received_lateral_m: 0.0,
            net_transfer_m: 0.0,
        },
    ],
    lane_transfer_downstream_operands: DirectRunTransferDownstreamOperands {
        lane_count: 0,
        outlet_lane_id: 0,
        total_outgoing_surface_m: 0.0,
        total_outgoing_lateral_m: 0.0,
        total_received_surface_m: 0.0,
        total_received_lateral_m: 0.0,
        total_net_transfer_m: 0.0,
    },
    lane_transfer_shadow_projection: None,
    groundwater: DirectGroundwaterRunState {
        authority: Disabled,
        storage_m3: 0.0,
        previous_baseflow_m3: 0.0,
        previous_deep_seepage_m3: 0.0,
        initialized_area_m2: None,
    },
    surface_liquid_shadow: Some(
        DirectSurfaceLiquidOwnedState {
            owner_id: ResourceOwnerId(
                "production-hydrology",
            ),
            configuration_sha256: "a25b600e898017500147cd87919e81b1e663f24bd6b6c60748cd78c22cef1c86",
            state_sha256: "5051c218a63d2e050adcd209ef8c8ee2ebfad077bcd9d16db7e59c96b82400d6",
            records: [
                DirectSurfaceLiquidStateRecord {
                    key: DirectSurfaceLiquidStoreKey {
                        run_id: 83,
                        ofe_id: OfeId(
                            "ofe-1",
                        ),
                        tile_id: TileId(
                            "forest",
                        ),
                        surface_id: SurfaceId(
                            "surface:ofe-1:forest",
                        ),
                        surface_class: ForestLitter,
                        source_type: LitterLiquid,
                        source_id: SourceId(
                            "liquid:ofe-1:forest",
                        ),
                    },
                    liquid_kg_m2_tile: 4.0,
                    last_accepted_transaction_id: None,
                },
                DirectSurfaceLiquidStateRecord {
                    key: DirectSurfaceLiquidStoreKey {
                        run_id: 83,
                        ofe_id: OfeId(
                            "ofe-1",
                        ),
                        tile_id: TileId(
                            "open",
                        ),
                        surface_id: SurfaceId(
                            "surface:ofe-1:open",
                        ),
                        surface_class: BareMineralSoil,
                        source_type: SurfaceLiquid,
                        source_id: SourceId(
                            "liquid:ofe-1:open",
                        ),
                    },
                    liquid_kg_m2_tile: 0.0,
                    last_accepted_transaction_id: None,
                },
            ],
            continuations: [
                DirectSurfaceLiquidContinuationState {
                    ofe_id: OfeId(
                        "ofe-1",
                    ),
                    day_index: 0,
                    next_interval_index: 0,
                    cumulative_supply_m: 0.0,
                    cumulative_infiltration_m: 0.0,
                    last_accepted_transaction_id: None,
                },
            ],
        },
    ),
    snow_stage3_shadow: None,
    snow_stage3_v11_attachment: None,
    laned_active: None,
    laned_active_summary: None,
} pinned_reconstructed=DirectRunFrame {
    identity: DirectRunIdentity {
        run_id: 83,
        hillslope_id: 11,
        lane_count: 1,
        day_count: 1,
    },
    lanes: [
        DirectLaneFrame {
            lane_id: 1,
            upstream_lane_id: 0,
            downstream_lane_id: 0,
            upstream_area_ratio: 1.0,
            area_m2: 100.0,
            runoff_publication_q_scale: 1.0,
            runoff_publication_qofe_scale: 1.0,
            runoff_publication_efflen_m: 1.0,
            runoff_publication_cumulative_length_m: 1.0,
            runoff_publication_ofe_length_m: 1.0,
            water: DirectWaterState {
                soil_water_m: 0.7695,
                infiltration_m: 0.0,
                runoff_m: 0.0,
                evapotranspiration_m: 0.0,
                drainage_m: 0.0,
                lateral_flow_m: 0.0,
            },
            transfer: DirectTransferBuffers {
                surface_carry_m: [
                    0.0,
                    0.0,
                    0.0,
                    0.0,
                    0.0,
                    0.0,
                    0.0,
                    0.0,
                    0.0,
                    0.0,
                    0.0,
                    0.0,
                    0.0,
                    0.0,
                    0.0,
                    0.0,
                    0.0,
                    0.0,
                    0.0,
                    0.0,
                    0.0,
                    0.0,
                    0.0,
                    0.0,
                ],
                surface_hourly_weights: [
                    0.0,
                    0.0,
                    0.0,
                    0.0,
                    0.0,
                    0.0,
                    0.0,
                    0.0,
                    0.0,
                    0.0,
                    0.0,
                    0.0,
                    0.0,
                    0.0,
                    0.0,
                    0.0,
                    0.0,
                    0.0,
                    0.0,
                    0.0,
                    0.0,
                    0.0,
                    0.0,
                    0.0,
                ],
                lateral_carry_m: [
                    0.0,
                    0.0,
                    0.0,
                    0.0,
                    0.0,
                    0.0,
                    0.0,
                    0.0,
                    0.0,
                    0.0,
                    0.0,
                    0.0,
                    0.0,
                    0.0,
                    0.0,
                    0.0,
                    0.0,
                    0.0,
                    0.0,
                    0.0,
                    0.0,
                    0.0,
                    0.0,
                    0.0,
                ],
                upstream_flow_m: 0.0,
                subsurface_input_m: 0.0,
            },
            publication: DirectPublicationFrame {
                runoff_m: 0.0,
                infiltration_m: 0.0,
                evapotranspiration_m: 0.0,
                drainage_m: 0.0,
                lateral_flow_m: 0.0,
            },
            erosion_downstream_operands: DirectErosionDownstreamOperands {
                publication_authority: false,
                publication: DirectPublicationErosionOperands {
                    peak_runoff_rate_m_s: Some(
                        0.0,
                    ),
                    runoff_duration_s: Some(
                        0.0,
                    ),
                    total_detachment_kg: Some(
                        0.0,
                    ),
                    total_deposition_kg: Some(
                        0.0,
                    ),
                    hbp_total_detachment_kg: Some(
                        0.0,
                    ),
                    hbp_total_deposition_kg: Some(
                        0.0,
                    ),
                    hbp_sediment_concentration_kg_m3: Some(
                        0.0,
                    ),
                    sediment_concentration_kg_m3: Some(
                        [
                            0.0,
                            0.0,
                            0.0,
                            0.0,
                            0.0,
                        ],
                    ),
                    hourly_runoff_fraction: None,
                    hourly_sediment_mass_kg: None,
                    enrichment_ratio: None,
                },
            },
            erosion_inflow_intake: None,
            subsurface_layers: [
                DirectSubsurfaceLayerState {
                    theta_m: 0.12825,
                    field_capacity_m: 0.02,
                    upper_limit_m: 0.2,
                    conductivity_m_s: 1e-10,
                    depth_m: 0.3,
                    residual_theta: 0.0,
                    frozen_depth_m: 0.0,
                    frozen_water_m: 0.0,
                    porosity: 0.45,
                    field_capacity_theta: 0.25,
                    coca: 0.1,
                    lateral_conductivity_m_s: 1e-7,
                },
                DirectSubsurfaceLayerState {
                    theta_m: 0.12825,
                    field_capacity_m: 0.02,
                    upper_limit_m: 0.2,
                    conductivity_m_s: 1e-10,
                    depth_m: 0.3,
                    residual_theta: 0.0,
                    frozen_depth_m: 0.0,
                    frozen_water_m: 0.0,
                    porosity: 0.45,
                    field_capacity_theta: 0.25,
                    coca: 0.1,
                    lateral_conductivity_m_s: 1e-7,
                },
                DirectSubsurfaceLayerState {
                    theta_m: 0.12825,
                    field_capacity_m: 0.02,
                    upper_limit_m: 0.2,
                    conductivity_m_s: 1e-10,
                    depth_m: 0.3,
                    residual_theta: 0.0,
                    frozen_depth_m: 0.0,
                    frozen_water_m: 0.0,
                    porosity: 0.45,
                    field_capacity_theta: 0.25,
                    coca: 0.1,
                    lateral_conductivity_m_s: 1e-7,
                },
                DirectSubsurfaceLayerState {
                    theta_m: 0.12825,
                    field_capacity_m: 0.02,
                    upper_limit_m: 0.2,
                    conductivity_m_s: 1e-10,
                    depth_m: 0.3,
                    residual_theta: 0.0,
                    frozen_depth_m: 0.0,
                    frozen_water_m: 0.0,
                    porosity: 0.45,
                    field_capacity_theta: 0.25,
                    coca: 0.1,
                    lateral_conductivity_m_s: 1e-7,
                },
                DirectSubsurfaceLayerState {
                    theta_m: 0.12825,
                    field_capacity_m: 0.02,
                    upper_limit_m: 0.2,
                    conductivity_m_s: 1e-10,
                    depth_m: 0.3,
                    residual_theta: 0.0,
                    frozen_depth_m: 0.0,
                    frozen_water_m: 0.0,
                    porosity: 0.45,
                    field_capacity_theta: 0.25,
                    coca: 0.1,
                    lateral_conductivity_m_s: 1e-7,
                },
                DirectSubsurfaceLayerState {
                    theta_m: 0.12825,
                    field_capacity_m: 0.02,
                    upper_limit_m: 0.2,
                    conductivity_m_s: 1e-10,
                    depth_m: 0.3,
                    residual_theta: 0.0,
                    frozen_depth_m: 0.0,
                    frozen_water_m: 0.0,
                    porosity: 0.45,
                    field_capacity_theta: 0.25,
                    coca: 0.1,
                    lateral_conductivity_m_s: 1e-7,
                },
            ],
            evapotranspiration_stage_state: None,
            plant_growth_state: DirectGrowthStateSurface {
                sumgdd: 0.0,
                live_biomass_kg_m2: 0.0,
                interception_live_biomass_kg_m2: 0.0,
                canopy_height_m: 0.0,
                canopy_cover_fraction: 0.0,
                leaf_area_index: 0.0,
                root_mass_kg_m2: 0.0,
                root_depth_m: 0.0,
                harvest_index: 0.0,
            },
            plant_water_stress: 1.0,
            winter_column: DirectWinterColumnState {
                snow: DirectSnowLaneState {
                    runtime_swe_m: 0.0,
                    runtime_depth_m: 0.0,
                    runtime_density_kg_m3: 0.0,
                    runtime_settle_day_count: 0.0,
                    coe_boundary_depth_m: 0.0,
                    coe_boundary_density_kg_m3: 0.0,
                    coe_boundary_settle_day_count: 0.0,
                    liquid_water_retained_m: 0.0,
                    snow_albedo_state: None,
                    layers: [],
                },
                frost: DirectFrostLaneState {
                    active_frost_coupling: false,
                    dfrost_m: 0.0,
                    dthaw_m: 0.0,
                    nft: 0.0,
                    ws_frz_m: 0.0,
                    infcap_frz_m_s: 0.0,
                    frwatc_soil_water_before_m: 0.0,
                    frwatc_soil_water_after_m: 0.0,
                    frwatc_frozen_water_before_m: 0.0,
                    frwatc_frozen_water_after_m: 0.0,
                    frwatc_freeze_debit_m: 0.0,
                    frwatc_thaw_credit_m: 0.0,
                    frwatc_net_liquid_delta_m: 0.0,
                    frdp_m: 0.0,
                    thdp_m: 0.0,
                    tfrdp_m: 0.0,
                    tthawd_m: 0.0,
                    fgthwd_flag: 0.0,
                    total_fine_layer_count: 0.0,
                    conductivity_tilled_w_m_k: 0.0,
                    conductivity_untilled_w_m_k: 0.0,
                    conductivity_residue_w_m_k: 0.0,
                    shadow_total_water_before_m: 0.0,
                    shadow_total_water_after_m: 0.0,
                    shadow_wb_delta_m: 0.0,
                    shadow_frwatc_residual_m: 0.0,
                    watpdg_m: 0.0,
                    watbtm_m: 0.0,
                    layer_shadows: [],
                    fine_layers: [],
                },
            },
            snow_runtime_carry: None,
            frost_runtime_carry: None,
            erosion_runtime_carry: DirectErosionRuntimeCarry {
                consolidation: DirectErosionConsolidationCarry {
                    rfcum_m: 0.0,
                    daydis: 0.0,
                },
                ifrost: ErosionIfrostCarry(
                    0,
                ),
                rill_width_m: 0.0,
            },
            day_inputs: [],
        },
    ],
    phase_plan: DirectPhasePlan {
        phases: [
            Normalization,
            StorageBounds,
            DecompositionTransition,
            ResiduePartitionTransition,
            AnnualGrowthTransition,
            PerennialGrowthTransition,
            PercolationDeepSeepage,
            Evapotranspiration,
            Drainage,
            LateralTransfer,
            PlantRootUptake,
            RunoffReconciliation,
            StorageReconciliation,
            ClosureDiagnostics,
        ],
    },
    publication: DirectPublicationFrame {
        runoff_m: 0.0,
        infiltration_m: 0.0,
        evapotranspiration_m: 0.0,
        drainage_m: 0.0,
        lateral_flow_m: 0.0,
    },
    lane_transfer_ledger: [
        DirectLaneTransferLedger {
            lane_id: 0,
            upstream_lane_id: 0,
            downstream_lane_id: 0,
            upstream_area_ratio: 0.0,
            area_m2: 0.0,
            outgoing_surface_m: 0.0,
            outgoing_lateral_m: 0.0,
            received_surface_m: 0.0,
            received_lateral_m: 0.0,
            net_transfer_m: 0.0,
        },
    ],
    lane_transfer_downstream_operands: DirectRunTransferDownstreamOperands {
        lane_count: 0,
        outlet_lane_id: 0,
        total_outgoing_surface_m: 0.0,
        total_outgoing_lateral_m: 0.0,
        total_received_surface_m: 0.0,
        total_received_lateral_m: 0.0,
        total_net_transfer_m: 0.0,
    },
    lane_transfer_shadow_projection: None,
    groundwater: DirectGroundwaterRunState {
        authority: Disabled,
        storage_m3: 0.0,
        previous_baseflow_m3: 0.0,
        previous_deep_seepage_m3: 0.0,
        initialized_area_m2: None,
    },
    surface_liquid_shadow: None,
    snow_stage3_shadow: None,
    snow_stage3_v11_attachment: None,
    laned_active: None,
    laned_active_summary: None,
}
B01_RECORDER_CAPTURE_ERROR phase=first-snow-free mode=enabled-snow-free fixture=native-mixed-phase-terminal operation=recorder-capture detail="unsupported dynamic native hydrology frame state"
B01_RECORDER_CONTROL_PASS phase=first-snow-free mode=enabled-snow-free fixture=native-mixed-phase-terminal parent_support_ns=1800000000000 selected_support={"end_ns":"420000000000","start_ns":"360000000000"} operation=producer-model-complete
B01_RECORDER_CONTROL_START phase=first-snow-free mode=forced-snow-free-capture-failure fixture=native-mixed-phase-terminal parent_support_ns=1800000000000 operation=producer-execution
B01_RECORDER_CAPTURE_ERROR phase=first-snow-free mode=forced-snow-free-capture-failure fixture=native-mixed-phase-terminal operation=recorder-capture detail="forced capture-only recorder failure"
B01_RECORDER_CONTROL_PASS phase=first-snow-free mode=forced-snow-free-capture-failure fixture=native-mixed-phase-terminal parent_support_ns=1800000000000 selected_support={"end_ns":"420000000000","start_ns":"360000000000"} operation=producer-model-complete
B01_RECORDER_CONTROL_START phase=first-snow-free mode=forced-snow-free-wrong-phase-failure fixture=native-mixed-phase-terminal parent_support_ns=1800000000000 operation=producer-execution
B01_RECORDER_DYNAMIC_FRAME_MISMATCH actual=DirectRunFrame {
    identity: DirectRunIdentity {
        run_id: 83,
        hillslope_id: 11,
        lane_count: 1,
        day_count: 1,
    },
    lanes: [
        DirectLaneFrame {
            lane_id: 1,
            upstream_lane_id: 0,
            downstream_lane_id: 0,
            upstream_area_ratio: 1.0,
            area_m2: 100.0,
            runoff_publication_q_scale: 1.0,
            runoff_publication_qofe_scale: 1.0,
            runoff_publication_efflen_m: 1.0,
            runoff_publication_cumulative_length_m: 1.0,
            runoff_publication_ofe_length_m: 1.0,
            water: DirectWaterState {
                soil_water_m: 0.7694932027547932,
                infiltration_m: 0.0,
                runoff_m: 0.0,
                evapotranspiration_m: 0.0,
                drainage_m: 0.0,
                lateral_flow_m: 0.0,
            },
            transfer: DirectTransferBuffers {
                surface_carry_m: [
                    0.0,
                    0.0,
                    0.0,
                    0.0,
                    0.0,
                    0.0,
                    0.0,
                    0.0,
                    0.0,
                    0.0,
                    0.0,
                    0.0,
                    0.0,
                    0.0,
                    0.0,
                    0.0,
                    0.0,
                    0.0,
                    0.0,
                    0.0,
                    0.0,
                    0.0,
                    0.0,
                    0.0,
                ],
                surface_hourly_weights: [
                    0.0,
                    0.0,
                    0.0,
                    0.0,
                    0.0,
                    0.0,
                    0.0,
                    0.0,
                    0.0,
                    0.0,
                    0.0,
                    0.0,
                    0.0,
                    0.0,
                    0.0,
                    0.0,
                    0.0,
                    0.0,
                    0.0,
                    0.0,
                    0.0,
                    0.0,
                    0.0,
                    0.0,
                ],
                lateral_carry_m: [
                    0.0,
                    0.0,
                    0.0,
                    0.0,
                    0.0,
                    0.0,
                    0.0,
                    0.0,
                    0.0,
                    0.0,
                    0.0,
                    0.0,
                    0.0,
                    0.0,
                    0.0,
                    0.0,
                    0.0,
                    0.0,
                    0.0,
                    0.0,
                    0.0,
                    0.0,
                    0.0,
                    0.0,
                ],
                upstream_flow_m: 0.0,
                subsurface_input_m: 0.0,
            },
            publication: DirectPublicationFrame {
                runoff_m: 0.0,
                infiltration_m: 0.0,
                evapotranspiration_m: 0.0,
                drainage_m: 0.0,
                lateral_flow_m: 0.0,
            },
            erosion_downstream_operands: DirectErosionDownstreamOperands {
                publication_authority: false,
                publication: DirectPublicationErosionOperands {
                    peak_runoff_rate_m_s: Some(
                        0.0,
                    ),
                    runoff_duration_s: Some(
                        0.0,
                    ),
                    total_detachment_kg: Some(
                        0.0,
                    ),
                    total_deposition_kg: Some(
                        0.0,
                    ),
                    hbp_total_detachment_kg: Some(
                        0.0,
                    ),
                    hbp_total_deposition_kg: Some(
                        0.0,
                    ),
                    hbp_sediment_concentration_kg_m3: Some(
                        0.0,
                    ),
                    sediment_concentration_kg_m3: Some(
                        [
                            0.0,
                            0.0,
                            0.0,
                            0.0,
                            0.0,
                        ],
                    ),
                    hourly_runoff_fraction: None,
                    hourly_sediment_mass_kg: None,
                    enrichment_ratio: None,
                },
            },
            erosion_inflow_intake: None,
            subsurface_layers: [
                DirectSubsurfaceLayerState {
                    theta_m: 0.12825,
                    field_capacity_m: 0.02,
                    upper_limit_m: 0.2,
                    conductivity_m_s: 1e-10,
                    depth_m: 0.3,
                    residual_theta: 0.0,
                    frozen_depth_m: 0.0,
                    frozen_water_m: 0.0,
                    porosity: 0.45,
                    field_capacity_theta: 0.25,
                    coca: 0.1,
                    lateral_conductivity_m_s: 1e-7,
                },
                DirectSubsurfaceLayerState {
                    theta_m: 0.12825,
                    field_capacity_m: 0.02,
                    upper_limit_m: 0.2,
                    conductivity_m_s: 1e-10,
                    depth_m: 0.3,
                    residual_theta: 0.0,
                    frozen_depth_m: 0.0,
                    frozen_water_m: 0.0,
                    porosity: 0.45,
                    field_capacity_theta: 0.25,
                    coca: 0.1,
                    lateral_conductivity_m_s: 1e-7,
                },
                DirectSubsurfaceLayerState {
                    theta_m: 0.1282457797136275,
                    field_capacity_m: 0.02,
                    upper_limit_m: 0.2,
                    conductivity_m_s: 1e-10,
                    depth_m: 0.3,
                    residual_theta: 0.0,
                    frozen_depth_m: 0.0,
                    frozen_water_m: 0.0,
                    porosity: 0.45,
                    field_capacity_theta: 0.25,
                    coca: 0.1,
                    lateral_conductivity_m_s: 1e-7,
                },
                DirectSubsurfaceLayerState {
                    theta_m: 0.12824742304116568,
                    field_capacity_m: 0.02,
                    upper_limit_m: 0.2,
                    conductivity_m_s: 1e-10,
                    depth_m: 0.3,
                    residual_theta: 0.0,
                    frozen_depth_m: 0.0,
                    frozen_water_m: 0.0,
                    porosity: 0.45,
                    field_capacity_theta: 0.25,
                    coca: 0.1,
                    lateral_conductivity_m_s: 1e-7,
                },
                DirectSubsurfaceLayerState {
                    theta_m: 0.12825,
                    field_capacity_m: 0.02,
                    upper_limit_m: 0.2,
                    conductivity_m_s: 1e-10,
                    depth_m: 0.3,
                    residual_theta: 0.0,
                    frozen_depth_m: 0.0,
                    frozen_water_m: 0.0,
                    porosity: 0.45,
                    field_capacity_theta: 0.25,
                    coca: 0.1,
                    lateral_conductivity_m_s: 1e-7,
                },
                DirectSubsurfaceLayerState {
                    theta_m: 0.12825,
                    field_capacity_m: 0.02,
                    upper_limit_m: 0.2,
                    conductivity_m_s: 1e-10,
                    depth_m: 0.3,
                    residual_theta: 0.0,
                    frozen_depth_m: 0.0,
                    frozen_water_m: 0.0,
                    porosity: 0.45,
                    field_capacity_theta: 0.25,
                    coca: 0.1,
                    lateral_conductivity_m_s: 1e-7,
                },
            ],
            evapotranspiration_stage_state: None,
            plant_growth_state: DirectGrowthStateSurface {
                sumgdd: 0.0,
                live_biomass_kg_m2: 0.0,
                interception_live_biomass_kg_m2: 0.0,
                canopy_height_m: 0.0,
                canopy_cover_fraction: 0.0,
                leaf_area_index: 0.0,
                root_mass_kg_m2: 0.0,
                root_depth_m: 0.0,
                harvest_index: 0.0,
            },
            plant_water_stress: 1.0,
            winter_column: DirectWinterColumnState {
                snow: DirectSnowLaneState {
                    runtime_swe_m: 0.0,
                    runtime_depth_m: 0.0,
                    runtime_density_kg_m3: 0.0,
                    runtime_settle_day_count: 0.0,
                    coe_boundary_depth_m: 0.0,
                    coe_boundary_density_kg_m3: 0.0,
                    coe_boundary_settle_day_count: 0.0,
                    liquid_water_retained_m: 0.0,
                    snow_albedo_state: None,
                    layers: [],
                },
                frost: DirectFrostLaneState {
                    active_frost_coupling: false,
                    dfrost_m: 0.0,
                    dthaw_m: 0.0,
                    nft: 0.0,
                    ws_frz_m: 0.0,
                    infcap_frz_m_s: 0.0,
                    frwatc_soil_water_before_m: 0.0,
                    frwatc_soil_water_after_m: 0.0,
                    frwatc_frozen_water_before_m: 0.0,
                    frwatc_frozen_water_after_m: 0.0,
                    frwatc_freeze_debit_m: 0.0,
                    frwatc_thaw_credit_m: 0.0,
                    frwatc_net_liquid_delta_m: 0.0,
                    frdp_m: 0.0,
                    thdp_m: 0.0,
                    tfrdp_m: 0.0,
                    tthawd_m: 0.0,
                    fgthwd_flag: 0.0,
                    total_fine_layer_count: 0.0,
                    conductivity_tilled_w_m_k: 0.0,
                    conductivity_untilled_w_m_k: 0.0,
                    conductivity_residue_w_m_k: 0.0,
                    shadow_total_water_before_m: 0.0,
                    shadow_total_water_after_m: 0.0,
                    shadow_wb_delta_m: 0.0,
                    shadow_frwatc_residual_m: 0.0,
                    watpdg_m: 0.0,
                    watbtm_m: 0.0,
                    layer_shadows: [],
                    fine_layers: [],
                },
            },
            snow_runtime_carry: None,
            frost_runtime_carry: None,
            erosion_runtime_carry: DirectErosionRuntimeCarry {
                consolidation: DirectErosionConsolidationCarry {
                    rfcum_m: 0.0,
                    daydis: 0.0,
                },
                ifrost: ErosionIfrostCarry(
                    0,
                ),
                rill_width_m: 0.0,
            },
            day_inputs: [],
        },
    ],
    phase_plan: DirectPhasePlan {
        phases: [
            Normalization,
            StorageBounds,
            DecompositionTransition,
            ResiduePartitionTransition,
            AnnualGrowthTransition,
            PerennialGrowthTransition,
            PercolationDeepSeepage,
            Evapotranspiration,
            Drainage,
            LateralTransfer,
            PlantRootUptake,
            RunoffReconciliation,
            StorageReconciliation,
            ClosureDiagnostics,
        ],
    },
    publication: DirectPublicationFrame {
        runoff_m: 0.0,
        infiltration_m: 0.0,
        evapotranspiration_m: 0.0,
        drainage_m: 0.0,
        lateral_flow_m: 0.0,
    },
    lane_transfer_ledger: [
        DirectLaneTransferLedger {
            lane_id: 0,
            upstream_lane_id: 0,
            downstream_lane_id: 0,
            upstream_area_ratio: 0.0,
            area_m2: 0.0,
            outgoing_surface_m: 0.0,
            outgoing_lateral_m: 0.0,
            received_surface_m: 0.0,
            received_lateral_m: 0.0,
            net_transfer_m: 0.0,
        },
    ],
    lane_transfer_downstream_operands: DirectRunTransferDownstreamOperands {
        lane_count: 0,
        outlet_lane_id: 0,
        total_outgoing_surface_m: 0.0,
        total_outgoing_lateral_m: 0.0,
        total_received_surface_m: 0.0,
        total_received_lateral_m: 0.0,
        total_net_transfer_m: 0.0,
    },
    lane_transfer_shadow_projection: None,
    groundwater: DirectGroundwaterRunState {
        authority: Disabled,
        storage_m3: 0.0,
        previous_baseflow_m3: 0.0,
        previous_deep_seepage_m3: 0.0,
        initialized_area_m2: None,
    },
    surface_liquid_shadow: Some(
        DirectSurfaceLiquidOwnedState {
            owner_id: ResourceOwnerId(
                "production-hydrology",
            ),
            configuration_sha256: "a25b600e898017500147cd87919e81b1e663f24bd6b6c60748cd78c22cef1c86",
            state_sha256: "5051c218a63d2e050adcd209ef8c8ee2ebfad077bcd9d16db7e59c96b82400d6",
            records: [
                DirectSurfaceLiquidStateRecord {
                    key: DirectSurfaceLiquidStoreKey {
                        run_id: 83,
                        ofe_id: OfeId(
                            "ofe-1",
                        ),
                        tile_id: TileId(
                            "forest",
                        ),
                        surface_id: SurfaceId(
                            "surface:ofe-1:forest",
                        ),
                        surface_class: ForestLitter,
                        source_type: LitterLiquid,
                        source_id: SourceId(
                            "liquid:ofe-1:forest",
                        ),
                    },
                    liquid_kg_m2_tile: 4.0,
                    last_accepted_transaction_id: None,
                },
                DirectSurfaceLiquidStateRecord {
                    key: DirectSurfaceLiquidStoreKey {
                        run_id: 83,
                        ofe_id: OfeId(
                            "ofe-1",
                        ),
                        tile_id: TileId(
                            "open",
                        ),
                        surface_id: SurfaceId(
                            "surface:ofe-1:open",
                        ),
                        surface_class: BareMineralSoil,
                        source_type: SurfaceLiquid,
                        source_id: SourceId(
                            "liquid:ofe-1:open",
                        ),
                    },
                    liquid_kg_m2_tile: 0.0,
                    last_accepted_transaction_id: None,
                },
            ],
            continuations: [
                DirectSurfaceLiquidContinuationState {
                    ofe_id: OfeId(
                        "ofe-1",
                    ),
                    day_index: 0,
                    next_interval_index: 0,
                    cumulative_supply_m: 0.0,
                    cumulative_infiltration_m: 0.0,
                    last_accepted_transaction_id: None,
                },
            ],
        },
    ),
    snow_stage3_shadow: None,
    snow_stage3_v11_attachment: None,
    laned_active: None,
    laned_active_summary: None,
} pinned_reconstructed=DirectRunFrame {
    identity: DirectRunIdentity {
        run_id: 83,
        hillslope_id: 11,
        lane_count: 1,
        day_count: 1,
    },
    lanes: [
        DirectLaneFrame {
            lane_id: 1,
            upstream_lane_id: 0,
            downstream_lane_id: 0,
            upstream_area_ratio: 1.0,
            area_m2: 100.0,
            runoff_publication_q_scale: 1.0,
            runoff_publication_qofe_scale: 1.0,
            runoff_publication_efflen_m: 1.0,
            runoff_publication_cumulative_length_m: 1.0,
            runoff_publication_ofe_length_m: 1.0,
            water: DirectWaterState {
                soil_water_m: 0.7695,
                infiltration_m: 0.0,
                runoff_m: 0.0,
                evapotranspiration_m: 0.0,
                drainage_m: 0.0,
                lateral_flow_m: 0.0,
            },
            transfer: DirectTransferBuffers {
                surface_carry_m: [
                    0.0,
                    0.0,
                    0.0,
                    0.0,
                    0.0,
                    0.0,
                    0.0,
                    0.0,
                    0.0,
                    0.0,
                    0.0,
                    0.0,
                    0.0,
                    0.0,
                    0.0,
                    0.0,
                    0.0,
                    0.0,
                    0.0,
                    0.0,
                    0.0,
                    0.0,
                    0.0,
                    0.0,
                ],
                surface_hourly_weights: [
                    0.0,
                    0.0,
                    0.0,
                    0.0,
                    0.0,
                    0.0,
                    0.0,
                    0.0,
                    0.0,
                    0.0,
                    0.0,
                    0.0,
                    0.0,
                    0.0,
                    0.0,
                    0.0,
                    0.0,
                    0.0,
                    0.0,
                    0.0,
                    0.0,
                    0.0,
                    0.0,
                    0.0,
                ],
                lateral_carry_m: [
                    0.0,
                    0.0,
                    0.0,
                    0.0,
                    0.0,
                    0.0,
                    0.0,
                    0.0,
                    0.0,
                    0.0,
                    0.0,
                    0.0,
                    0.0,
                    0.0,
                    0.0,
                    0.0,
                    0.0,
                    0.0,
                    0.0,
                    0.0,
                    0.0,
                    0.0,
                    0.0,
                    0.0,
                ],
                upstream_flow_m: 0.0,
                subsurface_input_m: 0.0,
            },
            publication: DirectPublicationFrame {
                runoff_m: 0.0,
                infiltration_m: 0.0,
                evapotranspiration_m: 0.0,
                drainage_m: 0.0,
                lateral_flow_m: 0.0,
            },
            erosion_downstream_operands: DirectErosionDownstreamOperands {
                publication_authority: false,
                publication: DirectPublicationErosionOperands {
                    peak_runoff_rate_m_s: Some(
                        0.0,
                    ),
                    runoff_duration_s: Some(
                        0.0,
                    ),
                    total_detachment_kg: Some(
                        0.0,
                    ),
                    total_deposition_kg: Some(
                        0.0,
                    ),
                    hbp_total_detachment_kg: Some(
                        0.0,
                    ),
                    hbp_total_deposition_kg: Some(
                        0.0,
                    ),
                    hbp_sediment_concentration_kg_m3: Some(
                        0.0,
                    ),
                    sediment_concentration_kg_m3: Some(
                        [
                            0.0,
                            0.0,
                            0.0,
                            0.0,
                            0.0,
                        ],
                    ),
                    hourly_runoff_fraction: None,
                    hourly_sediment_mass_kg: None,
                    enrichment_ratio: None,
                },
            },
            erosion_inflow_intake: None,
            subsurface_layers: [
                DirectSubsurfaceLayerState {
                    theta_m: 0.12825,
                    field_capacity_m: 0.02,
                    upper_limit_m: 0.2,
                    conductivity_m_s: 1e-10,
                    depth_m: 0.3,
                    residual_theta: 0.0,
                    frozen_depth_m: 0.0,
                    frozen_water_m: 0.0,
                    porosity: 0.45,
                    field_capacity_theta: 0.25,
                    coca: 0.1,
                    lateral_conductivity_m_s: 1e-7,
                },
                DirectSubsurfaceLayerState {
                    theta_m: 0.12825,
                    field_capacity_m: 0.02,
                    upper_limit_m: 0.2,
                    conductivity_m_s: 1e-10,
                    depth_m: 0.3,
                    residual_theta: 0.0,
                    frozen_depth_m: 0.0,
                    frozen_water_m: 0.0,
                    porosity: 0.45,
                    field_capacity_theta: 0.25,
                    coca: 0.1,
                    lateral_conductivity_m_s: 1e-7,
                },
                DirectSubsurfaceLayerState {
                    theta_m: 0.12825,
                    field_capacity_m: 0.02,
                    upper_limit_m: 0.2,
                    conductivity_m_s: 1e-10,
                    depth_m: 0.3,
                    residual_theta: 0.0,
                    frozen_depth_m: 0.0,
                    frozen_water_m: 0.0,
                    porosity: 0.45,
                    field_capacity_theta: 0.25,
                    coca: 0.1,
                    lateral_conductivity_m_s: 1e-7,
                },
                DirectSubsurfaceLayerState {
                    theta_m: 0.12825,
                    field_capacity_m: 0.02,
                    upper_limit_m: 0.2,
                    conductivity_m_s: 1e-10,
                    depth_m: 0.3,
                    residual_theta: 0.0,
                    frozen_depth_m: 0.0,
                    frozen_water_m: 0.0,
                    porosity: 0.45,
                    field_capacity_theta: 0.25,
                    coca: 0.1,
                    lateral_conductivity_m_s: 1e-7,
                },
                DirectSubsurfaceLayerState {
                    theta_m: 0.12825,
                    field_capacity_m: 0.02,
                    upper_limit_m: 0.2,
                    conductivity_m_s: 1e-10,
                    depth_m: 0.3,
                    residual_theta: 0.0,
                    frozen_depth_m: 0.0,
                    frozen_water_m: 0.0,
                    porosity: 0.45,
                    field_capacity_theta: 0.25,
                    coca: 0.1,
                    lateral_conductivity_m_s: 1e-7,
                },
                DirectSubsurfaceLayerState {
                    theta_m: 0.12825,
                    field_capacity_m: 0.02,
                    upper_limit_m: 0.2,
                    conductivity_m_s: 1e-10,
                    depth_m: 0.3,
                    residual_theta: 0.0,
                    frozen_depth_m: 0.0,
                    frozen_water_m: 0.0,
                    porosity: 0.45,
                    field_capacity_theta: 0.25,
                    coca: 0.1,
                    lateral_conductivity_m_s: 1e-7,
                },
            ],
            evapotranspiration_stage_state: None,
            plant_growth_state: DirectGrowthStateSurface {
                sumgdd: 0.0,
                live_biomass_kg_m2: 0.0,
                interception_live_biomass_kg_m2: 0.0,
                canopy_height_m: 0.0,
                canopy_cover_fraction: 0.0,
                leaf_area_index: 0.0,
                root_mass_kg_m2: 0.0,
                root_depth_m: 0.0,
                harvest_index: 0.0,
            },
            plant_water_stress: 1.0,
            winter_column: DirectWinterColumnState {
                snow: DirectSnowLaneState {
                    runtime_swe_m: 0.0,
                    runtime_depth_m: 0.0,
                    runtime_density_kg_m3: 0.0,
                    runtime_settle_day_count: 0.0,
                    coe_boundary_depth_m: 0.0,
                    coe_boundary_density_kg_m3: 0.0,
                    coe_boundary_settle_day_count: 0.0,
                    liquid_water_retained_m: 0.0,
                    snow_albedo_state: None,
                    layers: [],
                },
                frost: DirectFrostLaneState {
                    active_frost_coupling: false,
                    dfrost_m: 0.0,
                    dthaw_m: 0.0,
                    nft: 0.0,
                    ws_frz_m: 0.0,
                    infcap_frz_m_s: 0.0,
                    frwatc_soil_water_before_m: 0.0,
                    frwatc_soil_water_after_m: 0.0,
                    frwatc_frozen_water_before_m: 0.0,
                    frwatc_frozen_water_after_m: 0.0,
                    frwatc_freeze_debit_m: 0.0,
                    frwatc_thaw_credit_m: 0.0,
                    frwatc_net_liquid_delta_m: 0.0,
                    frdp_m: 0.0,
                    thdp_m: 0.0,
                    tfrdp_m: 0.0,
                    tthawd_m: 0.0,
                    fgthwd_flag: 0.0,
                    total_fine_layer_count: 0.0,
                    conductivity_tilled_w_m_k: 0.0,
                    conductivity_untilled_w_m_k: 0.0,
                    conductivity_residue_w_m_k: 0.0,
                    shadow_total_water_before_m: 0.0,
                    shadow_total_water_after_m: 0.0,
                    shadow_wb_delta_m: 0.0,
                    shadow_frwatc_residual_m: 0.0,
                    watpdg_m: 0.0,
                    watbtm_m: 0.0,
                    layer_shadows: [],
                    fine_layers: [],
                },
            },
            snow_runtime_carry: None,
            frost_runtime_carry: None,
            erosion_runtime_carry: DirectErosionRuntimeCarry {
                consolidation: DirectErosionConsolidationCarry {
                    rfcum_m: 0.0,
                    daydis: 0.0,
                },
                ifrost: ErosionIfrostCarry(
                    0,
                ),
                rill_width_m: 0.0,
            },
            day_inputs: [],
        },
    ],
    phase_plan: DirectPhasePlan {
        phases: [
            Normalization,
            StorageBounds,
            DecompositionTransition,
            ResiduePartitionTransition,
            AnnualGrowthTransition,
            PerennialGrowthTransition,
            PercolationDeepSeepage,
            Evapotranspiration,
            Drainage,
            LateralTransfer,
            PlantRootUptake,
            RunoffReconciliation,
            StorageReconciliation,
            ClosureDiagnostics,
        ],
    },
    publication: DirectPublicationFrame {
        runoff_m: 0.0,
        infiltration_m: 0.0,
        evapotranspiration_m: 0.0,
        drainage_m: 0.0,
        lateral_flow_m: 0.0,
    },
    lane_transfer_ledger: [
        DirectLaneTransferLedger {
            lane_id: 0,
            upstream_lane_id: 0,
            downstream_lane_id: 0,
            upstream_area_ratio: 0.0,
            area_m2: 0.0,
            outgoing_surface_m: 0.0,
            outgoing_lateral_m: 0.0,
            received_surface_m: 0.0,
            received_lateral_m: 0.0,
            net_transfer_m: 0.0,
        },
    ],
    lane_transfer_downstream_operands: DirectRunTransferDownstreamOperands {
        lane_count: 0,
        outlet_lane_id: 0,
        total_outgoing_surface_m: 0.0,
        total_outgoing_lateral_m: 0.0,
        total_received_surface_m: 0.0,
        total_received_lateral_m: 0.0,
        total_net_transfer_m: 0.0,
    },
    lane_transfer_shadow_projection: None,
    groundwater: DirectGroundwaterRunState {
        authority: Disabled,
        storage_m3: 0.0,
        previous_baseflow_m3: 0.0,
        previous_deep_seepage_m3: 0.0,
        initialized_area_m2: None,
    },
    surface_liquid_shadow: None,
    snow_stage3_shadow: None,
    snow_stage3_v11_attachment: None,
    laned_active: None,
    laned_active_summary: None,
}
B01_RECORDER_CAPTURE_ERROR phase=first-snow-free mode=forced-snow-free-wrong-phase-failure fixture=native-mixed-phase-terminal operation=recorder-capture detail="unsupported dynamic native hydrology frame state"
B01_RECORDER_CONTROL_PASS phase=first-snow-free mode=forced-snow-free-wrong-phase-failure fixture=native-mixed-phase-terminal parent_support_ns=1800000000000 selected_support={"end_ns":"420000000000","start_ns":"360000000000"} operation=producer-model-complete
B01_RECORDER_CONTROL_START phase=first-snow-free mode=forced-snow-free-required-omission-failure fixture=native-mixed-phase-terminal parent_support_ns=1800000000000 operation=producer-execution
B01_RECORDER_DYNAMIC_FRAME_MISMATCH actual=DirectRunFrame {
    identity: DirectRunIdentity {
        run_id: 83,
        hillslope_id: 11,
        lane_count: 1,
        day_count: 1,
    },
    lanes: [
        DirectLaneFrame {
            lane_id: 1,
            upstream_lane_id: 0,
            downstream_lane_id: 0,
            upstream_area_ratio: 1.0,
            area_m2: 100.0,
            runoff_publication_q_scale: 1.0,
            runoff_publication_qofe_scale: 1.0,
            runoff_publication_efflen_m: 1.0,
            runoff_publication_cumulative_length_m: 1.0,
            runoff_publication_ofe_length_m: 1.0,
            water: DirectWaterState {
                soil_water_m: 0.7694932027547932,
                infiltration_m: 0.0,
                runoff_m: 0.0,
                evapotranspiration_m: 0.0,
                drainage_m: 0.0,
                lateral_flow_m: 0.0,
            },
            transfer: DirectTransferBuffers {
                surface_carry_m: [
                    0.0,
                    0.0,
                    0.0,
                    0.0,
                    0.0,
                    0.0,
                    0.0,
                    0.0,
                    0.0,
                    0.0,
                    0.0,
                    0.0,
                    0.0,
                    0.0,
                    0.0,
                    0.0,
                    0.0,
                    0.0,
                    0.0,
                    0.0,
                    0.0,
                    0.0,
                    0.0,
                    0.0,
                ],
                surface_hourly_weights: [
                    0.0,
                    0.0,
                    0.0,
                    0.0,
                    0.0,
                    0.0,
                    0.0,
                    0.0,
                    0.0,
                    0.0,
                    0.0,
                    0.0,
                    0.0,
                    0.0,
                    0.0,
                    0.0,
                    0.0,
                    0.0,
                    0.0,
                    0.0,
                    0.0,
                    0.0,
                    0.0,
                    0.0,
                ],
                lateral_carry_m: [
                    0.0,
                    0.0,
                    0.0,
                    0.0,
                    0.0,
                    0.0,
                    0.0,
                    0.0,
                    0.0,
                    0.0,
                    0.0,
                    0.0,
                    0.0,
                    0.0,
                    0.0,
                    0.0,
                    0.0,
                    0.0,
                    0.0,
                    0.0,
                    0.0,
                    0.0,
                    0.0,
                    0.0,
                ],
                upstream_flow_m: 0.0,
                subsurface_input_m: 0.0,
            },
            publication: DirectPublicationFrame {
                runoff_m: 0.0,
                infiltration_m: 0.0,
                evapotranspiration_m: 0.0,
                drainage_m: 0.0,
                lateral_flow_m: 0.0,
            },
            erosion_downstream_operands: DirectErosionDownstreamOperands {
                publication_authority: false,
                publication: DirectPublicationErosionOperands {
                    peak_runoff_rate_m_s: Some(
                        0.0,
                    ),
                    runoff_duration_s: Some(
                        0.0,
                    ),
                    total_detachment_kg: Some(
                        0.0,
                    ),
                    total_deposition_kg: Some(
                        0.0,
                    ),
                    hbp_total_detachment_kg: Some(
                        0.0,
                    ),
                    hbp_total_deposition_kg: Some(
                        0.0,
                    ),
                    hbp_sediment_concentration_kg_m3: Some(
                        0.0,
                    ),
                    sediment_concentration_kg_m3: Some(
                        [
                            0.0,
                            0.0,
                            0.0,
                            0.0,
                            0.0,
                        ],
                    ),
                    hourly_runoff_fraction: None,
                    hourly_sediment_mass_kg: None,
                    enrichment_ratio: None,
                },
            },
            erosion_inflow_intake: None,
            subsurface_layers: [
                DirectSubsurfaceLayerState {
                    theta_m: 0.12825,
                    field_capacity_m: 0.02,
                    upper_limit_m: 0.2,
                    conductivity_m_s: 1e-10,
                    depth_m: 0.3,
                    residual_theta: 0.0,
                    frozen_depth_m: 0.0,
                    frozen_water_m: 0.0,
                    porosity: 0.45,
                    field_capacity_theta: 0.25,
                    coca: 0.1,
                    lateral_conductivity_m_s: 1e-7,
                },
                DirectSubsurfaceLayerState {
                    theta_m: 0.12825,
                    field_capacity_m: 0.02,
                    upper_limit_m: 0.2,
                    conductivity_m_s: 1e-10,
                    depth_m: 0.3,
                    residual_theta: 0.0,
                    frozen_depth_m: 0.0,
                    frozen_water_m: 0.0,
                    porosity: 0.45,
                    field_capacity_theta: 0.25,
                    coca: 0.1,
                    lateral_conductivity_m_s: 1e-7,
                },
                DirectSubsurfaceLayerState {
                    theta_m: 0.1282457797136275,
                    field_capacity_m: 0.02,
                    upper_limit_m: 0.2,
                    conductivity_m_s: 1e-10,
                    depth_m: 0.3,
                    residual_theta: 0.0,
                    frozen_depth_m: 0.0,
                    frozen_water_m: 0.0,
                    porosity: 0.45,
                    field_capacity_theta: 0.25,
                    coca: 0.1,
                    lateral_conductivity_m_s: 1e-7,
                },
                DirectSubsurfaceLayerState {
                    theta_m: 0.12824742304116568,
                    field_capacity_m: 0.02,
                    upper_limit_m: 0.2,
                    conductivity_m_s: 1e-10,
                    depth_m: 0.3,
                    residual_theta: 0.0,
                    frozen_depth_m: 0.0,
                    frozen_water_m: 0.0,
                    porosity: 0.45,
                    field_capacity_theta: 0.25,
                    coca: 0.1,
                    lateral_conductivity_m_s: 1e-7,
                },
                DirectSubsurfaceLayerState {
                    theta_m: 0.12825,
                    field_capacity_m: 0.02,
                    upper_limit_m: 0.2,
                    conductivity_m_s: 1e-10,
                    depth_m: 0.3,
                    residual_theta: 0.0,
                    frozen_depth_m: 0.0,
                    frozen_water_m: 0.0,
                    porosity: 0.45,
                    field_capacity_theta: 0.25,
                    coca: 0.1,
                    lateral_conductivity_m_s: 1e-7,
                },
                DirectSubsurfaceLayerState {
                    theta_m: 0.12825,
                    field_capacity_m: 0.02,
                    upper_limit_m: 0.2,
                    conductivity_m_s: 1e-10,
                    depth_m: 0.3,
                    residual_theta: 0.0,
                    frozen_depth_m: 0.0,
                    frozen_water_m: 0.0,
                    porosity: 0.45,
                    field_capacity_theta: 0.25,
                    coca: 0.1,
                    lateral_conductivity_m_s: 1e-7,
                },
            ],
            evapotranspiration_stage_state: None,
            plant_growth_state: DirectGrowthStateSurface {
                sumgdd: 0.0,
                live_biomass_kg_m2: 0.0,
                interception_live_biomass_kg_m2: 0.0,
                canopy_height_m: 0.0,
                canopy_cover_fraction: 0.0,
                leaf_area_index: 0.0,
                root_mass_kg_m2: 0.0,
                root_depth_m: 0.0,
                harvest_index: 0.0,
            },
            plant_water_stress: 1.0,
            winter_column: DirectWinterColumnState {
                snow: DirectSnowLaneState {
                    runtime_swe_m: 0.0,
                    runtime_depth_m: 0.0,
                    runtime_density_kg_m3: 0.0,
                    runtime_settle_day_count: 0.0,
                    coe_boundary_depth_m: 0.0,
                    coe_boundary_density_kg_m3: 0.0,
                    coe_boundary_settle_day_count: 0.0,
                    liquid_water_retained_m: 0.0,
                    snow_albedo_state: None,
                    layers: [],
                },
                frost: DirectFrostLaneState {
                    active_frost_coupling: false,
                    dfrost_m: 0.0,
                    dthaw_m: 0.0,
                    nft: 0.0,
                    ws_frz_m: 0.0,
                    infcap_frz_m_s: 0.0,
                    frwatc_soil_water_before_m: 0.0,
                    frwatc_soil_water_after_m: 0.0,
                    frwatc_frozen_water_before_m: 0.0,
                    frwatc_frozen_water_after_m: 0.0,
                    frwatc_freeze_debit_m: 0.0,
                    frwatc_thaw_credit_m: 0.0,
                    frwatc_net_liquid_delta_m: 0.0,
                    frdp_m: 0.0,
                    thdp_m: 0.0,
                    tfrdp_m: 0.0,
                    tthawd_m: 0.0,
                    fgthwd_flag: 0.0,
                    total_fine_layer_count: 0.0,
                    conductivity_tilled_w_m_k: 0.0,
                    conductivity_untilled_w_m_k: 0.0,
                    conductivity_residue_w_m_k: 0.0,
                    shadow_total_water_before_m: 0.0,
                    shadow_total_water_after_m: 0.0,
                    shadow_wb_delta_m: 0.0,
                    shadow_frwatc_residual_m: 0.0,
                    watpdg_m: 0.0,
                    watbtm_m: 0.0,
                    layer_shadows: [],
                    fine_layers: [],
                },
            },
            snow_runtime_carry: None,
            frost_runtime_carry: None,
            erosion_runtime_carry: DirectErosionRuntimeCarry {
                consolidation: DirectErosionConsolidationCarry {
                    rfcum_m: 0.0,
                    daydis: 0.0,
                },
                ifrost: ErosionIfrostCarry(
                    0,
                ),
                rill_width_m: 0.0,
            },
            day_inputs: [],
        },
    ],
    phase_plan: DirectPhasePlan {
        phases: [
            Normalization,
            StorageBounds,
            DecompositionTransition,
            ResiduePartitionTransition,
            AnnualGrowthTransition,
            PerennialGrowthTransition,
            PercolationDeepSeepage,
            Evapotranspiration,
            Drainage,
            LateralTransfer,
            PlantRootUptake,
            RunoffReconciliation,
            StorageReconciliation,
            ClosureDiagnostics,
        ],
    },
    publication: DirectPublicationFrame {
        runoff_m: 0.0,
        infiltration_m: 0.0,
        evapotranspiration_m: 0.0,
        drainage_m: 0.0,
        lateral_flow_m: 0.0,
    },
    lane_transfer_ledger: [
        DirectLaneTransferLedger {
            lane_id: 0,
            upstream_lane_id: 0,
            downstream_lane_id: 0,
            upstream_area_ratio: 0.0,
            area_m2: 0.0,
            outgoing_surface_m: 0.0,
            outgoing_lateral_m: 0.0,
            received_surface_m: 0.0,
            received_lateral_m: 0.0,
            net_transfer_m: 0.0,
        },
    ],
    lane_transfer_downstream_operands: DirectRunTransferDownstreamOperands {
        lane_count: 0,
        outlet_lane_id: 0,
        total_outgoing_surface_m: 0.0,
        total_outgoing_lateral_m: 0.0,
        total_received_surface_m: 0.0,
        total_received_lateral_m: 0.0,
        total_net_transfer_m: 0.0,
    },
    lane_transfer_shadow_projection: None,
    groundwater: DirectGroundwaterRunState {
        authority: Disabled,
        storage_m3: 0.0,
        previous_baseflow_m3: 0.0,
        previous_deep_seepage_m3: 0.0,
        initialized_area_m2: None,
    },
    surface_liquid_shadow: Some(
        DirectSurfaceLiquidOwnedState {
            owner_id: ResourceOwnerId(
                "production-hydrology",
            ),
            configuration_sha256: "a25b600e898017500147cd87919e81b1e663f24bd6b6c60748cd78c22cef1c86",
            state_sha256: "5051c218a63d2e050adcd209ef8c8ee2ebfad077bcd9d16db7e59c96b82400d6",
            records: [
                DirectSurfaceLiquidStateRecord {
                    key: DirectSurfaceLiquidStoreKey {
                        run_id: 83,
                        ofe_id: OfeId(
                            "ofe-1",
                        ),
                        tile_id: TileId(
                            "forest",
                        ),
                        surface_id: SurfaceId(
                            "surface:ofe-1:forest",
                        ),
                        surface_class: ForestLitter,
                        source_type: LitterLiquid,
                        source_id: SourceId(
                            "liquid:ofe-1:forest",
                        ),
                    },
                    liquid_kg_m2_tile: 4.0,
                    last_accepted_transaction_id: None,
                },
                DirectSurfaceLiquidStateRecord {
                    key: DirectSurfaceLiquidStoreKey {
                        run_id: 83,
                        ofe_id: OfeId(
                            "ofe-1",
                        ),
                        tile_id: TileId(
                            "open",
                        ),
                        surface_id: SurfaceId(
                            "surface:ofe-1:open",
                        ),
                        surface_class: BareMineralSoil,
                        source_type: SurfaceLiquid,
                        source_id: SourceId(
                            "liquid:ofe-1:open",
                        ),
                    },
                    liquid_kg_m2_tile: 0.0,
                    last_accepted_transaction_id: None,
                },
            ],
            continuations: [
                DirectSurfaceLiquidContinuationState {
                    ofe_id: OfeId(
                        "ofe-1",
                    ),
                    day_index: 0,
                    next_interval_index: 0,
                    cumulative_supply_m: 0.0,
                    cumulative_infiltration_m: 0.0,
                    last_accepted_transaction_id: None,
                },
            ],
        },
    ),
    snow_stage3_shadow: None,
    snow_stage3_v11_attachment: None,
    laned_active: None,
    laned_active_summary: None,
} pinned_reconstructed=DirectRunFrame {
    identity: DirectRunIdentity {
        run_id: 83,
        hillslope_id: 11,
        lane_count: 1,
        day_count: 1,
    },
    lanes: [
        DirectLaneFrame {
            lane_id: 1,
            upstream_lane_id: 0,
            downstream_lane_id: 0,
            upstream_area_ratio: 1.0,
            area_m2: 100.0,
            runoff_publication_q_scale: 1.0,
            runoff_publication_qofe_scale: 1.0,
            runoff_publication_efflen_m: 1.0,
            runoff_publication_cumulative_length_m: 1.0,
            runoff_publication_ofe_length_m: 1.0,
            water: DirectWaterState {
                soil_water_m: 0.7695,
                infiltration_m: 0.0,
                runoff_m: 0.0,
                evapotranspiration_m: 0.0,
                drainage_m: 0.0,
                lateral_flow_m: 0.0,
            },
            transfer: DirectTransferBuffers {
                surface_carry_m: [
                    0.0,
                    0.0,
                    0.0,
                    0.0,
                    0.0,
                    0.0,
                    0.0,
                    0.0,
                    0.0,
                    0.0,
                    0.0,
                    0.0,
                    0.0,
                    0.0,
                    0.0,
                    0.0,
                    0.0,
                    0.0,
                    0.0,
                    0.0,
                    0.0,
                    0.0,
                    0.0,
                    0.0,
                ],
                surface_hourly_weights: [
                    0.0,
                    0.0,
                    0.0,
                    0.0,
                    0.0,
                    0.0,
                    0.0,
                    0.0,
                    0.0,
                    0.0,
                    0.0,
                    0.0,
                    0.0,
                    0.0,
                    0.0,
                    0.0,
                    0.0,
                    0.0,
                    0.0,
                    0.0,
                    0.0,
                    0.0,
                    0.0,
                    0.0,
                ],
                lateral_carry_m: [
                    0.0,
                    0.0,
                    0.0,
                    0.0,
                    0.0,
                    0.0,
                    0.0,
                    0.0,
                    0.0,
                    0.0,
                    0.0,
                    0.0,
                    0.0,
                    0.0,
                    0.0,
                    0.0,
                    0.0,
                    0.0,
                    0.0,
                    0.0,
                    0.0,
                    0.0,
                    0.0,
                    0.0,
                ],
                upstream_flow_m: 0.0,
                subsurface_input_m: 0.0,
            },
            publication: DirectPublicationFrame {
                runoff_m: 0.0,
                infiltration_m: 0.0,
                evapotranspiration_m: 0.0,
                drainage_m: 0.0,
                lateral_flow_m: 0.0,
            },
            erosion_downstream_operands: DirectErosionDownstreamOperands {
                publication_authority: false,
                publication: DirectPublicationErosionOperands {
                    peak_runoff_rate_m_s: Some(
                        0.0,
                    ),
                    runoff_duration_s: Some(
                        0.0,
                    ),
                    total_detachment_kg: Some(
                        0.0,
                    ),
                    total_deposition_kg: Some(
                        0.0,
                    ),
                    hbp_total_detachment_kg: Some(
                        0.0,
                    ),
                    hbp_total_deposition_kg: Some(
                        0.0,
                    ),
                    hbp_sediment_concentration_kg_m3: Some(
                        0.0,
                    ),
                    sediment_concentration_kg_m3: Some(
                        [
                            0.0,
                            0.0,
                            0.0,
                            0.0,
                            0.0,
                        ],
                    ),
                    hourly_runoff_fraction: None,
                    hourly_sediment_mass_kg: None,
                    enrichment_ratio: None,
                },
            },
            erosion_inflow_intake: None,
            subsurface_layers: [
                DirectSubsurfaceLayerState {
                    theta_m: 0.12825,
                    field_capacity_m: 0.02,
                    upper_limit_m: 0.2,
                    conductivity_m_s: 1e-10,
                    depth_m: 0.3,
                    residual_theta: 0.0,
                    frozen_depth_m: 0.0,
                    frozen_water_m: 0.0,
                    porosity: 0.45,
                    field_capacity_theta: 0.25,
                    coca: 0.1,
                    lateral_conductivity_m_s: 1e-7,
                },
                DirectSubsurfaceLayerState {
                    theta_m: 0.12825,
                    field_capacity_m: 0.02,
                    upper_limit_m: 0.2,
                    conductivity_m_s: 1e-10,
                    depth_m: 0.3,
                    residual_theta: 0.0,
                    frozen_depth_m: 0.0,
                    frozen_water_m: 0.0,
                    porosity: 0.45,
                    field_capacity_theta: 0.25,
                    coca: 0.1,
                    lateral_conductivity_m_s: 1e-7,
                },
                DirectSubsurfaceLayerState {
                    theta_m: 0.12825,
                    field_capacity_m: 0.02,
                    upper_limit_m: 0.2,
                    conductivity_m_s: 1e-10,
                    depth_m: 0.3,
                    residual_theta: 0.0,
                    frozen_depth_m: 0.0,
                    frozen_water_m: 0.0,
                    porosity: 0.45,
                    field_capacity_theta: 0.25,
                    coca: 0.1,
                    lateral_conductivity_m_s: 1e-7,
                },
                DirectSubsurfaceLayerState {
                    theta_m: 0.12825,
                    field_capacity_m: 0.02,
                    upper_limit_m: 0.2,
                    conductivity_m_s: 1e-10,
                    depth_m: 0.3,
                    residual_theta: 0.0,
                    frozen_depth_m: 0.0,
                    frozen_water_m: 0.0,
                    porosity: 0.45,
                    field_capacity_theta: 0.25,
                    coca: 0.1,
                    lateral_conductivity_m_s: 1e-7,
                },
                DirectSubsurfaceLayerState {
                    theta_m: 0.12825,
                    field_capacity_m: 0.02,
                    upper_limit_m: 0.2,
                    conductivity_m_s: 1e-10,
                    depth_m: 0.3,
                    residual_theta: 0.0,
                    frozen_depth_m: 0.0,
                    frozen_water_m: 0.0,
                    porosity: 0.45,
                    field_capacity_theta: 0.25,
                    coca: 0.1,
                    lateral_conductivity_m_s: 1e-7,
                },
                DirectSubsurfaceLayerState {
                    theta_m: 0.12825,
                    field_capacity_m: 0.02,
                    upper_limit_m: 0.2,
                    conductivity_m_s: 1e-10,
                    depth_m: 0.3,
                    residual_theta: 0.0,
                    frozen_depth_m: 0.0,
                    frozen_water_m: 0.0,
                    porosity: 0.45,
                    field_capacity_theta: 0.25,
                    coca: 0.1,
                    lateral_conductivity_m_s: 1e-7,
                },
            ],
            evapotranspiration_stage_state: None,
            plant_growth_state: DirectGrowthStateSurface {
                sumgdd: 0.0,
                live_biomass_kg_m2: 0.0,
                interception_live_biomass_kg_m2: 0.0,
                canopy_height_m: 0.0,
                canopy_cover_fraction: 0.0,
                leaf_area_index: 0.0,
                root_mass_kg_m2: 0.0,
                root_depth_m: 0.0,
                harvest_index: 0.0,
            },
            plant_water_stress: 1.0,
            winter_column: DirectWinterColumnState {
                snow: DirectSnowLaneState {
                    runtime_swe_m: 0.0,
                    runtime_depth_m: 0.0,
                    runtime_density_kg_m3: 0.0,
                    runtime_settle_day_count: 0.0,
                    coe_boundary_depth_m: 0.0,
                    coe_boundary_density_kg_m3: 0.0,
                    coe_boundary_settle_day_count: 0.0,
                    liquid_water_retained_m: 0.0,
                    snow_albedo_state: None,
                    layers: [],
                },
                frost: DirectFrostLaneState {
                    active_frost_coupling: false,
                    dfrost_m: 0.0,
                    dthaw_m: 0.0,
                    nft: 0.0,
                    ws_frz_m: 0.0,
                    infcap_frz_m_s: 0.0,
                    frwatc_soil_water_before_m: 0.0,
                    frwatc_soil_water_after_m: 0.0,
                    frwatc_frozen_water_before_m: 0.0,
                    frwatc_frozen_water_after_m: 0.0,
                    frwatc_freeze_debit_m: 0.0,
                    frwatc_thaw_credit_m: 0.0,
                    frwatc_net_liquid_delta_m: 0.0,
                    frdp_m: 0.0,
                    thdp_m: 0.0,
                    tfrdp_m: 0.0,
                    tthawd_m: 0.0,
                    fgthwd_flag: 0.0,
                    total_fine_layer_count: 0.0,
                    conductivity_tilled_w_m_k: 0.0,
                    conductivity_untilled_w_m_k: 0.0,
                    conductivity_residue_w_m_k: 0.0,
                    shadow_total_water_before_m: 0.0,
                    shadow_total_water_after_m: 0.0,
                    shadow_wb_delta_m: 0.0,
                    shadow_frwatc_residual_m: 0.0,
                    watpdg_m: 0.0,
                    watbtm_m: 0.0,
                    layer_shadows: [],
                    fine_layers: [],
                },
            },
            snow_runtime_carry: None,
            frost_runtime_carry: None,
            erosion_runtime_carry: DirectErosionRuntimeCarry {
                consolidation: DirectErosionConsolidationCarry {
                    rfcum_m: 0.0,
                    daydis: 0.0,
                },
                ifrost: ErosionIfrostCarry(
                    0,
                ),
                rill_width_m: 0.0,
            },
            day_inputs: [],
        },
    ],
    phase_plan: DirectPhasePlan {
        phases: [
            Normalization,
            StorageBounds,
            DecompositionTransition,
            ResiduePartitionTransition,
            AnnualGrowthTransition,
            PerennialGrowthTransition,
            PercolationDeepSeepage,
            Evapotranspiration,
            Drainage,
            LateralTransfer,
            PlantRootUptake,
            RunoffReconciliation,
            StorageReconciliation,
            ClosureDiagnostics,
        ],
    },
    publication: DirectPublicationFrame {
        runoff_m: 0.0,
        infiltration_m: 0.0,
        evapotranspiration_m: 0.0,
        drainage_m: 0.0,
        lateral_flow_m: 0.0,
    },
    lane_transfer_ledger: [
        DirectLaneTransferLedger {
            lane_id: 0,
            upstream_lane_id: 0,
            downstream_lane_id: 0,
            upstream_area_ratio: 0.0,
            area_m2: 0.0,
            outgoing_surface_m: 0.0,
            outgoing_lateral_m: 0.0,
            received_surface_m: 0.0,
            received_lateral_m: 0.0,
            net_transfer_m: 0.0,
        },
    ],
    lane_transfer_downstream_operands: DirectRunTransferDownstreamOperands {
        lane_count: 0,
        outlet_lane_id: 0,
        total_outgoing_surface_m: 0.0,
        total_outgoing_lateral_m: 0.0,
        total_received_surface_m: 0.0,
        total_received_lateral_m: 0.0,
        total_net_transfer_m: 0.0,
    },
    lane_transfer_shadow_projection: None,
    groundwater: DirectGroundwaterRunState {
        authority: Disabled,
        storage_m3: 0.0,
        previous_baseflow_m3: 0.0,
        previous_deep_seepage_m3: 0.0,
        initialized_area_m2: None,
    },
    surface_liquid_shadow: None,
    snow_stage3_shadow: None,
    snow_stage3_v11_attachment: None,
    laned_active: None,
    laned_active_summary: None,
}
B01_RECORDER_CAPTURE_ERROR phase=first-snow-free mode=forced-snow-free-required-omission-failure fixture=native-mixed-phase-terminal operation=recorder-capture detail="unsupported dynamic native hydrology frame state"
B01_RECORDER_CONTROL_PASS phase=first-snow-free mode=forced-snow-free-required-omission-failure fixture=native-mixed-phase-terminal parent_support_ns=1800000000000 selected_support={"end_ns":"420000000000","start_ns":"360000000000"} operation=producer-model-complete

thread 'v9_real_consumer_shadow::tests::adaptive_production_path_coverage::actual_first_snow_free_producer_recorder_controls_are_independently_selectable' (643825) panicked at crates/openwepp-hillslope-orchestrator/src/snow_stage3_v11_adaptive_production_tests.rs:326:5:
assertion `left == right` failed
  left: String("b01_wb14_pre_child_current_context_capture_error_v1")
 right: "b01_wb14_snow_free_pre_child_current_context_v1"
note: run with `RUST_BACKTRACE=1` environment variable to display a backtrace
        FAIL [  60.014s] (1/1) openwepp-hillslope-orchestrator v9_real_consumer_shadow::tests::adaptive_production_path_coverage::actual_first_snow_free_producer_recorder_controls_are_independently_selectable
────────────
     Summary [  60.018s] 1 test run: 0 passed, 1 failed, 1473 skipped
        FAIL [  60.014s] (1/1) openwepp-hillslope-orchestrator v9_real_consumer_shadow::tests::adaptive_production_path_coverage::actual_first_snow_free_producer_recorder_controls_are_independently_selectable
error: test run failed
