warning: Git tree '/workdir/openWEPP' is dirty
   Compiling openwepp-hillslope-orchestrator v0.1.0 (/workdir/openwepp-experiments/b01-wb14-cadence/snowfree-recorder-candidate-20260915/crates/openwepp-hillslope-orchestrator)
warning: struct `PreparedDayCaptureV1` is never constructed
    --> crates/openwepp-hillslope-orchestrator/src/snow_stage3_v11_current_context_capture.rs:1240:8
     |
1240 | struct PreparedDayCaptureV1 {
     |        ^^^^^^^^^^^^^^^^^^^^
     |
     = note: `#[warn(dead_code)]` (part of `#[warn(unused)]`) on by default

warning: function `capture_prepared_day` is never used
    --> crates/openwepp-hillslope-orchestrator/src/snow_stage3_v11_current_context_capture.rs:1248:4
     |
1248 | fn capture_prepared_day(
     |    ^^^^^^^^^^^^^^^^^^^^

warning: function `validate_prepared_day` is never used
    --> crates/openwepp-hillslope-orchestrator/src/snow_stage3_v11_current_context_capture.rs:1265:4
     |
1265 | fn validate_prepared_day(
     |    ^^^^^^^^^^^^^^^^^^^^^

warning: function `capture_prepared_day_row_for_test` is never used
    --> crates/openwepp-hillslope-orchestrator/src/snow_stage3_v11_current_context_capture.rs:1822:15
     |
1822 | pub(crate) fn capture_prepared_day_row_for_test(
     |               ^^^^^^^^^^^^^^^^^^^^^^^^^^^^^^^^^

warning: function `restore_captured_prepared_support_from_provider` is never used
    --> crates/openwepp-hillslope-orchestrator/src/snow_stage3_v11_current_context_capture.rs:2754:15
     |
2754 | pub(crate) fn restore_captured_prepared_support_from_provider(
     |               ^^^^^^^^^^^^^^^^^^^^^^^^^^^^^^^^^^^^^^^^^^^^^^^

warning: fields `prepared_support`, `forcing_receipt`, and `snow_enthalpy_material_resident` are never read
    --> crates/openwepp-hillslope-orchestrator/src/snow_stage3_v11_current_context_capture.rs:2777:9
     |
2772 | pub(crate) struct RestoredProviderBoundContextV1 {
     |                   ------------------------------ fields in this struct
...
2777 |     pub prepared_support: crate::DirectSnowStage3V11PreparedSupport,
     |         ^^^^^^^^^^^^^^^^
2778 |     pub forcing_receipt: openwepp_coupled_time::Digest32,
     |         ^^^^^^^^^^^^^^^
...
2781 |     pub snow_enthalpy_material_resident:
     |         ^^^^^^^^^^^^^^^^^^^^^^^^^^^^^^^

warning: fields `entry`, `canonical_record`, `parent_receipt`, and `qualification_delta` are never read
    --> crates/openwepp-hillslope-orchestrator/src/snow_stage3_v11_current_context_capture.rs:2794:9
     |
2793 | pub(crate) struct AuthenticatedArchivedDayV1 {
     |                   -------------------------- fields in this struct
2794 |     pub entry: crate::Stage3CommittedDayArchiveEntryV1,
     |         ^^^^^
2795 |     pub canonical_record: Vec<u8>,
     |         ^^^^^^^^^^^^^^^^
2796 |     pub parent_receipt: crate::DirectSnowStage3V11ParentReceipt,
     |         ^^^^^^^^^^^^^^
2797 |     pub publication: crate::v9_real_consumer_shadow::RestoredStage3PublicationDayEvidenceV1,
2798 |     pub qualification_delta: crate::SnowStage3V11QualificationDayDeltaV1,
     |         ^^^^^^^^^^^^^^^^^^^

warning: fields `parent`, `pending_terminal_parcels`, `reduction`, `ledger`, `receipt`, and `binding` are never read
    --> crates/openwepp-hillslope-orchestrator/src/snow_stage3_v11_current_context_capture.rs:2938:9
     |
2937 | pub(crate) struct RestoredCapturedPreChildContextV1 {
     |                   --------------------------------- fields in this struct
2938 |     pub parent: V11ParentTransaction,
     |         ^^^^^^
...
2941 |     pub pending_terminal_parcels:
     |         ^^^^^^^^^^^^^^^^^^^^^^^^
...
2945 |     pub reduction: ConstraintReductionReceiptV1,
     |         ^^^^^^^^^
2946 |     pub ledger: LedgerEntryV1,
     |         ^^^^^^
2947 |     pub receipt: AcceptedSlabReceiptV1,
     |         ^^^^^^^
2948 |     pub binding: serde_json::Value,
     |         ^^^^^^^

warning: `openwepp-hillslope-orchestrator` (lib test) generated 8 warnings
    Finished `test` profile [unoptimized + debuginfo] target(s) in 42.08s
────────────
 Nextest run ID e2073fe5-c1fd-42b5-94c8-a391c53c943b with nextest profile: default
    Starting 1 test across 1 binary (1473 tests skipped)
       START [         ] (1/1) openwepp-hillslope-orchestrator v9_real_consumer_shadow::tests::adaptive_production_path_coverage::actual_first_snow_free_producer_recorder_controls_are_independently_selectable
B01_RECORDER_CONTROL_START phase=first-snow-free mode=production-non-target-observer-enabled fixture=native-mixed-phase-terminal parent_support_ns=1800000000000 operation=producer-execution
B01_RECORDER_CONTROL_PASS phase=first-snow-free mode=production-non-target-observer-enabled fixture=native-mixed-phase-terminal parent_support_ns=1800000000000 selected_support=none operation=producer-model-complete
B01_RECORDER_CONTROL_START phase=first-snow-free mode=disabled fixture=native-mixed-phase-terminal parent_support_ns=1800000000000 operation=producer-execution
B01_RECORDER_CONTROL_PASS phase=first-snow-free mode=disabled fixture=native-mixed-phase-terminal parent_support_ns=1800000000000 selected_support=none operation=producer-model-complete
B01_RECORDER_CONTROL_START phase=first-snow-free mode=enabled-snow-free fixture=native-mixed-phase-terminal parent_support_ns=1800000000000 operation=producer-execution
B01_RECORDER_CONTROL_PASS phase=first-snow-free mode=enabled-snow-free fixture=native-mixed-phase-terminal parent_support_ns=1800000000000 selected_support={"end_ns":"420000000000","start_ns":"360000000000"} operation=producer-model-complete
B01_RECORDER_CONTROL_START phase=first-snow-free mode=forced-snow-free-capture-failure fixture=native-mixed-phase-terminal parent_support_ns=1800000000000 operation=producer-execution
B01_RECORDER_CAPTURE_ERROR phase=first-snow-free mode=forced-snow-free-capture-failure fixture=native-mixed-phase-terminal operation=recorder-capture detail="forced capture-only recorder failure"
B01_RECORDER_CONTROL_PASS phase=first-snow-free mode=forced-snow-free-capture-failure fixture=native-mixed-phase-terminal parent_support_ns=1800000000000 selected_support={"end_ns":"420000000000","start_ns":"360000000000"} operation=producer-model-complete
B01_RECORDER_CONTROL_START phase=first-snow-free mode=forced-snow-free-wrong-phase-failure fixture=native-mixed-phase-terminal parent_support_ns=1800000000000 operation=producer-execution
B01_RECORDER_CAPTURE_ERROR phase=first-snow-free mode=forced-snow-free-wrong-phase-failure fixture=native-mixed-phase-terminal operation=recorder-capture detail="capture covered support missing V11 interval"
B01_RECORDER_CONTROL_PASS phase=first-snow-free mode=forced-snow-free-wrong-phase-failure fixture=native-mixed-phase-terminal parent_support_ns=1800000000000 selected_support={"end_ns":"420000000000","start_ns":"360000000000"} operation=producer-model-complete
B01_RECORDER_CONTROL_START phase=first-snow-free mode=forced-snow-free-required-omission-failure fixture=native-mixed-phase-terminal parent_support_ns=1800000000000 operation=producer-execution
B01_RECORDER_CAPTURE_ERROR phase=first-snow-free mode=forced-snow-free-required-omission-failure fixture=native-mixed-phase-terminal operation=recorder-capture detail="snow-free capture missing transformed prepared support"
B01_RECORDER_CONTROL_PASS phase=first-snow-free mode=forced-snow-free-required-omission-failure fixture=native-mixed-phase-terminal parent_support_ns=1800000000000 selected_support={"end_ns":"420000000000","start_ns":"360000000000"} operation=producer-model-complete
        PASS [  60.054s] (1/1) openwepp-hillslope-orchestrator v9_real_consumer_shadow::tests::adaptive_production_path_coverage::actual_first_snow_free_producer_recorder_controls_are_independently_selectable
────────────
     Summary [  60.058s] 1 test run: 1 passed, 1473 skipped
