warning: Git tree '/workdir/openWEPP' is dirty
   Compiling openwepp-hillslope-orchestrator v0.1.0 (/workdir/openwepp-experiments/b01-wb14-cadence/snowfree-recorder-candidate-20260915/crates/openwepp-hillslope-orchestrator)
warning: struct `PreparedDayCaptureV1` is never constructed
    --> crates/openwepp-hillslope-orchestrator/src/snow_stage3_v11_current_context_capture.rs:1175:8
     |
1175 | struct PreparedDayCaptureV1 {
     |        ^^^^^^^^^^^^^^^^^^^^
     |
     = note: `#[warn(dead_code)]` (part of `#[warn(unused)]`) on by default

warning: function `capture_prepared_day` is never used
    --> crates/openwepp-hillslope-orchestrator/src/snow_stage3_v11_current_context_capture.rs:1183:4
     |
1183 | fn capture_prepared_day(
     |    ^^^^^^^^^^^^^^^^^^^^

warning: function `validate_prepared_day` is never used
    --> crates/openwepp-hillslope-orchestrator/src/snow_stage3_v11_current_context_capture.rs:1200:4
     |
1200 | fn validate_prepared_day(
     |    ^^^^^^^^^^^^^^^^^^^^^

warning: function `capture_prepared_day_row_for_test` is never used
    --> crates/openwepp-hillslope-orchestrator/src/snow_stage3_v11_current_context_capture.rs:1728:15
     |
1728 | pub(crate) fn capture_prepared_day_row_for_test(
     |               ^^^^^^^^^^^^^^^^^^^^^^^^^^^^^^^^^

warning: function `restore_captured_prepared_support_from_provider` is never used
    --> crates/openwepp-hillslope-orchestrator/src/snow_stage3_v11_current_context_capture.rs:2506:15
     |
2506 | pub(crate) fn restore_captured_prepared_support_from_provider(
     |               ^^^^^^^^^^^^^^^^^^^^^^^^^^^^^^^^^^^^^^^^^^^^^^^

warning: fields `prepared_support`, `forcing_receipt`, and `snow_enthalpy_material_resident` are never read
    --> crates/openwepp-hillslope-orchestrator/src/snow_stage3_v11_current_context_capture.rs:2529:9
     |
2524 | pub(crate) struct RestoredProviderBoundContextV1 {
     |                   ------------------------------ fields in this struct
...
2529 |     pub prepared_support: crate::DirectSnowStage3V11PreparedSupport,
     |         ^^^^^^^^^^^^^^^^
2530 |     pub forcing_receipt: openwepp_coupled_time::Digest32,
     |         ^^^^^^^^^^^^^^^
...
2533 |     pub snow_enthalpy_material_resident:
     |         ^^^^^^^^^^^^^^^^^^^^^^^^^^^^^^^

warning: fields `entry`, `canonical_record`, `parent_receipt`, and `qualification_delta` are never read
    --> crates/openwepp-hillslope-orchestrator/src/snow_stage3_v11_current_context_capture.rs:2546:9
     |
2545 | pub(crate) struct AuthenticatedArchivedDayV1 {
     |                   -------------------------- fields in this struct
2546 |     pub entry: crate::Stage3CommittedDayArchiveEntryV1,
     |         ^^^^^
2547 |     pub canonical_record: Vec<u8>,
     |         ^^^^^^^^^^^^^^^^
2548 |     pub parent_receipt: crate::DirectSnowStage3V11ParentReceipt,
     |         ^^^^^^^^^^^^^^
2549 |     pub publication: crate::v9_real_consumer_shadow::RestoredStage3PublicationDayEvidenceV1,
2550 |     pub qualification_delta: crate::SnowStage3V11QualificationDayDeltaV1,
     |         ^^^^^^^^^^^^^^^^^^^

warning: fields `parent`, `pending_terminal_parcels`, `reduction`, `ledger`, `receipt`, and `binding` are never read
    --> crates/openwepp-hillslope-orchestrator/src/snow_stage3_v11_current_context_capture.rs:2690:9
     |
2689 | pub(crate) struct RestoredCapturedPreChildContextV1 {
     |                   --------------------------------- fields in this struct
2690 |     pub parent: V11ParentTransaction,
     |         ^^^^^^
...
2693 |     pub pending_terminal_parcels:
     |         ^^^^^^^^^^^^^^^^^^^^^^^^
...
2697 |     pub reduction: ConstraintReductionReceiptV1,
     |         ^^^^^^^^^
2698 |     pub ledger: LedgerEntryV1,
     |         ^^^^^^
2699 |     pub receipt: AcceptedSlabReceiptV1,
     |         ^^^^^^^
2700 |     pub binding: serde_json::Value,
     |         ^^^^^^^

warning: `openwepp-hillslope-orchestrator` (lib test) generated 8 warnings
    Finished `test` profile [unoptimized + debuginfo] target(s) in 32.40s
────────────
 Nextest run ID ccabec32-1298-44ce-b5d2-805d47ae46b1 with nextest profile: default
    Starting 2 tests across 1 binary (1472 tests skipped)
       START [         ] (1/2) openwepp-hillslope-orchestrator v9_real_consumer_shadow::tests::adaptive_production_path_coverage::actual_covered_producer_recorder_controls_are_independently_selectable
B01_RECORDER_CONTROL_START phase=covered mode=disabled fixture=short-support-complete-owner support_ns=60000000000 operation=producer-execution

thread 'recorder-covered-disabled' (599024) panicked at crates/openwepp-hillslope-orchestrator/src/v9_real_consumer_shadow_wb14_tests.rs:2259:19:
synchronized covered parent cadence: AdaptiveTrial { phase: "covered direct", start_ns: 0, end_ns: 60000000000, duration_ns: 60000000000, source: V11(Executor(AdaptiveRefinement("canonical covered dependent-output instability"))) }
note: run with `RUST_BACKTRACE=1` environment variable to display a backtrace

thread 'v9_real_consumer_shadow::tests::adaptive_production_path_coverage::actual_covered_producer_recorder_controls_are_independently_selectable' (599023) panicked at crates/openwepp-hillslope-orchestrator/src/snow_stage3_v11_adaptive_production_tests.rs:204:13:
pre-child recorder control failed: phase=covered mode=disabled fixture=short-support-complete-owner support_ns=60000000000 operation=producer-execution
        FAIL [   0.350s] (1/2) openwepp-hillslope-orchestrator v9_real_consumer_shadow::tests::adaptive_production_path_coverage::actual_covered_producer_recorder_controls_are_independently_selectable
       START [         ] (2/2) openwepp-hillslope-orchestrator v9_real_consumer_shadow::tests::adaptive_production_path_coverage::actual_first_snow_free_producer_recorder_controls_are_independently_selectable
B01_RECORDER_CONTROL_START phase=first-snow-free mode=production-non-target-observer-enabled fixture=native-mixed-phase-terminal support_ns=1800000000000 operation=producer-execution
B01_RECORDER_CONTROL_START phase=first-snow-free mode=disabled fixture=native-mixed-phase-terminal support_ns=1800000000000 operation=producer-execution
B01_RECORDER_CONTROL_START phase=first-snow-free mode=enabled-snow-free fixture=native-mixed-phase-terminal support_ns=1800000000000 operation=producer-execution

thread 'recorder-first-snow-free-enabled-snow-free' (599344) panicked at crates/openwepp-hillslope-orchestrator/src/snow_stage3_v11_current_context_capture.rs:2072:13:
called `Result::unwrap()` on an `Err` value: Error("key must be a string", line: 0, column: 0)
note: run with `RUST_BACKTRACE=1` environment variable to display a backtrace

thread 'v9_real_consumer_shadow::tests::adaptive_production_path_coverage::actual_first_snow_free_producer_recorder_controls_are_independently_selectable' (599028) panicked at crates/openwepp-hillslope-orchestrator/src/snow_stage3_v11_adaptive_production_tests.rs:204:13:
pre-child recorder control failed: phase=first-snow-free mode=enabled-snow-free fixture=native-mixed-phase-terminal support_ns=1800000000000 operation=producer-execution
        FAIL [  28.263s] (2/2) openwepp-hillslope-orchestrator v9_real_consumer_shadow::tests::adaptive_production_path_coverage::actual_first_snow_free_producer_recorder_controls_are_independently_selectable
────────────
     Summary [  28.617s] 2 tests run: 0 passed, 2 failed, 1472 skipped
        FAIL [   0.350s] (1/2) openwepp-hillslope-orchestrator v9_real_consumer_shadow::tests::adaptive_production_path_coverage::actual_covered_producer_recorder_controls_are_independently_selectable
        FAIL [  28.263s] (2/2) openwepp-hillslope-orchestrator v9_real_consumer_shadow::tests::adaptive_production_path_coverage::actual_first_snow_free_producer_recorder_controls_are_independently_selectable
error: test run failed
