openWEPP Nix shell
  target:  /workdir/.cache/openwepp/targets/child4-20260819T235452Z-child4-root-owner-final
  scratch: /tmp/openwepp-roger-child4-20260819T235452Z-child4-root-owner-final
  cache:   /workdir/.cache/openwepp
   Compiling proc-macro2 v1.0.106
   Compiling quote v1.0.45
   Compiling unicode-ident v1.0.24
   Compiling serde_core v1.0.228
   Compiling version_check v0.9.5
   Compiling serde v1.0.228
   Compiling typenum v1.20.0
   Compiling cfg-if v1.0.4
   Compiling itoa v1.0.18
   Compiling cpufeatures v0.2.17
   Compiling thiserror v2.0.20
   Compiling openwepp-unit-boundary v0.1.0 (/workdir/openWEPP/crates/openwepp-unit-boundary)
   Compiling crc32fast v1.5.0
   Compiling openwepp-sim-contract v0.1.0 (/workdir/openWEPP/crates/openwepp-sim-contract)
   Compiling hashbrown v0.17.1
   Compiling zmij v1.0.21
   Compiling equivalent v1.0.2
   Compiling serde_json v1.0.150
   Compiling unsafe-libyaml v0.2.11
   Compiling ryu v1.0.23
   Compiling simd-adler32 v0.3.9
   Compiling adler2 v2.0.1
   Compiling miniz_oxide v0.8.9
   Compiling libm v0.2.16
   Compiling memchr v2.8.0
   Compiling openwepp-plant-phenology v0.1.0 (/workdir/openWEPP/crates/openwepp-plant-phenology)
   Compiling generic-array v0.14.7
   Compiling openwepp-topology v0.1.0 (/workdir/openWEPP/crates/openwepp-topology)
   Compiling indexmap v2.14.0
   Compiling flate2 v1.1.9
   Compiling syn v2.0.117
   Compiling syn v3.0.3
   Compiling crypto-common v0.1.7
   Compiling block-buffer v0.10.4
   Compiling digest v0.10.7
   Compiling sha2 v0.10.9
   Compiling thiserror-impl v2.0.20
   Compiling openwepp-meteorology v0.1.0 (/workdir/openWEPP/crates/openwepp-meteorology)
   Compiling serde_derive v1.0.228
   Compiling openwepp-kernel-contract v0.1.0 (/workdir/openWEPP/crates/openwepp-kernel-contract)
   Compiling serde_yaml v0.9.34+deprecated
   Compiling openwepp-management-schema v0.1.0 (/workdir/openWEPP/crates/openwepp-management-schema)
   Compiling openwepp-vegetation v0.1.0 (/workdir/openWEPP/crates/openwepp-vegetation)
   Compiling openwepp-land-surface-energy v0.1.0 (/workdir/openWEPP/crates/openwepp-land-surface-energy)
   Compiling openwepp-biogeochemistry v0.1.0 (/workdir/openWEPP/crates/openwepp-biogeochemistry)
   Compiling openwepp-input-contract v0.1.0 (/workdir/openWEPP/crates/openwepp-input-contract)
   Compiling openwepp-climate-runtime-adapter v0.1.0 (/workdir/openWEPP/crates/openwepp-climate-runtime-adapter)
   Compiling openwepp-hillslope-orchestrator v0.1.0 (/workdir/openWEPP/crates/openwepp-hillslope-orchestrator)
    Finished `test` profile [unoptimized + debuginfo] target(s) in 1m 01s
     Running unittests src/lib.rs (/workdir/.cache/openwepp/targets/child4-20260819T235452Z-child4-root-owner-final/debug/deps/openwepp_hillslope_orchestrator-c4436d562a2a0465)

running 1 test
test land_surface_energy_shadow::v8_projection::tests::all_open_topology_projects_empty_canonical_v8_passes ... ok

test result: ok. 1 passed; 0 failed; 0 ignored; 0 measured; 721 filtered out; finished in 0.00s
