warning: Git tree '/workdir/openWEPP' is dirty
openWEPP Nix shell
  target:  /workdir/.cache/openwepp/targets/baseline-red-815dd4883f42
  scratch: /tmp/openwepp-roger-baseline-red-815dd4883f42
  cache:   /workdir/.cache/openwepp
   Compiling openwepp-hillslope-orchestrator v0.1.0 (/workdir/openwepp-experiments/b01-wb14-cadence/baseline-red/crates/openwepp-hillslope-orchestrator)
error[E0277]: can't compare `Value` with `Vec<u32>`
   --> crates/openwepp-hillslope-orchestrator/src/direct_runtime/surface_liquid_ingress_context_tests.rs:203:5
    |
203 |     assert_eq!(parent_wire["production_lane_ids"], derived_lanes);
    |     ^^^^^^^^^^^^^^^^^^^^^^^^^^^^^^^^^^^^^^^^^^^^^^^^^^^^^^^^^^^^^ no implementation for `Value == Vec<u32>`
    |
    = help: the trait `PartialEq<Vec<u32>>` is not implemented for `Value`
    = help: the following other types implement trait `PartialEq<Rhs>`:
              `&Value` implements `PartialEq<bool>`
              `&Value` implements `PartialEq<f32>`
              `&Value` implements `PartialEq<f64>`
              `&Value` implements `PartialEq<i16>`
              `&Value` implements `PartialEq<i32>`
              `&Value` implements `PartialEq<i64>`
              `&Value` implements `PartialEq<i8>`
              `&Value` implements `PartialEq<isize>`
            and 35 others

For more information about this error, try `rustc --explain E0277`.
error: could not compile `openwepp-hillslope-orchestrator` (lib test) due to 1 previous error
error: command `/nix/store/rai05nypxnmj22l65nwsk5xjsaq8s4vc-cargo-1.95.0/bin/cargo test --no-run --message-format json-render-diagnostics --package openwepp-hillslope-orchestrator --lib --features persisted-restart-v1,restart-authority-evidence --locked` exited with code 101
cargo_nextest_list_exit=101
