warning: Git tree '/workdir/openWEPP' is dirty
openWEPP Nix shell
  target:  /workdir/.cache/openwepp/targets/baseline-red-815dd4883f42
  scratch: /tmp/openwepp-roger-baseline-red-815dd4883f42
  cache:   /workdir/.cache/openwepp
   Compiling openwepp-hillslope-orchestrator v0.1.0 (/workdir/openwepp-experiments/b01-wb14-cadence/baseline-red/crates/openwepp-hillslope-orchestrator)
    Finished `test` profile [unoptimized + debuginfo] target(s) in 13.98s
────────────
 Nextest run ID e34e2490-ae6c-43d1-8181-33e5e8de132a with nextest profile: default
    Starting 1 test across 1 binary (1466 tests skipped)
        FAIL [   0.016s] (1/1) openwepp-hillslope-orchestrator direct_runtime::surface_liquid_ingress::context_tests::b01_wb14_captured_first_physical_child_must_enter_real_ingress
  stdout ───

    running 1 test
    test direct_runtime::surface_liquid_ingress::context_tests::b01_wb14_captured_first_physical_child_must_enter_real_ingress ... FAILED

    failures:

    failures:
        direct_runtime::surface_liquid_ingress::context_tests::b01_wb14_captured_first_physical_child_must_enter_real_ingress

    test result: FAILED. 0 passed; 1 failed; 0 ignored; 0 measured; 1466 filtered out; finished in 0.01s

  stderr ───

    thread 'direct_runtime::surface_liquid_ingress::context_tests::b01_wb14_captured_first_physical_child_must_enter_real_ingress' (1255451) panicked at crates/openwepp-hillslope-orchestrator/src/direct_runtime/surface_liquid_ingress_context_tests.rs:257:5:
    EXPECTED_RED: captured first physical child reached real ingress and was wrongly refused: SURFACELIQUID-E-008 IngressCandidate: WB14 day or interval continuation mismatch
    note: run with `RUST_BACKTRACE=1` environment variable to display a backtrace

  Cancelling due to test failure: 
────────────
     Summary [   0.025s] 1 test run: 0 passed, 1 failed, 1466 skipped
        FAIL [   0.016s] (1/1) openwepp-hillslope-orchestrator direct_runtime::surface_liquid_ingress::context_tests::b01_wb14_captured_first_physical_child_must_enter_real_ingress
  stdout ───

    running 1 test
    test direct_runtime::surface_liquid_ingress::context_tests::b01_wb14_captured_first_physical_child_must_enter_real_ingress ... FAILED

    failures:

    failures:
        direct_runtime::surface_liquid_ingress::context_tests::b01_wb14_captured_first_physical_child_must_enter_real_ingress

    test result: FAILED. 0 passed; 1 failed; 0 ignored; 0 measured; 1466 filtered out; finished in 0.01s

  stderr ───

    thread 'direct_runtime::surface_liquid_ingress::context_tests::b01_wb14_captured_first_physical_child_must_enter_real_ingress' (1255451) panicked at crates/openwepp-hillslope-orchestrator/src/direct_runtime/surface_liquid_ingress_context_tests.rs:257:5:
    EXPECTED_RED: captured first physical child reached real ingress and was wrongly refused: SURFACELIQUID-E-008 IngressCandidate: WB14 day or interval continuation mismatch
    note: run with `RUST_BACKTRACE=1` environment variable to display a backtrace

error: test run failed
cargo_nextest_expected_red_exit=100
