   Compiling proc-macro2 v1.0.106
   Compiling quote v1.0.45
   Compiling unicode-ident v1.0.24
   Compiling version_check v0.9.5
    Checking typenum v1.20.0
   Compiling serde_core v1.0.228
   Compiling serde v1.0.228
   Compiling zmij v1.0.21
   Compiling thiserror v2.0.20
   Compiling serde_json v1.0.150
    Checking itoa v1.0.18
    Checking openwepp-unit-boundary v0.1.0 (/tmp/openwepp-source-kit-verify-3vmlnyn9/source/crates/openwepp-unit-boundary)
    Checking memchr v2.8.0
    Checking cfg-if v1.0.4
    Checking openwepp-sim-contract v0.1.0 (/tmp/openwepp-source-kit-verify-3vmlnyn9/source/crates/openwepp-sim-contract)
    Checking cpufeatures v0.2.17
   Compiling generic-array v0.14.7
   Compiling syn v2.0.117
   Compiling syn v3.0.3
    Checking block-buffer v0.10.4
    Checking crypto-common v0.1.7
    Checking digest v0.10.7
    Checking sha2 v0.10.9
   Compiling serde_derive v1.0.228
   Compiling thiserror-impl v2.0.20
    Checking openwepp-kernel-contract v0.1.0 (/tmp/openwepp-source-kit-verify-3vmlnyn9/source/crates/openwepp-kernel-contract)
    Checking openwepp-land-surface-energy v0.1.0 (/tmp/openwepp-source-kit-verify-3vmlnyn9/source/crates/openwepp-land-surface-energy)
    Finished `dev` profile [unoptimized + debuginfo] target(s) in 8.45s
