	Command being timed: "target/release/openwepp-cli-hill --run-dir /tmp/openwepp_d15_blocker_timing2_890975/off --run-file p2637.run.toml --output-dir /tmp/openwepp_d15_blocker_timing2_890975/off/output"
	User time (seconds): 2.49
	System time (seconds): 0.01
	Percent of CPU this job got: 99%
	Elapsed (wall clock) time (h:mm:ss or m:ss): 0:02.51
	Average shared text size (kbytes): 0
	Average unshared data size (kbytes): 0
	Average stack size (kbytes): 0
	Average total size (kbytes): 0
	Maximum resident set size (kbytes): 20736
	Average resident set size (kbytes): 0
	Major (requiring I/O) page faults: 0
	Minor (reclaiming a frame) page faults: 4070
	Voluntary context switches: 5
	Involuntary context switches: 6
	Swaps: 0
	File system inputs: 0
	File system outputs: 104
	Socket messages sent: 0
	Socket messages received: 0
	Signals delivered: 0
	Page size (bytes): 4096
	Exit status: 0
