warning: Git tree '/workdir/openWEPP' is dirty
warning: struct `PreparedDayCaptureV1` is never constructed
    --> crates/openwepp-hillslope-orchestrator/src/snow_stage3_v11_current_context_capture.rs:1118:8
     |
1118 | struct PreparedDayCaptureV1 {
     |        ^^^^^^^^^^^^^^^^^^^^
     |
     = note: `#[warn(dead_code)]` (part of `#[warn(unused)]`) on by default

warning: function `capture_prepared_day` is never used
    --> crates/openwepp-hillslope-orchestrator/src/snow_stage3_v11_current_context_capture.rs:1126:4
     |
1126 | fn capture_prepared_day(
     |    ^^^^^^^^^^^^^^^^^^^^

warning: function `validate_prepared_day` is never used
    --> crates/openwepp-hillslope-orchestrator/src/snow_stage3_v11_current_context_capture.rs:1143:4
     |
1143 | fn validate_prepared_day(
     |    ^^^^^^^^^^^^^^^^^^^^^

warning: function `capture_prepared_day_row_for_test` is never used
    --> crates/openwepp-hillslope-orchestrator/src/snow_stage3_v11_current_context_capture.rs:1466:15
     |
1466 | pub(crate) fn capture_prepared_day_row_for_test(
     |               ^^^^^^^^^^^^^^^^^^^^^^^^^^^^^^^^^

warning: function `restore_captured_prepared_support_from_provider` is never used
    --> crates/openwepp-hillslope-orchestrator/src/snow_stage3_v11_current_context_capture.rs:1748:15
     |
1748 | pub(crate) fn restore_captured_prepared_support_from_provider(
     |               ^^^^^^^^^^^^^^^^^^^^^^^^^^^^^^^^^^^^^^^^^^^^^^^

warning: fields `prepared_support`, `forcing_receipt`, and `snow_enthalpy_material_resident` are never read
    --> crates/openwepp-hillslope-orchestrator/src/snow_stage3_v11_current_context_capture.rs:1771:9
     |
1766 | pub(crate) struct RestoredProviderBoundContextV1 {
     |                   ------------------------------ fields in this struct
...
1771 |     pub prepared_support: crate::DirectSnowStage3V11PreparedSupport,
     |         ^^^^^^^^^^^^^^^^
1772 |     pub forcing_receipt: openwepp_coupled_time::Digest32,
     |         ^^^^^^^^^^^^^^^
...
1775 |     pub snow_enthalpy_material_resident:
     |         ^^^^^^^^^^^^^^^^^^^^^^^^^^^^^^^

warning: fields `entry`, `canonical_record`, `parent_receipt`, and `qualification_delta` are never read
    --> crates/openwepp-hillslope-orchestrator/src/snow_stage3_v11_current_context_capture.rs:1788:9
     |
1787 | pub(crate) struct AuthenticatedArchivedDayV1 {
     |                   -------------------------- fields in this struct
1788 |     pub entry: crate::Stage3CommittedDayArchiveEntryV1,
     |         ^^^^^
1789 |     pub canonical_record: Vec<u8>,
     |         ^^^^^^^^^^^^^^^^
1790 |     pub parent_receipt: crate::DirectSnowStage3V11ParentReceipt,
     |         ^^^^^^^^^^^^^^
1791 |     pub publication: crate::v9_real_consumer_shadow::RestoredStage3PublicationDayEvidenceV1,
1792 |     pub qualification_delta: crate::SnowStage3V11QualificationDayDeltaV1,
     |         ^^^^^^^^^^^^^^^^^^^

warning: fields `parent`, `pending_terminal_parcels`, `reduction`, `ledger`, `receipt`, and `binding` are never read
    --> crates/openwepp-hillslope-orchestrator/src/snow_stage3_v11_current_context_capture.rs:1932:9
     |
1931 | pub(crate) struct RestoredCapturedPreChildContextV1 {
     |                   --------------------------------- fields in this struct
1932 |     pub parent: V11ParentTransaction,
     |         ^^^^^^
...
1935 |     pub pending_terminal_parcels:
     |         ^^^^^^^^^^^^^^^^^^^^^^^^
...
1939 |     pub reduction: ConstraintReductionReceiptV1,
     |         ^^^^^^^^^
1940 |     pub ledger: LedgerEntryV1,
     |         ^^^^^^
1941 |     pub receipt: AcceptedSlabReceiptV1,
     |         ^^^^^^^
1942 |     pub binding: serde_json::Value,
     |         ^^^^^^^

warning: `openwepp-hillslope-orchestrator` (lib test) generated 8 warnings
    Finished `test` profile [unoptimized + debuginfo] target(s) in 0.04s
────────────
 Nextest run ID 2368d3da-1e76-4f1d-8b5d-fb4001bd321b with nextest profile: default
    Starting 1 test across 1 binary (1469 tests skipped)
       START [         ] (1/1) openwepp-hillslope-orchestrator v9_real_consumer_shadow::tests::adaptive_production_path_coverage::native_mixed_phase_fixture_characterization_payload

thread 'native-mixed-phase-characterization' (337654) panicked at crates/openwepp-hillslope-orchestrator/src/snow_stage3_v11_adaptive_production_tests.rs:216:5:
assertion failed: !production.2.is_empty()
note: run with `RUST_BACKTRACE=1` environment variable to display a backtrace

thread 'v9_real_consumer_shadow::tests::adaptive_production_path_coverage::native_mixed_phase_fixture_characterization_payload' (337653) panicked at crates/openwepp-hillslope-orchestrator/src/snow_stage3_v11_adaptive_production_tests.rs:431:10:
join native mixed-phase characterization: Any { .. }
        FAIL [   9.980s] (1/1) openwepp-hillslope-orchestrator v9_real_consumer_shadow::tests::adaptive_production_path_coverage::native_mixed_phase_fixture_characterization_payload
  Cancelling due to test failure: 
────────────
     Summary [   9.992s] 1 test run: 0 passed, 1 failed, 1469 skipped
        FAIL [   9.980s] (1/1) openwepp-hillslope-orchestrator v9_real_consumer_shadow::tests::adaptive_production_path_coverage::native_mixed_phase_fixture_characterization_payload
error: test run failed
