warning: 164 source files had no matching entry in the LCOV report — verify your --lcov path or coverage tool configuration:
  /home/workdir/openWEPP/crates/openwepp-comparator-metadata/src/lib.rs
  /home/workdir/openWEPP/crates/openwepp-hillslope-orchestrator/examples/cascade_seam_ledger.rs
  /home/workdir/openWEPP/crates/openwepp-hillslope-orchestrator/examples/dval_case.rs
  /home/workdir/openWEPP/crates/openwepp-hillslope-orchestrator/examples/iwagaki_oracle_dump.rs
  /home/workdir/openWEPP/crates/openwepp-hillslope-orchestrator/examples/steady_probe.rs
  /home/workdir/openWEPP/crates/openwepp-hillslope-orchestrator/src/direct_runtime.rs
  /home/workdir/openWEPP/crates/openwepp-hillslope-orchestrator/src/tests/tests_mod/direct_runtime.rs
  /home/workdir/openWEPP/crates/openwepp-hillslope-orchestrator/src/tests/tests_mod/direct_runtime_erosion_adjustments.rs
  /home/workdir/openWEPP/crates/openwepp-hillslope-orchestrator/src/tests/tests_mod/direct_runtime_erosion_operands.rs
  /home/workdir/openWEPP/crates/openwepp-hillslope-orchestrator/src/tests/tests_mod/direct_runtime_erosion_seed.rs
  /home/workdir/openWEPP/crates/openwepp-hillslope-orchestrator/src/tests/tests_mod/direct_runtime_r3c_r4b.rs
  /home/workdir/openWEPP/crates/openwepp-hillslope-orchestrator/src/tests/tests_mod/direct_runtime_r4il.rs
  /home/workdir/openWEPP/crates/openwepp-hillslope-orchestrator/src/tests/tests_mod/direct_runtime_r4mo.rs
  /home/workdir/openWEPP/crates/openwepp-hillslope-orchestrator/src/tests/tests_mod/direct_runtime_r4n.rs
  /home/workdir/openWEPP/crates/openwepp-hillslope-orchestrator/src/tests/tests_mod/direct_runtime_r4pqz.rs
  /home/workdir/openWEPP/crates/openwepp-hillslope-orchestrator/src/tests/tests_mod/direct_runtime_r5c.rs
  /home/workdir/openWEPP/crates/openwepp-hillslope-orchestrator/src/tests/tests_mod/direct_runtime_r5d.rs
  /home/workdir/openWEPP/crates/openwepp-hillslope-orchestrator/src/tests/tests_mod/direct_runtime_r7g_frost.rs
  /home/workdir/openWEPP/crates/openwepp-hillslope-orchestrator/src/tests/tests_mod/direct_runtime_wave1_continuity.rs
  /home/workdir/openWEPP/crates/openwepp-hillslope-orchestrator/src/tests/tests_mod/mod.rs
  /home/workdir/openWEPP/crates/openwepp-input-contract/src/parsers/hbp/types.rs
  /home/workdir/openWEPP/crates/openwepp-landuse-migrate/src/cli.rs
  /home/workdir/openWEPP/crates/openwepp-landuse-migrate/src/convert.rs
  /home/workdir/openWEPP/crates/openwepp-landuse-migrate/src/disturbed.rs
  /home/workdir/openWEPP/crates/openwepp-landuse-migrate/src/lib.rs
  /home/workdir/openWEPP/crates/openwepp-landuse-migrate/src/main.rs
  /home/workdir/openWEPP/crates/openwepp-landuse-migrate/tests/cli.rs
  /home/workdir/openWEPP/crates/openwepp-legacy-bridge/src/hbp.rs
  /home/workdir/openWEPP/crates/openwepp-runner/src/bin/open_wepp_runner.rs
  /home/workdir/openWEPP/crates/openwepp-runner/src/bin/openwepp-cli-hill.rs
  /home/workdir/openWEPP/crates/openwepp-runner/src/bin/openwepp-cli-totalwatsed3.rs
  /home/workdir/openWEPP/crates/openwepp-runner/src/bin/openwepp-cli-watershed.rs
  /home/workdir/openWEPP/crates/openwepp-runner/src/hillslope/tests03/direct_publication_source_guards.rs
  /home/workdir/openWEPP/crates/openwepp-runner/tests/mt3_hbp_hourly_consumer_contract.rs
  /home/workdir/openWEPP/crates/openwepp-runner/tests/simimpl04_runner_kernel_execution_contract.rs
  /home/workdir/openWEPP/crates/openwepp-runner/tests/simimpl04_wb13_publication_contract.rs
  /home/workdir/openWEPP/crates/openwepp-runner/tests/simimpl04_wepp_ui_mode_closure_contract.rs
  /home/workdir/openWEPP/crates/openwepp-runner/tests/totalwatsed3_cli_contract.rs
  /home/workdir/openWEPP/crates/openwepp-runner/tests/watershed_cli_behavior_contract.rs
  /home/workdir/openWEPP/crates/openwepp-runner/tests/wshedw10_chaninp_absent_default_contract.rs
  /home/workdir/openWEPP/crates/openwepp-summary-accumulator/src/lib.rs
  /home/workdir/openWEPP/docs/work-packages/20260616-perfarch01-indexed-runtime-surface-design-001/artifacts/prototypes/indexed_surface_microbench.rs
  /home/workdir/openWEPP/docs/work-packages/20260618-perfarch02-array-authoritative-hot-path-state-redesign-001/artifacts/perfarch02-floor-prototype/src/main.rs
  /home/workdir/openWEPP/docs/work-packages/20260618-perfarch03-full-array-native-floor-prototype-001/artifacts/perfarch03-floor-prototype/src/main.rs
  /home/workdir/openWEPP/docs/work-packages/20260618-perfmig01-wb11-runoff-array-authoritative-production-migration-001/artifacts/perfmig01-transition-boundary-bench/src/main.rs
  /home/workdir/openWEPP/docs/work-packages/20260618-perfmig02-wb11-consumer-cluster-boundary-retirement-001/artifacts/perfmig02-transition-boundary-bench/src/main.rs
  /home/workdir/openWEPP/tests/integration/adr0017_comparator_distrust_ratification_contract.rs
  /home/workdir/openWEPP/tests/integration/arch22_typed_state_surface_contract.rs
  /home/workdir/openWEPP/tests/integration/auth04_release_gate_authority_stack_contract.rs
  /home/workdir/openWEPP/tests/integration/auth06_fixture_provenance_hash_enforcement_contract.rs
  /home/workdir/openWEPP/tests/integration/auth07_fc_authority_cohort_contract.rs
  /home/workdir/openWEPP/tests/integration/auth11_required_suite_obligation_guards_contract.rs
  /home/workdir/openWEPP/tests/integration/cancov_stratified_observations.rs
  /home/workdir/openWEPP/tests/integration/cli01_runner_contract_derived_tests.rs
  /home/workdir/openWEPP/tests/integration/cli01_runner_hillslope_integration.rs
  /home/workdir/openWEPP/tests/integration/cli03_runner_contract_derived_tests.rs
  /home/workdir/openWEPP/tests/integration/cli04_runner_wat_parquet_contract_derived_tests.rs
  /home/workdir/openWEPP/tests/integration/comparator_tier_routing_metadata.rs
  /home/workdir/openWEPP/tests/integration/dff_ws1_native_forest_cli.rs
  /home/workdir/openWEPP/tests/integration/dff_ws2_ksatadj_direct_runtime.rs
  /home/workdir/openWEPP/tests/integration/dff_ws3_directional_burn_validation.rs
  /home/workdir/openWEPP/tests/integration/erod11_alias_boundary_ownership_contract.rs
  /home/workdir/openWEPP/tests/integration/erod12_cross_domain_contract_closure_contract.rs
  /home/workdir/openWEPP/tests/integration/erod16_wave1_continuity_fixture_conservation.rs
  /home/workdir/openWEPP/tests/integration/erosion_multi_ofe_p102_chain.rs
  /home/workdir/openWEPP/tests/integration/erosion_single_ofe_p61_sediment.rs
  /home/workdir/openWEPP/tests/integration/hparity01_hillslope_wat_lineage_contract.rs
  /home/workdir/openWEPP/tests/integration/hphys0208_fc_threshold_coupled_residual_contract.rs
  /home/workdir/openWEPP/tests/integration/hphys0209_profilewp_adjudication_contract.rs
  /home/workdir/openWEPP/tests/integration/hphys0276_raw_unit_conversion_guard_contract.rs
  /home/workdir/openWEPP/tests/integration/hphys0279_sc_unit_compliance_lint_contract.rs
  /home/workdir/openWEPP/tests/integration/hphys0296_snow_rm_acceptance_authority_contract.rs
  /home/workdir/openWEPP/tests/integration/hphys0309_snow_carry_depletion_lineage_contract.rs
  /home/workdir/openWEPP/tests/integration/hphys0310_prior_day_snow_carry_divergence_contract.rs
  /home/workdir/openWEPP/tests/integration/hphys0311_snow_carry_source_line_parity_contract.rs
  /home/workdir/openWEPP/tests/integration/hphys0312_prior_year_terminal_snowpack_lineage_contract.rs
  /home/workdir/openWEPP/tests/integration/hphys0313_snowpack_settling_carry_recursion_contract.rs
  /home/workdir/openWEPP/tests/integration/hphys0314_adr0017_snow_rm_reclassification_contract.rs
  /home/workdir/openWEPP/tests/integration/hphys0315_hourly_snowfall_input_lineage_contract.rs
  /home/workdir/openWEPP/tests/integration/hphys0316_2013_terminal_carry_recursion_contract.rs
  /home/workdir/openWEPP/tests/integration/hphys0317_hourly_snowfall_input_surface_parity_contract.rs
  /home/workdir/openWEPP/tests/integration/hphys0319_fixed_baseline_stmtim_observe_contract.rs
  /home/workdir/openWEPP/tests/integration/hphys0320_stmtim_start_time_source_line_contract.rs
  /home/workdir/openWEPP/tests/integration/infile_chaninp_parser_contract.rs
  /home/workdir/openWEPP/tests/integration/infile_climate_parser_contract.rs
  /home/workdir/openWEPP/tests/integration/infile_frost_parser_contract.rs
  /home/workdir/openWEPP/tests/integration/infile_gwcoeff_parser_contract.rs
  /home/workdir/openWEPP/tests/integration/infile_hbp_parser_contract.rs
  /home/workdir/openWEPP/tests/integration/infile_irrigation_depletion_parser_contract.rs
  /home/workdir/openWEPP/tests/integration/infile_irrigation_fixeddate_parser_contract.rs
  /home/workdir/openWEPP/tests/integration/infile_lcwb_parser_contract.rs
  /home/workdir/openWEPP/tests/integration/infile_management_parser_contract.rs
  /home/workdir/openWEPP/tests/integration/infile_management_yaml_contract.rs
  /home/workdir/openWEPP/tests/integration/infile_phosphorus_parser_contract.rs
  /home/workdir/openWEPP/tests/integration/infile_pmetpara_parser_contract.rs
  /home/workdir/openWEPP/tests/integration/infile_slope_parser_contract.rs
  /home/workdir/openWEPP/tests/integration/infile_snow_parser_contract.rs
  /home/workdir/openWEPP/tests/integration/infile_soil_parser_contract.rs
  /home/workdir/openWEPP/tests/integration/infile_tc_parser_contract.rs
  /home/workdir/openWEPP/tests/integration/infile_tcr_parser_contract.rs
  /home/workdir/openWEPP/tests/integration/infile_watershed_channel_parser_contract.rs
  /home/workdir/openWEPP/tests/integration/infile_watershed_impoundment_parser_contract.rs
  /home/workdir/openWEPP/tests/integration/infile_watershed_structure_parser_contract.rs
  /home/workdir/openWEPP/tests/integration/infile_weppui_parser_contract.rs
  /home/workdir/openWEPP/tests/integration/landuse_migration_cli_contract.rs
  /home/workdir/openWEPP/tests/integration/laned_shadow_h2637.rs
  /home/workdir/openWEPP/tests/integration/owcmp_agent_config_contract.rs
  /home/workdir/openWEPP/tests/integration/owcmp_cli_contract.rs
  /home/workdir/openWEPP/tests/integration/paradigm2_multilayer_promotion.rs
  /home/workdir/openWEPP/tests/integration/paradigm2_stage0_surface_energy_balance_contract.rs
  /home/workdir/openWEPP/tests/integration/paradigm2_stage1_layered_snow_density.rs
  /home/workdir/openWEPP/tests/integration/paradigm2_stage2_snow_frost_insulation_profile.rs
  /home/workdir/openWEPP/tests/integration/paradigm2_stage3_decouple_water_temperature.rs
  /home/workdir/openWEPP/tests/integration/paradigm2_stage3_liquid_routing_meltwater_temperature.rs
  /home/workdir/openWEPP/tests/integration/pl14_tier_a_candidate_replay_contract.rs
  /home/workdir/openWEPP/tests/integration/pl14r_tier_a_replay_rerun_contract.rs
  /home/workdir/openWEPP/tests/integration/pl14s_tier_a_candidate_emission_and_replay_contract.rs
  /home/workdir/openWEPP/tests/integration/pl15_tier_a_delta_closeout_contract.rs
  /home/workdir/openWEPP/tests/integration/pl15r_tier_a_delta_recloseout_contract.rs
  /home/workdir/openWEPP/tests/integration/sim_contract_boundary_unit_registry.rs
  /home/workdir/openWEPP/tests/integration/snowdensity02_contract_adr_guard.rs
  /home/workdir/openWEPP/tests/integration/snowdensity03_physics_bulk_offline_contract.rs
  /home/workdir/openWEPP/tests/integration/snowdensity05a_melt_contract_guard.rs
  /home/workdir/openWEPP/tests/integration/snowdensity05b_shortwave_source_contract.rs
  /home/workdir/openWEPP/tests/integration/snowdensity05c_albedo_state_core.rs
  /home/workdir/openWEPP/tests/integration/snowdensity05d_opt_in_coe_melt.rs
  /home/workdir/openWEPP/tests/integration/snowdensity05e_melt_adjudication.rs
  /home/workdir/openWEPP/tests/integration/snowdensity05f_melt_closure_handoff.rs
  /home/workdir/openWEPP/tests/integration/snowdensity05g_harness_fidelity_rerun.rs
  /home/workdir/openWEPP/tests/integration/snowdensity06_density_compaction.rs
  /home/workdir/openWEPP/tests/integration/snowdensity06b_coe_bound_density_replay.rs
  /home/workdir/openWEPP/tests/integration/snowdensity07_runtime_opt_in.rs
  /home/workdir/openWEPP/tests/integration/snowdensity08_gate_rerun.rs
  /home/workdir/openWEPP/tests/integration/snowdensity09_coupled_wat_rerun.rs
  /home/workdir/openWEPP/tests/integration/snowdensity10_3_10_spring_pack_depletion_compaction.rs
  /home/workdir/openWEPP/tests/integration/snowdensity10_3_11_spring_compaction_densification.rs
  /home/workdir/openWEPP/tests/integration/snowdensity10_3_12_bundle_activation_adjudication.rs
  /home/workdir/openWEPP/tests/integration/snowdensity10_3_13_residual_policy_b_diagnostic.rs
  /home/workdir/openWEPP/tests/integration/snowdensity10_3_14_policy_b_no_regression_cap_authority.rs
  /home/workdir/openWEPP/tests/integration/snowdensity10_3_15_default_activation_active_cap.rs
  /home/workdir/openWEPP/tests/integration/snowdensity10_3_16_open_surface_ablation_stage_a.rs
  /home/workdir/openWEPP/tests/integration/snowdensity10_3_17_shallow_pack_compaction_guard.rs
  /home/workdir/openWEPP/tests/integration/snowdensity10_3_19_harder_pomeroy_default_activation.rs
  /home/workdir/openWEPP/tests/integration/snowdensity10_3_1a_per_day_cancov.rs
  /home/workdir/openWEPP/tests/integration/snowdensity10_3_20_sublimation_stage_b_unlock.rs
  /home/workdir/openWEPP/tests/integration/snowdensity10_3_21_post_partition_residual_decomposition.rs
  /home/workdir/openWEPP/tests/integration/snowdensity10_3_22_climate_class_density_specialization.rs
  /home/workdir/openWEPP/tests/integration/snowdensity10_3_3_gradient_melt_adjudication.rs
  /home/workdir/openWEPP/tests/integration/snowdensity10_3_4_maritime_overaccumulation_diagnosis.rs
  /home/workdir/openWEPP/tests/integration/snowdensity10_3_5a_meteorology_crate_contract.rs
  /home/workdir/openWEPP/tests/integration/snowdensity10_3_5b_hourly_partition_jennings_contract.rs
  /home/workdir/openWEPP/tests/integration/snowdensity10_3_5c_phase_partition_snowdepth_impact.rs
  /home/workdir/openWEPP/tests/integration/snowdensity10_3_6_winter_thaw_melt_response.rs
  /home/workdir/openWEPP/tests/integration/snowdensity10_3_7_winter_thaw_melt_response_correction.rs
  /home/workdir/openWEPP/tests/integration/snowdensity10_3_8_liquid_holding_capacity.rs
  /home/workdir/openWEPP/tests/integration/snowdensity10_3_9_march_april_residual_attribution.rs
  /home/workdir/openWEPP/tests/integration/snowfreeze_observed_frost_depth_contract.rs
  /home/workdir/openWEPP/tests/integration/snowfrost_fidelity_c_diagnostics_contract.rs
  /home/workdir/openWEPP/tests/integration/snowfrost_fidelity_g0_pysnobal_bridge_contract.rs
  /home/workdir/openWEPP/tests/integration/soilauth02_soil_producer_reconciliation_contract.rs
  /home/workdir/openWEPP/tests/integration/soilauth03_soil_producer_contract_drift_guards_contract.rs
  /home/workdir/openWEPP/tests/integration/topology_graph_validation_gate.rs
  /home/workdir/openWEPP/tests/integration/wb13_daily_water_balance_output_surface_contract.rs
  /home/workdir/openWEPP/tests/integration/wshedw5_typed_watershed_runtime_contract.rs
