label=gate_cargo_clippy
command=cargo clippy --workspace --all-targets -- -D warnings
env_TMPDIR=/tmp/ow-lse-v8
env_OPENWEPP_TASK_ID=child3-20260817T233050Z
warning: Git tree '/workdir/openWEPP' is dirty
openWEPP Nix shell
  target:  /workdir/.cache/openwepp/targets/child3-20260817T233050Z
  scratch: /tmp/openwepp-roger-child3-20260817T233050Z
  cache:   /workdir/.cache/openwepp
    Checking cfg-if v1.0.4
    Checking itoa v1.0.18
    Checking typenum v1.20.0
    Checking equivalent v1.0.2
    Checking ryu v1.0.23
    Checking cpufeatures v0.2.17
    Checking hashbrown v0.17.1
    Checking memchr v2.8.0
    Checking serde_core v1.0.228
    Checking libm v0.2.16
    Checking unsafe-libyaml v0.2.11
    Checking openwepp-sim-contract v0.1.0 (/workdir/openWEPP/crates/openwepp-sim-contract)
    Checking simd-adler32 v0.3.9
    Checking adler2 v2.0.1
    Checking crc32fast v1.5.0
    Checking zmij v1.0.21
    Checking openwepp-unit-boundary v0.1.0 (/workdir/openWEPP/crates/openwepp-unit-boundary)
    Checking libc v0.2.186
    Checking zerocopy v0.8.48
    Checking thiserror v2.0.20
    Checking miniz_oxide v0.8.9
    Checking once_cell v1.21.4
    Checking lexical-util v1.0.7
    Checking bytes v1.11.1
    Checking iana-time-zone v0.1.65
    Checking arrow-schema v54.3.1
    Checking hashbrown v0.15.5
    Checking alloc-no-stdlib v2.0.4
    Checking alloc-stdlib v0.2.2
    Checking openwepp-meteorology v0.1.0 (/workdir/openWEPP/crates/openwepp-meteorology)
    Checking flate2 v1.1.9
    Checking toml_write v0.1.2
    Checking winnow v0.7.15
    Checking generic-array v0.14.7
    Checking bitflags v1.3.2
    Checking openwepp-topology v0.1.0 (/workdir/openWEPP/crates/openwepp-topology)
    Checking flatbuffers v24.12.23
    Checking indexmap v2.14.0
    Checking lexical-parse-integer v1.0.6
    Checking lexical-write-integer v1.0.6
    Checking brotli-decompressor v4.0.3
    Checking integer-encoding v3.0.4
    Checking base64 v0.22.1
    Checking lexical-parse-float v1.0.6
    Checking twox-hash v2.1.2
    Checking byteorder v1.5.0
    Checking lexical-write-float v1.0.6
    Checking getrandom v0.3.4
   Compiling jobserver v0.1.34
    Checking static_assertions v1.1.0
    Checking lz4_flex v0.11.6
    Checking snap v1.1.1
    Checking simdutf8 v0.1.5
    Checking num-traits v0.2.19
    Checking openwepp-legacy-bridge v0.1.0 (/workdir/openWEPP/crates/openwepp-legacy-bridge)
    Checking twox-hash v1.6.3
    Checking openwepp-plant-phenology v0.1.0 (/workdir/openWEPP/crates/openwepp-plant-phenology)
    Checking powerfmt v0.2.0
   Compiling cc v1.2.62
    Checking openwepp-comparator-metadata v0.1.0 (/workdir/openWEPP/crates/openwepp-comparator-metadata)
    Checking num-conv v0.2.2
    Checking lexical-core v1.0.6
    Checking block-buffer v0.10.4
    Checking crypto-common v0.1.7
    Checking time-core v0.1.8
    Checking zerofrom v0.1.8
    Checking stable_deref_trait v1.2.1
    Checking openwepp-summary-accumulator v0.1.0 (/workdir/openWEPP/crates/openwepp-summary-accumulator)
    Checking deranged v0.5.8
    Checking digest v0.10.7
    Checking writeable v0.6.3
    Checking litemap v0.8.2
    Checking smallvec v1.15.2
    Checking utf8_iter v1.0.4
    Checking yoke v0.8.3
    Checking unicase v2.9.0
    Checking bitflags v2.13.0
    Checking icu_properties_data v2.2.0
    Checking icu_normalizer_data v2.2.0
    Checking brotli v7.0.0
    Checking quick-xml v0.41.0
    Checking aho-corasick v1.1.4
    Checking scopeguard v1.2.0
    Checking sha2 v0.10.9
    Checking zerovec v0.11.6
    Checking zerotrie v0.2.4
    Checking regex-syntax v0.8.11
    Checking pulldown-cmark v0.13.4
    Checking lock_api v0.4.14
    Checking ref-cast v1.0.25
    Checking parking_lot_core v0.9.12
    Checking num-integer v0.1.46
    Checking num-complex v0.4.6
    Checking chrono v0.4.44
    Checking atoi v2.0.0
    Checking ordered-float v2.10.1
    Checking num-bigint v0.4.6
    Checking num-iter v0.1.45
    Checking borrow-or-share v0.2.4
    Checking bit-vec v0.8.0
    Checking thrift v0.17.0
    Checking tinystr v0.8.3
    Checking potential_utf v0.1.5
    Checking foldhash v0.2.0
    Checking allocator-api2 v0.2.21
    Checking bit-set v0.8.0
    Checking parking_lot v0.12.5
    Checking icu_collections v2.2.0
    Checking serde v1.0.228
    Checking serde_json v1.0.150
    Checking icu_locale_core v2.2.0
    Checking lazy_static v1.5.0
    Checking outref v0.5.2
    Checking vsimd v0.8.0
    Checking time v0.3.47
    Checking percent-encoding v2.3.2
    Checking unicode-general-category v1.1.0
    Checking hashbrown v0.16.1
    Checking num-cmp v0.1.0
    Checking bytecount v0.6.9
    Checking data-encoding v2.11.0
    Checking approx v0.5.1
    Checking uuid-simd v0.8.0
    Checking serde_yaml v0.9.34+deprecated
    Checking openwepp-kernel-contract v0.1.0 (/workdir/openWEPP/crates/openwepp-kernel-contract)
    Checking toml_datetime v0.6.11
    Checking serde_spanned v0.6.9
    Checking fluent-uri v0.4.1
    Checking email_address v0.2.9
    Checking num-rational v0.4.2
    Checking toml_edit v0.22.27
   Compiling zstd-sys v2.0.16+zstd.1.5.7
    Checking icu_provider v2.2.0
    Checking num v0.4.3
    Checking fraction v0.15.4
    Checking icu_normalizer v2.2.0
    Checking icu_properties v2.2.0
    Checking regex-automata v0.4.15
    Checking ahash v0.8.12
    Checking half v2.7.1
    Checking openwepp-management-schema v0.1.0 (/workdir/openWEPP/crates/openwepp-management-schema)
    Checking openwepp-assurance v0.1.0 (/workdir/openWEPP/crates/openwepp-assurance)
    Checking referencing v0.42.2
    Checking openwepp-biogeochemistry v0.1.0 (/workdir/openWEPP/crates/openwepp-biogeochemistry)
    Checking openwepp-land-surface-energy v0.1.0 (/workdir/openWEPP/crates/openwepp-land-surface-energy)
    Checking openwepp-vegetation v0.1.0 (/workdir/openWEPP/crates/openwepp-vegetation)
    Checking arrow-buffer v54.3.1
    Checking toml v0.8.23
    Checking arrow-data v54.3.1
    Checking idna_adapter v1.2.2
    Checking idna v1.1.0
    Checking arrow-array v54.3.1
    Checking fancy-regex v0.17.0
    Checking regex v1.13.0
    Checking jsonschema v0.42.2
    Checking arrow-select v54.3.1
    Checking arrow-ipc v54.3.1
   Compiling zstd-safe v7.2.4
    Checking openwepp-input-contract v0.1.0 (/workdir/openWEPP/crates/openwepp-input-contract)
    Checking zstd v0.13.3
    Checking arrow-cast v54.3.1
    Checking parquet v54.3.1
    Checking openwepp-climate-runtime-adapter v0.1.0 (/workdir/openWEPP/crates/openwepp-climate-runtime-adapter)
    Checking openwepp-landuse-migrate v0.1.0 (/workdir/openWEPP/crates/openwepp-landuse-migrate)
    Checking openwepp-watershed-orchestrator v0.1.0 (/workdir/openWEPP/crates/openwepp-watershed-orchestrator)
    Checking openwepp-hillslope-orchestrator v0.1.0 (/workdir/openWEPP/crates/openwepp-hillslope-orchestrator)
    Checking openwepp-hillslope-output v0.1.0 (/workdir/openWEPP/crates/openwepp-hillslope-output)
    Checking openwepp-watershed-output v0.1.0 (/workdir/openWEPP/crates/openwepp-watershed-output)
    Checking openwepp-runner v0.1.0 (/workdir/openWEPP/crates/openwepp-runner)
    Checking openwepp v0.1.0 (/workdir/openWEPP)
    Finished `dev` profile [unoptimized + debuginfo] target(s) in 33.59s
