laned_active_profile {"solver_runs":17898,"solver_steps":7381405,"solver_steps_homogeneous":381501,"solver_steps_source_free":1739149,"solver_steps_implicit":980804,"implicit_equilibrium_map_evaluations":0,"implicit_branch_evaluations":20110873,"alpha_evaluations":119746445,"solver_cfl_ns":19578754701,"solver_step_ns":7353396020,"solver_sample_ns":383775874}
	Command being timed: "target/release/openwepp-cli-hill --run-dir /home/workdir/openWEPP/docs/work-packages/20260707-laned-router-d16-selected-cohort-active-suite-001/artifacts/selected-cohort-runs/h2637 --run-file p2637.hybrid.run.toml --output-dir /home/workdir/openWEPP/docs/work-packages/20260707-laned-router-d16-selected-cohort-active-suite-001/artifacts/selected-cohort-runs/h2637/output-hybrid"
	User time (seconds): 33.33
	System time (seconds): 0.02
	Percent of CPU this job got: 99%
	Elapsed (wall clock) time (h:mm:ss or m:ss): 0:33.37
	Average shared text size (kbytes): 0
	Average unshared data size (kbytes): 0
	Average stack size (kbytes): 0
	Average total size (kbytes): 0
	Maximum resident set size (kbytes): 27484
	Average resident set size (kbytes): 0
	Major (requiring I/O) page faults: 0
	Minor (reclaiming a frame) page faults: 8222
	Voluntary context switches: 5
	Involuntary context switches: 132
	Swaps: 0
	File system inputs: 0
	File system outputs: 1640
	Socket messages sent: 0
	Socket messages received: 0
	Signals delivered: 0
	Page size (bytes): 4096
	Exit status: 0
