laned_active_profile {"solver_runs":11590,"solver_steps":10479200,"solver_steps_homogeneous":3139424,"solver_steps_source_free":5817107,"solver_steps_implicit":0,"implicit_equilibrium_map_evaluations":0,"implicit_branch_evaluations":0,"alpha_evaluations":173774272,"solver_cfl_ns":24691821606,"solver_step_ns":10436149321,"solver_sample_ns":667056657}
	Command being timed: "target/release/openwepp-cli-hill --run-dir /home/workdir/openWEPP/docs/work-packages/20260707-laned-router-d16-selected-cohort-active-suite-001/artifacts/selected-cohort-runs/h2637 --run-file p2637.plain.run.toml --output-dir /home/workdir/openWEPP/docs/work-packages/20260707-laned-router-d16-selected-cohort-active-suite-001/artifacts/selected-cohort-runs/h2637/output-plain"
	User time (seconds): 39.64
	System time (seconds): 0.05
	Percent of CPU this job got: 99%
	Elapsed (wall clock) time (h:mm:ss or m:ss): 0:39.71
	Average shared text size (kbytes): 0
	Average unshared data size (kbytes): 0
	Average stack size (kbytes): 0
	Average total size (kbytes): 0
	Maximum resident set size (kbytes): 26680
	Average resident set size (kbytes): 0
	Major (requiring I/O) page faults: 0
	Minor (reclaiming a frame) page faults: 6927
	Voluntary context switches: 5
	Involuntary context switches: 164
	Swaps: 0
	File system inputs: 0
	File system outputs: 1640
	Socket messages sent: 0
	Socket messages received: 0
	Signals delivered: 0
	Page size (bytes): 4096
	Exit status: 0
