CLIHILL-E-011 runtime surface failure for r7c_direct_production_executor: HS-SIMPIPE-E-001 direct runtime day execution failed at lane 1 day 136: direct runtime kernel guard failed in laned_active_rev21_operands: lane 1 day 136 has LAI 0.01182723510043506 > 0 with missing/non-positive typed-management canhgt (rev-21 fail-closed)
Command exited with non-zero status 1
	Command being timed: "target/release/openwepp-cli-hill --run-dir /home/workdir/openWEPP/docs/work-packages/20260707-laned-router-d16-selected-cohort-active-suite-001/artifacts/selected-cohort-runs/mn_corn_h4 --run-file p4.plain.run.toml --output-dir /home/workdir/openWEPP/docs/work-packages/20260707-laned-router-d16-selected-cohort-active-suite-001/artifacts/selected-cohort-runs/mn_corn_h4/output-plain"
	User time (seconds): 0.05
	System time (seconds): 0.00
	Percent of CPU this job got: 100%
	Elapsed (wall clock) time (h:mm:ss or m:ss): 0:00.06
	Average shared text size (kbytes): 0
	Average unshared data size (kbytes): 0
	Average stack size (kbytes): 0
	Average total size (kbytes): 0
	Maximum resident set size (kbytes): 8832
	Average resident set size (kbytes): 0
	Major (requiring I/O) page faults: 0
	Minor (reclaiming a frame) page faults: 956
	Voluntary context switches: 1
	Involuntary context switches: 0
	Swaps: 0
	File system inputs: 0
	File system outputs: 24
	Socket messages sent: 0
	Socket messages received: 0
	Signals delivered: 0
	Page size (bytes): 4096
	Exit status: 1
