warning: Git tree '/workdir/openWEPP' is dirty
warning: method `restart_authority_state_derived_active_snow_lanes_v1` is never used
   --> crates/openwepp-hillslope-orchestrator/src/snow_stage3_v11_attachment.rs:981:19
    |
973 | impl DirectSnowStage3V11PreparedSupport {
    | --------------------------------------- method in this implementation
...
981 |     pub(crate) fn restart_authority_state_derived_active_snow_lanes_v1(
    |                   ^^^^^^^^^^^^^^^^^^^^^^^^^^^^^^^^^^^^^^^^^^^^^^^^^^^^
    |
    = note: `#[warn(dead_code)]` (part of `#[warn(unused)]`) on by default

warning: function `diagnostic_restore_parent_receipt_archive_with_configured_scope_v3` is never used
    --> crates/openwepp-hillslope-orchestrator/src/snow_stage3_v11_restart.rs:1858:15
     |
1858 | pub(crate) fn diagnostic_restore_parent_receipt_archive_with_configured_scope_v3(
     |               ^^^^^^^^^^^^^^^^^^^^^^^^^^^^^^^^^^^^^^^^^^^^^^^^^^^^^^^^^^^^^^^^^^

warning: struct `RestoredStage3PublicationDayEvidenceV1` is never constructed
    --> crates/openwepp-hillslope-orchestrator/src/v9_real_consumer_shadow_publication_retention.rs:1729:19
     |
1729 | pub(crate) struct RestoredStage3PublicationDayEvidenceV1 {
     |                   ^^^^^^^^^^^^^^^^^^^^^^^^^^^^^^^^^^^^^^

warning: function `restart_authority_restore_archived_publication_day_v1` is never used
    --> crates/openwepp-hillslope-orchestrator/src/v9_real_consumer_shadow_publication_retention.rs:1757:15
     |
1757 | pub(crate) fn restart_authority_restore_archived_publication_day_v1(
     |               ^^^^^^^^^^^^^^^^^^^^^^^^^^^^^^^^^^^^^^^^^^^^^^^^^^^^^

warning: method `diagnostic_install_hydrology_constructor_inputs_v1` is never used
    --> crates/openwepp-hillslope-orchestrator/src/v9_real_consumer_shadow.rs:4239:19
     |
3323 | impl DirectV10RealConsumerShadow {
     | -------------------------------- method in this implementation
...
4239 |     pub(crate) fn diagnostic_install_hydrology_constructor_inputs_v1(
     |                   ^^^^^^^^^^^^^^^^^^^^^^^^^^^^^^^^^^^^^^^^^^^^^^^^^^

warning: associated function `restart_authority_from_canonical_bytes` is never used
   --> crates/openwepp-hillslope-orchestrator/src/direct_runtime/surface_liquid_owner/v2.rs:207:19
    |
161 | impl SurfaceLiquidOwnerModelDefinitionV2 {
    | ---------------------------------------- associated function in this implementation
...
207 |     pub(crate) fn restart_authority_from_canonical_bytes(
    |                   ^^^^^^^^^^^^^^^^^^^^^^^^^^^^^^^^^^^^^^

warning: field `ending_snow_hint` is never read
    --> crates/openwepp-hillslope-orchestrator/src/hydrology/support_helpers_mod/runoff_reconciliation.rs:1193:9
     |
1173 | pub(crate) struct CoveredTerminalTrialRequestV1 {
     |                   ----------------------------- field in this struct
...
1193 |     pub ending_snow_hint: Option<CoveredTerminalEndingSnowHintV1>,
     |         ^^^^^^^^^^^^^^^^
     |
     = note: `CoveredTerminalTrialRequestV1` has derived impls for the traits `Debug` and `Clone`, but these are intentionally ignored during dead code analysis

warning: function `restore_covered_interval` is never used
   --> crates/openwepp-hillslope-orchestrator/src/snow_stage3_v11_current_context_capture.rs:671:4
    |
671 | fn restore_covered_interval(
    |    ^^^^^^^^^^^^^^^^^^^^^^^^

warning: function `restore_destination_capability` is never used
   --> crates/openwepp-hillslope-orchestrator/src/snow_stage3_v11_current_context_capture.rs:687:4
    |
687 | fn restore_destination_capability(
    |    ^^^^^^^^^^^^^^^^^^^^^^^^^^^^^^

warning: function `provider_interval_for_destination` is never used
   --> crates/openwepp-hillslope-orchestrator/src/snow_stage3_v11_current_context_capture.rs:735:4
    |
735 | fn provider_interval_for_destination<'a>(
    |    ^^^^^^^^^^^^^^^^^^^^^^^^^^^^^^^^^

warning: function `restore_prepared_support` is never used
   --> crates/openwepp-hillslope-orchestrator/src/snow_stage3_v11_current_context_capture.rs:773:4
    |
773 | fn restore_prepared_support(
    |    ^^^^^^^^^^^^^^^^^^^^^^^^

warning: function `restore_support_forcing` is never used
   --> crates/openwepp-hillslope-orchestrator/src/snow_stage3_v11_current_context_capture.rs:891:4
    |
891 | fn restore_support_forcing(
    |    ^^^^^^^^^^^^^^^^^^^^^^^

warning: function `active_snow_restore` is never used
    --> crates/openwepp-hillslope-orchestrator/src/snow_stage3_v11_current_context_capture.rs:1004:4
     |
1004 | fn active_snow_restore(
     |    ^^^^^^^^^^^^^^^^^^^

warning: method `validate_against` is never used
    --> crates/openwepp-hillslope-orchestrator/src/snow_stage3_v11_current_context_capture.rs:1212:19
     |
1190 | impl ProviderStaticConfigurationCaptureV1 {
     | ----------------------------------------- method in this implementation
...
1212 |     pub(crate) fn validate_against(
     |                   ^^^^^^^^^^^^^^^^

warning: struct `PreparedDayCaptureV1` is never constructed
    --> crates/openwepp-hillslope-orchestrator/src/snow_stage3_v11_current_context_capture.rs:1246:8
     |
1246 | struct PreparedDayCaptureV1 {
     |        ^^^^^^^^^^^^^^^^^^^^

warning: function `capture_prepared_day` is never used
    --> crates/openwepp-hillslope-orchestrator/src/snow_stage3_v11_current_context_capture.rs:1254:4
     |
1254 | fn capture_prepared_day(
     |    ^^^^^^^^^^^^^^^^^^^^

warning: function `validate_prepared_day` is never used
    --> crates/openwepp-hillslope-orchestrator/src/snow_stage3_v11_current_context_capture.rs:1271:4
     |
1271 | fn validate_prepared_day(
     |    ^^^^^^^^^^^^^^^^^^^^^

warning: function `restore_provider_day` is never used
    --> crates/openwepp-hillslope-orchestrator/src/snow_stage3_v11_current_context_capture.rs:1317:4
     |
1317 | fn restore_provider_day(
     |    ^^^^^^^^^^^^^^^^^^^^

warning: associated function `diagnostic_restore_native_consumer_v1` is never used
   --> crates/openwepp-hillslope-orchestrator/src/v9_real_consumer_shadow.rs:868:19
    |
781 | impl DirectV10RealConsumerShadow {
    | -------------------------------- associated function in this implementation
...
868 |     pub(crate) fn diagnostic_restore_native_consumer_v1(
    |                   ^^^^^^^^^^^^^^^^^^^^^^^^^^^^^^^^^^^^^

warning: function `publication_input_from_constructor` is never used
   --> crates/openwepp-hillslope-orchestrator/src/v9_real_consumer_shadow_tests.rs:487:8
    |
487 |     fn publication_input_from_constructor(
    |        ^^^^^^^^^^^^^^^^^^^^^^^^^^^^^^^^^^

warning: function `native_archive_day_input` is never used
   --> crates/openwepp-hillslope-orchestrator/src/v9_real_consumer_shadow_tests.rs:528:8
    |
528 |     fn native_archive_day_input(
    |        ^^^^^^^^^^^^^^^^^^^^^^^^

warning: function `validated_native_archive_publication_input` is never used
   --> crates/openwepp-hillslope-orchestrator/src/v9_real_consumer_shadow_tests.rs:576:8
    |
576 |     fn validated_native_archive_publication_input(
    |        ^^^^^^^^^^^^^^^^^^^^^^^^^^^^^^^^^^^^^^^^^^

warning: function `native_complete_attachment_supports` is never used
   --> crates/openwepp-hillslope-orchestrator/src/v9_real_consumer_shadow_tests.rs:770:8
    |
770 |     fn native_complete_attachment_supports(
    |        ^^^^^^^^^^^^^^^^^^^^^^^^^^^^^^^^^^^

warning: function `assert_bound_native_destinations_materialized` is never used
   --> crates/openwepp-hillslope-orchestrator/src/v9_real_consumer_shadow_tests.rs:957:8
    |
957 |     fn assert_bound_native_destinations_materialized(
    |        ^^^^^^^^^^^^^^^^^^^^^^^^^^^^^^^^^^^^^^^^^^^^^

warning: function `assert_no_snow_free_physics_calls` is never used
    --> crates/openwepp-hillslope-orchestrator/src/v9_real_consumer_shadow_tests.rs:1695:8
     |
1695 |     fn assert_no_snow_free_physics_calls(
     |        ^^^^^^^^^^^^^^^^^^^^^^^^^^^^^^^^^

warning: function `capture_row_for_test` is never used
    --> crates/openwepp-hillslope-orchestrator/src/snow_stage3_v11_current_context_capture.rs:1864:15
     |
1864 | pub(crate) fn capture_row_for_test(
     |               ^^^^^^^^^^^^^^^^^^^^

warning: function `capture_prepared_day_row_for_test` is never used
    --> crates/openwepp-hillslope-orchestrator/src/snow_stage3_v11_current_context_capture.rs:1877:15
     |
1877 | pub(crate) fn capture_prepared_day_row_for_test(
     |               ^^^^^^^^^^^^^^^^^^^^^^^^^^^^^^^^^

warning: function `reconstruct_provisional_on_clone` is never used
    --> crates/openwepp-hillslope-orchestrator/src/snow_stage3_v11_current_context_capture.rs:2721:15
     |
2721 | pub(crate) fn reconstruct_provisional_on_clone(
     |               ^^^^^^^^^^^^^^^^^^^^^^^^^^^^^^^^

warning: function `reconstruct_provisional_on_clone_for_constraint_owner` is never used
    --> crates/openwepp-hillslope-orchestrator/src/snow_stage3_v11_current_context_capture.rs:2748:4
     |
2748 | fn reconstruct_provisional_on_clone_for_constraint_owner(
     |    ^^^^^^^^^^^^^^^^^^^^^^^^^^^^^^^^^^^^^^^^^^^^^^^^^^^^^

warning: function `import_and_reconstruct_pre_child_context` is never used
    --> crates/openwepp-hillslope-orchestrator/src/snow_stage3_v11_current_context_capture.rs:2845:15
     |
2845 | pub(crate) fn import_and_reconstruct_pre_child_context(
     |               ^^^^^^^^^^^^^^^^^^^^^^^^^^^^^^^^^^^^^^^^

warning: struct `PreChildProvisionalInputsV1` is never constructed
    --> crates/openwepp-hillslope-orchestrator/src/snow_stage3_v11_current_context_capture.rs:2883:8
     |
2883 | struct PreChildProvisionalInputsV1 {
     |        ^^^^^^^^^^^^^^^^^^^^^^^^^^^

warning: function `restore_pre_child_provisional_inputs` is never used
    --> crates/openwepp-hillslope-orchestrator/src/snow_stage3_v11_current_context_capture.rs:2894:4
     |
2894 | fn restore_pre_child_provisional_inputs(
     |    ^^^^^^^^^^^^^^^^^^^^^^^^^^^^^^^^^^^^

warning: function `validate_pre_child_provisional_evidence` is never used
    --> crates/openwepp-hillslope-orchestrator/src/snow_stage3_v11_current_context_capture.rs:3000:4
     |
3000 | fn validate_pre_child_provisional_evidence(
     |    ^^^^^^^^^^^^^^^^^^^^^^^^^^^^^^^^^^^^^^^

warning: function `validate_pre_child_binding_and_owners` is never used
    --> crates/openwepp-hillslope-orchestrator/src/snow_stage3_v11_current_context_capture.rs:3032:4
     |
3032 | fn validate_pre_child_binding_and_owners(
     |    ^^^^^^^^^^^^^^^^^^^^^^^^^^^^^^^^^^^^^

warning: struct `RestoredProviderBoundContextV1` is never constructed
    --> crates/openwepp-hillslope-orchestrator/src/snow_stage3_v11_current_context_capture.rs:3102:19
     |
3102 | pub(crate) struct RestoredProviderBoundContextV1 {
     |                   ^^^^^^^^^^^^^^^^^^^^^^^^^^^^^^

warning: function `authenticate_archived_day_v1` is never used
    --> crates/openwepp-hillslope-orchestrator/src/snow_stage3_v11_current_context_capture.rs:3173:4
     |
3173 | fn authenticate_archived_day_v1(
     |    ^^^^^^^^^^^^^^^^^^^^^^^^^^^^

warning: struct `RestoredCapturedPreChildContextV1` is never constructed
    --> crates/openwepp-hillslope-orchestrator/src/snow_stage3_v11_current_context_capture.rs:3324:19
     |
3324 | pub(crate) struct RestoredCapturedPreChildContextV1 {
     |                   ^^^^^^^^^^^^^^^^^^^^^^^^^^^^^^^^^

warning: function `restore_captured_clock_parent` is never used
    --> crates/openwepp-hillslope-orchestrator/src/snow_stage3_v11_current_context_capture.rs:3339:4
     |
3339 | fn restore_captured_clock_parent(
     |    ^^^^^^^^^^^^^^^^^^^^^^^^^^^^^

warning: function `restore_captured_pre_child_context` is never used
    --> crates/openwepp-hillslope-orchestrator/src/snow_stage3_v11_current_context_capture.rs:3391:4
     |
3391 | fn restore_captured_pre_child_context(
     |    ^^^^^^^^^^^^^^^^^^^^^^^^^^^^^^^^^^

warning: function `restore_provider_bound_context_from_rows` is never used
    --> crates/openwepp-hillslope-orchestrator/src/snow_stage3_v11_current_context_capture.rs:3598:15
     |
3598 | pub(crate) fn restore_provider_bound_context_from_rows(
     |               ^^^^^^^^^^^^^^^^^^^^^^^^^^^^^^^^^^^^^^^^

warning: function `select_provider_capture_rows` is never used
    --> crates/openwepp-hillslope-orchestrator/src/snow_stage3_v11_current_context_capture.rs:3649:4
     |
3649 | fn select_provider_capture_rows<'a>(
     |    ^^^^^^^^^^^^^^^^^^^^^^^^^^^^

warning: struct `ProviderPreparedPartsV1` is never constructed
    --> crates/openwepp-hillslope-orchestrator/src/snow_stage3_v11_current_context_capture.rs:3691:8
     |
3691 | struct ProviderPreparedPartsV1 {
     |        ^^^^^^^^^^^^^^^^^^^^^^^

warning: function `restore_provider_prepared_parts` is never used
    --> crates/openwepp-hillslope-orchestrator/src/snow_stage3_v11_current_context_capture.rs:3698:4
     |
3698 | fn restore_provider_prepared_parts(
     |    ^^^^^^^^^^^^^^^^^^^^^^^^^^^^^^^

warning: function `restore_provider_current_child` is never used
    --> crates/openwepp-hillslope-orchestrator/src/snow_stage3_v11_current_context_capture.rs:3776:4
     |
3776 | fn restore_provider_current_child(
     |    ^^^^^^^^^^^^^^^^^^^^^^^^^^^^^^

warning: struct `ReaderNativePinsV1` is never constructed
    --> crates/openwepp-hillslope-orchestrator/src/snow_stage3_v11_current_context_capture.rs:3851:8
     |
3851 | struct ReaderNativePinsV1<'a> {
     |        ^^^^^^^^^^^^^^^^^^

warning: function `restore_provider_native_consumer` is never used
    --> crates/openwepp-hillslope-orchestrator/src/snow_stage3_v11_current_context_capture.rs:3858:4
     |
3858 | fn restore_provider_native_consumer(
     |    ^^^^^^^^^^^^^^^^^^^^^^^^^^^^^^^^

warning: function `restore_provider_snow_material` is never used
    --> crates/openwepp-hillslope-orchestrator/src/snow_stage3_v11_current_context_capture.rs:3918:4
     |
3918 | fn restore_provider_snow_material(
     |    ^^^^^^^^^^^^^^^^^^^^^^^^^^^^^^

warning: function `restore_provider_archive_context` is never used
    --> crates/openwepp-hillslope-orchestrator/src/snow_stage3_v11_current_context_capture.rs:3978:4
     |
3978 | fn restore_provider_archive_context(
     |    ^^^^^^^^^^^^^^^^^^^^^^^^^^^^^^^^

warning: function `restore_provider_archived_rows` is never used
    --> crates/openwepp-hillslope-orchestrator/src/snow_stage3_v11_current_context_capture.rs:4043:4
     |
4043 | fn restore_provider_archived_rows(
     |    ^^^^^^^^^^^^^^^^^^^^^^^^^^^^^^

warning: function `validate_provider_publication_prefix` is never used
    --> crates/openwepp-hillslope-orchestrator/src/snow_stage3_v11_current_context_capture.rs:4112:4
     |
4112 | fn validate_provider_publication_prefix(
     |    ^^^^^^^^^^^^^^^^^^^^^^^^^^^^^^^^^^^^

warning: function `restore_provider_bound_context_from_file` is never used
    --> crates/openwepp-hillslope-orchestrator/src/snow_stage3_v11_current_context_capture.rs:4144:15
     |
4144 | pub(crate) fn restore_provider_bound_context_from_file(
     |               ^^^^^^^^^^^^^^^^^^^^^^^^^^^^^^^^^^^^^^^^

warning: `openwepp-hillslope-orchestrator` (lib) generated 18 warnings
warning: `openwepp-hillslope-orchestrator` (lib test) generated 37 warnings (4 duplicates)
    Finished `test` profile [unoptimized + debuginfo] target(s) in 0.04s
────────────
 Nextest run ID fffe59a1-46bb-4b53-9517-b7a4c4128f17 with nextest profile: default
    Starting 5 tests across 1 binary (1507 tests skipped)
        PASS [   0.005s] (1/5) openwepp-hillslope-orchestrator snow_stage3_v11_current_context_capture::b01_pre_child_selector_requires_every_exact_coordinate
  stdout ───

    running 1 test
    test snow_stage3_v11_current_context_capture::b01_pre_child_selector_requires_every_exact_coordinate ... ok

    test result: ok. 1 passed; 0 failed; 0 ignored; 0 measured; 1511 filtered out; finished in 0.00s


        PASS [   0.008s] (2/5) openwepp-hillslope-orchestrator snow_stage3_v11_current_context_capture::constructor_encoder_matches_independent_serde_and_literal_enum_names_v1
  stdout ───

    running 1 test
    test snow_stage3_v11_current_context_capture::constructor_encoder_matches_independent_serde_and_literal_enum_names_v1 ... ok

    test result: ok. 1 passed; 0 failed; 0 ignored; 0 measured; 1511 filtered out; finished in 0.00s


        PASS [   0.005s] (3/5) openwepp-hillslope-orchestrator v9_real_consumer_shadow::deferred_composite_capability_traits::deferred_capabilities_are_non_wire_and_non_copyable
  stdout ───

    running 1 test
    test v9_real_consumer_shadow::deferred_composite_capability_traits::deferred_capabilities_are_non_wire_and_non_copyable ... ok

    test result: ok. 1 passed; 0 failed; 0 ignored; 0 measured; 1511 filtered out; finished in 0.00s


        PASS [   0.317s] (4/5) openwepp-hillslope-orchestrator v9_real_consumer_shadow::direct_v10_soil_thermal_v2_tests::native_soil_restart_proof_constructor_and_both_restore_hooks_preserve_exact_custody
  stdout ───

    running 1 test
    test v9_real_consumer_shadow::direct_v10_soil_thermal_v2_tests::native_soil_restart_proof_constructor_and_both_restore_hooks_preserve_exact_custody ... ok

    test result: ok. 1 passed; 0 failed; 0 ignored; 0 measured; 1511 filtered out; finished in 0.31s


        PASS [   1.020s] (5/5) openwepp-hillslope-orchestrator v9_real_consumer_shadow::v3_publication_retention_tests::native_restart_full_exact_adoption_rejects_resealed_initial_carry
  stdout ───

    running 1 test
    test v9_real_consumer_shadow::v3_publication_retention_tests::native_restart_full_exact_adoption_rejects_resealed_initial_carry ... ok

    test result: ok. 1 passed; 0 failed; 0 ignored; 0 measured; 1511 filtered out; finished in 1.01s


────────────
     Summary [   1.360s] 5 tests run: 5 passed, 1507 skipped
