warning: Git tree '/workdir/openWEPP' is dirty
openWEPP Nix shell
  target:  /workdir/.cache/openwepp/targets/openWEPP-295c6e060aa9
  scratch: /tmp/openwepp-roger-openWEPP-295c6e060aa9
  cache:   /workdir/.cache/openwepp
   Compiling openwepp-land-surface-energy v0.1.0 (/workdir/openWEPP/crates/openwepp-land-surface-energy)
   Compiling openwepp-hillslope-orchestrator v0.1.0 (/workdir/openWEPP/crates/openwepp-hillslope-orchestrator)
warning: fields `coupling_iteration` and `ending_snow_hint` are never read
    --> crates/openwepp-hillslope-orchestrator/src/hydrology/support_helpers_mod/runoff_reconciliation.rs:1163:9
     |
1156 | pub(crate) struct CoveredTerminalTrialRequestV1 {
     |                   ----------------------------- fields in this struct
...
1163 |     pub coupling_iteration: u32,
     |         ^^^^^^^^^^^^^^^^^^
...
1176 |     pub ending_snow_hint: Option<CoveredTerminalEndingSnowHintV1>,
     |         ^^^^^^^^^^^^^^^^
     |
     = note: `CoveredTerminalTrialRequestV1` has derived impls for the traits `Debug` and `Clone`, but these are intentionally ignored during dead code analysis
     = note: `#[warn(dead_code)]` (part of `#[warn(unused)]`) on by default

warning: `openwepp-hillslope-orchestrator` (lib) generated 1 warning
   Compiling openwepp-persisted-restart-v1 v0.1.0 (/workdir/openWEPP/crates/openwepp-persisted-restart-v1)
   Compiling openwepp-runner v0.1.0 (/workdir/openWEPP/crates/openwepp-runner)
    Finished `release` profile [optimized] target(s) in 8m 32s
     Running unittests src/lib.rs (/workdir/.cache/openwepp/targets/openWEPP-295c6e060aa9/release/deps/openwepp_runner-fc552493dc3c6cc2)

running 1 test
test hillslope::tests::stage3_laned_release_one_ofe_positive_baseline_profile ... STAGE3_LANED_RELEASE_PROBE {"accepted_microstep_count":4,"accepted_publication_support_count":56,"bootstrap_wall_us":18695,"committed_day_count":1,"covered_parent_support_count":4,"direct_trial_count":20,"finalization_phase_wall_us":{"candidate":0,"identity_replay":0,"install":0,"sealed_source":0},"fixed_point_evaluation_count":0,"fixture_wall_us":1102,"imported_stack_phase_wall_us":{"accepted_candidate":78357,"entry_validation":1716,"envelope_construction":8309,"envelope_validation":17,"frozen_acceptance":9860,"frozen_evaluation":160765,"frozen_execute_accept":119789,"frozen_execution_setup":1274,"frozen_preparation":40969,"frozen_runtime":108632,"install":634,"owner_publication":6513,"physical_candidate":175882,"physical_setup":6783,"reuse_install":234,"reuse_reseal":13941,"reuse_validation":1512},"lane_d_wall_us":765,"laned_clamp_m3":0.0,"laned_days_routed":1,"laned_days_seen":1,"laned_end_window_storage_m3":0.0016956104824910018,"laned_outlet_m3":0.8471105124736579,"laned_source_m3":0.8488061229561478,"native_vegetation_et_wall_us":331973,"parent_phase_wall_us":{"covered_composed_trial":0,"covered_direct_trial":0,"parent":3360886,"provisional_owner":0,"provisional_physical":0,"provisional_projection":0,"provisional_receipts":0,"provisional_solver_ready":0,"publication_append":2081,"publication_full_validation":0,"reuse_validation":496,"terminal_composed_trial":1224658,"terminal_direct_trial":1746317},"physical_phase_wall_us":{"final_tile":144408,"ingress":0,"post":0,"potential":363319,"protocol":0,"request":0,"topology":174139,"unified":0},"qualification_counters_complete":true,"qualification_scopes_balanced":true,"qualification_telemetry_total_wall_us":5107067,"record":"stage3_laned_release_one_ofe_positive_baseline_v1","remaining_runner_wall_us":426013,"rss_kib":62908,"run_wall_us":5107067,"snow_free_parent_support_count":44,"split_child_trial_count":32,"stage3_lse_soil_wall_us":4348315,"terminal_candidate_phase_wall_us":{"carrier_complete":669952,"carrier_complete_adoption":127615,"carrier_complete_envelope":292392,"carrier_complete_owner":89265,"carrier_complete_projection":151051,"carrier_owner_candidate_bytes":228,"carrier_owner_ephemeral_assembly":5866,"carrier_owner_hydrology_projection":975,"carrier_owner_joint_map":853,"carrier_owner_joint_seal":2912,"carrier_owner_other_encoding":1795,"carrier_owner_soil_custody":22,"carrier_owner_soil_encoding":34946,"carrier_owner_surface_canonical":8296,"carrier_owner_surface_encoding":3316,"carrier_owner_vegetation_encoding":2740,"carrier_owner_vegetation_validation":13926,"carrier_physical":1413737,"carrier_physical_completion":237193,"carrier_physical_evidence":1046689,"carrier_physical_setup":128288,"provider_carrier":2086360,"provider_custody":10765,"provider_projection":36751,"provider_retention":16584,"result_finalization":39380,"setup":60733},"total_parent_support_count":48,"unified_phase_wall_us":{"authorization":26019,"candidate":0,"candidate_receivers":11590,"candidate_soil":35157,"candidate_surface_ingress":59425,"candidate_surface_resource":114569,"candidate_validation":2429,"entry_validation":0,"preflight":0,"protocol_validation":0},"validation_wall_us":1045}
ok

test result: ok. 1 passed; 0 failed; 0 ignored; 0 measured; 236 filtered out; finished in 5.13s

EXIT_STATUS 0
