	Command being timed: "timeout --signal=TERM --kill-after=5s 2700s prlimit --as=1073741824:1073741824 /workdir/openWEPP/.venv/bin/python docs/work-packages/20260911-b01-wb14-verified-cadence-repair-001/artifacts/stream-inventory-20260914/inventory.py /workdir/openwepp-experiments/b01-wb14-cadence/authentic-raw-capture-20260914-1/observations.json docs/work-packages/20260911-b01-wb14-verified-cadence-repair-001/artifacts/stream-inventory-20260914/real-pass --sha256 709dc4992b2fd08fd8bae755c730a5a01341a9a18cee8a0817ca76a249974e03 --bytes 8236702644 --rows 123093"
	User time (seconds): 386.90
	System time (seconds): 1.10
	Percent of CPU this job got: 100%
	Elapsed (wall clock) time (h:mm:ss or m:ss): 6:27.97
	Average shared text size (kbytes): 0
	Average unshared data size (kbytes): 0
	Average stack size (kbytes): 0
	Average total size (kbytes): 0
	Maximum resident set size (kbytes): 26792
	Average resident set size (kbytes): 0
	Major (requiring I/O) page faults: 0
	Minor (reclaiming a frame) page faults: 4777
	Voluntary context switches: 3882
	Involuntary context switches: 4392
	Swaps: 0
	File system inputs: 520
	File system outputs: 3296
	Socket messages sent: 0
	Socket messages received: 0
	Signals delivered: 0
	Page size (bytes): 4096
	Exit status: 0
