laned_shadow_profile {"rows_observed":13889,"days_seen":731,"days_routed":622,"operand_build_ns":12614555,"observe_row_ns":13154341,"mesh_build_ns":2779262,"rate_series_ns":4408722,"cascade_run_ns":91600147877,"solver_runs":11818,"solver_steps":16936089,"alpha_evaluations":302411532,"hydrograph_samples":1412726,"upstream_interpolation_calls":16714893,"solver_setup_ns":9467052,"solver_cfl_ns":64280756220,"solver_step_ns":23751413101,"solver_sample_ns":1086945720}
	Command being timed: "taskset -c 4 /home/workdir/openWEPP/target/release/openwepp-cli-hill --run-dir shadow_profile --run-file p2637.run.toml --output-dir shadow_profile/output"
	User time (seconds): 94.19
	System time (seconds): 0.02
	Percent of CPU this job got: 99%
	Elapsed (wall clock) time (h:mm:ss or m:ss): 1:34.23
	Average shared text size (kbytes): 0
	Average unshared data size (kbytes): 0
	Average stack size (kbytes): 0
	Average total size (kbytes): 0
	Maximum resident set size (kbytes): 20188
	Average resident set size (kbytes): 0
	Major (requiring I/O) page faults: 0
	Minor (reclaiming a frame) page faults: 4153
	Voluntary context switches: 3
	Involuntary context switches: 716
	Swaps: 0
	File system inputs: 0
	File system outputs: 104
	Socket messages sent: 0
	Socket messages received: 0
	Signals delivered: 0
	Page size (bytes): 4096
	Exit status: 0
