warning: Git tree '/workdir/openWEPP' is dirty
   Compiling openwepp-land-surface-energy v0.1.0 (/home/roger/openwepp-experiments/b01-wb14-lse-first-trial-source-20260918/crates/openwepp-land-surface-energy)
   Compiling openwepp-hillslope-orchestrator v0.1.0 (/home/roger/openwepp-experiments/b01-wb14-lse-first-trial-source-20260918/crates/openwepp-hillslope-orchestrator)
warning: struct `PreparedDayCaptureV1` is never constructed
    --> crates/openwepp-hillslope-orchestrator/src/snow_stage3_v11_current_context_capture.rs:1246:8
     |
1246 | struct PreparedDayCaptureV1 {
     |        ^^^^^^^^^^^^^^^^^^^^
     |
     = note: `#[warn(dead_code)]` (part of `#[warn(unused)]`) on by default

warning: function `capture_prepared_day` is never used
    --> crates/openwepp-hillslope-orchestrator/src/snow_stage3_v11_current_context_capture.rs:1254:4
     |
1254 | fn capture_prepared_day(
     |    ^^^^^^^^^^^^^^^^^^^^

warning: function `validate_prepared_day` is never used
    --> crates/openwepp-hillslope-orchestrator/src/snow_stage3_v11_current_context_capture.rs:1271:4
     |
1271 | fn validate_prepared_day(
     |    ^^^^^^^^^^^^^^^^^^^^^

warning: function `capture_prepared_day_row_for_test` is never used
    --> crates/openwepp-hillslope-orchestrator/src/snow_stage3_v11_current_context_capture.rs:1877:15
     |
1877 | pub(crate) fn capture_prepared_day_row_for_test(
     |               ^^^^^^^^^^^^^^^^^^^^^^^^^^^^^^^^^

warning: fields `prepared_support`, `forcing_receipt`, and `snow_enthalpy_material_resident` are never read
    --> crates/openwepp-hillslope-orchestrator/src/snow_stage3_v11_current_context_capture.rs:3107:9
     |
3102 | pub(crate) struct RestoredProviderBoundContextV1 {
     |                   ------------------------------ fields in this struct
...
3107 |     pub prepared_support: crate::DirectSnowStage3V11PreparedSupport,
     |         ^^^^^^^^^^^^^^^^
3108 |     pub forcing_receipt: openwepp_coupled_time::Digest32,
     |         ^^^^^^^^^^^^^^^
...
3111 |     pub snow_enthalpy_material_resident:
     |         ^^^^^^^^^^^^^^^^^^^^^^^^^^^^^^^

warning: fields `parent`, `pending_terminal_parcels`, `reduction`, `ledger`, `receipt`, and `binding` are never read
    --> crates/openwepp-hillslope-orchestrator/src/snow_stage3_v11_current_context_capture.rs:3325:9
     |
3324 | pub(crate) struct RestoredCapturedPreChildContextV1 {
     |                   --------------------------------- fields in this struct
3325 |     pub parent: V11ParentTransaction,
     |         ^^^^^^
...
3328 |     pub pending_terminal_parcels:
     |         ^^^^^^^^^^^^^^^^^^^^^^^^
...
3332 |     pub reduction: ConstraintReductionReceiptV1,
     |         ^^^^^^^^^
3333 |     pub ledger: LedgerEntryV1,
     |         ^^^^^^
3334 |     pub receipt: AcceptedSlabReceiptV1,
     |         ^^^^^^^
3335 |     pub binding: serde_json::Value,
     |         ^^^^^^^

warning: `openwepp-hillslope-orchestrator` (lib test) generated 6 warnings
    Finished `test` profile [unoptimized + debuginfo] target(s) in 31.65s
  Executable unittests src/lib.rs (/tmp/openwepp-b01-wb14-six-owner-target/debug/deps/openwepp_hillslope_orchestrator-8b0a144f1f4a5757)
