warning: Git tree '/workdir/openWEPP' is dirty
   Compiling libc v0.2.186
   Compiling getrandom v0.3.4
   Compiling zerocopy v0.8.48
   Compiling rustix v1.1.4
   Compiling rand_core v0.9.5
   Compiling linux-raw-sys v0.12.1
   Compiling bitflags v2.13.0
   Compiling once_cell v1.21.4
   Compiling serde_json v1.0.150
   Compiling fastrand v2.5.0
   Compiling tempfile v3.27.0
   Compiling wait-timeout v0.2.1
   Compiling bit-vec v0.8.0
   Compiling ppv-lite86 v0.2.21
   Compiling quick-error v1.2.3
   Compiling fnv v1.0.7
   Compiling rusty-fork v0.3.1
   Compiling rand_chacha v0.9.0
   Compiling bit-set v0.8.0
   Compiling rand v0.9.5
   Compiling rand_xorshift v0.4.0
   Compiling regex-syntax v0.8.11
   Compiling unarray v0.1.4
   Compiling openwepp-coupled-time v0.1.0 (/workdir/openwepp-experiments/b01-wb14-cadence/six-owner-restoration-20260917/crates/openwepp-coupled-time)
   Compiling proptest v1.11.0
    Finished `test` profile [unoptimized + debuginfo] target(s) in 11.62s
────────────
 Nextest run ID 0d3bcc4d-126f-497d-b152-f1746fdac076 with nextest profile: default
    Starting 2 tests across 3 binaries (29 tests skipped)
────────────
     Summary [   0.008s] 2 tests run: 2 passed, 29 skipped
